Java HotSpot(TM) 64-Bit Server VM (25.144-b01) for linux-amd64 JRE (1.8.0_144-b01), built on Jul 21 2017 21:57:33 by "java_re" with gcc 4.3.0 20080428 (Red Hat 4.3.0-8)
Memory: 4k page, physical 16431004k(2337836k free), swap 2097148k(2097148k free)
CommandLine flags: -XX:+DisableExplicitGC -XX:+HeapDumpOnOutOfMemoryError -XX:HeapDumpPath=../logs/ -XX:InitialHeapSize=2147483648 -XX:+ManagementServer -XX:MaxHeapSize=2147483648 -XX:MaxMetaspaceSize=134217728 -XX:+PrintGC -XX:+PrintGCDateStamps -XX:+PrintGCDetails -XX:+PrintGCTimeStamps -XX:+UseCompressedClassPointers -XX:+UseCompressedOops -XX:+UseG1GC 
2019-07-09T09:22:30.276+0000: 1.105: [GC pause (G1 Evacuation Pause) (young), 0.0341654 secs]
   [Parallel Time: 22.7 ms, GC Workers: 8]
      [GC Worker Start (ms): Min: 1105.8, Avg: 1115.3, Max: 1118.8, Diff: 13.0]
      [Ext Root Scanning (ms): Min: 0.0, Avg: 0.3, Max: 2.8, Diff: 2.8, Sum: 2.8]
      [Update RS (ms): Min: 0.0, Avg: 0.0, Max: 0.0, Diff: 0.0, Sum: 0.0]
         [Processed Buffers: Min: 0, Avg: 0.0, Max: 0, Diff: 0, Sum: 0]
      [Scan RS (ms): Min: 0.0, Avg: 0.0, Max: 0.1, Diff: 0.1, Sum: 0.1]
      [Code Root Scanning (ms): Min: 0.0, Avg: 0.1, Max: 0.7, Diff: 0.7, Sum: 0.7]
      [Object Copy (ms): Min: 0.0, Avg: 5.6, Max: 16.3, Diff: 16.3, Sum: 44.8]
      [Termination (ms): Min: 0.0, Avg: 7.0, Max: 10.0, Diff: 10.0, Sum: 56.2]
         [Termination Attempts: Min: 1, Avg: 6.2, Max: 13, Diff: 12, Sum: 50]
      [GC Worker Other (ms): Min: 0.0, Avg: 0.0, Max: 0.0, Diff: 0.0, Sum: 0.1]
      [GC Worker Total (ms): Min: 9.6, Avg: 13.1, Max: 22.6, Diff: 13.0, Sum: 104.7]
      [GC Worker End (ms): Min: 1128.3, Avg: 1128.4, Max: 1128.4, Diff: 0.1]
   [Code Root Fixup: 0.2 ms]
   [Code Root Purge: 0.0 ms]
   [Clear CT: 0.3 ms]
   [Other: 10.9 ms]
      [Choose CSet: 0.0 ms]
      [Ref Proc: 3.6 ms]
      [Ref Enq: 0.0 ms]
      [Redirty Cards: 6.5 ms]
      [Humongous Register: 0.2 ms]
      [Humongous Reclaim: 0.0 ms]
      [Free CSet: 0.1 ms]
   [Eden: 102.0M(102.0M)->0.0B(106.0M) Survivors: 0.0B->6144.0K Heap: 102.0M(2048.0M)->5715.8K(2048.0M)]
 [Times: user=0.04 sys=0.00, real=0.03 secs] 
2019-07-09T09:22:30.991+0000: 1.820: [GC pause (G1 Evacuation Pause) (young), 0.0197924 secs]
   [Parallel Time: 16.2 ms, GC Workers: 8]
      [GC Worker Start (ms): Min: 1820.0, Avg: 1827.9, Max: 1833.8, Diff: 13.8]
      [Ext Root Scanning (ms): Min: 0.0, Avg: 0.3, Max: 1.4, Diff: 1.4, Sum: 2.6]
      [Update RS (ms): Min: 0.0, Avg: 0.0, Max: 0.0, Diff: 0.0, Sum: 0.0]
         [Processed Buffers: Min: 0, Avg: 0.0, Max: 0, Diff: 0, Sum: 0]
      [Scan RS (ms): Min: 0.0, Avg: 0.0, Max: 0.1, Diff: 0.0, Sum: 0.1]
      [Code Root Scanning (ms): Min: 0.0, Avg: 0.1, Max: 0.7, Diff: 0.7, Sum: 0.9]
      [Object Copy (ms): Min: 0.0, Avg: 1.6, Max: 5.2, Diff: 5.2, Sum: 12.7]
      [Termination (ms): Min: 0.0, Avg: 4.1, Max: 7.1, Diff: 7.1, Sum: 33.1]
         [Termination Attempts: Min: 1, Avg: 3.5, Max: 12, Diff: 11, Sum: 28]
      [GC Worker Other (ms): Min: 0.0, Avg: 0.0, Max: 0.0, Diff: 0.0, Sum: 0.1]
      [GC Worker Total (ms): Min: 0.0, Avg: 6.2, Max: 13.9, Diff: 13.8, Sum: 49.4]
      [GC Worker End (ms): Min: 1833.8, Avg: 1834.1, Max: 1835.9, Diff: 2.1]
   [Code Root Fixup: 0.3 ms]
   [Code Root Purge: 0.0 ms]
   [Clear CT: 0.3 ms]
   [Other: 3.0 ms]
      [Choose CSet: 0.0 ms]
      [Ref Proc: 2.2 ms]
      [Ref Enq: 0.0 ms]
      [Redirty Cards: 0.2 ms]
      [Humongous Register: 0.1 ms]
      [Humongous Reclaim: 0.0 ms]
      [Free CSet: 0.1 ms]
   [Eden: 106.0M(106.0M)->0.0B(972.0M) Survivors: 6144.0K->6144.0K Heap: 111.6M(2048.0M)->6144.0K(2048.0M)]
 [Times: user=0.04 sys=0.00, real=0.02 secs] 
2019-07-09T09:22:32.190+0000: 3.019: [GC pause (Metadata GC Threshold) (young) (initial-mark), 0.0602313 secs]
   [Parallel Time: 18.7 ms, GC Workers: 8]
      [GC Worker Start (ms): Min: 3020.1, Avg: 3021.5, Max: 3022.5, Diff: 2.5]
      [Ext Root Scanning (ms): Min: 0.1, Avg: 7.6, Max: 12.0, Diff: 12.0, Sum: 60.9]
      [Update RS (ms): Min: 0.0, Avg: 0.0, Max: 0.0, Diff: 0.0, Sum: 0.0]
         [Processed Buffers: Min: 0, Avg: 0.0, Max: 0, Diff: 0, Sum: 0]
      [Scan RS (ms): Min: 0.0, Avg: 0.0, Max: 0.1, Diff: 0.1, Sum: 0.3]
      [Code Root Scanning (ms): Min: 0.0, Avg: 0.2, Max: 1.5, Diff: 1.5, Sum: 1.5]
      [Object Copy (ms): Min: 0.0, Avg: 2.6, Max: 7.8, Diff: 7.8, Sum: 20.4]
      [Termination (ms): Min: 0.0, Avg: 2.5, Max: 4.0, Diff: 4.0, Sum: 20.2]
         [Termination Attempts: Min: 1, Avg: 6.1, Max: 16, Diff: 15, Sum: 49]
      [GC Worker Other (ms): Min: 0.0, Avg: 0.0, Max: 0.0, Diff: 0.0, Sum: 0.1]
      [GC Worker Total (ms): Min: 11.9, Avg: 12.9, Max: 14.4, Diff: 2.5, Sum: 103.5]
      [GC Worker End (ms): Min: 3034.4, Avg: 3034.4, Max: 3034.5, Diff: 0.1]
   [Code Root Fixup: 0.5 ms]
   [Code Root Purge: 0.0 ms]
   [Clear CT: 15.8 ms]
   [Other: 25.2 ms]
      [Choose CSet: 0.0 ms]
      [Ref Proc: 19.3 ms]
      [Ref Enq: 0.0 ms]
      [Redirty Cards: 4.8 ms]
      [Humongous Register: 0.0 ms]
      [Humongous Reclaim: 0.0 ms]
      [Free CSet: 0.3 ms]
   [Eden: 240.0M(972.0M)->0.0B(302.0M) Survivors: 6144.0K->14.0M Heap: 245.0M(2048.0M)->13.5M(2048.0M)]
 [Times: user=0.08 sys=0.01, real=0.06 secs] 
2019-07-09T09:22:32.251+0000: 3.080: [GC concurrent-root-region-scan-start]
2019-07-09T09:22:32.258+0000: 3.087: [GC concurrent-root-region-scan-end, 0.0074582 secs]
2019-07-09T09:22:32.258+0000: 3.087: [GC concurrent-mark-start]
2019-07-09T09:22:32.263+0000: 3.093: [GC concurrent-mark-end, 0.0052312 secs]
2019-07-09T09:22:32.266+0000: 3.096: [GC remark 2019-07-09T09:22:32.266+0000: 3.096: [Finalize Marking, 0.0107530 secs] 2019-07-09T09:22:32.277+0000: 3.106: [GC ref-proc, 0.0025572 secs] 2019-07-09T09:22:32.280+0000: 3.109: [Unloading, 0.0064075 secs], 0.0205026 secs]
 [Times: user=0.02 sys=0.00, real=0.02 secs] 
2019-07-09T09:22:32.287+0000: 3.116: [GC cleanup 15M->15M(2048M), 0.0108794 secs]
 [Times: user=0.02 sys=0.00, real=0.01 secs] 
2019-07-09T09:22:33.809+0000: 4.638: [GC pause (G1 Evacuation Pause) (young), 0.0504258 secs]
   [Parallel Time: 25.9 ms, GC Workers: 8]
      [GC Worker Start (ms): Min: 4638.4, Avg: 4639.9, Max: 4640.5, Diff: 2.1]
      [Ext Root Scanning (ms): Min: 0.9, Avg: 3.2, Max: 9.9, Diff: 9.0, Sum: 25.4]
      [Update RS (ms): Min: 0.0, Avg: 0.0, Max: 0.0, Diff: 0.0, Sum: 0.0]
         [Processed Buffers: Min: 0, Avg: 0.0, Max: 0, Diff: 0, Sum: 0]
      [Scan RS (ms): Min: 0.0, Avg: 0.0, Max: 0.1, Diff: 0.1, Sum: 0.4]
      [Code Root Scanning (ms): Min: 0.0, Avg: 3.1, Max: 12.6, Diff: 12.6, Sum: 25.1]
      [Object Copy (ms): Min: 0.4, Avg: 8.3, Max: 21.0, Diff: 20.6, Sum: 66.3]
      [Termination (ms): Min: 0.0, Avg: 9.5, Max: 11.1, Diff: 11.1, Sum: 76.0]
         [Termination Attempts: Min: 1, Avg: 31.4, Max: 72, Diff: 71, Sum: 251]
      [GC Worker Other (ms): Min: 0.0, Avg: 0.0, Max: 0.0, Diff: 0.0, Sum: 0.1]
      [GC Worker Total (ms): Min: 23.6, Avg: 24.2, Max: 25.7, Diff: 2.1, Sum: 193.3]
      [GC Worker End (ms): Min: 4664.1, Avg: 4664.1, Max: 4664.1, Diff: 0.1]
   [Code Root Fixup: 0.7 ms]
   [Code Root Purge: 0.0 ms]
   [Clear CT: 0.6 ms]
   [Other: 23.2 ms]
      [Choose CSet: 0.0 ms]
      [Ref Proc: 22.1 ms]
      [Ref Enq: 0.0 ms]
      [Redirty Cards: 0.2 ms]
      [Humongous Register: 0.1 ms]
      [Humongous Reclaim: 0.0 ms]
      [Free CSet: 0.3 ms]
   [Eden: 302.0M(302.0M)->0.0B(1209.0M) Survivors: 14.0M->19.0M Heap: 315.5M(2048.0M)->18.5M(2048.0M)]
 [Times: user=0.20 sys=0.01, real=0.05 secs] 
2019-07-09T09:22:34.255+0000: 5.084: [GC pause (Metadata GC Threshold) (young) (initial-mark), 0.0269429 secs]
   [Parallel Time: 11.1 ms, GC Workers: 8]
      [GC Worker Start (ms): Min: 5084.6, Avg: 5085.7, Max: 5086.6, Diff: 2.0]
      [Ext Root Scanning (ms): Min: 0.2, Avg: 3.1, Max: 8.5, Diff: 8.4, Sum: 24.5]
      [Update RS (ms): Min: 0.0, Avg: 0.0, Max: 0.0, Diff: 0.0, Sum: 0.0]
         [Processed Buffers: Min: 0, Avg: 0.0, Max: 0, Diff: 0, Sum: 0]
      [Scan RS (ms): Min: 0.0, Avg: 0.0, Max: 0.1, Diff: 0.0, Sum: 0.1]
      [Code Root Scanning (ms): Min: 0.0, Avg: 1.3, Max: 8.6, Diff: 8.6, Sum: 10.6]
      [Object Copy (ms): Min: 0.0, Avg: 5.0, Max: 7.9, Diff: 7.9, Sum: 39.7]
      [Termination (ms): Min: 0.0, Avg: 0.3, Max: 0.5, Diff: 0.5, Sum: 2.8]
         [Termination Attempts: Min: 1, Avg: 30.0, Max: 54, Diff: 53, Sum: 240]
      [GC Worker Other (ms): Min: 0.0, Avg: 0.0, Max: 0.0, Diff: 0.0, Sum: 0.1]
      [GC Worker Total (ms): Min: 8.8, Avg: 9.7, Max: 10.8, Diff: 2.0, Sum: 77.7]
      [GC Worker End (ms): Min: 5095.4, Avg: 5095.4, Max: 5095.5, Diff: 0.0]
   [Code Root Fixup: 0.6 ms]
   [Code Root Purge: 0.0 ms]
   [Clear CT: 4.4 ms]
   [Other: 10.9 ms]
      [Choose CSet: 0.0 ms]
      [Ref Proc: 9.7 ms]
      [Ref Enq: 0.0 ms]
      [Redirty Cards: 0.3 ms]
      [Humongous Register: 0.0 ms]
      [Humongous Reclaim: 0.0 ms]
      [Free CSet: 0.2 ms]
   [Eden: 97.0M(1209.0M)->0.0B(544.0M) Survivors: 19.0M->16.0M Heap: 115.3M(2048.0M)->15.5M(2048.0M)]
 [Times: user=0.11 sys=0.00, real=0.03 secs] 
2019-07-09T09:22:34.282+0000: 5.111: [GC concurrent-root-region-scan-start]
2019-07-09T09:22:34.291+0000: 5.121: [GC concurrent-root-region-scan-end, 0.0092138 secs]
2019-07-09T09:22:34.291+0000: 5.121: [GC concurrent-mark-start]
2019-07-09T09:22:34.294+0000: 5.123: [GC concurrent-mark-end, 0.0026172 secs]
2019-07-09T09:22:34.309+0000: 5.138: [GC remark 2019-07-09T09:22:34.309+0000: 5.138: [Finalize Marking, 0.0006606 secs] 2019-07-09T09:22:34.309+0000: 5.138: [GC ref-proc, 0.0036331 secs] 2019-07-09T09:22:34.313+0000: 5.142: [Unloading, 0.0084827 secs], 0.0134149 secs]
 [Times: user=0.03 sys=0.01, real=0.02 secs] 
2019-07-09T09:22:34.322+0000: 5.152: [GC cleanup 19M->19M(2048M), 0.0168601 secs]
 [Times: user=0.03 sys=0.00, real=0.01 secs] 
2019-07-09T09:31:31.177+0000: 542.006: [GC pause (G1 Evacuation Pause) (young), 0.0296113 secs]
   [Parallel Time: 18.9 ms, GC Workers: 8]
      [GC Worker Start (ms): Min: 542007.3, Avg: 542008.6, Max: 542010.3, Diff: 3.0]
      [Ext Root Scanning (ms): Min: 0.0, Avg: 1.3, Max: 8.1, Diff: 8.1, Sum: 10.7]
      [Update RS (ms): Min: 0.0, Avg: 0.0, Max: 0.0, Diff: 0.0, Sum: 0.0]
         [Processed Buffers: Min: 0, Avg: 0.0, Max: 0, Diff: 0, Sum: 0]
      [Scan RS (ms): Min: 0.0, Avg: 0.1, Max: 0.1, Diff: 0.1, Sum: 0.8]
      [Code Root Scanning (ms): Min: 0.0, Avg: 2.2, Max: 6.3, Diff: 6.3, Sum: 17.7]
      [Object Copy (ms): Min: 9.4, Avg: 13.5, Max: 16.6, Diff: 7.2, Sum: 107.8]
      [Termination (ms): Min: 0.0, Avg: 0.0, Max: 0.1, Diff: 0.1, Sum: 0.3]
         [Termination Attempts: Min: 1, Avg: 109.6, Max: 133, Diff: 132, Sum: 877]
      [GC Worker Other (ms): Min: 0.0, Avg: 0.1, Max: 0.1, Diff: 0.1, Sum: 0.6]
      [GC Worker Total (ms): Min: 15.6, Avg: 17.2, Max: 18.6, Diff: 2.9, Sum: 137.8]
      [GC Worker End (ms): Min: 542025.8, Avg: 542025.9, Max: 542025.9, Diff: 0.1]
   [Code Root Fixup: 1.0 ms]
   [Code Root Purge: 0.0 ms]
   [Clear CT: 0.5 ms]
   [Other: 9.2 ms]
      [Choose CSet: 0.0 ms]
      [Ref Proc: 6.9 ms]
      [Ref Enq: 0.0 ms]
      [Redirty Cards: 0.3 ms]
      [Humongous Register: 0.8 ms]
      [Humongous Reclaim: 0.0 ms]
      [Free CSet: 0.7 ms]
   [Eden: 544.0M(544.0M)->0.0B(1196.0M) Survivors: 16.0M->29.0M Heap: 559.5M(2048.0M)->28.5M(2048.0M)]
 [Times: user=0.12 sys=0.01, real=0.03 secs] 
2019-07-09T11:14:39.580+0000: 6730.410: [GC pause (G1 Evacuation Pause) (young), 0.0270812 secs]
   [Parallel Time: 17.3 ms, GC Workers: 8]
      [GC Worker Start (ms): Min: 6730410.0, Avg: 6730410.3, Max: 6730410.6, Diff: 0.6]
      [Ext Root Scanning (ms): Min: 0.2, Avg: 0.9, Max: 4.1, Diff: 3.9, Sum: 7.3]
      [Update RS (ms): Min: 0.0, Avg: 0.0, Max: 0.0, Diff: 0.0, Sum: 0.0]
         [Processed Buffers: Min: 0, Avg: 0.0, Max: 0, Diff: 0, Sum: 0]
      [Scan RS (ms): Min: 0.1, Avg: 0.3, Max: 0.4, Diff: 0.3, Sum: 2.4]
      [Code Root Scanning (ms): Min: 0.0, Avg: 2.1, Max: 5.5, Diff: 5.5, Sum: 17.1]
      [Object Copy (ms): Min: 10.2, Avg: 13.3, Max: 15.6, Diff: 5.4, Sum: 106.2]
      [Termination (ms): Min: 0.0, Avg: 0.0, Max: 0.0, Diff: 0.0, Sum: 0.2]
         [Termination Attempts: Min: 1, Avg: 78.2, Max: 104, Diff: 103, Sum: 626]
      [GC Worker Other (ms): Min: 0.0, Avg: 0.1, Max: 0.2, Diff: 0.1, Sum: 0.7]
      [GC Worker Total (ms): Min: 16.4, Avg: 16.8, Max: 17.1, Diff: 0.7, Sum: 134.0]
      [GC Worker End (ms): Min: 6730427.0, Avg: 6730427.0, Max: 6730427.1, Diff: 0.1]
   [Code Root Fixup: 1.3 ms]
   [Code Root Purge: 0.0 ms]
   [Clear CT: 0.6 ms]
   [Other: 7.8 ms]
      [Choose CSet: 0.0 ms]
      [Ref Proc: 5.5 ms]
      [Ref Enq: 0.0 ms]
      [Redirty Cards: 0.3 ms]
      [Humongous Register: 0.2 ms]
      [Humongous Reclaim: 0.0 ms]
      [Free CSet: 1.4 ms]
   [Eden: 1196.0M(1196.0M)->0.0B(1198.0M) Survivors: 29.0M->30.0M Heap: 1224.5M(2048.0M)->30.0M(2048.0M)]
 [Times: user=0.12 sys=0.02, real=0.03 secs] 
2019-07-09T12:51:01.594+0000: 12512.423: [GC pause (G1 Evacuation Pause) (young), 0.0249008 secs]
   [Parallel Time: 14.2 ms, GC Workers: 8]
      [GC Worker Start (ms): Min: 12512423.6, Avg: 12512423.7, Max: 12512423.8, Diff: 0.2]
      [Ext Root Scanning (ms): Min: 0.3, Avg: 0.9, Max: 4.2, Diff: 3.9, Sum: 7.3]
      [Update RS (ms): Min: 0.0, Avg: 0.0, Max: 0.0, Diff: 0.0, Sum: 0.0]
         [Processed Buffers: Min: 0, Avg: 0.0, Max: 0, Diff: 0, Sum: 0]
      [Scan RS (ms): Min: 0.1, Avg: 0.2, Max: 0.3, Diff: 0.2, Sum: 2.0]
      [Code Root Scanning (ms): Min: 0.0, Avg: 1.6, Max: 7.1, Diff: 7.1, Sum: 12.8]
      [Object Copy (ms): Min: 5.8, Avg: 10.9, Max: 12.7, Diff: 6.9, Sum: 87.2]
      [Termination (ms): Min: 0.0, Avg: 0.1, Max: 0.1, Diff: 0.0, Sum: 0.5]
         [Termination Attempts: Min: 30, Avg: 37.1, Max: 43, Diff: 13, Sum: 297]
      [GC Worker Other (ms): Min: 0.0, Avg: 0.1, Max: 0.2, Diff: 0.1, Sum: 0.8]
      [GC Worker Total (ms): Min: 13.7, Avg: 13.8, Max: 14.0, Diff: 0.3, Sum: 110.7]
      [GC Worker End (ms): Min: 12512437.5, Avg: 12512437.6, Max: 12512437.6, Diff: 0.1]
   [Code Root Fixup: 1.3 ms]
   [Code Root Purge: 0.0 ms]
   [Clear CT: 0.4 ms]
   [Other: 8.9 ms]
      [Choose CSet: 0.0 ms]
      [Ref Proc: 6.8 ms]
      [Ref Enq: 0.2 ms]
      [Redirty Cards: 0.3 ms]
      [Humongous Register: 0.1 ms]
      [Humongous Reclaim: 0.0 ms]
      [Free CSet: 1.1 ms]
   [Eden: 1198.0M(1198.0M)->0.0B(1190.0M) Survivors: 30.0M->38.0M Heap: 1228.0M(2048.0M)->38.0M(2048.0M)]
 [Times: user=0.12 sys=0.00, real=0.02 secs] 
2019-07-09T14:26:37.096+0000: 18247.925: [GC pause (G1 Evacuation Pause) (young), 0.0266269 secs]
   [Parallel Time: 16.5 ms, GC Workers: 8]
      [GC Worker Start (ms): Min: 18247925.5, Avg: 18247925.8, Max: 18247926.5, Diff: 1.0]
      [Ext Root Scanning (ms): Min: 0.1, Avg: 0.9, Max: 3.5, Diff: 3.4, Sum: 7.2]
      [Update RS (ms): Min: 0.0, Avg: 0.0, Max: 0.0, Diff: 0.0, Sum: 0.0]
         [Processed Buffers: Min: 0, Avg: 0.0, Max: 0, Diff: 0, Sum: 0]
      [Scan RS (ms): Min: 0.1, Avg: 0.3, Max: 0.4, Diff: 0.3, Sum: 2.4]
      [Code Root Scanning (ms): Min: 0.0, Avg: 1.2, Max: 3.2, Diff: 3.2, Sum: 9.7]
      [Object Copy (ms): Min: 11.9, Avg: 13.5, Max: 15.0, Diff: 3.1, Sum: 107.9]
      [Termination (ms): Min: 0.0, Avg: 0.0, Max: 0.1, Diff: 0.1, Sum: 0.4]
         [Termination Attempts: Min: 1, Avg: 124.0, Max: 156, Diff: 155, Sum: 992]
      [GC Worker Other (ms): Min: 0.0, Avg: 0.1, Max: 0.2, Diff: 0.1, Sum: 0.7]
      [GC Worker Total (ms): Min: 15.4, Avg: 16.0, Max: 16.3, Diff: 0.9, Sum: 128.2]
      [GC Worker End (ms): Min: 18247941.8, Avg: 18247941.9, Max: 18247941.9, Diff: 0.1]
   [Code Root Fixup: 1.4 ms]
   [Code Root Purge: 0.0 ms]
   [Clear CT: 0.6 ms]
   [Other: 8.1 ms]
      [Choose CSet: 0.0 ms]
      [Ref Proc: 6.2 ms]
      [Ref Enq: 0.0 ms]
      [Redirty Cards: 0.3 ms]
      [Humongous Register: 0.2 ms]
      [Humongous Reclaim: 0.0 ms]
      [Free CSet: 1.1 ms]
   [Eden: 1190.0M(1190.0M)->0.0B(1184.0M) Survivors: 38.0M->44.0M Heap: 1228.0M(2048.0M)->44.0M(2048.0M)]
 [Times: user=0.14 sys=0.00, real=0.03 secs] 
2019-07-09T16:01:57.241+0000: 23968.070: [GC pause (G1 Evacuation Pause) (young), 0.0270196 secs]
   [Parallel Time: 16.1 ms, GC Workers: 8]
      [GC Worker Start (ms): Min: 23968070.4, Avg: 23968070.7, Max: 23968070.9, Diff: 0.4]
      [Ext Root Scanning (ms): Min: 0.2, Avg: 0.8, Max: 3.4, Diff: 3.2, Sum: 6.4]
      [Update RS (ms): Min: 0.0, Avg: 0.0, Max: 0.0, Diff: 0.0, Sum: 0.0]
         [Processed Buffers: Min: 0, Avg: 0.0, Max: 0, Diff: 0, Sum: 0]
      [Scan RS (ms): Min: 0.1, Avg: 0.2, Max: 0.3, Diff: 0.3, Sum: 1.9]
      [Code Root Scanning (ms): Min: 0.0, Avg: 1.8, Max: 4.0, Diff: 4.0, Sum: 14.2]
      [Object Copy (ms): Min: 10.9, Avg: 12.8, Max: 14.8, Diff: 3.9, Sum: 102.3]
      [Termination (ms): Min: 0.0, Avg: 0.0, Max: 0.0, Diff: 0.0, Sum: 0.1]
         [Termination Attempts: Min: 1, Avg: 55.5, Max: 80, Diff: 79, Sum: 444]
      [GC Worker Other (ms): Min: 0.0, Avg: 0.1, Max: 0.2, Diff: 0.2, Sum: 0.8]
      [GC Worker Total (ms): Min: 15.5, Avg: 15.7, Max: 16.0, Diff: 0.5, Sum: 125.7]
      [GC Worker End (ms): Min: 23968086.3, Avg: 23968086.4, Max: 23968086.5, Diff: 0.2]
   [Code Root Fixup: 1.5 ms]
   [Code Root Purge: 0.0 ms]
   [Clear CT: 0.7 ms]
   [Other: 8.7 ms]
      [Choose CSet: 0.0 ms]
      [Ref Proc: 6.8 ms]
      [Ref Enq: 0.0 ms]
      [Redirty Cards: 0.3 ms]
      [Humongous Register: 0.2 ms]
      [Humongous Reclaim: 0.0 ms]
      [Free CSet: 1.1 ms]
   [Eden: 1184.0M(1184.0M)->0.0B(1175.0M) Survivors: 44.0M->53.0M Heap: 1228.0M(2048.0M)->53.0M(2048.0M)]
 [Times: user=0.13 sys=0.00, real=0.03 secs] 
2019-07-09T17:36:47.493+0000: 29658.322: [GC pause (G1 Evacuation Pause) (young), 0.0279374 secs]
   [Parallel Time: 18.0 ms, GC Workers: 8]
      [GC Worker Start (ms): Min: 29658322.1, Avg: 29658322.4, Max: 29658322.7, Diff: 0.6]
      [Ext Root Scanning (ms): Min: 0.2, Avg: 1.1, Max: 5.1, Diff: 4.9, Sum: 8.7]
      [Update RS (ms): Min: 0.0, Avg: 0.0, Max: 0.0, Diff: 0.0, Sum: 0.0]
         [Processed Buffers: Min: 0, Avg: 0.0, Max: 0, Diff: 0, Sum: 0]
      [Scan RS (ms): Min: 0.1, Avg: 0.2, Max: 0.3, Diff: 0.2, Sum: 2.0]
      [Code Root Scanning (ms): Min: 0.0, Avg: 1.2, Max: 3.7, Diff: 3.7, Sum: 9.9]
      [Object Copy (ms): Min: 12.4, Avg: 14.7, Max: 16.4, Diff: 4.1, Sum: 117.6]
      [Termination (ms): Min: 0.0, Avg: 0.0, Max: 0.0, Diff: 0.0, Sum: 0.3]
         [Termination Attempts: Min: 1, Avg: 123.0, Max: 169, Diff: 168, Sum: 984]
      [GC Worker Other (ms): Min: 0.1, Avg: 0.1, Max: 0.2, Diff: 0.2, Sum: 1.1]
      [GC Worker Total (ms): Min: 17.2, Avg: 17.5, Max: 17.7, Diff: 0.5, Sum: 139.7]
      [GC Worker End (ms): Min: 29658339.8, Avg: 29658339.9, Max: 29658340.0, Diff: 0.2]
   [Code Root Fixup: 1.4 ms]
   [Code Root Purge: 0.0 ms]
   [Clear CT: 0.6 ms]
   [Other: 7.9 ms]
      [Choose CSet: 0.0 ms]
      [Ref Proc: 6.0 ms]
      [Ref Enq: 0.0 ms]
      [Redirty Cards: 0.3 ms]
      [Humongous Register: 0.2 ms]
      [Humongous Reclaim: 0.0 ms]
      [Free CSet: 1.0 ms]
   [Eden: 1175.0M(1175.0M)->0.0B(1166.0M) Survivors: 53.0M->62.0M Heap: 1228.0M(2048.0M)->61.5M(2048.0M)]
 [Times: user=0.15 sys=0.00, real=0.02 secs] 
2019-07-09T19:11:01.352+0000: 35312.181: [GC pause (G1 Evacuation Pause) (young), 0.0285650 secs]
   [Parallel Time: 17.8 ms, GC Workers: 8]
      [GC Worker Start (ms): Min: 35312181.5, Avg: 35312181.7, Max: 35312181.8, Diff: 0.3]
      [Ext Root Scanning (ms): Min: 0.3, Avg: 0.8, Max: 3.5, Diff: 3.2, Sum: 6.6]
      [Update RS (ms): Min: 0.0, Avg: 0.0, Max: 0.0, Diff: 0.0, Sum: 0.0]
         [Processed Buffers: Min: 0, Avg: 0.0, Max: 0, Diff: 0, Sum: 0]
      [Scan RS (ms): Min: 0.1, Avg: 0.3, Max: 0.3, Diff: 0.3, Sum: 2.1]
      [Code Root Scanning (ms): Min: 0.0, Avg: 1.0, Max: 2.2, Diff: 2.2, Sum: 8.1]
      [Object Copy (ms): Min: 13.8, Avg: 15.0, Max: 16.3, Diff: 2.5, Sum: 119.9]
      [Termination (ms): Min: 0.0, Avg: 0.0, Max: 0.1, Diff: 0.1, Sum: 0.3]
         [Termination Attempts: Min: 1, Avg: 129.8, Max: 160, Diff: 159, Sum: 1038]
      [GC Worker Other (ms): Min: 0.0, Avg: 0.2, Max: 0.3, Diff: 0.3, Sum: 1.3]
      [GC Worker Total (ms): Min: 17.1, Avg: 17.3, Max: 17.5, Diff: 0.4, Sum: 138.4]
      [GC Worker End (ms): Min: 35312198.9, Avg: 35312199.0, Max: 35312199.1, Diff: 0.2]
   [Code Root Fixup: 1.5 ms]
   [Code Root Purge: 0.0 ms]
   [Clear CT: 0.6 ms]
   [Other: 8.6 ms]
      [Choose CSet: 0.0 ms]
      [Ref Proc: 6.4 ms]
      [Ref Enq: 0.0 ms]
      [Redirty Cards: 0.3 ms]
      [Humongous Register: 0.4 ms]
      [Humongous Reclaim: 0.0 ms]
      [Free CSet: 1.2 ms]
   [Eden: 1166.0M(1166.0M)->0.0B(1160.0M) Survivors: 62.0M->68.0M Heap: 1227.5M(2048.0M)->67.5M(2048.0M)]
 [Times: user=0.15 sys=0.00, real=0.02 secs] 
2019-07-09T20:44:37.113+0000: 40927.942: [GC pause (G1 Evacuation Pause) (young), 0.0273881 secs]
   [Parallel Time: 17.8 ms, GC Workers: 8]
      [GC Worker Start (ms): Min: 40927942.8, Avg: 40927943.3, Max: 40927945.1, Diff: 2.3]
      [Ext Root Scanning (ms): Min: 0.0, Avg: 1.1, Max: 6.7, Diff: 6.7, Sum: 9.2]
      [Update RS (ms): Min: 0.0, Avg: 0.0, Max: 0.0, Diff: 0.0, Sum: 0.0]
         [Processed Buffers: Min: 0, Avg: 0.0, Max: 0, Diff: 0, Sum: 0]
      [Scan RS (ms): Min: 0.1, Avg: 0.2, Max: 0.3, Diff: 0.2, Sum: 1.8]
      [Code Root Scanning (ms): Min: 0.0, Avg: 2.2, Max: 6.2, Diff: 6.2, Sum: 18.0]
      [Object Copy (ms): Min: 10.0, Avg: 13.1, Max: 16.2, Diff: 6.2, Sum: 104.7]
      [Termination (ms): Min: 0.0, Avg: 0.0, Max: 0.0, Diff: 0.0, Sum: 0.2]
         [Termination Attempts: Min: 2, Avg: 78.0, Max: 97, Diff: 95, Sum: 624]
      [GC Worker Other (ms): Min: 0.0, Avg: 0.1, Max: 0.2, Diff: 0.2, Sum: 0.8]
      [GC Worker Total (ms): Min: 15.0, Avg: 16.8, Max: 17.4, Diff: 2.4, Sum: 134.7]
      [GC Worker End (ms): Min: 40927960.1, Avg: 40927960.1, Max: 40927960.2, Diff: 0.2]
   [Code Root Fixup: 1.5 ms]
   [Code Root Purge: 0.0 ms]
   [Clear CT: 0.6 ms]
   [Other: 7.5 ms]
      [Choose CSet: 0.0 ms]
      [Ref Proc: 5.7 ms]
      [Ref Enq: 0.0 ms]
      [Redirty Cards: 0.3 ms]
      [Humongous Register: 0.2 ms]
      [Humongous Reclaim: 0.0 ms]
      [Free CSet: 1.1 ms]
   [Eden: 1160.0M(1160.0M)->0.0B(1153.0M) Survivors: 68.0M->75.0M Heap: 1227.5M(2048.0M)->75.0M(2048.0M)]
 [Times: user=0.14 sys=0.00, real=0.02 secs] 
2019-07-09T22:17:45.290+0000: 46516.119: [GC pause (G1 Evacuation Pause) (young), 0.0295726 secs]
   [Parallel Time: 19.6 ms, GC Workers: 8]
      [GC Worker Start (ms): Min: 46516119.7, Avg: 46516119.9, Max: 46516120.0, Diff: 0.3]
      [Ext Root Scanning (ms): Min: 0.3, Avg: 1.0, Max: 4.8, Diff: 4.6, Sum: 8.0]
      [Update RS (ms): Min: 0.0, Avg: 0.0, Max: 0.0, Diff: 0.0, Sum: 0.0]
         [Processed Buffers: Min: 0, Avg: 0.0, Max: 0, Diff: 0, Sum: 0]
      [Scan RS (ms): Min: 0.2, Avg: 0.3, Max: 0.4, Diff: 0.3, Sum: 2.2]
      [Code Root Scanning (ms): Min: 0.0, Avg: 1.7, Max: 5.4, Diff: 5.4, Sum: 13.5]
      [Object Copy (ms): Min: 12.7, Avg: 16.1, Max: 18.3, Diff: 5.6, Sum: 129.0]
      [Termination (ms): Min: 0.0, Avg: 0.0, Max: 0.0, Diff: 0.0, Sum: 0.3]
         [Termination Attempts: Min: 1, Avg: 121.4, Max: 165, Diff: 164, Sum: 971]
      [GC Worker Other (ms): Min: 0.0, Avg: 0.1, Max: 0.2, Diff: 0.2, Sum: 1.0]
      [GC Worker Total (ms): Min: 19.0, Avg: 19.2, Max: 19.5, Diff: 0.5, Sum: 153.9]
      [GC Worker End (ms): Min: 46516139.0, Avg: 46516139.1, Max: 46516139.2, Diff: 0.2]
   [Code Root Fixup: 1.4 ms]
   [Code Root Purge: 0.0 ms]
   [Clear CT: 0.6 ms]
   [Other: 7.9 ms]
      [Choose CSet: 0.0 ms]
      [Ref Proc: 5.9 ms]
      [Ref Enq: 0.0 ms]
      [Redirty Cards: 0.3 ms]
      [Humongous Register: 0.3 ms]
      [Humongous Reclaim: 0.0 ms]
      [Free CSet: 1.1 ms]
   [Eden: 1153.0M(1153.0M)->0.0B(1148.0M) Survivors: 75.0M->80.0M Heap: 1228.0M(2048.0M)->80.0M(2048.0M)]
 [Times: user=0.16 sys=0.00, real=0.03 secs] 
2019-07-09T23:50:31.041+0000: 52081.871: [GC pause (G1 Evacuation Pause) (young), 0.0300483 secs]
   [Parallel Time: 20.3 ms, GC Workers: 8]
      [GC Worker Start (ms): Min: 52081871.0, Avg: 52081871.3, Max: 52081871.6, Diff: 0.6]
      [Ext Root Scanning (ms): Min: 0.2, Avg: 1.4, Max: 8.2, Diff: 8.0, Sum: 11.2]
      [Update RS (ms): Min: 0.0, Avg: 0.0, Max: 0.0, Diff: 0.0, Sum: 0.0]
         [Processed Buffers: Min: 0, Avg: 0.0, Max: 0, Diff: 0, Sum: 0]
      [Scan RS (ms): Min: 0.2, Avg: 0.3, Max: 0.5, Diff: 0.2, Sum: 2.3]
      [Code Root Scanning (ms): Min: 0.0, Avg: 1.1, Max: 4.0, Diff: 4.0, Sum: 8.5]
      [Object Copy (ms): Min: 11.5, Avg: 16.9, Max: 18.8, Diff: 7.3, Sum: 135.0]
      [Termination (ms): Min: 0.0, Avg: 0.0, Max: 0.0, Diff: 0.0, Sum: 0.3]
         [Termination Attempts: Min: 1, Avg: 120.8, Max: 155, Diff: 154, Sum: 966]
      [GC Worker Other (ms): Min: 0.0, Avg: 0.1, Max: 0.2, Diff: 0.2, Sum: 1.0]
      [GC Worker Total (ms): Min: 19.4, Avg: 19.8, Max: 20.2, Diff: 0.7, Sum: 158.2]
      [GC Worker End (ms): Min: 52081891.0, Avg: 52081891.1, Max: 52081891.2, Diff: 0.2]
   [Code Root Fixup: 1.5 ms]
   [Code Root Purge: 0.0 ms]
   [Clear CT: 0.5 ms]
   [Other: 7.7 ms]
      [Choose CSet: 0.0 ms]
      [Ref Proc: 5.7 ms]
      [Ref Enq: 0.0 ms]
      [Redirty Cards: 0.4 ms]
      [Humongous Register: 0.2 ms]
      [Humongous Reclaim: 0.0 ms]
      [Free CSet: 1.1 ms]
   [Eden: 1148.0M(1148.0M)->0.0B(1148.0M) Survivors: 80.0M->80.0M Heap: 1228.0M(2048.0M)->79.5M(2048.0M)]
 [Times: user=0.17 sys=0.00, real=0.03 secs] 
2019-07-10T01:22:55.867+0000: 57626.697: [GC pause (G1 Evacuation Pause) (young), 0.0311922 secs]
   [Parallel Time: 20.9 ms, GC Workers: 8]
      [GC Worker Start (ms): Min: 57626697.0, Avg: 57626697.3, Max: 57626698.6, Diff: 1.6]
      [Ext Root Scanning (ms): Min: 0.0, Avg: 0.9, Max: 3.8, Diff: 3.8, Sum: 7.0]
      [Update RS (ms): Min: 0.0, Avg: 0.0, Max: 0.0, Diff: 0.0, Sum: 0.0]
         [Processed Buffers: Min: 0, Avg: 0.0, Max: 0, Diff: 0, Sum: 0]
      [Scan RS (ms): Min: 0.1, Avg: 0.3, Max: 0.5, Diff: 0.4, Sum: 2.4]
      [Code Root Scanning (ms): Min: 0.0, Avg: 3.8, Max: 12.6, Diff: 12.6, Sum: 30.7]
      [Object Copy (ms): Min: 6.8, Avg: 15.1, Max: 19.4, Diff: 12.6, Sum: 121.1]
      [Termination (ms): Min: 0.0, Avg: 0.0, Max: 0.0, Diff: 0.0, Sum: 0.1]
         [Termination Attempts: Min: 1, Avg: 50.4, Max: 68, Diff: 67, Sum: 403]
      [GC Worker Other (ms): Min: 0.0, Avg: 0.1, Max: 0.2, Diff: 0.2, Sum: 0.9]
      [GC Worker Total (ms): Min: 18.9, Avg: 20.3, Max: 20.6, Diff: 1.7, Sum: 162.3]
      [GC Worker End (ms): Min: 57626717.5, Avg: 57626717.5, Max: 57626717.6, Diff: 0.2]
   [Code Root Fixup: 1.5 ms]
   [Code Root Purge: 0.0 ms]
   [Clear CT: 0.6 ms]
   [Other: 8.1 ms]
      [Choose CSet: 0.0 ms]
      [Ref Proc: 6.0 ms]
      [Ref Enq: 0.0 ms]
      [Redirty Cards: 0.3 ms]
      [Humongous Register: 0.2 ms]
      [Humongous Reclaim: 0.0 ms]
      [Free CSet: 1.2 ms]
   [Eden: 1148.0M(1148.0M)->0.0B(1149.0M) Survivors: 80.0M->79.0M Heap: 1227.5M(2048.0M)->81.8M(2048.0M)]
 [Times: user=0.15 sys=0.00, real=0.10 secs] 
2019-07-10T02:01:53.120+0000: 59963.949: [GC pause (Metadata GC Threshold) (young) (initial-mark), 0.0432753 secs]
   [Parallel Time: 30.5 ms, GC Workers: 8]
      [GC Worker Start (ms): Min: 59963950.1, Avg: 59963950.7, Max: 59963951.8, Diff: 1.8]
      [Ext Root Scanning (ms): Min: 3.3, Avg: 4.1, Max: 5.0, Diff: 1.7, Sum: 32.7]
      [Update RS (ms): Min: 0.0, Avg: 0.1, Max: 0.3, Diff: 0.3, Sum: 1.1]
         [Processed Buffers: Min: 0, Avg: 2.2, Max: 6, Diff: 6, Sum: 18]
      [Scan RS (ms): Min: 4.4, Avg: 4.7, Max: 5.1, Diff: 0.7, Sum: 37.7]
      [Code Root Scanning (ms): Min: 0.1, Avg: 1.5, Max: 6.6, Diff: 6.5, Sum: 11.6]
      [Object Copy (ms): Min: 14.3, Avg: 18.9, Max: 20.1, Diff: 5.8, Sum: 150.9]
      [Termination (ms): Min: 0.0, Avg: 0.0, Max: 0.0, Diff: 0.0, Sum: 0.1]
         [Termination Attempts: Min: 1, Avg: 41.2, Max: 57, Diff: 56, Sum: 330]
      [GC Worker Other (ms): Min: 0.0, Avg: 0.1, Max: 0.2, Diff: 0.2, Sum: 0.9]
      [GC Worker Total (ms): Min: 28.2, Avg: 29.4, Max: 30.0, Diff: 1.8, Sum: 235.1]
      [GC Worker End (ms): Min: 59963980.0, Avg: 59963980.1, Max: 59963980.2, Diff: 0.2]
   [Code Root Fixup: 1.2 ms]
   [Code Root Purge: 0.1 ms]
   [Clear CT: 0.5 ms]
   [Other: 10.9 ms]
      [Choose CSet: 0.0 ms]
      [Ref Proc: 8.6 ms]
      [Ref Enq: 0.1 ms]
      [Redirty Cards: 0.5 ms]
      [Humongous Register: 0.0 ms]
      [Humongous Reclaim: 0.0 ms]
      [Free CSet: 0.9 ms]
   [Eden: 811.0M(1149.0M)->0.0B(1133.0M) Survivors: 79.0M->95.0M Heap: 892.4M(2048.0M)->99.9M(2048.0M)]
 [Times: user=0.20 sys=0.00, real=0.05 secs] 
2019-07-10T02:01:53.164+0000: 59963.993: [GC concurrent-root-region-scan-start]
2019-07-10T02:01:53.183+0000: 59964.013: [GC concurrent-root-region-scan-end, 0.0197755 secs]
2019-07-10T02:01:53.183+0000: 59964.013: [GC concurrent-mark-start]
2019-07-10T02:01:53.191+0000: 59964.020: [GC concurrent-mark-end, 0.0073102 secs]
2019-07-10T02:01:53.191+0000: 59964.020: [GC remark 2019-07-10T02:01:53.191+0000: 59964.020: [Finalize Marking, 0.0023127 secs] 2019-07-10T02:01:53.194+0000: 59964.023: [GC ref-proc, 0.0056998 secs] 2019-07-10T02:01:53.199+0000: 59964.029: [Unloading, 0.0093765 secs], 0.0183634 secs]
 [Times: user=0.10 sys=0.00, real=0.01 secs] 
2019-07-10T02:01:53.211+0000: 59964.040: [GC cleanup 102M->102M(2048M), 0.0024276 secs]
 [Times: user=0.02 sys=0.00, real=0.01 secs] 
2019-07-10T03:14:30.163+0000: 64320.992: [GC pause (G1 Evacuation Pause) (young), 0.0384589 secs]
   [Parallel Time: 25.3 ms, GC Workers: 8]
      [GC Worker Start (ms): Min: 64320992.6, Avg: 64320993.1, Max: 64320994.6, Diff: 2.1]
      [Ext Root Scanning (ms): Min: 0.0, Avg: 1.5, Max: 5.3, Diff: 5.2, Sum: 12.0]
      [Update RS (ms): Min: 0.0, Avg: 0.5, Max: 0.6, Diff: 0.6, Sum: 3.7]
         [Processed Buffers: Min: 0, Avg: 2.5, Max: 6, Diff: 6, Sum: 20]
      [Scan RS (ms): Min: 0.1, Avg: 0.2, Max: 0.3, Diff: 0.3, Sum: 1.9]
      [Code Root Scanning (ms): Min: 0.0, Avg: 1.5, Max: 2.9, Diff: 2.9, Sum: 11.9]
      [Object Copy (ms): Min: 19.0, Avg: 20.6, Max: 22.1, Diff: 3.1, Sum: 164.7]
      [Termination (ms): Min: 0.0, Avg: 0.1, Max: 0.1, Diff: 0.1, Sum: 0.4]
         [Termination Attempts: Min: 1, Avg: 172.2, Max: 209, Diff: 208, Sum: 1378]
      [GC Worker Other (ms): Min: 0.0, Avg: 0.2, Max: 0.3, Diff: 0.2, Sum: 1.2]
      [GC Worker Total (ms): Min: 22.9, Avg: 24.5, Max: 25.1, Diff: 2.2, Sum: 195.8]
      [GC Worker End (ms): Min: 64321017.5, Avg: 64321017.6, Max: 64321017.7, Diff: 0.2]
   [Code Root Fixup: 1.7 ms]
   [Code Root Purge: 0.1 ms]
   [Clear CT: 0.7 ms]
   [Other: 10.7 ms]
      [Choose CSet: 0.0 ms]
      [Ref Proc: 8.2 ms]
      [Ref Enq: 0.1 ms]
      [Redirty Cards: 0.4 ms]
      [Humongous Register: 0.3 ms]
      [Humongous Reclaim: 0.0 ms]
      [Free CSet: 1.2 ms]
   [Eden: 1133.0M(1133.0M)->0.0B(1144.0M) Survivors: 95.0M->84.0M Heap: 1232.9M(2048.0M)->94.7M(2048.0M)]
 [Times: user=0.21 sys=0.00, real=0.04 secs] 
2019-07-10T03:34:24.564+0000: 65515.393: [GC pause (G1 Evacuation Pause) (young), 0.0362244 secs]
   [Parallel Time: 27.5 ms, GC Workers: 8]
      [GC Worker Start (ms): Min: 65515393.3, Avg: 65515393.5, Max: 65515394.2, Diff: 0.9]
      [Ext Root Scanning (ms): Min: 0.3, Avg: 1.8, Max: 3.6, Diff: 3.3, Sum: 14.2]
      [Update RS (ms): Min: 0.0, Avg: 0.5, Max: 1.1, Diff: 1.1, Sum: 4.3]
         [Processed Buffers: Min: 0, Avg: 7.4, Max: 23, Diff: 23, Sum: 59]
      [Scan RS (ms): Min: 0.2, Avg: 0.5, Max: 0.8, Diff: 0.6, Sum: 3.9]
      [Code Root Scanning (ms): Min: 0.0, Avg: 2.3, Max: 7.6, Diff: 7.6, Sum: 18.3]
      [Object Copy (ms): Min: 10.1, Avg: 16.6, Max: 22.5, Diff: 12.5, Sum: 133.0]
      [Termination (ms): Min: 0.0, Avg: 5.2, Max: 6.0, Diff: 6.0, Sum: 41.9]
         [Termination Attempts: Min: 1, Avg: 27.1, Max: 50, Diff: 49, Sum: 217]
      [GC Worker Other (ms): Min: 0.0, Avg: 0.0, Max: 0.1, Diff: 0.1, Sum: 0.3]
      [GC Worker Total (ms): Min: 26.3, Avg: 27.0, Max: 27.3, Diff: 1.0, Sum: 216.0]
      [GC Worker End (ms): Min: 65515420.5, Avg: 65515420.5, Max: 65515420.6, Diff: 0.1]
   [Code Root Fixup: 1.9 ms]
   [Code Root Purge: 0.1 ms]
   [Clear CT: 0.6 ms]
   [Other: 6.2 ms]
      [Choose CSet: 0.0 ms]
      [Ref Proc: 4.1 ms]
      [Ref Enq: 0.0 ms]
      [Redirty Cards: 0.3 ms]
      [Humongous Register: 0.1 ms]
      [Humongous Reclaim: 0.1 ms]
      [Free CSet: 1.1 ms]
   [Eden: 1144.0M(1144.0M)->0.0B(1139.0M) Survivors: 84.0M->89.0M Heap: 1240.7M(2048.0M)->103.3M(2048.0M)]
 [Times: user=0.24 sys=0.00, real=0.03 secs] 
2019-07-10T03:35:25.309+0000: 65576.138: [GC pause (G1 Evacuation Pause) (young), 0.0270035 secs]
   [Parallel Time: 20.5 ms, GC Workers: 8]
      [GC Worker Start (ms): Min: 65576138.2, Avg: 65576138.5, Max: 65576138.7, Diff: 0.5]
      [Ext Root Scanning (ms): Min: 0.5, Avg: 1.6, Max: 4.6, Diff: 4.1, Sum: 12.6]
      [Update RS (ms): Min: 0.0, Avg: 0.2, Max: 0.3, Diff: 0.3, Sum: 1.4]
         [Processed Buffers: Min: 0, Avg: 7.6, Max: 17, Diff: 17, Sum: 61]
      [Scan RS (ms): Min: 0.1, Avg: 0.7, Max: 1.1, Diff: 1.0, Sum: 5.5]
      [Code Root Scanning (ms): Min: 0.0, Avg: 1.0, Max: 1.8, Diff: 1.8, Sum: 7.7]
      [Object Copy (ms): Min: 15.5, Avg: 16.6, Max: 17.8, Diff: 2.3, Sum: 132.7]
      [Termination (ms): Min: 0.0, Avg: 0.0, Max: 0.0, Diff: 0.0, Sum: 0.0]
         [Termination Attempts: Min: 1, Avg: 4.0, Max: 7, Diff: 6, Sum: 32]
      [GC Worker Other (ms): Min: 0.0, Avg: 0.1, Max: 0.2, Diff: 0.2, Sum: 0.8]
      [GC Worker Total (ms): Min: 19.8, Avg: 20.1, Max: 20.5, Diff: 0.7, Sum: 160.8]
      [GC Worker End (ms): Min: 65576158.5, Avg: 65576158.6, Max: 65576158.7, Diff: 0.2]
   [Code Root Fixup: 1.9 ms]
   [Code Root Purge: 0.0 ms]
   [Clear CT: 0.5 ms]
   [Other: 4.0 ms]
      [Choose CSet: 0.0 ms]
      [Ref Proc: 1.6 ms]
      [Ref Enq: 0.0 ms]
      [Redirty Cards: 0.3 ms]
      [Humongous Register: 0.1 ms]
      [Humongous Reclaim: 0.1 ms]
      [Free CSet: 1.5 ms]
   [Eden: 1139.0M(1139.0M)->0.0B(1145.0M) Survivors: 89.0M->83.0M Heap: 1263.7M(2048.0M)->114.4M(2048.0M)]
 [Times: user=0.16 sys=0.00, real=0.03 secs] 
2019-07-10T03:36:40.768+0000: 65651.597: [GC pause (G1 Evacuation Pause) (young), 0.0249438 secs]
   [Parallel Time: 19.2 ms, GC Workers: 8]
      [GC Worker Start (ms): Min: 65651597.1, Avg: 65651597.2, Max: 65651597.3, Diff: 0.2]
      [Ext Root Scanning (ms): Min: 0.5, Avg: 1.0, Max: 3.4, Diff: 2.9, Sum: 7.7]
      [Update RS (ms): Min: 0.0, Avg: 0.3, Max: 0.4, Diff: 0.4, Sum: 2.5]
         [Processed Buffers: Min: 0, Avg: 8.1, Max: 17, Diff: 17, Sum: 65]
      [Scan RS (ms): Min: 0.1, Avg: 1.3, Max: 1.7, Diff: 1.6, Sum: 10.4]
      [Code Root Scanning (ms): Min: 0.0, Avg: 2.3, Max: 11.4, Diff: 11.4, Sum: 18.6]
      [Object Copy (ms): Min: 5.0, Avg: 13.9, Max: 16.3, Diff: 11.3, Sum: 111.3]
      [Termination (ms): Min: 0.0, Avg: 0.0, Max: 0.0, Diff: 0.0, Sum: 0.0]
         [Termination Attempts: Min: 1, Avg: 2.2, Max: 4, Diff: 3, Sum: 18]
      [GC Worker Other (ms): Min: 0.0, Avg: 0.1, Max: 0.2, Diff: 0.2, Sum: 0.8]
      [GC Worker Total (ms): Min: 18.7, Avg: 18.9, Max: 19.1, Diff: 0.3, Sum: 151.3]
      [GC Worker End (ms): Min: 65651616.1, Avg: 65651616.1, Max: 65651616.2, Diff: 0.2]
   [Code Root Fixup: 1.9 ms]
   [Code Root Purge: 0.0 ms]
   [Clear CT: 0.6 ms]
   [Other: 3.2 ms]
      [Choose CSet: 0.0 ms]
      [Ref Proc: 1.1 ms]
      [Ref Enq: 0.0 ms]
      [Redirty Cards: 0.3 ms]
      [Humongous Register: 0.1 ms]
      [Humongous Reclaim: 0.1 ms]
      [Free CSet: 1.1 ms]
   [Eden: 1145.0M(1145.0M)->0.0B(1150.0M) Survivors: 83.0M->78.0M Heap: 1292.8M(2048.0M)->109.4M(2048.0M)]
 [Times: user=0.15 sys=0.00, real=0.03 secs] 
2019-07-10T03:37:24.081+0000: 65694.910: [GC pause (G1 Evacuation Pause) (young), 0.0320438 secs]
   [Parallel Time: 23.8 ms, GC Workers: 8]
      [GC Worker Start (ms): Min: 65694910.7, Avg: 65694912.5, Max: 65694917.3, Diff: 6.6]
      [Ext Root Scanning (ms): Min: 0.0, Avg: 1.0, Max: 3.3, Diff: 3.3, Sum: 8.0]
      [Update RS (ms): Min: 0.0, Avg: 0.3, Max: 0.7, Diff: 0.7, Sum: 2.5]
         [Processed Buffers: Min: 0, Avg: 7.6, Max: 19, Diff: 19, Sum: 61]
      [Scan RS (ms): Min: 0.1, Avg: 1.0, Max: 1.8, Diff: 1.8, Sum: 8.0]
      [Code Root Scanning (ms): Min: 0.0, Avg: 1.1, Max: 2.0, Diff: 2.0, Sum: 8.7]
      [Object Copy (ms): Min: 16.8, Avg: 18.2, Max: 19.8, Diff: 3.0, Sum: 145.8]
      [Termination (ms): Min: 0.0, Avg: 0.1, Max: 0.1, Diff: 0.1, Sum: 0.8]
         [Termination Attempts: Min: 1, Avg: 87.4, Max: 124, Diff: 123, Sum: 699]
      [GC Worker Other (ms): Min: 0.0, Avg: 0.1, Max: 0.1, Diff: 0.1, Sum: 0.6]
      [GC Worker Total (ms): Min: 17.0, Avg: 21.8, Max: 23.6, Diff: 6.6, Sum: 174.3]
      [GC Worker End (ms): Min: 65694934.3, Avg: 65694934.3, Max: 65694934.4, Diff: 0.1]
   [Code Root Fixup: 2.2 ms]
   [Code Root Purge: 0.0 ms]
   [Clear CT: 0.6 ms]
   [Other: 5.5 ms]
      [Choose CSet: 0.0 ms]
      [Ref Proc: 3.5 ms]
      [Ref Enq: 0.0 ms]
      [Redirty Cards: 0.3 ms]
      [Humongous Register: 0.1 ms]
      [Humongous Reclaim: 0.1 ms]
      [Free CSet: 1.1 ms]
   [Eden: 1150.0M(1150.0M)->0.0B(1149.0M) Survivors: 78.0M->79.0M Heap: 1270.8M(2048.0M)->110.4M(2048.0M)]
 [Times: user=0.21 sys=0.00, real=0.03 secs] 
2019-07-10T03:37:56.517+0000: 65727.346: [GC pause (G1 Evacuation Pause) (young), 0.0217593 secs]
   [Parallel Time: 16.4 ms, GC Workers: 8]
      [GC Worker Start (ms): Min: 65727346.2, Avg: 65727346.3, Max: 65727346.4, Diff: 0.2]
      [Ext Root Scanning (ms): Min: 0.5, Avg: 1.0, Max: 3.3, Diff: 2.9, Sum: 7.7]
      [Update RS (ms): Min: 0.0, Avg: 0.4, Max: 0.6, Diff: 0.6, Sum: 3.6]
         [Processed Buffers: Min: 0, Avg: 7.2, Max: 17, Diff: 17, Sum: 58]
      [Scan RS (ms): Min: 0.1, Avg: 1.0, Max: 1.3, Diff: 1.2, Sum: 7.7]
      [Code Root Scanning (ms): Min: 0.0, Avg: 1.0, Max: 2.7, Diff: 2.7, Sum: 8.1]
      [Object Copy (ms): Min: 11.3, Avg: 12.6, Max: 13.7, Diff: 2.4, Sum: 101.0]
      [Termination (ms): Min: 0.0, Avg: 0.0, Max: 0.0, Diff: 0.0, Sum: 0.0]
         [Termination Attempts: Min: 1, Avg: 2.6, Max: 4, Diff: 3, Sum: 21]
      [GC Worker Other (ms): Min: 0.0, Avg: 0.1, Max: 0.2, Diff: 0.1, Sum: 0.7]
      [GC Worker Total (ms): Min: 16.0, Avg: 16.1, Max: 16.2, Diff: 0.1, Sum: 128.8]
      [GC Worker End (ms): Min: 65727362.3, Avg: 65727362.4, Max: 65727362.5, Diff: 0.1]
   [Code Root Fixup: 2.0 ms]
   [Code Root Purge: 0.0 ms]
   [Clear CT: 0.6 ms]
   [Other: 2.8 ms]
      [Choose CSet: 0.0 ms]
      [Ref Proc: 1.0 ms]
      [Ref Enq: 0.0 ms]
      [Redirty Cards: 0.3 ms]
      [Humongous Register: 0.1 ms]
      [Humongous Reclaim: 0.1 ms]
      [Free CSet: 1.0 ms]
   [Eden: 1149.0M(1149.0M)->0.0B(1146.0M) Survivors: 79.0M->82.0M Heap: 1269.1M(2048.0M)->113.9M(2048.0M)]
 [Times: user=0.14 sys=0.00, real=0.02 secs] 
2019-07-10T03:38:08.293+0000: 65739.123: [GC pause (G1 Evacuation Pause) (young), 0.0242295 secs]
   [Parallel Time: 18.2 ms, GC Workers: 8]
      [GC Worker Start (ms): Min: 65739122.9, Avg: 65739123.0, Max: 65739123.0, Diff: 0.2]
      [Ext Root Scanning (ms): Min: 0.5, Avg: 1.0, Max: 3.5, Diff: 2.9, Sum: 8.3]
      [Update RS (ms): Min: 0.0, Avg: 0.8, Max: 1.0, Diff: 1.0, Sum: 6.7]
         [Processed Buffers: Min: 0, Avg: 9.5, Max: 22, Diff: 22, Sum: 76]
      [Scan RS (ms): Min: 0.2, Avg: 0.9, Max: 1.2, Diff: 1.1, Sum: 7.2]
      [Code Root Scanning (ms): Min: 0.0, Avg: 1.2, Max: 3.0, Diff: 3.0, Sum: 9.6]
      [Object Copy (ms): Min: 12.6, Avg: 13.7, Max: 14.9, Diff: 2.3, Sum: 109.9]
      [Termination (ms): Min: 0.0, Avg: 0.0, Max: 0.0, Diff: 0.0, Sum: 0.0]
         [Termination Attempts: Min: 1, Avg: 2.4, Max: 3, Diff: 2, Sum: 19]
      [GC Worker Other (ms): Min: 0.0, Avg: 0.1, Max: 0.2, Diff: 0.2, Sum: 1.0]
      [GC Worker Total (ms): Min: 17.7, Avg: 17.8, Max: 18.0, Diff: 0.3, Sum: 142.7]
      [GC Worker End (ms): Min: 65739140.7, Avg: 65739140.8, Max: 65739140.9, Diff: 0.2]
   [Code Root Fixup: 2.3 ms]
   [Code Root Purge: 0.0 ms]
   [Clear CT: 0.6 ms]
   [Other: 3.1 ms]
      [Choose CSet: 0.0 ms]
      [Ref Proc: 1.1 ms]
      [Ref Enq: 0.0 ms]
      [Redirty Cards: 0.4 ms]
      [Humongous Register: 0.1 ms]
      [Humongous Reclaim: 0.1 ms]
      [Free CSet: 1.0 ms]
   [Eden: 1146.0M(1146.0M)->0.0B(1156.0M) Survivors: 82.0M->72.0M Heap: 1281.9M(2048.0M)->111.6M(2048.0M)]
 [Times: user=0.15 sys=0.00, real=0.02 secs] 
2019-07-10T03:38:42.822+0000: 65773.652: [GC pause (G1 Evacuation Pause) (young), 0.0280637 secs]
   [Parallel Time: 21.2 ms, GC Workers: 8]
      [GC Worker Start (ms): Min: 65773651.9, Avg: 65773651.9, Max: 65773652.0, Diff: 0.2]
      [Ext Root Scanning (ms): Min: 0.6, Avg: 1.2, Max: 4.5, Diff: 3.9, Sum: 9.7]
      [Update RS (ms): Min: 0.0, Avg: 0.6, Max: 0.8, Diff: 0.8, Sum: 5.2]
         [Processed Buffers: Min: 0, Avg: 8.1, Max: 12, Diff: 12, Sum: 65]
      [Scan RS (ms): Min: 0.2, Avg: 1.0, Max: 1.4, Diff: 1.2, Sum: 8.0]
      [Code Root Scanning (ms): Min: 0.0, Avg: 1.5, Max: 4.1, Diff: 4.1, Sum: 12.2]
      [Object Copy (ms): Min: 13.9, Avg: 16.4, Max: 18.0, Diff: 4.1, Sum: 130.8]
      [Termination (ms): Min: 0.0, Avg: 0.0, Max: 0.0, Diff: 0.0, Sum: 0.1]
         [Termination Attempts: Min: 2, Avg: 3.4, Max: 4, Diff: 2, Sum: 27]
      [GC Worker Other (ms): Min: 0.0, Avg: 0.1, Max: 0.2, Diff: 0.2, Sum: 0.9]
      [GC Worker Total (ms): Min: 20.7, Avg: 20.9, Max: 21.0, Diff: 0.3, Sum: 166.9]
      [GC Worker End (ms): Min: 65773672.7, Avg: 65773672.8, Max: 65773672.9, Diff: 0.2]
   [Code Root Fixup: 2.3 ms]
   [Code Root Purge: 0.0 ms]
   [Clear CT: 0.6 ms]
   [Other: 3.9 ms]
      [Choose CSet: 0.0 ms]
      [Ref Proc: 2.1 ms]
      [Ref Enq: 0.0 ms]
      [Redirty Cards: 0.3 ms]
      [Humongous Register: 0.1 ms]
      [Humongous Reclaim: 0.1 ms]
      [Free CSet: 1.0 ms]
   [Eden: 1156.0M(1156.0M)->0.0B(1159.0M) Survivors: 72.0M->69.0M Heap: 1276.6M(2048.0M)->117.5M(2048.0M)]
 [Times: user=0.17 sys=0.00, real=0.02 secs] 
2019-07-10T03:39:26.978+0000: 65817.807: [GC pause (G1 Evacuation Pause) (young), 0.0231019 secs]
   [Parallel Time: 17.1 ms, GC Workers: 8]
      [GC Worker Start (ms): Min: 65817807.6, Avg: 65817807.7, Max: 65817807.8, Diff: 0.2]
      [Ext Root Scanning (ms): Min: 0.5, Avg: 1.0, Max: 3.3, Diff: 2.8, Sum: 7.6]
      [Update RS (ms): Min: 0.0, Avg: 0.6, Max: 0.7, Diff: 0.7, Sum: 4.7]
         [Processed Buffers: Min: 0, Avg: 8.1, Max: 13, Diff: 13, Sum: 65]
      [Scan RS (ms): Min: 0.1, Avg: 0.9, Max: 1.1, Diff: 1.0, Sum: 6.9]
      [Code Root Scanning (ms): Min: 0.0, Avg: 1.1, Max: 2.3, Diff: 2.3, Sum: 8.4]
      [Object Copy (ms): Min: 12.4, Avg: 13.3, Max: 14.4, Diff: 1.9, Sum: 106.1]
      [Termination (ms): Min: 0.0, Avg: 0.0, Max: 0.0, Diff: 0.0, Sum: 0.1]
         [Termination Attempts: Min: 1, Avg: 13.4, Max: 21, Diff: 20, Sum: 107]
      [GC Worker Other (ms): Min: 0.0, Avg: 0.1, Max: 0.2, Diff: 0.1, Sum: 0.8]
      [GC Worker Total (ms): Min: 16.7, Avg: 16.8, Max: 16.9, Diff: 0.2, Sum: 134.6]
      [GC Worker End (ms): Min: 65817824.5, Avg: 65817824.5, Max: 65817824.6, Diff: 0.1]
   [Code Root Fixup: 2.3 ms]
   [Code Root Purge: 0.0 ms]
   [Clear CT: 0.6 ms]
   [Other: 3.0 ms]
      [Choose CSet: 0.0 ms]
      [Ref Proc: 1.1 ms]
      [Ref Enq: 0.0 ms]
      [Redirty Cards: 0.3 ms]
      [Humongous Register: 0.1 ms]
      [Humongous Reclaim: 0.1 ms]
      [Free CSet: 1.1 ms]
   [Eden: 1159.0M(1159.0M)->0.0B(1166.0M) Survivors: 69.0M->62.0M Heap: 1293.6M(2048.0M)->120.2M(2048.0M)]
 [Times: user=0.14 sys=0.00, real=0.03 secs] 
2019-07-10T03:40:54.834+0000: 65905.663: [GC pause (G1 Evacuation Pause) (young), 0.0246794 secs]
   [Parallel Time: 18.4 ms, GC Workers: 8]
      [GC Worker Start (ms): Min: 65905663.8, Avg: 65905664.0, Max: 65905664.3, Diff: 0.5]
      [Ext Root Scanning (ms): Min: 0.4, Avg: 1.0, Max: 4.1, Diff: 3.7, Sum: 8.2]
      [Update RS (ms): Min: 0.0, Avg: 0.6, Max: 0.8, Diff: 0.8, Sum: 4.8]
         [Processed Buffers: Min: 0, Avg: 8.6, Max: 13, Diff: 13, Sum: 69]
      [Scan RS (ms): Min: 0.2, Avg: 0.9, Max: 1.2, Diff: 1.0, Sum: 7.5]
      [Code Root Scanning (ms): Min: 0.0, Avg: 1.3, Max: 2.5, Diff: 2.5, Sum: 10.0]
      [Object Copy (ms): Min: 12.6, Avg: 13.7, Max: 15.5, Diff: 3.0, Sum: 109.9]
      [Termination (ms): Min: 0.0, Avg: 0.3, Max: 0.4, Diff: 0.4, Sum: 2.6]
         [Termination Attempts: Min: 9, Avg: 13.1, Max: 19, Diff: 10, Sum: 105]
      [GC Worker Other (ms): Min: 0.0, Avg: 0.1, Max: 0.2, Diff: 0.2, Sum: 0.9]
      [GC Worker Total (ms): Min: 17.6, Avg: 18.0, Max: 18.2, Diff: 0.6, Sum: 143.9]
      [GC Worker End (ms): Min: 65905681.9, Avg: 65905682.0, Max: 65905682.1, Diff: 0.2]
   [Code Root Fixup: 2.6 ms]
   [Code Root Purge: 0.0 ms]
   [Clear CT: 0.6 ms]
   [Other: 3.1 ms]
      [Choose CSet: 0.0 ms]
      [Ref Proc: 1.1 ms]
      [Ref Enq: 0.0 ms]
      [Redirty Cards: 0.2 ms]
      [Humongous Register: 0.1 ms]
      [Humongous Reclaim: 0.2 ms]
      [Free CSet: 1.1 ms]
   [Eden: 1166.0M(1166.0M)->0.0B(1179.0M) Survivors: 62.0M->49.0M Heap: 1326.6M(2048.0M)->117.5M(2048.0M)]
 [Times: user=0.15 sys=0.00, real=0.02 secs] 
2019-07-10T03:41:32.910+0000: 65943.740: [GC pause (G1 Evacuation Pause) (young), 0.0277881 secs]
   [Parallel Time: 19.5 ms, GC Workers: 8]
      [GC Worker Start (ms): Min: 65943740.0, Avg: 65943740.8, Max: 65943745.5, Diff: 5.5]
      [Ext Root Scanning (ms): Min: 0.0, Avg: 1.1, Max: 4.2, Diff: 4.2, Sum: 8.6]
      [Update RS (ms): Min: 0.0, Avg: 0.6, Max: 0.8, Diff: 0.8, Sum: 4.7]
         [Processed Buffers: Min: 0, Avg: 8.0, Max: 19, Diff: 19, Sum: 64]
      [Scan RS (ms): Min: 0.2, Avg: 1.0, Max: 1.6, Diff: 1.4, Sum: 8.0]
      [Code Root Scanning (ms): Min: 0.0, Avg: 1.5, Max: 3.0, Diff: 3.0, Sum: 11.8]
      [Object Copy (ms): Min: 13.1, Avg: 14.3, Max: 16.1, Diff: 3.0, Sum: 114.1]
      [Termination (ms): Min: 0.0, Avg: 0.0, Max: 0.0, Diff: 0.0, Sum: 0.0]
         [Termination Attempts: Min: 2, Avg: 5.2, Max: 10, Diff: 8, Sum: 42]
      [GC Worker Other (ms): Min: 0.0, Avg: 0.1, Max: 0.2, Diff: 0.2, Sum: 1.0]
      [GC Worker Total (ms): Min: 13.8, Avg: 18.5, Max: 19.4, Diff: 5.5, Sum: 148.3]
      [GC Worker End (ms): Min: 65943759.2, Avg: 65943759.3, Max: 65943759.4, Diff: 0.2]
   [Code Root Fixup: 2.4 ms]
   [Code Root Purge: 0.0 ms]
   [Clear CT: 0.7 ms]
   [Other: 5.3 ms]
      [Choose CSet: 0.0 ms]
      [Ref Proc: 3.0 ms]
      [Ref Enq: 0.0 ms]
      [Redirty Cards: 0.4 ms]
      [Humongous Register: 0.1 ms]
      [Humongous Reclaim: 0.1 ms]
      [Free CSet: 1.2 ms]
   [Eden: 1179.0M(1179.0M)->0.0B(1187.0M) Survivors: 49.0M->41.0M Heap: 1310.9M(2048.0M)->119.5M(2048.0M)]
 [Times: user=0.17 sys=0.00, real=0.03 secs] 
2019-07-10T03:41:50.004+0000: 65960.833: [GC pause (G1 Evacuation Pause) (young), 0.0237658 secs]
   [Parallel Time: 17.9 ms, GC Workers: 8]
      [GC Worker Start (ms): Min: 65960833.4, Avg: 65960833.5, Max: 65960833.6, Diff: 0.2]
      [Ext Root Scanning (ms): Min: 0.5, Avg: 1.0, Max: 3.3, Diff: 2.8, Sum: 8.2]
      [Update RS (ms): Min: 0.0, Avg: 0.6, Max: 0.7, Diff: 0.7, Sum: 4.4]
         [Processed Buffers: Min: 0, Avg: 7.5, Max: 16, Diff: 16, Sum: 60]
      [Scan RS (ms): Min: 0.2, Avg: 0.9, Max: 1.2, Diff: 1.0, Sum: 7.4]
      [Code Root Scanning (ms): Min: 0.0, Avg: 2.6, Max: 5.7, Diff: 5.7, Sum: 20.5]
      [Object Copy (ms): Min: 9.9, Avg: 12.5, Max: 15.2, Diff: 5.3, Sum: 100.2]
      [Termination (ms): Min: 0.0, Avg: 0.0, Max: 0.0, Diff: 0.0, Sum: 0.0]
         [Termination Attempts: Min: 2, Avg: 4.5, Max: 9, Diff: 7, Sum: 36]
      [GC Worker Other (ms): Min: 0.0, Avg: 0.1, Max: 0.2, Diff: 0.2, Sum: 0.8]
      [GC Worker Total (ms): Min: 17.6, Avg: 17.7, Max: 17.7, Diff: 0.2, Sum: 141.5]
      [GC Worker End (ms): Min: 65960851.1, Avg: 65960851.2, Max: 65960851.3, Diff: 0.1]
   [Code Root Fixup: 2.5 ms]
   [Code Root Purge: 0.0 ms]
   [Clear CT: 0.6 ms]
   [Other: 2.8 ms]
      [Choose CSet: 0.0 ms]
      [Ref Proc: 1.0 ms]
      [Ref Enq: 0.0 ms]
      [Redirty Cards: 0.3 ms]
      [Humongous Register: 0.1 ms]
      [Humongous Reclaim: 0.1 ms]
      [Free CSet: 1.0 ms]
   [Eden: 1187.0M(1187.0M)->0.0B(1190.0M) Survivors: 41.0M->38.0M Heap: 1322.5M(2048.0M)->125.5M(2048.0M)]
 [Times: user=0.14 sys=0.00, real=0.02 secs] 
2019-07-10T03:41:54.556+0000: 65965.385: [GC pause (G1 Evacuation Pause) (young), 0.0216395 secs]
   [Parallel Time: 15.7 ms, GC Workers: 8]
      [GC Worker Start (ms): Min: 65965385.6, Avg: 65965386.7, Max: 65965387.7, Diff: 2.1]
      [Ext Root Scanning (ms): Min: 0.0, Avg: 0.9, Max: 3.3, Diff: 3.3, Sum: 7.4]
      [Update RS (ms): Min: 0.0, Avg: 0.6, Max: 0.7, Diff: 0.7, Sum: 4.6]
         [Processed Buffers: Min: 0, Avg: 7.9, Max: 17, Diff: 17, Sum: 63]
      [Scan RS (ms): Min: 0.4, Avg: 0.9, Max: 1.2, Diff: 0.8, Sum: 7.1]
      [Code Root Scanning (ms): Min: 0.0, Avg: 1.2, Max: 2.6, Diff: 2.6, Sum: 9.5]
      [Object Copy (ms): Min: 9.4, Avg: 10.8, Max: 12.4, Diff: 3.0, Sum: 86.5]
      [Termination (ms): Min: 0.0, Avg: 0.0, Max: 0.0, Diff: 0.0, Sum: 0.0]
         [Termination Attempts: Min: 1, Avg: 12.9, Max: 22, Diff: 21, Sum: 103]
      [GC Worker Other (ms): Min: 0.0, Avg: 0.1, Max: 0.2, Diff: 0.1, Sum: 0.8]
      [GC Worker Total (ms): Min: 13.4, Avg: 14.5, Max: 15.6, Diff: 2.2, Sum: 116.0]
      [GC Worker End (ms): Min: 65965401.1, Avg: 65965401.2, Max: 65965401.2, Diff: 0.1]
   [Code Root Fixup: 2.6 ms]
   [Code Root Purge: 0.0 ms]
   [Clear CT: 0.6 ms]
   [Other: 2.7 ms]
      [Choose CSet: 0.0 ms]
      [Ref Proc: 0.9 ms]
      [Ref Enq: 0.0 ms]
      [Redirty Cards: 0.3 ms]
      [Humongous Register: 0.1 ms]
      [Humongous Reclaim: 0.1 ms]
      [Free CSet: 1.1 ms]
   [Eden: 1190.0M(1190.0M)->0.0B(1191.0M) Survivors: 38.0M->37.0M Heap: 1333.1M(2048.0M)->128.0M(2048.0M)]
 [Times: user=0.13 sys=0.00, real=0.02 secs] 
2019-07-10T03:41:59.439+0000: 65970.268: [GC pause (G1 Evacuation Pause) (young), 0.0233905 secs]
   [Parallel Time: 17.4 ms, GC Workers: 8]
      [GC Worker Start (ms): Min: 65970268.1, Avg: 65970268.6, Max: 65970269.3, Diff: 1.2]
      [Ext Root Scanning (ms): Min: 0.1, Avg: 0.9, Max: 3.2, Diff: 3.1, Sum: 7.3]
      [Update RS (ms): Min: 0.0, Avg: 1.0, Max: 1.2, Diff: 1.2, Sum: 7.8]
         [Processed Buffers: Min: 0, Avg: 11.5, Max: 19, Diff: 19, Sum: 92]
      [Scan RS (ms): Min: 0.3, Avg: 0.9, Max: 1.1, Diff: 0.7, Sum: 7.1]
      [Code Root Scanning (ms): Min: 0.0, Avg: 1.5, Max: 3.4, Diff: 3.4, Sum: 12.2]
      [Object Copy (ms): Min: 10.3, Avg: 12.3, Max: 14.1, Diff: 3.7, Sum: 98.5]
      [Termination (ms): Min: 0.0, Avg: 0.0, Max: 0.0, Diff: 0.0, Sum: 0.1]
         [Termination Attempts: Min: 1, Avg: 31.6, Max: 46, Diff: 45, Sum: 253]
      [GC Worker Other (ms): Min: 0.1, Avg: 0.2, Max: 0.3, Diff: 0.2, Sum: 1.2]
      [GC Worker Total (ms): Min: 16.0, Avg: 16.8, Max: 17.3, Diff: 1.3, Sum: 134.2]
      [GC Worker End (ms): Min: 65970285.3, Avg: 65970285.3, Max: 65970285.4, Diff: 0.2]
   [Code Root Fixup: 2.6 ms]
   [Code Root Purge: 0.0 ms]
   [Clear CT: 0.6 ms]
   [Other: 2.8 ms]
      [Choose CSet: 0.0 ms]
      [Ref Proc: 1.0 ms]
      [Ref Enq: 0.0 ms]
      [Redirty Cards: 0.3 ms]
      [Humongous Register: 0.1 ms]
      [Humongous Reclaim: 0.1 ms]
      [Free CSet: 1.0 ms]
   [Eden: 1191.0M(1191.0M)->0.0B(1194.0M) Survivors: 37.0M->34.0M Heap: 1337.7M(2048.0M)->127.7M(2048.0M)]
 [Times: user=0.14 sys=0.00, real=0.03 secs] 
2019-07-10T03:42:11.859+0000: 65982.688: [GC pause (G1 Evacuation Pause) (young), 0.0224603 secs]
   [Parallel Time: 16.5 ms, GC Workers: 8]
      [GC Worker Start (ms): Min: 65982688.6, Avg: 65982688.7, Max: 65982688.8, Diff: 0.2]
      [Ext Root Scanning (ms): Min: 0.4, Avg: 1.0, Max: 3.6, Diff: 3.2, Sum: 7.8]
      [Update RS (ms): Min: 0.0, Avg: 0.6, Max: 0.8, Diff: 0.8, Sum: 5.0]
         [Processed Buffers: Min: 0, Avg: 8.5, Max: 15, Diff: 15, Sum: 68]
      [Scan RS (ms): Min: 0.2, Avg: 0.9, Max: 1.2, Diff: 0.9, Sum: 7.4]
      [Code Root Scanning (ms): Min: 0.0, Avg: 1.3, Max: 4.3, Diff: 4.3, Sum: 10.3]
      [Object Copy (ms): Min: 9.8, Avg: 12.3, Max: 13.7, Diff: 3.9, Sum: 98.4]
      [Termination (ms): Min: 0.0, Avg: 0.0, Max: 0.0, Diff: 0.0, Sum: 0.1]
         [Termination Attempts: Min: 1, Avg: 21.9, Max: 32, Diff: 31, Sum: 175]
      [GC Worker Other (ms): Min: 0.0, Avg: 0.1, Max: 0.2, Diff: 0.2, Sum: 0.8]
      [GC Worker Total (ms): Min: 16.1, Avg: 16.2, Max: 16.4, Diff: 0.2, Sum: 129.8]
      [GC Worker End (ms): Min: 65982704.8, Avg: 65982704.9, Max: 65982705.0, Diff: 0.2]
   [Code Root Fixup: 2.6 ms]
   [Code Root Purge: 0.0 ms]
   [Clear CT: 0.5 ms]
   [Other: 2.9 ms]
      [Choose CSet: 0.0 ms]
      [Ref Proc: 1.1 ms]
      [Ref Enq: 0.0 ms]
      [Redirty Cards: 0.3 ms]
      [Humongous Register: 0.1 ms]
      [Humongous Reclaim: 0.1 ms]
      [Free CSet: 1.1 ms]
   [Eden: 1194.0M(1194.0M)->0.0B(1200.0M) Survivors: 34.0M->28.0M Heap: 1342.1M(2048.0M)->129.4M(2048.0M)]
 [Times: user=0.14 sys=0.00, real=0.03 secs] 
2019-07-10T03:42:28.077+0000: 65998.907: [GC pause (G1 Evacuation Pause) (young), 0.0217593 secs]
   [Parallel Time: 15.9 ms, GC Workers: 8]
      [GC Worker Start (ms): Min: 65998907.0, Avg: 65998908.3, Max: 65998912.3, Diff: 5.3]
      [Ext Root Scanning (ms): Min: 0.0, Avg: 0.9, Max: 3.2, Diff: 3.2, Sum: 7.3]
      [Update RS (ms): Min: 0.0, Avg: 0.8, Max: 1.3, Diff: 1.3, Sum: 6.3]
         [Processed Buffers: Min: 0, Avg: 10.9, Max: 25, Diff: 25, Sum: 87]
      [Scan RS (ms): Min: 0.2, Avg: 0.9, Max: 1.4, Diff: 1.2, Sum: 7.4]
      [Code Root Scanning (ms): Min: 0.0, Avg: 2.3, Max: 11.7, Diff: 11.7, Sum: 18.6]
      [Object Copy (ms): Min: 0.5, Avg: 8.8, Max: 11.2, Diff: 10.8, Sum: 70.6]
      [Termination (ms): Min: 0.0, Avg: 0.5, Max: 0.8, Diff: 0.8, Sum: 4.0]
         [Termination Attempts: Min: 1, Avg: 4.5, Max: 10, Diff: 9, Sum: 36]
      [GC Worker Other (ms): Min: 0.0, Avg: 0.1, Max: 0.1, Diff: 0.1, Sum: 0.4]
      [GC Worker Total (ms): Min: 10.4, Avg: 14.3, Max: 15.7, Diff: 5.4, Sum: 114.5]
      [GC Worker End (ms): Min: 65998922.6, Avg: 65998922.7, Max: 65998922.8, Diff: 0.2]
   [Code Root Fixup: 1.8 ms]
   [Code Root Purge: 0.0 ms]
   [Clear CT: 0.5 ms]
   [Other: 3.5 ms]
      [Choose CSet: 0.0 ms]
      [Ref Proc: 1.3 ms]
      [Ref Enq: 0.0 ms]
      [Redirty Cards: 0.5 ms]
      [Humongous Register: 0.1 ms]
      [Humongous Reclaim: 0.1 ms]
      [Free CSet: 1.1 ms]
   [Eden: 1200.0M(1200.0M)->0.0B(1207.0M) Survivors: 28.0M->21.0M Heap: 1351.8M(2048.0M)->128.6M(2048.0M)]
 [Times: user=0.11 sys=0.00, real=0.02 secs] 
2019-07-10T04:30:20.139+0000: 68870.969: [GC pause (G1 Evacuation Pause) (young), 0.0244266 secs]
   [Parallel Time: 16.3 ms, GC Workers: 8]
      [GC Worker Start (ms): Min: 68870969.0, Avg: 68870970.6, Max: 68870981.2, Diff: 12.2]
      [Ext Root Scanning (ms): Min: 0.0, Avg: 0.9, Max: 3.3, Diff: 3.2, Sum: 7.5]
      [Update RS (ms): Min: 0.0, Avg: 2.2, Max: 2.9, Diff: 2.9, Sum: 17.4]
         [Processed Buffers: Min: 0, Avg: 11.8, Max: 44, Diff: 44, Sum: 94]
      [Scan RS (ms): Min: 0.2, Avg: 0.4, Max: 0.5, Diff: 0.4, Sum: 3.1]
      [Code Root Scanning (ms): Min: 0.0, Avg: 0.8, Max: 2.6, Diff: 2.6, Sum: 6.2]
      [Object Copy (ms): Min: 2.9, Avg: 9.5, Max: 11.5, Diff: 8.6, Sum: 75.7]
      [Termination (ms): Min: 0.0, Avg: 0.1, Max: 0.2, Diff: 0.2, Sum: 0.9]
         [Termination Attempts: Min: 1, Avg: 30.1, Max: 50, Diff: 49, Sum: 241]
      [GC Worker Other (ms): Min: 0.0, Avg: 0.0, Max: 0.0, Diff: 0.0, Sum: 0.3]
      [GC Worker Total (ms): Min: 3.3, Avg: 13.9, Max: 15.5, Diff: 12.2, Sum: 111.1]
      [GC Worker End (ms): Min: 68870984.5, Avg: 68870984.5, Max: 68870984.6, Diff: 0.1]
   [Code Root Fixup: 1.4 ms]
   [Code Root Purge: 0.0 ms]
   [Clear CT: 1.1 ms]
   [Other: 5.5 ms]
      [Choose CSet: 0.0 ms]
      [Ref Proc: 3.6 ms]
      [Ref Enq: 0.0 ms]
      [Redirty Cards: 0.3 ms]
      [Humongous Register: 0.2 ms]
      [Humongous Reclaim: 0.0 ms]
      [Free CSet: 1.1 ms]
   [Eden: 1207.0M(1207.0M)->0.0B(1213.0M) Survivors: 21.0M->15.0M Heap: 1335.6M(2048.0M)->132.5M(2048.0M)]
 [Times: user=0.12 sys=0.00, real=0.03 secs] 
2019-07-10T04:30:52.959+0000: 68903.789: [GC pause (G1 Evacuation Pause) (young), 0.0147692 secs]
   [Parallel Time: 9.9 ms, GC Workers: 8]
      [GC Worker Start (ms): Min: 68903788.9, Avg: 68903789.1, Max: 68903789.4, Diff: 0.6]
      [Ext Root Scanning (ms): Min: 0.7, Avg: 1.3, Max: 3.1, Diff: 2.4, Sum: 10.5]
      [Update RS (ms): Min: 0.0, Avg: 0.9, Max: 1.3, Diff: 1.3, Sum: 7.3]
         [Processed Buffers: Min: 0, Avg: 13.9, Max: 23, Diff: 23, Sum: 111]
      [Scan RS (ms): Min: 0.4, Avg: 0.9, Max: 1.0, Diff: 0.6, Sum: 6.9]
      [Code Root Scanning (ms): Min: 0.0, Avg: 0.5, Max: 1.6, Diff: 1.6, Sum: 3.7]
      [Object Copy (ms): Min: 4.5, Avg: 5.8, Max: 6.4, Diff: 1.9, Sum: 46.5]
      [Termination (ms): Min: 0.0, Avg: 0.0, Max: 0.0, Diff: 0.0, Sum: 0.0]
         [Termination Attempts: Min: 1, Avg: 3.4, Max: 6, Diff: 5, Sum: 27]
      [GC Worker Other (ms): Min: 0.0, Avg: 0.1, Max: 0.2, Diff: 0.2, Sum: 1.0]
      [GC Worker Total (ms): Min: 9.1, Avg: 9.5, Max: 9.8, Diff: 0.7, Sum: 75.9]
      [GC Worker End (ms): Min: 68903798.5, Avg: 68903798.5, Max: 68903798.6, Diff: 0.2]
   [Code Root Fixup: 1.1 ms]
   [Code Root Purge: 0.0 ms]
   [Clear CT: 0.5 ms]
   [Other: 3.2 ms]
      [Choose CSet: 0.0 ms]
      [Ref Proc: 1.2 ms]
      [Ref Enq: 0.1 ms]
      [Redirty Cards: 0.4 ms]
      [Humongous Register: 0.1 ms]
      [Humongous Reclaim: 0.1 ms]
      [Free CSet: 0.9 ms]
   [Eden: 1213.0M(1213.0M)->0.0B(1213.0M) Survivors: 15.0M->15.0M Heap: 1367.5M(2048.0M)->138.0M(2048.0M)]
 [Times: user=0.08 sys=0.00, real=0.02 secs] 
2019-07-10T04:31:23.449+0000: 68934.278: [GC pause (G1 Evacuation Pause) (young), 0.0093263 secs]
   [Parallel Time: 5.7 ms, GC Workers: 8]
      [GC Worker Start (ms): Min: 68934278.7, Avg: 68934278.8, Max: 68934278.9, Diff: 0.2]
      [Ext Root Scanning (ms): Min: 0.5, Avg: 0.9, Max: 2.3, Diff: 1.8, Sum: 7.0]
      [Update RS (ms): Min: 0.0, Avg: 0.9, Max: 1.1, Diff: 1.1, Sum: 6.9]
         [Processed Buffers: Min: 0, Avg: 11.8, Max: 19, Diff: 19, Sum: 94]
      [Scan RS (ms): Min: 0.2, Avg: 0.6, Max: 0.7, Diff: 0.5, Sum: 4.8]
      [Code Root Scanning (ms): Min: 0.0, Avg: 0.3, Max: 1.2, Diff: 1.2, Sum: 2.5]
      [Object Copy (ms): Min: 1.9, Avg: 2.6, Max: 3.0, Diff: 1.1, Sum: 21.1]
      [Termination (ms): Min: 0.0, Avg: 0.0, Max: 0.0, Diff: 0.0, Sum: 0.0]
         [Termination Attempts: Min: 1, Avg: 3.9, Max: 6, Diff: 5, Sum: 31]
      [GC Worker Other (ms): Min: 0.0, Avg: 0.1, Max: 0.2, Diff: 0.1, Sum: 0.7]
      [GC Worker Total (ms): Min: 5.2, Avg: 5.4, Max: 5.5, Diff: 0.3, Sum: 43.0]
      [GC Worker End (ms): Min: 68934284.1, Avg: 68934284.1, Max: 68934284.2, Diff: 0.1]
   [Code Root Fixup: 0.5 ms]
   [Code Root Purge: 0.0 ms]
   [Clear CT: 0.5 ms]
   [Other: 2.6 ms]
      [Choose CSet: 0.0 ms]
      [Ref Proc: 0.8 ms]
      [Ref Enq: 0.0 ms]
      [Redirty Cards: 0.3 ms]
      [Humongous Register: 0.1 ms]
      [Humongous Reclaim: 0.1 ms]
      [Free CSet: 0.9 ms]
   [Eden: 1213.0M(1213.0M)->0.0B(1218.0M) Survivors: 15.0M->10.0M Heap: 1376.6M(2048.0M)->137.0M(2048.0M)]
 [Times: user=0.04 sys=0.00, real=0.01 secs] 
2019-07-10T04:31:56.227+0000: 68967.056: [GC pause (G1 Evacuation Pause) (young), 0.0092029 secs]
   [Parallel Time: 6.0 ms, GC Workers: 8]
      [GC Worker Start (ms): Min: 68967056.5, Avg: 68967056.8, Max: 68967058.5, Diff: 2.0]
      [Ext Root Scanning (ms): Min: 0.0, Avg: 0.8, Max: 1.8, Diff: 1.8, Sum: 6.7]
      [Update RS (ms): Min: 0.1, Avg: 0.8, Max: 1.1, Diff: 1.0, Sum: 6.5]
         [Processed Buffers: Min: 1, Avg: 11.9, Max: 20, Diff: 19, Sum: 95]
      [Scan RS (ms): Min: 0.4, Avg: 0.4, Max: 0.5, Diff: 0.1, Sum: 3.6]
      [Code Root Scanning (ms): Min: 0.0, Avg: 0.1, Max: 0.2, Diff: 0.2, Sum: 0.7]
      [Object Copy (ms): Min: 3.0, Avg: 3.3, Max: 3.4, Diff: 0.4, Sum: 26.2]
      [Termination (ms): Min: 0.0, Avg: 0.0, Max: 0.0, Diff: 0.0, Sum: 0.0]
         [Termination Attempts: Min: 1, Avg: 2.2, Max: 4, Diff: 3, Sum: 18]
      [GC Worker Other (ms): Min: 0.0, Avg: 0.1, Max: 0.2, Diff: 0.1, Sum: 0.8]
      [GC Worker Total (ms): Min: 3.9, Avg: 5.6, Max: 5.9, Diff: 2.0, Sum: 44.5]
      [GC Worker End (ms): Min: 68967062.3, Avg: 68967062.4, Max: 68967062.4, Diff: 0.1]
   [Code Root Fixup: 0.4 ms]
   [Code Root Purge: 0.0 ms]
   [Clear CT: 0.5 ms]
   [Other: 2.2 ms]
      [Choose CSet: 0.0 ms]
      [Ref Proc: 0.6 ms]
      [Ref Enq: 0.0 ms]
      [Redirty Cards: 0.3 ms]
      [Humongous Register: 0.1 ms]
      [Humongous Reclaim: 0.1 ms]
      [Free CSet: 0.9 ms]
   [Eden: 1218.0M(1218.0M)->0.0B(1212.0M) Survivors: 10.0M->16.0M Heap: 1366.7M(2048.0M)->144.9M(2048.0M)]
 [Times: user=0.05 sys=0.00, real=0.01 secs] 
2019-07-10T04:32:00.410+0000: 68971.240: [GC pause (G1 Evacuation Pause) (young), 0.0083159 secs]
   [Parallel Time: 5.3 ms, GC Workers: 8]
      [GC Worker Start (ms): Min: 68971239.9, Avg: 68971240.0, Max: 68971240.1, Diff: 0.2]
      [Ext Root Scanning (ms): Min: 0.6, Avg: 0.9, Max: 1.7, Diff: 1.1, Sum: 7.0]
      [Update RS (ms): Min: 0.6, Avg: 1.3, Max: 1.5, Diff: 0.9, Sum: 10.6]
         [Processed Buffers: Min: 9, Avg: 14.9, Max: 25, Diff: 16, Sum: 119]
      [Scan RS (ms): Min: 0.4, Avg: 0.4, Max: 0.4, Diff: 0.1, Sum: 3.3]
      [Code Root Scanning (ms): Min: 0.0, Avg: 0.1, Max: 0.2, Diff: 0.2, Sum: 0.5]
      [Object Copy (ms): Min: 2.0, Avg: 2.2, Max: 2.3, Diff: 0.2, Sum: 17.4]
      [Termination (ms): Min: 0.0, Avg: 0.0, Max: 0.0, Diff: 0.0, Sum: 0.0]
         [Termination Attempts: Min: 1, Avg: 1.0, Max: 1, Diff: 0, Sum: 8]
      [GC Worker Other (ms): Min: 0.0, Avg: 0.1, Max: 0.2, Diff: 0.2, Sum: 0.7]
      [GC Worker Total (ms): Min: 4.9, Avg: 4.9, Max: 5.0, Diff: 0.2, Sum: 39.5]
      [GC Worker End (ms): Min: 68971244.9, Avg: 68971244.9, Max: 68971245.0, Diff: 0.2]
   [Code Root Fixup: 0.4 ms]
   [Code Root Purge: 0.0 ms]
   [Clear CT: 0.5 ms]
   [Other: 2.2 ms]
      [Choose CSet: 0.0 ms]
      [Ref Proc: 0.6 ms]
      [Ref Enq: 0.0 ms]
      [Redirty Cards: 0.2 ms]
      [Humongous Register: 0.1 ms]
      [Humongous Reclaim: 0.1 ms]
      [Free CSet: 0.8 ms]
   [Eden: 1212.0M(1212.0M)->0.0B(1216.0M) Survivors: 16.0M->12.0M Heap: 1376.1M(2048.0M)->141.9M(2048.0M)]
 [Times: user=0.04 sys=0.00, real=0.01 secs] 
2019-07-10T04:32:05.896+0000: 68976.725: [GC pause (G1 Evacuation Pause) (young), 0.0087718 secs]
   [Parallel Time: 5.5 ms, GC Workers: 8]
      [GC Worker Start (ms): Min: 68976725.7, Avg: 68976725.8, Max: 68976726.3, Diff: 0.6]
      [Ext Root Scanning (ms): Min: 0.3, Avg: 0.8, Max: 1.8, Diff: 1.5, Sum: 6.5]
      [Update RS (ms): Min: 0.8, Avg: 1.5, Max: 1.7, Diff: 0.9, Sum: 12.3]
         [Processed Buffers: Min: 9, Avg: 17.5, Max: 35, Diff: 26, Sum: 140]
      [Scan RS (ms): Min: 0.3, Avg: 0.4, Max: 0.4, Diff: 0.1, Sum: 3.0]
      [Code Root Scanning (ms): Min: 0.0, Avg: 0.1, Max: 0.2, Diff: 0.2, Sum: 0.6]
      [Object Copy (ms): Min: 2.1, Avg: 2.3, Max: 2.5, Diff: 0.3, Sum: 18.5]
      [Termination (ms): Min: 0.0, Avg: 0.0, Max: 0.0, Diff: 0.0, Sum: 0.0]
         [Termination Attempts: Min: 1, Avg: 1.5, Max: 2, Diff: 1, Sum: 12]
      [GC Worker Other (ms): Min: 0.0, Avg: 0.1, Max: 0.2, Diff: 0.1, Sum: 0.7]
      [GC Worker Total (ms): Min: 4.7, Avg: 5.2, Max: 5.3, Diff: 0.6, Sum: 41.6]
      [GC Worker End (ms): Min: 68976731.0, Avg: 68976731.0, Max: 68976731.1, Diff: 0.1]
   [Code Root Fixup: 0.3 ms]
   [Code Root Purge: 0.0 ms]
   [Clear CT: 0.6 ms]
   [Other: 2.4 ms]
      [Choose CSet: 0.0 ms]
      [Ref Proc: 0.6 ms]
      [Ref Enq: 0.0 ms]
      [Redirty Cards: 0.3 ms]
      [Humongous Register: 0.1 ms]
      [Humongous Reclaim: 0.1 ms]
      [Free CSet: 0.9 ms]
   [Eden: 1216.0M(1216.0M)->0.0B(1216.0M) Survivors: 12.0M->12.0M Heap: 1375.0M(2048.0M)->142.3M(2048.0M)]
 [Times: user=0.05 sys=0.00, real=0.01 secs] 
2019-07-10T04:32:18.117+0000: 68988.946: [GC pause (G1 Evacuation Pause) (young), 0.0090336 secs]
   [Parallel Time: 5.9 ms, GC Workers: 8]
      [GC Worker Start (ms): Min: 68988946.2, Avg: 68988946.9, Max: 68988951.6, Diff: 5.5]
      [Ext Root Scanning (ms): Min: 0.0, Avg: 0.8, Max: 1.6, Diff: 1.6, Sum: 6.5]
      [Update RS (ms): Min: 0.0, Avg: 1.2, Max: 1.5, Diff: 1.5, Sum: 9.3]
         [Processed Buffers: Min: 0, Avg: 14.8, Max: 27, Diff: 27, Sum: 118]
      [Scan RS (ms): Min: 0.1, Avg: 0.3, Max: 0.4, Diff: 0.3, Sum: 2.5]
      [Code Root Scanning (ms): Min: 0.0, Avg: 0.1, Max: 0.1, Diff: 0.1, Sum: 0.5]
      [Object Copy (ms): Min: 0.0, Avg: 2.3, Max: 2.7, Diff: 2.7, Sum: 18.1]
      [Termination (ms): Min: 0.0, Avg: 0.3, Max: 0.3, Diff: 0.3, Sum: 2.1]
         [Termination Attempts: Min: 1, Avg: 1.6, Max: 3, Diff: 2, Sum: 13]
      [GC Worker Other (ms): Min: 0.0, Avg: 0.0, Max: 0.1, Diff: 0.1, Sum: 0.3]
      [GC Worker Total (ms): Min: 0.2, Avg: 4.9, Max: 5.7, Diff: 5.5, Sum: 39.3]
      [GC Worker End (ms): Min: 68988951.8, Avg: 68988951.8, Max: 68988951.9, Diff: 0.1]
   [Code Root Fixup: 0.3 ms]
   [Code Root Purge: 0.0 ms]
   [Clear CT: 0.5 ms]
   [Other: 2.3 ms]
      [Choose CSet: 0.0 ms]
      [Ref Proc: 0.8 ms]
      [Ref Enq: 0.0 ms]
      [Redirty Cards: 0.3 ms]
      [Humongous Register: 0.1 ms]
      [Humongous Reclaim: 0.1 ms]
      [Free CSet: 0.8 ms]
   [Eden: 1216.0M(1216.0M)->0.0B(1218.0M) Survivors: 12.0M->10.0M Heap: 1380.3M(2048.0M)->140.5M(2048.0M)]
 [Times: user=0.05 sys=0.00, real=0.01 secs] 
2019-07-10T04:32:27.871+0000: 68998.700: [GC pause (G1 Evacuation Pause) (young), 0.0072651 secs]
   [Parallel Time: 4.5 ms, GC Workers: 8]
      [GC Worker Start (ms): Min: 68998700.7, Avg: 68998701.0, Max: 68998702.3, Diff: 1.5]
      [Ext Root Scanning (ms): Min: 0.0, Avg: 0.7, Max: 1.6, Diff: 1.6, Sum: 6.0]
      [Update RS (ms): Min: 0.6, Avg: 1.1, Max: 1.3, Diff: 0.7, Sum: 9.0]
         [Processed Buffers: Min: 6, Avg: 12.9, Max: 20, Diff: 14, Sum: 103]
      [Scan RS (ms): Min: 0.2, Avg: 0.3, Max: 0.4, Diff: 0.2, Sum: 2.6]
      [Code Root Scanning (ms): Min: 0.0, Avg: 0.1, Max: 0.2, Diff: 0.2, Sum: 0.4]
      [Object Copy (ms): Min: 1.6, Avg: 1.7, Max: 1.8, Diff: 0.2, Sum: 13.7]
      [Termination (ms): Min: 0.0, Avg: 0.0, Max: 0.0, Diff: 0.0, Sum: 0.0]
         [Termination Attempts: Min: 1, Avg: 6.1, Max: 10, Diff: 9, Sum: 49]
      [GC Worker Other (ms): Min: 0.0, Avg: 0.1, Max: 0.2, Diff: 0.1, Sum: 0.7]
      [GC Worker Total (ms): Min: 2.7, Avg: 4.0, Max: 4.3, Diff: 1.6, Sum: 32.4]
      [GC Worker End (ms): Min: 68998705.0, Avg: 68998705.0, Max: 68998705.1, Diff: 0.1]
   [Code Root Fixup: 0.2 ms]
   [Code Root Purge: 0.0 ms]
   [Clear CT: 0.4 ms]
   [Other: 2.0 ms]
      [Choose CSet: 0.0 ms]
      [Ref Proc: 0.4 ms]
      [Ref Enq: 0.0 ms]
      [Redirty Cards: 0.3 ms]
      [Humongous Register: 0.1 ms]
      [Humongous Reclaim: 0.1 ms]
      [Free CSet: 0.9 ms]
   [Eden: 1218.0M(1218.0M)->0.0B(1219.0M) Survivors: 10.0M->9216.0K Heap: 1382.9M(2048.0M)->140.1M(2048.0M)]
 [Times: user=0.04 sys=0.00, real=0.00 secs] 
2019-07-10T04:32:53.955+0000: 69024.785: [GC pause (G1 Evacuation Pause) (young), 0.0087640 secs]
   [Parallel Time: 5.7 ms, GC Workers: 8]
      [GC Worker Start (ms): Min: 69024785.0, Avg: 69024785.7, Max: 69024787.7, Diff: 2.7]
      [Ext Root Scanning (ms): Min: 0.0, Avg: 0.7, Max: 1.6, Diff: 1.6, Sum: 6.0]
      [Update RS (ms): Min: 0.0, Avg: 1.2, Max: 1.7, Diff: 1.7, Sum: 9.4]
         [Processed Buffers: Min: 0, Avg: 15.0, Max: 22, Diff: 22, Sum: 120]
      [Scan RS (ms): Min: 0.3, Avg: 0.3, Max: 0.4, Diff: 0.1, Sum: 2.6]
      [Code Root Scanning (ms): Min: 0.0, Avg: 0.0, Max: 0.2, Diff: 0.2, Sum: 0.4]
      [Object Copy (ms): Min: 2.3, Avg: 2.3, Max: 2.5, Diff: 0.2, Sum: 18.8]
      [Termination (ms): Min: 0.0, Avg: 0.0, Max: 0.0, Diff: 0.0, Sum: 0.0]
         [Termination Attempts: Min: 1, Avg: 1.0, Max: 1, Diff: 0, Sum: 8]
      [GC Worker Other (ms): Min: 0.0, Avg: 0.1, Max: 0.2, Diff: 0.1, Sum: 0.7]
      [GC Worker Total (ms): Min: 2.7, Avg: 4.7, Max: 5.5, Diff: 2.8, Sum: 37.9]
      [GC Worker End (ms): Min: 69024790.4, Avg: 69024790.4, Max: 69024790.5, Diff: 0.1]
   [Code Root Fixup: 0.3 ms]
   [Code Root Purge: 0.0 ms]
   [Clear CT: 0.5 ms]
   [Other: 2.3 ms]
      [Choose CSet: 0.0 ms]
      [Ref Proc: 0.6 ms]
      [Ref Enq: 0.0 ms]
      [Redirty Cards: 0.4 ms]
      [Humongous Register: 0.1 ms]
      [Humongous Reclaim: 0.1 ms]
      [Free CSet: 0.8 ms]
   [Eden: 1219.0M(1219.0M)->0.0B(1216.0M) Survivors: 9216.0K->12.0M Heap: 1384.6M(2048.0M)->143.4M(2048.0M)]
 [Times: user=0.04 sys=0.00, real=0.01 secs] 
2019-07-10T04:33:21.788+0000: 69052.617: [GC pause (G1 Evacuation Pause) (young), 0.0086942 secs]
   [Parallel Time: 5.6 ms, GC Workers: 8]
      [GC Worker Start (ms): Min: 69052617.4, Avg: 69052617.7, Max: 69052619.3, Diff: 1.8]
      [Ext Root Scanning (ms): Min: 0.0, Avg: 0.9, Max: 1.8, Diff: 1.8, Sum: 7.0]
      [Update RS (ms): Min: 0.6, Avg: 1.2, Max: 1.5, Diff: 0.8, Sum: 9.7]
         [Processed Buffers: Min: 9, Avg: 15.2, Max: 22, Diff: 13, Sum: 122]
      [Scan RS (ms): Min: 0.3, Avg: 0.3, Max: 0.4, Diff: 0.1, Sum: 2.6]
      [Code Root Scanning (ms): Min: 0.0, Avg: 0.1, Max: 0.1, Diff: 0.1, Sum: 0.4]
      [Object Copy (ms): Min: 2.4, Avg: 2.6, Max: 2.7, Diff: 0.4, Sum: 20.6]
      [Termination (ms): Min: 0.0, Avg: 0.0, Max: 0.0, Diff: 0.0, Sum: 0.0]
         [Termination Attempts: Min: 1, Avg: 2.5, Max: 6, Diff: 5, Sum: 20]
      [GC Worker Other (ms): Min: 0.0, Avg: 0.1, Max: 0.2, Diff: 0.2, Sum: 0.9]
      [GC Worker Total (ms): Min: 3.6, Avg: 5.1, Max: 5.5, Diff: 1.9, Sum: 41.1]
      [GC Worker End (ms): Min: 69052622.8, Avg: 69052622.9, Max: 69052623.0, Diff: 0.2]
   [Code Root Fixup: 0.3 ms]
   [Code Root Purge: 0.0 ms]
   [Clear CT: 0.6 ms]
   [Other: 2.2 ms]
      [Choose CSet: 0.0 ms]
      [Ref Proc: 0.6 ms]
      [Ref Enq: 0.0 ms]
      [Redirty Cards: 0.3 ms]
      [Humongous Register: 0.1 ms]
      [Humongous Reclaim: 0.1 ms]
      [Free CSet: 0.9 ms]
   [Eden: 1216.0M(1216.0M)->0.0B(1217.0M) Survivors: 12.0M->11.0M Heap: 1375.3M(2048.0M)->143.3M(2048.0M)]
 [Times: user=0.04 sys=0.00, real=0.01 secs] 
2019-07-10T04:48:33.037+0000: 69963.866: [GC pause (G1 Evacuation Pause) (young), 0.0134671 secs]
   [Parallel Time: 8.9 ms, GC Workers: 8]
      [GC Worker Start (ms): Min: 69963866.1, Avg: 69963867.4, Max: 69963868.7, Diff: 2.6]
      [Ext Root Scanning (ms): Min: 0.0, Avg: 0.9, Max: 2.4, Diff: 2.4, Sum: 7.3]
      [Update RS (ms): Min: 2.4, Avg: 2.7, Max: 2.9, Diff: 0.5, Sum: 21.3]
         [Processed Buffers: Min: 7, Avg: 20.8, Max: 42, Diff: 35, Sum: 166]
      [Scan RS (ms): Min: 0.4, Avg: 0.5, Max: 0.6, Diff: 0.2, Sum: 3.9]
      [Code Root Scanning (ms): Min: 0.0, Avg: 0.1, Max: 0.2, Diff: 0.2, Sum: 0.5]
      [Object Copy (ms): Min: 2.6, Avg: 2.9, Max: 3.2, Diff: 0.6, Sum: 23.4]
      [Termination (ms): Min: 0.0, Avg: 0.0, Max: 0.0, Diff: 0.0, Sum: 0.2]
         [Termination Attempts: Min: 3, Avg: 10.6, Max: 14, Diff: 11, Sum: 85]
      [GC Worker Other (ms): Min: 0.0, Avg: 0.2, Max: 0.3, Diff: 0.3, Sum: 1.4]
      [GC Worker Total (ms): Min: 6.0, Avg: 7.3, Max: 8.5, Diff: 2.5, Sum: 58.0]
      [GC Worker End (ms): Min: 69963874.5, Avg: 69963874.7, Max: 69963874.9, Diff: 0.3]
   [Code Root Fixup: 0.3 ms]
   [Code Root Purge: 0.0 ms]
   [Clear CT: 0.6 ms]
   [Other: 3.6 ms]
      [Choose CSet: 0.0 ms]
      [Ref Proc: 1.5 ms]
      [Ref Enq: 0.0 ms]
      [Redirty Cards: 0.6 ms]
      [Humongous Register: 0.1 ms]
      [Humongous Reclaim: 0.1 ms]
      [Free CSet: 1.0 ms]
   [Eden: 1217.0M(1217.0M)->0.0B(1221.0M) Survivors: 11.0M->7168.0K Heap: 1377.7M(2048.0M)->139.0M(2048.0M)]
 [Times: user=0.07 sys=0.00, real=0.01 secs] 
2019-07-10T05:37:53.350+0000: 72924.179: [GC pause (G1 Evacuation Pause) (young), 0.0162904 secs]
   [Parallel Time: 7.8 ms, GC Workers: 8]
      [GC Worker Start (ms): Min: 72924179.3, Avg: 72924181.2, Max: 72924186.8, Diff: 7.5]
      [Ext Root Scanning (ms): Min: 0.0, Avg: 0.8, Max: 2.4, Diff: 2.3, Sum: 6.2]
      [Update RS (ms): Min: 0.0, Avg: 1.2, Max: 1.9, Diff: 1.9, Sum: 9.3]
         [Processed Buffers: Min: 0, Avg: 12.0, Max: 28, Diff: 28, Sum: 96]
      [Scan RS (ms): Min: 0.1, Avg: 0.2, Max: 0.3, Diff: 0.2, Sum: 1.7]
      [Code Root Scanning (ms): Min: 0.0, Avg: 0.1, Max: 0.2, Diff: 0.2, Sum: 0.5]
      [Object Copy (ms): Min: 0.0, Avg: 3.0, Max: 4.1, Diff: 4.1, Sum: 24.1]
      [Termination (ms): Min: 0.0, Avg: 0.5, Max: 0.6, Diff: 0.6, Sum: 3.8]
         [Termination Attempts: Min: 1, Avg: 6.1, Max: 9, Diff: 8, Sum: 49]
      [GC Worker Other (ms): Min: 0.0, Avg: 0.0, Max: 0.1, Diff: 0.1, Sum: 0.3]
      [GC Worker Total (ms): Min: 0.1, Avg: 5.7, Max: 7.6, Diff: 7.5, Sum: 46.0]
      [GC Worker End (ms): Min: 72924186.9, Avg: 72924186.9, Max: 72924187.0, Diff: 0.1]
   [Code Root Fixup: 0.2 ms]
   [Code Root Purge: 0.0 ms]
   [Clear CT: 1.5 ms]
   [Other: 6.7 ms]
      [Choose CSet: 0.0 ms]
      [Ref Proc: 4.5 ms]
      [Ref Enq: 0.0 ms]
      [Redirty Cards: 0.4 ms]
      [Humongous Register: 0.1 ms]
      [Humongous Reclaim: 0.0 ms]
      [Free CSet: 1.1 ms]
   [Eden: 1221.0M(1221.0M)->0.0B(1212.0M) Survivors: 7168.0K->16.0M Heap: 1361.3M(2048.0M)->148.5M(2048.0M)]
 [Times: user=0.06 sys=0.00, real=0.07 secs] 
2019-07-10T05:38:40.379+0000: 72971.208: [GC pause (G1 Evacuation Pause) (young), 0.0100767 secs]
   [Parallel Time: 6.9 ms, GC Workers: 8]
      [GC Worker Start (ms): Min: 72971208.6, Avg: 72971208.7, Max: 72971208.8, Diff: 0.2]
      [Ext Root Scanning (ms): Min: 0.6, Avg: 0.9, Max: 2.5, Diff: 1.9, Sum: 7.1]
      [Update RS (ms): Min: 0.2, Avg: 1.6, Max: 1.9, Diff: 1.7, Sum: 12.7]
         [Processed Buffers: Min: 2, Avg: 19.2, Max: 26, Diff: 24, Sum: 154]
      [Scan RS (ms): Min: 0.6, Avg: 0.7, Max: 0.7, Diff: 0.1, Sum: 5.6]
      [Code Root Scanning (ms): Min: 0.0, Avg: 0.1, Max: 0.2, Diff: 0.2, Sum: 0.5]
      [Object Copy (ms): Min: 3.2, Avg: 3.3, Max: 3.4, Diff: 0.2, Sum: 26.4]
      [Termination (ms): Min: 0.0, Avg: 0.0, Max: 0.1, Diff: 0.1, Sum: 0.3]
         [Termination Attempts: Min: 2, Avg: 4.1, Max: 5, Diff: 3, Sum: 33]
      [GC Worker Other (ms): Min: 0.0, Avg: 0.1, Max: 0.2, Diff: 0.1, Sum: 0.7]
      [GC Worker Total (ms): Min: 6.5, Avg: 6.7, Max: 6.8, Diff: 0.3, Sum: 53.3]
      [GC Worker End (ms): Min: 72971215.3, Avg: 72971215.4, Max: 72971215.4, Diff: 0.1]
   [Code Root Fixup: 0.2 ms]
   [Code Root Purge: 0.0 ms]
   [Clear CT: 0.5 ms]
   [Other: 2.5 ms]
      [Choose CSet: 0.0 ms]
      [Ref Proc: 0.7 ms]
      [Ref Enq: 0.0 ms]
      [Redirty Cards: 0.3 ms]
      [Humongous Register: 0.1 ms]
      [Humongous Reclaim: 0.1 ms]
      [Free CSet: 0.9 ms]
   [Eden: 1212.0M(1212.0M)->0.0B(1217.0M) Survivors: 16.0M->11.0M Heap: 1378.5M(2048.0M)->144.1M(2048.0M)]
 [Times: user=0.06 sys=0.00, real=0.01 secs] 
2019-07-10T05:39:20.251+0000: 73011.081: [GC pause (G1 Evacuation Pause) (young), 0.0122745 secs]
   [Parallel Time: 8.4 ms, GC Workers: 8]
      [GC Worker Start (ms): Min: 73011081.0, Avg: 73011081.1, Max: 73011081.3, Diff: 0.3]
      [Ext Root Scanning (ms): Min: 0.6, Avg: 0.9, Max: 2.0, Diff: 1.4, Sum: 7.2]
      [Update RS (ms): Min: 1.3, Avg: 2.2, Max: 2.4, Diff: 1.1, Sum: 17.2]
         [Processed Buffers: Min: 15, Avg: 24.1, Max: 39, Diff: 24, Sum: 193]
      [Scan RS (ms): Min: 0.5, Avg: 0.7, Max: 0.7, Diff: 0.3, Sum: 5.2]
      [Code Root Scanning (ms): Min: 0.0, Avg: 0.1, Max: 0.3, Diff: 0.3, Sum: 0.6]
      [Object Copy (ms): Min: 2.9, Avg: 3.0, Max: 3.2, Diff: 0.2, Sum: 24.3]
      [Termination (ms): Min: 0.0, Avg: 0.0, Max: 0.0, Diff: 0.0, Sum: 0.2]
         [Termination Attempts: Min: 1, Avg: 2.4, Max: 3, Diff: 2, Sum: 19]
      [GC Worker Other (ms): Min: 0.0, Avg: 0.2, Max: 1.1, Diff: 1.1, Sum: 1.5]
      [GC Worker Total (ms): Min: 6.7, Avg: 7.0, Max: 7.9, Diff: 1.2, Sum: 56.1]
      [GC Worker End (ms): Min: 73011087.9, Avg: 73011088.1, Max: 73011089.0, Diff: 1.1]
   [Code Root Fixup: 0.3 ms]
   [Code Root Purge: 0.0 ms]
   [Clear CT: 0.7 ms]
   [Other: 2.9 ms]
      [Choose CSet: 0.0 ms]
      [Ref Proc: 0.9 ms]
      [Ref Enq: 0.0 ms]
      [Redirty Cards: 0.4 ms]
      [Humongous Register: 0.1 ms]
      [Humongous Reclaim: 0.1 ms]
      [Free CSet: 1.0 ms]
   [Eden: 1217.0M(1217.0M)->0.0B(1216.0M) Survivors: 11.0M->12.0M Heap: 1395.4M(2048.0M)->145.9M(2048.0M)]
 [Times: user=0.06 sys=0.00, real=0.01 secs] 
2019-07-10T05:41:12.832+0000: 73123.661: [GC pause (G1 Evacuation Pause) (young), 0.0116326 secs]
   [Parallel Time: 7.7 ms, GC Workers: 8]
      [GC Worker Start (ms): Min: 73123661.5, Avg: 73123661.6, Max: 73123661.8, Diff: 0.3]
      [Ext Root Scanning (ms): Min: 0.6, Avg: 0.9, Max: 2.3, Diff: 1.7, Sum: 7.5]
      [Update RS (ms): Min: 1.5, Avg: 2.6, Max: 2.8, Diff: 1.3, Sum: 20.6]
         [Processed Buffers: Min: 15, Avg: 25.5, Max: 38, Diff: 23, Sum: 204]
      [Scan RS (ms): Min: 0.2, Avg: 0.2, Max: 0.3, Diff: 0.1, Sum: 2.0]
      [Code Root Scanning (ms): Min: 0.0, Avg: 0.1, Max: 0.2, Diff: 0.2, Sum: 0.6]
      [Object Copy (ms): Min: 3.3, Avg: 3.5, Max: 3.6, Diff: 0.3, Sum: 27.6]
      [Termination (ms): Min: 0.0, Avg: 0.0, Max: 0.0, Diff: 0.0, Sum: 0.0]
         [Termination Attempts: Min: 1, Avg: 2.6, Max: 4, Diff: 3, Sum: 21]
      [GC Worker Other (ms): Min: 0.0, Avg: 0.1, Max: 0.2, Diff: 0.1, Sum: 0.7]
      [GC Worker Total (ms): Min: 7.2, Avg: 7.4, Max: 7.6, Diff: 0.4, Sum: 59.1]
      [GC Worker End (ms): Min: 73123668.9, Avg: 73123669.0, Max: 73123669.1, Diff: 0.1]
   [Code Root Fixup: 0.4 ms]
   [Code Root Purge: 0.0 ms]
   [Clear CT: 0.6 ms]
   [Other: 3.0 ms]
      [Choose CSet: 0.0 ms]
      [Ref Proc: 1.2 ms]
      [Ref Enq: 0.0 ms]
      [Redirty Cards: 0.4 ms]
      [Humongous Register: 0.1 ms]
      [Humongous Reclaim: 0.1 ms]
      [Free CSet: 0.9 ms]
   [Eden: 1216.0M(1216.0M)->0.0B(1213.0M) Survivors: 12.0M->15.0M Heap: 1378.2M(2048.0M)->148.5M(2048.0M)]
 [Times: user=0.06 sys=0.00, real=0.01 secs] 
2019-07-10T05:41:17.028+0000: 73127.857: [GC pause (G1 Evacuation Pause) (young), 0.0116610 secs]
   [Parallel Time: 8.1 ms, GC Workers: 8]
      [GC Worker Start (ms): Min: 73127857.7, Avg: 73127857.8, Max: 73127857.9, Diff: 0.2]
      [Ext Root Scanning (ms): Min: 0.6, Avg: 0.9, Max: 1.8, Diff: 1.2, Sum: 7.5]
      [Update RS (ms): Min: 1.9, Avg: 2.6, Max: 2.8, Diff: 0.9, Sum: 20.6]
         [Processed Buffers: Min: 16, Avg: 23.0, Max: 30, Diff: 14, Sum: 184]
      [Scan RS (ms): Min: 0.2, Avg: 0.2, Max: 0.3, Diff: 0.1, Sum: 2.0]
      [Code Root Scanning (ms): Min: 0.0, Avg: 0.1, Max: 0.2, Diff: 0.2, Sum: 0.6]
      [Object Copy (ms): Min: 3.5, Avg: 3.7, Max: 3.9, Diff: 0.3, Sum: 29.8]
      [Termination (ms): Min: 0.0, Avg: 0.0, Max: 0.0, Diff: 0.0, Sum: 0.0]
         [Termination Attempts: Min: 1, Avg: 4.0, Max: 9, Diff: 8, Sum: 32]
      [GC Worker Other (ms): Min: 0.0, Avg: 0.1, Max: 0.2, Diff: 0.2, Sum: 0.8]
      [GC Worker Total (ms): Min: 7.6, Avg: 7.7, Max: 7.9, Diff: 0.3, Sum: 61.3]
      [GC Worker End (ms): Min: 73127865.4, Avg: 73127865.5, Max: 73127865.6, Diff: 0.2]
   [Code Root Fixup: 0.3 ms]
   [Code Root Purge: 0.0 ms]
   [Clear CT: 0.5 ms]
   [Other: 2.7 ms]
      [Choose CSet: 0.0 ms]
      [Ref Proc: 0.7 ms]
      [Ref Enq: 0.0 ms]
      [Redirty Cards: 0.3 ms]
      [Humongous Register: 0.1 ms]
      [Humongous Reclaim: 0.1 ms]
      [Free CSet: 1.0 ms]
   [Eden: 1213.0M(1213.0M)->0.0B(1212.0M) Survivors: 15.0M->16.0M Heap: 1377.0M(2048.0M)->150.9M(2048.0M)]
 [Times: user=0.07 sys=0.00, real=0.01 secs] 
2019-07-10T05:41:21.421+0000: 73132.251: [GC pause (G1 Evacuation Pause) (young), 0.0118295 secs]
   [Parallel Time: 8.3 ms, GC Workers: 8]
      [GC Worker Start (ms): Min: 73132250.8, Avg: 73132251.8, Max: 73132258.5, Diff: 7.7]
      [Ext Root Scanning (ms): Min: 0.0, Avg: 0.9, Max: 1.9, Diff: 1.8, Sum: 6.8]
      [Update RS (ms): Min: 0.0, Avg: 2.9, Max: 3.4, Diff: 3.4, Sum: 22.9]
         [Processed Buffers: Min: 0, Avg: 27.4, Max: 38, Diff: 38, Sum: 219]
      [Scan RS (ms): Min: 0.1, Avg: 0.2, Max: 0.3, Diff: 0.2, Sum: 2.0]
      [Code Root Scanning (ms): Min: 0.0, Avg: 0.1, Max: 0.2, Diff: 0.2, Sum: 0.6]
      [Object Copy (ms): Min: 0.0, Avg: 2.5, Max: 3.0, Diff: 3.0, Sum: 20.3]
      [Termination (ms): Min: 0.0, Avg: 0.2, Max: 0.3, Diff: 0.3, Sum: 2.0]
         [Termination Attempts: Min: 1, Avg: 9.6, Max: 15, Diff: 14, Sum: 77]
      [GC Worker Other (ms): Min: 0.0, Avg: 0.0, Max: 0.1, Diff: 0.1, Sum: 0.3]
      [GC Worker Total (ms): Min: 0.2, Avg: 6.8, Max: 7.9, Diff: 7.7, Sum: 54.8]
      [GC Worker End (ms): Min: 73132258.6, Avg: 73132258.7, Max: 73132258.7, Diff: 0.1]
   [Code Root Fixup: 0.4 ms]
   [Code Root Purge: 0.0 ms]
   [Clear CT: 0.5 ms]
   [Other: 2.7 ms]
      [Choose CSet: 0.0 ms]
      [Ref Proc: 0.6 ms]
      [Ref Enq: 0.0 ms]
      [Redirty Cards: 0.7 ms]
      [Humongous Register: 0.1 ms]
      [Humongous Reclaim: 0.1 ms]
      [Free CSet: 0.9 ms]
   [Eden: 1212.0M(1212.0M)->0.0B(1216.0M) Survivors: 16.0M->12.0M Heap: 1382.0M(2048.0M)->147.5M(2048.0M)]
 [Times: user=0.07 sys=0.00, real=0.01 secs] 
2019-07-10T05:41:26.204+0000: 73137.033: [GC pause (G1 Evacuation Pause) (young), 0.0112243 secs]
   [Parallel Time: 8.0 ms, GC Workers: 8]
      [GC Worker Start (ms): Min: 73137033.4, Avg: 73137033.5, Max: 73137033.5, Diff: 0.2]
      [Ext Root Scanning (ms): Min: 0.6, Avg: 0.9, Max: 1.9, Diff: 1.2, Sum: 7.3]
      [Update RS (ms): Min: 2.3, Avg: 3.0, Max: 3.2, Diff: 1.0, Sum: 24.4]
         [Processed Buffers: Min: 23, Avg: 28.1, Max: 35, Diff: 12, Sum: 225]
      [Scan RS (ms): Min: 0.2, Avg: 0.2, Max: 0.3, Diff: 0.1, Sum: 2.0]
      [Code Root Scanning (ms): Min: 0.0, Avg: 0.1, Max: 0.2, Diff: 0.2, Sum: 0.6]
      [Object Copy (ms): Min: 3.2, Avg: 3.3, Max: 3.4, Diff: 0.2, Sum: 26.7]
      [Termination (ms): Min: 0.0, Avg: 0.0, Max: 0.0, Diff: 0.0, Sum: 0.0]
         [Termination Attempts: Min: 1, Avg: 1.6, Max: 3, Diff: 2, Sum: 13]
      [GC Worker Other (ms): Min: 0.0, Avg: 0.1, Max: 0.2, Diff: 0.2, Sum: 0.9]
      [GC Worker Total (ms): Min: 7.6, Avg: 7.7, Max: 7.8, Diff: 0.2, Sum: 61.9]
      [GC Worker End (ms): Min: 73137041.1, Avg: 73137041.2, Max: 73137041.3, Diff: 0.2]
   [Code Root Fixup: 0.4 ms]
   [Code Root Purge: 0.0 ms]
   [Clear CT: 0.5 ms]
   [Other: 2.3 ms]
      [Choose CSet: 0.0 ms]
      [Ref Proc: 0.7 ms]
      [Ref Enq: 0.0 ms]
      [Redirty Cards: 0.3 ms]
      [Humongous Register: 0.1 ms]
      [Humongous Reclaim: 0.1 ms]
      [Free CSet: 0.9 ms]
   [Eden: 1216.0M(1216.0M)->0.0B(1212.0M) Survivors: 12.0M->16.0M Heap: 1384.0M(2048.0M)->152.0M(2048.0M)]
 [Times: user=0.07 sys=0.00, real=0.01 secs] 
2019-07-10T05:41:30.777+0000: 73141.606: [GC pause (G1 Evacuation Pause) (young), 0.0130440 secs]
   [Parallel Time: 9.0 ms, GC Workers: 8]
      [GC Worker Start (ms): Min: 73141606.4, Avg: 73141606.7, Max: 73141607.3, Diff: 0.9]
      [Ext Root Scanning (ms): Min: 0.2, Avg: 1.0, Max: 2.6, Diff: 2.4, Sum: 8.0]
      [Update RS (ms): Min: 2.0, Avg: 3.1, Max: 3.3, Diff: 1.4, Sum: 24.8]
         [Processed Buffers: Min: 19, Avg: 26.5, Max: 37, Diff: 18, Sum: 212]
      [Scan RS (ms): Min: 0.2, Avg: 0.3, Max: 0.3, Diff: 0.0, Sum: 2.1]
      [Code Root Scanning (ms): Min: 0.0, Avg: 0.1, Max: 0.3, Diff: 0.3, Sum: 0.9]
      [Object Copy (ms): Min: 3.5, Avg: 3.7, Max: 3.8, Diff: 0.3, Sum: 29.3]
      [Termination (ms): Min: 0.0, Avg: 0.0, Max: 0.0, Diff: 0.0, Sum: 0.0]
         [Termination Attempts: Min: 1, Avg: 13.2, Max: 18, Diff: 17, Sum: 106]
      [GC Worker Other (ms): Min: 0.0, Avg: 0.2, Max: 0.3, Diff: 0.2, Sum: 1.5]
      [GC Worker Total (ms): Min: 7.8, Avg: 8.3, Max: 8.6, Diff: 0.8, Sum: 66.6]
      [GC Worker End (ms): Min: 73141614.9, Avg: 73141615.0, Max: 73141615.1, Diff: 0.2]
   [Code Root Fixup: 0.4 ms]
   [Code Root Purge: 0.0 ms]
   [Clear CT: 0.7 ms]
   [Other: 2.9 ms]
      [Choose CSet: 0.0 ms]
      [Ref Proc: 0.9 ms]
      [Ref Enq: 0.0 ms]
      [Redirty Cards: 0.4 ms]
      [Humongous Register: 0.1 ms]
      [Humongous Reclaim: 0.1 ms]
      [Free CSet: 1.0 ms]
   [Eden: 1212.0M(1212.0M)->0.0B(1215.0M) Survivors: 16.0M->13.0M Heap: 1382.8M(2048.0M)->149.6M(2048.0M)]
 [Times: user=0.07 sys=0.00, real=0.01 secs] 
2019-07-10T05:41:39.772+0000: 73150.601: [GC pause (G1 Evacuation Pause) (young), 0.0128519 secs]
   [Parallel Time: 7.7 ms, GC Workers: 8]
      [GC Worker Start (ms): Min: 73150601.5, Avg: 73150601.6, Max: 73150601.7, Diff: 0.2]
      [Ext Root Scanning (ms): Min: 0.6, Avg: 0.9, Max: 2.0, Diff: 1.4, Sum: 7.0]
      [Update RS (ms): Min: 2.3, Avg: 3.2, Max: 3.4, Diff: 1.0, Sum: 25.5]
         [Processed Buffers: Min: 24, Avg: 29.5, Max: 40, Diff: 16, Sum: 236]
      [Scan RS (ms): Min: 0.2, Avg: 0.3, Max: 0.3, Diff: 0.0, Sum: 2.1]
      [Code Root Scanning (ms): Min: 0.0, Avg: 0.1, Max: 0.4, Diff: 0.4, Sum: 1.2]
      [Object Copy (ms): Min: 2.3, Avg: 2.7, Max: 3.0, Diff: 0.7, Sum: 21.5]
      [Termination (ms): Min: 0.0, Avg: 0.0, Max: 0.0, Diff: 0.0, Sum: 0.0]
         [Termination Attempts: Min: 1, Avg: 1.0, Max: 1, Diff: 0, Sum: 8]
      [GC Worker Other (ms): Min: 0.0, Avg: 0.1, Max: 0.2, Diff: 0.2, Sum: 0.9]
      [GC Worker Total (ms): Min: 7.1, Avg: 7.3, Max: 7.4, Diff: 0.3, Sum: 58.2]
      [GC Worker End (ms): Min: 73150608.8, Avg: 73150608.9, Max: 73150609.0, Diff: 0.2]
   [Code Root Fixup: 0.4 ms]
   [Code Root Purge: 0.0 ms]
   [Clear CT: 0.6 ms]
   [Other: 4.2 ms]
      [Choose CSet: 0.0 ms]
      [Ref Proc: 1.5 ms]
      [Ref Enq: 0.0 ms]
      [Redirty Cards: 0.6 ms]
      [Humongous Register: 0.1 ms]
      [Humongous Reclaim: 0.1 ms]
      [Free CSet: 1.5 ms]
   [Eden: 1215.0M(1215.0M)->0.0B(1215.0M) Survivors: 13.0M->13.0M Heap: 1385.3M(2048.0M)->149.3M(2048.0M)]
 [Times: user=0.07 sys=0.00, real=0.01 secs] 
2019-07-10T05:48:19.583+0000: 73550.412: [GC pause (G1 Evacuation Pause) (young), 0.0155846 secs]
   [Parallel Time: 10.3 ms, GC Workers: 8]
      [GC Worker Start (ms): Min: 73550412.5, Avg: 73550413.1, Max: 73550414.3, Diff: 1.8]
      [Ext Root Scanning (ms): Min: 0.0, Avg: 1.0, Max: 3.0, Diff: 3.0, Sum: 8.2]
      [Update RS (ms): Min: 2.5, Avg: 3.8, Max: 4.1, Diff: 1.7, Sum: 30.6]
         [Processed Buffers: Min: 18, Avg: 29.6, Max: 40, Diff: 22, Sum: 237]
      [Scan RS (ms): Min: 0.2, Avg: 0.3, Max: 0.3, Diff: 0.2, Sum: 2.3]
      [Code Root Scanning (ms): Min: 0.0, Avg: 0.1, Max: 0.2, Diff: 0.2, Sum: 0.9]
      [Object Copy (ms): Min: 3.5, Avg: 3.7, Max: 4.0, Diff: 0.5, Sum: 30.0]
      [Termination (ms): Min: 0.0, Avg: 0.0, Max: 0.0, Diff: 0.0, Sum: 0.1]
         [Termination Attempts: Min: 6, Avg: 8.4, Max: 11, Diff: 5, Sum: 67]
      [GC Worker Other (ms): Min: 0.0, Avg: 0.2, Max: 0.3, Diff: 0.3, Sum: 1.6]
      [GC Worker Total (ms): Min: 8.1, Avg: 9.2, Max: 9.8, Diff: 1.7, Sum: 73.7]
      [GC Worker End (ms): Min: 73550422.1, Avg: 73550422.3, Max: 73550422.5, Diff: 0.3]
   [Code Root Fixup: 0.3 ms]
   [Code Root Purge: 0.0 ms]
   [Clear CT: 0.7 ms]
   [Other: 4.3 ms]
      [Choose CSet: 0.0 ms]
      [Ref Proc: 2.2 ms]
      [Ref Enq: 0.0 ms]
      [Redirty Cards: 0.4 ms]
      [Humongous Register: 0.3 ms]
      [Humongous Reclaim: 0.1 ms]
      [Free CSet: 1.0 ms]
   [Eden: 1215.0M(1215.0M)->0.0B(1218.0M) Survivors: 13.0M->10.0M Heap: 1384.6M(2048.0M)->146.3M(2048.0M)]
 [Times: user=0.09 sys=0.00, real=0.01 secs] 
2019-07-10T06:15:22.824+0000: 75173.653: [GC pause (G1 Evacuation Pause) (young), 0.0125777 secs]
   [Parallel Time: 6.6 ms, GC Workers: 8]
      [GC Worker Start (ms): Min: 75173653.7, Avg: 75173653.8, Max: 75173653.9, Diff: 0.2]
      [Ext Root Scanning (ms): Min: 0.6, Avg: 0.9, Max: 1.9, Diff: 1.2, Sum: 7.4]
      [Update RS (ms): Min: 1.1, Avg: 1.8, Max: 2.0, Diff: 1.0, Sum: 14.5]
         [Processed Buffers: Min: 12, Avg: 17.5, Max: 24, Diff: 12, Sum: 140]
      [Scan RS (ms): Min: 0.2, Avg: 0.2, Max: 0.3, Diff: 0.1, Sum: 1.8]
      [Code Root Scanning (ms): Min: 0.0, Avg: 0.1, Max: 0.2, Diff: 0.2, Sum: 0.7]
      [Object Copy (ms): Min: 2.8, Avg: 3.0, Max: 3.2, Diff: 0.4, Sum: 24.4]
      [Termination (ms): Min: 0.0, Avg: 0.0, Max: 0.0, Diff: 0.0, Sum: 0.0]
         [Termination Attempts: Min: 2, Avg: 2.8, Max: 5, Diff: 3, Sum: 22]
      [GC Worker Other (ms): Min: 0.0, Avg: 0.1, Max: 0.2, Diff: 0.2, Sum: 0.9]
      [GC Worker Total (ms): Min: 6.1, Avg: 6.2, Max: 6.4, Diff: 0.3, Sum: 49.7]
      [GC Worker End (ms): Min: 75173660.0, Avg: 75173660.0, Max: 75173660.1, Diff: 0.1]
   [Code Root Fixup: 0.4 ms]
   [Code Root Purge: 0.0 ms]
   [Clear CT: 0.6 ms]
   [Other: 5.0 ms]
      [Choose CSet: 0.0 ms]
      [Ref Proc: 3.0 ms]
      [Ref Enq: 0.0 ms]
      [Redirty Cards: 0.4 ms]
      [Humongous Register: 0.1 ms]
      [Humongous Reclaim: 0.0 ms]
      [Free CSet: 1.0 ms]
   [Eden: 1218.0M(1218.0M)->0.0B(1216.0M) Survivors: 10.0M->12.0M Heap: 1372.1M(2048.0M)->148.9M(2048.0M)]
 [Times: user=0.05 sys=0.00, real=0.01 secs] 
2019-07-10T06:15:34.144+0000: 75184.974: [GC pause (G1 Evacuation Pause) (young), 0.0189739 secs]
   [Parallel Time: 15.4 ms, GC Workers: 8]
      [GC Worker Start (ms): Min: 75184974.1, Avg: 75184976.8, Max: 75184983.3, Diff: 9.2]
      [Ext Root Scanning (ms): Min: 0.0, Avg: 0.7, Max: 2.1, Diff: 2.1, Sum: 5.8]
      [Update RS (ms): Min: 0.0, Avg: 2.7, Max: 3.6, Diff: 3.6, Sum: 21.4]
         [Processed Buffers: Min: 0, Avg: 26.5, Max: 41, Diff: 41, Sum: 212]
      [Scan RS (ms): Min: 0.1, Avg: 0.2, Max: 0.3, Diff: 0.2, Sum: 1.8]
      [Code Root Scanning (ms): Min: 0.0, Avg: 0.1, Max: 0.2, Diff: 0.2, Sum: 0.6]
      [Object Copy (ms): Min: 0.0, Avg: 3.7, Max: 9.4, Diff: 9.4, Sum: 29.7]
      [Termination (ms): Min: 0.0, Avg: 5.0, Max: 6.0, Diff: 6.0, Sum: 40.3]
         [Termination Attempts: Min: 1, Avg: 5.6, Max: 9, Diff: 8, Sum: 45]
      [GC Worker Other (ms): Min: 0.0, Avg: 0.0, Max: 0.1, Diff: 0.0, Sum: 0.2]
      [GC Worker Total (ms): Min: 6.0, Avg: 12.5, Max: 15.2, Diff: 9.2, Sum: 99.8]
      [GC Worker End (ms): Min: 75184989.2, Avg: 75184989.3, Max: 75184989.3, Diff: 0.0]
   [Code Root Fixup: 0.2 ms]
   [Code Root Purge: 0.0 ms]
   [Clear CT: 0.5 ms]
   [Other: 2.8 ms]
      [Choose CSet: 0.0 ms]
      [Ref Proc: 0.9 ms]
      [Ref Enq: 0.0 ms]
      [Redirty Cards: 0.4 ms]
      [Humongous Register: 0.1 ms]
      [Humongous Reclaim: 0.1 ms]
      [Free CSet: 0.9 ms]
   [Eden: 1216.0M(1216.0M)->0.0B(1217.0M) Survivors: 12.0M->11.0M Heap: 1383.5M(2048.0M)->147.5M(2048.0M)]
 [Times: user=0.08 sys=0.00, real=0.02 secs] 
2019-07-10T06:34:26.529+0000: 76317.366: [GC pause (G1 Evacuation Pause) (young), 0.1171361 secs]
   [Parallel Time: 36.1 ms, GC Workers: 8]
      [GC Worker Start (ms): Min: 76317451.5, Avg: 76317451.6, Max: 76317451.8, Diff: 0.2]
      [Ext Root Scanning (ms): Min: 0.6, Avg: 2.6, Max: 13.4, Diff: 12.8, Sum: 20.8]
      [Update RS (ms): Min: 1.5, Avg: 12.3, Max: 14.2, Diff: 12.7, Sum: 98.8]
         [Processed Buffers: Min: 16, Avg: 23.0, Max: 29, Diff: 13, Sum: 184]
      [Scan RS (ms): Min: 0.2, Avg: 0.3, Max: 0.3, Diff: 0.0, Sum: 2.0]
      [Code Root Scanning (ms): Min: 0.0, Avg: 0.1, Max: 0.3, Diff: 0.3, Sum: 0.7]
      [Object Copy (ms): Min: 3.4, Avg: 3.6, Max: 3.7, Diff: 0.3, Sum: 28.6]
      [Termination (ms): Min: 0.0, Avg: 0.0, Max: 0.0, Diff: 0.0, Sum: 0.2]
         [Termination Attempts: Min: 14, Avg: 46.1, Max: 64, Diff: 50, Sum: 369]
      [GC Worker Other (ms): Min: 0.0, Avg: 0.1, Max: 0.2, Diff: 0.1, Sum: 0.7]
      [GC Worker Total (ms): Min: 18.8, Avg: 19.0, Max: 19.1, Diff: 0.3, Sum: 151.8]
      [GC Worker End (ms): Min: 76317470.6, Avg: 76317470.6, Max: 76317470.7, Diff: 0.1]
   [Code Root Fixup: 0.2 ms]
   [Code Root Purge: 0.0 ms]
   [Clear CT: 0.7 ms]
   [Other: 80.1 ms]
      [Choose CSet: 0.0 ms]
      [Ref Proc: 1.5 ms]
      [Ref Enq: 0.0 ms]
      [Redirty Cards: 0.4 ms]
      [Humongous Register: 0.3 ms]
      [Humongous Reclaim: 0.1 ms]
      [Free CSet: 1.0 ms]
   [Eden: 1217.0M(1217.0M)->0.0B(1217.0M) Survivors: 11.0M->11.0M Heap: 1377.3M(2048.0M)->148.0M(2048.0M)]
 [Times: user=0.07 sys=0.00, real=0.13 secs] 
2019-07-10T07:57:03.852+0000: 81274.681: [GC pause (G1 Evacuation Pause) (young), 0.0360647 secs]
   [Parallel Time: 9.0 ms, GC Workers: 8]
      [GC Worker Start (ms): Min: 81274701.5, Avg: 81274702.0, Max: 81274704.8, Diff: 3.3]
      [Ext Root Scanning (ms): Min: 0.0, Avg: 1.1, Max: 2.4, Diff: 2.4, Sum: 8.5]
      [Update RS (ms): Min: 0.0, Avg: 1.4, Max: 2.2, Diff: 2.2, Sum: 10.9]
         [Processed Buffers: Min: 0, Avg: 9.2, Max: 35, Diff: 35, Sum: 74]
      [Scan RS (ms): Min: 0.1, Avg: 0.2, Max: 0.4, Diff: 0.3, Sum: 1.9]
      [Code Root Scanning (ms): Min: 0.0, Avg: 0.7, Max: 4.8, Diff: 4.8, Sum: 5.9]
      [Object Copy (ms): Min: 0.8, Avg: 4.7, Max: 5.3, Diff: 4.6, Sum: 37.2]
      [Termination (ms): Min: 0.0, Avg: 0.2, Max: 0.3, Diff: 0.2, Sum: 1.8]
         [Termination Attempts: Min: 22, Avg: 42.5, Max: 58, Diff: 36, Sum: 340]
      [GC Worker Other (ms): Min: 0.0, Avg: 0.0, Max: 0.1, Diff: 0.1, Sum: 0.3]
      [GC Worker Total (ms): Min: 5.5, Avg: 8.3, Max: 8.8, Diff: 3.4, Sum: 66.5]
      [GC Worker End (ms): Min: 81274710.3, Avg: 81274710.3, Max: 81274710.3, Diff: 0.1]
   [Code Root Fixup: 0.3 ms]
   [Code Root Purge: 0.0 ms]
   [Clear CT: 0.5 ms]
   [Other: 26.2 ms]
      [Choose CSet: 0.0 ms]
      [Ref Proc: 4.4 ms]
      [Ref Enq: 0.0 ms]
      [Redirty Cards: 0.3 ms]
      [Humongous Register: 0.2 ms]
      [Humongous Reclaim: 0.0 ms]
      [Free CSet: 1.0 ms]
   [Eden: 1217.0M(1217.0M)->0.0B(1215.0M) Survivors: 11.0M->13.0M Heap: 1365.0M(2048.0M)->149.7M(2048.0M)]
 [Times: user=0.07 sys=0.00, real=0.04 secs] 
2019-07-10T09:18:35.381+0000: 86166.210: [GC pause (G1 Evacuation Pause) (young), 0.0177250 secs]
   [Parallel Time: 9.8 ms, GC Workers: 8]
      [GC Worker Start (ms): Min: 86166210.6, Avg: 86166211.1, Max: 86166212.1, Diff: 1.4]
      [Ext Root Scanning (ms): Min: 0.0, Avg: 0.9, Max: 2.2, Diff: 2.2, Sum: 7.6]
      [Update RS (ms): Min: 0.6, Avg: 1.4, Max: 1.8, Diff: 1.3, Sum: 11.0]
         [Processed Buffers: Min: 2, Avg: 9.4, Max: 32, Diff: 30, Sum: 75]
      [Scan RS (ms): Min: 0.1, Avg: 0.3, Max: 0.4, Diff: 0.3, Sum: 2.1]
      [Code Root Scanning (ms): Min: 0.0, Avg: 0.2, Max: 0.6, Diff: 0.6, Sum: 1.8]
      [Object Copy (ms): Min: 5.6, Avg: 6.1, Max: 6.4, Diff: 0.8, Sum: 48.4]
      [Termination (ms): Min: 0.1, Avg: 0.2, Max: 0.2, Diff: 0.1, Sum: 1.2]
         [Termination Attempts: Min: 28, Avg: 31.8, Max: 38, Diff: 10, Sum: 254]
      [GC Worker Other (ms): Min: 0.0, Avg: 0.1, Max: 0.2, Diff: 0.1, Sum: 0.4]
      [GC Worker Total (ms): Min: 8.2, Avg: 9.1, Max: 9.5, Diff: 1.3, Sum: 72.6]
      [GC Worker End (ms): Min: 86166220.1, Avg: 86166220.2, Max: 86166220.3, Diff: 0.1]
   [Code Root Fixup: 0.3 ms]
   [Code Root Purge: 0.0 ms]
   [Clear CT: 0.7 ms]
   [Other: 6.9 ms]
      [Choose CSet: 0.0 ms]
      [Ref Proc: 4.5 ms]
      [Ref Enq: 0.0 ms]
      [Redirty Cards: 0.4 ms]
      [Humongous Register: 0.3 ms]
      [Humongous Reclaim: 0.0 ms]
      [Free CSet: 1.2 ms]
   [Eden: 1215.0M(1215.0M)->0.0B(1215.0M) Survivors: 13.0M->13.0M Heap: 1364.7M(2048.0M)->151.1M(2048.0M)]
 [Times: user=0.09 sys=0.00, real=0.03 secs] 
2019-07-10T10:40:30.606+0000: 91081.435: [GC pause (G1 Evacuation Pause) (young), 0.0353739 secs]
   [Parallel Time: 10.1 ms, GC Workers: 8]
      [GC Worker Start (ms): Min: 91081451.9, Avg: 91081452.2, Max: 91081452.3, Diff: 0.4]
      [Ext Root Scanning (ms): Min: 0.6, Avg: 1.1, Max: 2.8, Diff: 2.1, Sum: 8.5]
      [Update RS (ms): Min: 0.1, Avg: 1.6, Max: 2.2, Diff: 2.1, Sum: 12.8]
         [Processed Buffers: Min: 0, Avg: 10.1, Max: 27, Diff: 27, Sum: 81]
      [Scan RS (ms): Min: 0.1, Avg: 0.2, Max: 0.3, Diff: 0.3, Sum: 1.9]
      [Code Root Scanning (ms): Min: 0.0, Avg: 0.2, Max: 0.6, Diff: 0.6, Sum: 1.5]
      [Object Copy (ms): Min: 6.0, Avg: 6.4, Max: 6.6, Diff: 0.6, Sum: 51.3]
      [Termination (ms): Min: 0.0, Avg: 0.1, Max: 0.1, Diff: 0.0, Sum: 0.5]
         [Termination Attempts: Min: 34, Avg: 41.1, Max: 47, Diff: 13, Sum: 329]
      [GC Worker Other (ms): Min: 0.0, Avg: 0.1, Max: 0.2, Diff: 0.1, Sum: 0.7]
      [GC Worker Total (ms): Min: 9.4, Avg: 9.6, Max: 9.8, Diff: 0.4, Sum: 77.1]
      [GC Worker End (ms): Min: 91081461.7, Avg: 91081461.8, Max: 91081461.9, Diff: 0.1]
   [Code Root Fixup: 0.3 ms]
   [Code Root Purge: 0.0 ms]
   [Clear CT: 0.9 ms]
   [Other: 24.1 ms]
      [Choose CSet: 0.0 ms]
      [Ref Proc: 5.8 ms]
      [Ref Enq: 0.1 ms]
      [Redirty Cards: 0.6 ms]
      [Humongous Register: 0.1 ms]
      [Humongous Reclaim: 0.0 ms]
      [Free CSet: 1.0 ms]
   [Eden: 1215.0M(1215.0M)->0.0B(1216.0M) Survivors: 13.0M->12.0M Heap: 1366.1M(2048.0M)->153.3M(2048.0M)]
 [Times: user=0.09 sys=0.00, real=0.04 secs] 
2019-07-10T12:01:52.137+0000: 95962.966: [GC pause (G1 Evacuation Pause) (young), 0.0180772 secs]
   [Parallel Time: 10.0 ms, GC Workers: 8]
      [GC Worker Start (ms): Min: 95962966.7, Avg: 95962966.8, Max: 95962967.3, Diff: 0.6]
      [Ext Root Scanning (ms): Min: 0.2, Avg: 0.8, Max: 2.0, Diff: 1.8, Sum: 6.8]
      [Update RS (ms): Min: 2.1, Avg: 4.0, Max: 5.3, Diff: 3.2, Sum: 31.7]
         [Processed Buffers: Min: 1, Avg: 12.0, Max: 30, Diff: 29, Sum: 96]
      [Scan RS (ms): Min: 0.1, Avg: 0.2, Max: 0.4, Diff: 0.3, Sum: 1.5]
      [Code Root Scanning (ms): Min: 0.0, Avg: 0.1, Max: 0.6, Diff: 0.6, Sum: 1.1]
      [Object Copy (ms): Min: 3.4, Avg: 4.2, Max: 5.1, Diff: 1.8, Sum: 33.9]
      [Termination (ms): Min: 0.0, Avg: 0.1, Max: 0.1, Diff: 0.0, Sum: 0.5]
         [Termination Attempts: Min: 31, Avg: 35.2, Max: 40, Diff: 9, Sum: 282]
      [GC Worker Other (ms): Min: 0.0, Avg: 0.1, Max: 0.2, Diff: 0.2, Sum: 0.8]
      [GC Worker Total (ms): Min: 9.1, Avg: 9.5, Max: 9.8, Diff: 0.6, Sum: 76.3]
      [GC Worker End (ms): Min: 95962976.3, Avg: 95962976.4, Max: 95962976.4, Diff: 0.2]
   [Code Root Fixup: 0.2 ms]
   [Code Root Purge: 0.0 ms]
   [Clear CT: 0.6 ms]
   [Other: 7.2 ms]
      [Choose CSet: 0.0 ms]
      [Ref Proc: 5.1 ms]
      [Ref Enq: 0.0 ms]
      [Redirty Cards: 0.3 ms]
      [Humongous Register: 0.2 ms]
      [Humongous Reclaim: 0.0 ms]
      [Free CSet: 1.2 ms]
   [Eden: 1216.0M(1216.0M)->0.0B(1215.0M) Survivors: 12.0M->13.0M Heap: 1369.3M(2048.0M)->157.6M(2048.0M)]
 [Times: user=0.07 sys=0.00, real=0.02 secs] 
2019-07-10T13:23:25.936+0000: 100856.765: [GC pause (G1 Evacuation Pause) (young), 0.0150813 secs]
   [Parallel Time: 7.4 ms, GC Workers: 8]
      [GC Worker Start (ms): Min: 100856765.5, Avg: 100856765.6, Max: 100856765.7, Diff: 0.2]
      [Ext Root Scanning (ms): Min: 0.7, Avg: 1.0, Max: 2.1, Diff: 1.4, Sum: 8.3]
      [Update RS (ms): Min: 0.0, Avg: 0.7, Max: 1.0, Diff: 1.0, Sum: 5.5]
         [Processed Buffers: Min: 0, Avg: 9.0, Max: 29, Diff: 29, Sum: 72]
      [Scan RS (ms): Min: 0.1, Avg: 0.2, Max: 0.4, Diff: 0.3, Sum: 1.8]
      [Code Root Scanning (ms): Min: 0.0, Avg: 0.1, Max: 0.4, Diff: 0.4, Sum: 1.1]
      [Object Copy (ms): Min: 4.5, Avg: 4.7, Max: 4.9, Diff: 0.4, Sum: 37.8]
      [Termination (ms): Min: 0.1, Avg: 0.1, Max: 0.1, Diff: 0.0, Sum: 0.6]
         [Termination Attempts: Min: 34, Avg: 44.0, Max: 55, Diff: 21, Sum: 352]
      [GC Worker Other (ms): Min: 0.0, Avg: 0.1, Max: 0.1, Diff: 0.1, Sum: 0.7]
      [GC Worker Total (ms): Min: 6.9, Avg: 7.0, Max: 7.1, Diff: 0.3, Sum: 55.9]
      [GC Worker End (ms): Min: 100856772.5, Avg: 100856772.6, Max: 100856772.6, Diff: 0.1]
   [Code Root Fixup: 0.4 ms]
   [Code Root Purge: 0.0 ms]
   [Clear CT: 0.6 ms]
   [Other: 6.7 ms]
      [Choose CSet: 0.0 ms]
      [Ref Proc: 4.7 ms]
      [Ref Enq: 0.0 ms]
      [Redirty Cards: 0.3 ms]
      [Humongous Register: 0.2 ms]
      [Humongous Reclaim: 0.0 ms]
      [Free CSet: 0.9 ms]
   [Eden: 1215.0M(1215.0M)->0.0B(1216.0M) Survivors: 13.0M->12.0M Heap: 1372.6M(2048.0M)->157.3M(2048.0M)]
 [Times: user=0.07 sys=0.00, real=0.02 secs] 
2019-07-10T14:45:05.490+0000: 105756.321: [GC pause (G1 Evacuation Pause) (young), 0.0619988 secs]
   [Parallel Time: 7.8 ms, GC Workers: 8]
      [GC Worker Start (ms): Min: 105756367.0, Avg: 105756367.2, Max: 105756367.5, Diff: 0.5]
      [Ext Root Scanning (ms): Min: 0.4, Avg: 1.3, Max: 2.8, Diff: 2.3, Sum: 10.8]
      [Update RS (ms): Min: 0.0, Avg: 0.6, Max: 1.0, Diff: 1.0, Sum: 4.9]
         [Processed Buffers: Min: 0, Avg: 9.4, Max: 27, Diff: 27, Sum: 75]
      [Scan RS (ms): Min: 0.1, Avg: 0.2, Max: 0.4, Diff: 0.3, Sum: 1.9]
      [Code Root Scanning (ms): Min: 0.0, Avg: 0.1, Max: 0.6, Diff: 0.6, Sum: 1.1]
      [Object Copy (ms): Min: 4.3, Avg: 4.6, Max: 4.8, Diff: 0.6, Sum: 37.1]
      [Termination (ms): Min: 0.1, Avg: 0.1, Max: 0.1, Diff: 0.1, Sum: 0.8]
         [Termination Attempts: Min: 30, Avg: 34.8, Max: 39, Diff: 9, Sum: 278]
      [GC Worker Other (ms): Min: 0.0, Avg: 0.2, Max: 0.5, Diff: 0.5, Sum: 1.4]
      [GC Worker Total (ms): Min: 6.9, Avg: 7.2, Max: 7.6, Diff: 0.7, Sum: 57.9]
      [GC Worker End (ms): Min: 105756374.4, Avg: 105756374.4, Max: 105756374.6, Diff: 0.2]
   [Code Root Fixup: 0.3 ms]
   [Code Root Purge: 0.0 ms]
   [Clear CT: 0.6 ms]
   [Other: 53.3 ms]
      [Choose CSet: 0.0 ms]
      [Ref Proc: 3.9 ms]
      [Ref Enq: 0.0 ms]
      [Redirty Cards: 0.5 ms]
      [Humongous Register: 0.2 ms]
      [Humongous Reclaim: 0.0 ms]
      [Free CSet: 1.0 ms]
   [Eden: 1216.0M(1216.0M)->0.0B(1215.0M) Survivors: 12.0M->13.0M Heap: 1373.3M(2048.0M)->158.6M(2048.0M)]
 [Times: user=0.07 sys=0.00, real=0.07 secs] 
2019-07-10T16:06:46.621+0000: 110657.450: [GC pause (G1 Evacuation Pause) (young), 0.0310798 secs]
   [Parallel Time: 8.3 ms, GC Workers: 8]
      [GC Worker Start (ms): Min: 110657464.4, Avg: 110657464.6, Max: 110657464.7, Diff: 0.3]
      [Ext Root Scanning (ms): Min: 0.7, Avg: 1.1, Max: 2.4, Diff: 1.7, Sum: 8.5]
      [Update RS (ms): Min: 0.0, Avg: 0.8, Max: 1.6, Diff: 1.6, Sum: 6.4]
         [Processed Buffers: Min: 0, Avg: 9.2, Max: 30, Diff: 30, Sum: 74]
      [Scan RS (ms): Min: 0.1, Avg: 0.2, Max: 0.3, Diff: 0.3, Sum: 1.9]
      [Code Root Scanning (ms): Min: 0.0, Avg: 0.2, Max: 0.5, Diff: 0.5, Sum: 1.3]
      [Object Copy (ms): Min: 5.0, Avg: 5.3, Max: 5.6, Diff: 0.7, Sum: 42.2]
      [Termination (ms): Min: 0.1, Avg: 0.2, Max: 0.3, Diff: 0.2, Sum: 1.6]
         [Termination Attempts: Min: 30, Avg: 38.1, Max: 45, Diff: 15, Sum: 305]
      [GC Worker Other (ms): Min: 0.0, Avg: 0.1, Max: 0.3, Diff: 0.2, Sum: 1.2]
      [GC Worker Total (ms): Min: 7.8, Avg: 7.9, Max: 8.0, Diff: 0.1, Sum: 63.1]
      [GC Worker End (ms): Min: 110657472.4, Avg: 110657472.5, Max: 110657472.6, Diff: 0.2]
   [Code Root Fixup: 0.3 ms]
   [Code Root Purge: 0.0 ms]
   [Clear CT: 0.7 ms]
   [Other: 21.7 ms]
      [Choose CSet: 0.0 ms]
      [Ref Proc: 4.7 ms]
      [Ref Enq: 0.1 ms]
      [Redirty Cards: 0.5 ms]
      [Humongous Register: 0.2 ms]
      [Humongous Reclaim: 0.0 ms]
      [Free CSet: 1.9 ms]
   [Eden: 1215.0M(1215.0M)->0.0B(1215.0M) Survivors: 13.0M->13.0M Heap: 1373.6M(2048.0M)->158.2M(2048.0M)]
 [Times: user=0.08 sys=0.00, real=0.05 secs] 
2019-07-10T17:28:31.462+0000: 115562.291: [GC pause (G1 Evacuation Pause) (young), 0.0274241 secs]
   [Parallel Time: 8.3 ms, GC Workers: 8]
      [GC Worker Start (ms): Min: 115562303.5, Avg: 115562303.7, Max: 115562304.4, Diff: 0.9]
      [Ext Root Scanning (ms): Min: 1.1, Avg: 1.6, Max: 3.1, Diff: 1.9, Sum: 12.6]
      [Update RS (ms): Min: 0.0, Avg: 0.6, Max: 1.4, Diff: 1.4, Sum: 4.6]
         [Processed Buffers: Min: 0, Avg: 8.9, Max: 42, Diff: 42, Sum: 71]
      [Scan RS (ms): Min: 0.1, Avg: 0.2, Max: 0.3, Diff: 0.2, Sum: 1.9]
      [Code Root Scanning (ms): Min: 0.0, Avg: 0.1, Max: 0.4, Diff: 0.4, Sum: 1.1]
      [Object Copy (ms): Min: 4.6, Avg: 5.0, Max: 5.3, Diff: 0.7, Sum: 40.3]
      [Termination (ms): Min: 0.1, Avg: 0.1, Max: 0.1, Diff: 0.0, Sum: 0.6]
         [Termination Attempts: Min: 28, Avg: 34.5, Max: 44, Diff: 16, Sum: 276]
      [GC Worker Other (ms): Min: 0.0, Avg: 0.1, Max: 0.2, Diff: 0.1, Sum: 0.9]
      [GC Worker Total (ms): Min: 7.1, Avg: 7.7, Max: 8.0, Diff: 0.9, Sum: 61.9]
      [GC Worker End (ms): Min: 115562311.4, Avg: 115562311.5, Max: 115562311.5, Diff: 0.2]
   [Code Root Fixup: 0.3 ms]
   [Code Root Purge: 0.0 ms]
   [Clear CT: 0.6 ms]
   [Other: 18.3 ms]
      [Choose CSet: 0.0 ms]
      [Ref Proc: 4.2 ms]
      [Ref Enq: 0.0 ms]
      [Redirty Cards: 0.4 ms]
      [Humongous Register: 0.4 ms]
      [Humongous Reclaim: 0.0 ms]
      [Free CSet: 0.9 ms]
   [Eden: 1215.0M(1215.0M)->0.0B(1213.0M) Survivors: 13.0M->15.0M Heap: 1373.2M(2048.0M)->160.3M(2048.0M)]
 [Times: user=0.07 sys=0.00, real=0.03 secs] 
2019-07-10T18:50:42.703+0000: 120493.532: [GC pause (G1 Evacuation Pause) (young), 0.0533814 secs]
   [Parallel Time: 7.4 ms, GC Workers: 8]
      [GC Worker Start (ms): Min: 120493572.2, Avg: 120493572.3, Max: 120493572.4, Diff: 0.3]
      [Ext Root Scanning (ms): Min: 0.6, Avg: 1.0, Max: 2.8, Diff: 2.2, Sum: 8.1]
      [Update RS (ms): Min: 0.0, Avg: 0.5, Max: 0.8, Diff: 0.8, Sum: 4.0]
         [Processed Buffers: Min: 0, Avg: 8.9, Max: 32, Diff: 32, Sum: 71]
      [Scan RS (ms): Min: 0.1, Avg: 0.2, Max: 0.4, Diff: 0.3, Sum: 1.9]
      [Code Root Scanning (ms): Min: 0.0, Avg: 0.1, Max: 0.3, Diff: 0.3, Sum: 1.0]
      [Object Copy (ms): Min: 3.8, Avg: 4.8, Max: 5.1, Diff: 1.3, Sum: 38.3]
      [Termination (ms): Min: 0.1, Avg: 0.1, Max: 0.1, Diff: 0.1, Sum: 0.7]
         [Termination Attempts: Min: 31, Avg: 45.1, Max: 57, Diff: 26, Sum: 361]
      [GC Worker Other (ms): Min: 0.0, Avg: 0.1, Max: 0.2, Diff: 0.2, Sum: 0.9]
      [GC Worker Total (ms): Min: 6.6, Avg: 6.9, Max: 7.0, Diff: 0.4, Sum: 54.8]
      [GC Worker End (ms): Min: 120493579.1, Avg: 120493579.1, Max: 120493579.2, Diff: 0.2]
   [Code Root Fixup: 0.3 ms]
   [Code Root Purge: 0.0 ms]
   [Clear CT: 0.6 ms]
   [Other: 45.1 ms]
      [Choose CSet: 0.0 ms]
      [Ref Proc: 4.1 ms]
      [Ref Enq: 0.0 ms]
      [Redirty Cards: 0.3 ms]
      [Humongous Register: 0.2 ms]
      [Humongous Reclaim: 0.0 ms]
      [Free CSet: 1.0 ms]
   [Eden: 1213.0M(1213.0M)->0.0B(1214.0M) Survivors: 15.0M->14.0M Heap: 1373.3M(2048.0M)->159.8M(2048.0M)]
 [Times: user=0.06 sys=0.00, real=0.06 secs] 
2019-07-10T20:12:09.965+0000: 125380.794: [GC pause (G1 Evacuation Pause) (young), 0.0153806 secs]
   [Parallel Time: 8.3 ms, GC Workers: 8]
      [GC Worker Start (ms): Min: 125380794.4, Avg: 125380794.7, Max: 125380795.1, Diff: 0.7]
      [Ext Root Scanning (ms): Min: 0.0, Avg: 1.1, Max: 3.4, Diff: 3.3, Sum: 8.9]
      [Update RS (ms): Min: 0.0, Avg: 0.8, Max: 1.2, Diff: 1.2, Sum: 6.4]
         [Processed Buffers: Min: 0, Avg: 8.6, Max: 55, Diff: 55, Sum: 69]
      [Scan RS (ms): Min: 0.1, Avg: 0.3, Max: 0.4, Diff: 0.3, Sum: 2.0]
      [Code Root Scanning (ms): Min: 0.0, Avg: 0.1, Max: 0.5, Diff: 0.5, Sum: 1.2]
      [Object Copy (ms): Min: 4.4, Avg: 5.1, Max: 5.4, Diff: 1.0, Sum: 40.7]
      [Termination (ms): Min: 0.1, Avg: 0.1, Max: 0.1, Diff: 0.1, Sum: 0.7]
         [Termination Attempts: Min: 33, Avg: 40.5, Max: 45, Diff: 12, Sum: 324]
      [GC Worker Other (ms): Min: 0.0, Avg: 0.2, Max: 1.2, Diff: 1.2, Sum: 2.0]
      [GC Worker Total (ms): Min: 7.4, Avg: 7.7, Max: 8.1, Diff: 0.7, Sum: 62.0]
      [GC Worker End (ms): Min: 125380802.3, Avg: 125380802.4, Max: 125380802.5, Diff: 0.2]
   [Code Root Fixup: 0.3 ms]
   [Code Root Purge: 0.0 ms]
   [Clear CT: 0.6 ms]
   [Other: 6.2 ms]
      [Choose CSet: 0.0 ms]
      [Ref Proc: 4.1 ms]
      [Ref Enq: 0.0 ms]
      [Redirty Cards: 0.3 ms]
      [Humongous Register: 0.3 ms]
      [Humongous Reclaim: 0.0 ms]
      [Free CSet: 1.0 ms]
   [Eden: 1214.0M(1214.0M)->0.0B(1213.0M) Survivors: 14.0M->15.0M Heap: 1373.8M(2048.0M)->160.4M(2048.0M)]
 [Times: user=0.08 sys=0.00, real=0.13 secs] 
2019-07-10T21:34:12.713+0000: 130303.563: [GC pause (G1 Evacuation Pause) (young), 0.0481541 secs]
   [Parallel Time: 6.9 ms, GC Workers: 8]
      [GC Worker Start (ms): Min: 130303577.0, Avg: 130303577.1, Max: 130303577.3, Diff: 0.3]
      [Ext Root Scanning (ms): Min: 0.6, Avg: 1.0, Max: 2.1, Diff: 1.5, Sum: 7.6]
      [Update RS (ms): Min: 0.0, Avg: 0.5, Max: 1.0, Diff: 1.0, Sum: 4.2]
         [Processed Buffers: Min: 0, Avg: 8.6, Max: 28, Diff: 28, Sum: 69]
      [Scan RS (ms): Min: 0.1, Avg: 0.2, Max: 0.4, Diff: 0.3, Sum: 1.6]
      [Code Root Scanning (ms): Min: 0.0, Avg: 0.1, Max: 0.6, Diff: 0.6, Sum: 1.2]
      [Object Copy (ms): Min: 4.1, Avg: 4.5, Max: 4.7, Diff: 0.5, Sum: 35.8]
      [Termination (ms): Min: 0.1, Avg: 0.1, Max: 0.1, Diff: 0.1, Sum: 0.9]
         [Termination Attempts: Min: 32, Avg: 37.2, Max: 42, Diff: 10, Sum: 298]
      [GC Worker Other (ms): Min: 0.0, Avg: 0.1, Max: 0.1, Diff: 0.1, Sum: 0.7]
      [GC Worker Total (ms): Min: 6.4, Avg: 6.5, Max: 6.7, Diff: 0.3, Sum: 52.0]
      [GC Worker End (ms): Min: 130303583.6, Avg: 130303583.6, Max: 130303583.7, Diff: 0.1]
   [Code Root Fixup: 0.3 ms]
   [Code Root Purge: 0.0 ms]
   [Clear CT: 0.6 ms]
   [Other: 40.3 ms]
      [Choose CSet: 0.0 ms]
      [Ref Proc: 4.0 ms]
      [Ref Enq: 0.0 ms]
      [Redirty Cards: 0.3 ms]
      [Humongous Register: 0.2 ms]
      [Humongous Reclaim: 0.0 ms]
      [Free CSet: 1.0 ms]
   [Eden: 1213.0M(1213.0M)->0.0B(1212.0M) Survivors: 15.0M->16.0M Heap: 1373.4M(2048.0M)->161.5M(2048.0M)]
 [Times: user=0.06 sys=0.00, real=0.05 secs] 
2019-07-10T22:56:30.229+0000: 135241.058: [GC pause (G1 Evacuation Pause) (young), 0.0682390 secs]
   [Parallel Time: 8.4 ms, GC Workers: 8]
      [GC Worker Start (ms): Min: 135241111.8, Avg: 135241112.0, Max: 135241112.2, Diff: 0.4]
      [Ext Root Scanning (ms): Min: 0.6, Avg: 1.2, Max: 3.4, Diff: 2.7, Sum: 9.6]
      [Update RS (ms): Min: 0.0, Avg: 0.6, Max: 1.0, Diff: 1.0, Sum: 4.8]
         [Processed Buffers: Min: 0, Avg: 8.4, Max: 27, Diff: 27, Sum: 67]
      [Scan RS (ms): Min: 0.1, Avg: 0.3, Max: 0.4, Diff: 0.2, Sum: 2.1]
      [Code Root Scanning (ms): Min: 0.0, Avg: 0.2, Max: 0.8, Diff: 0.8, Sum: 1.5]
      [Object Copy (ms): Min: 4.5, Avg: 5.5, Max: 5.9, Diff: 1.4, Sum: 44.3]
      [Termination (ms): Min: 0.1, Avg: 0.1, Max: 0.1, Diff: 0.1, Sum: 0.7]
         [Termination Attempts: Min: 31, Avg: 39.4, Max: 45, Diff: 14, Sum: 315]
      [GC Worker Other (ms): Min: 0.0, Avg: 0.1, Max: 0.2, Diff: 0.2, Sum: 1.0]
      [GC Worker Total (ms): Min: 7.9, Avg: 8.0, Max: 8.2, Diff: 0.3, Sum: 64.0]
      [GC Worker End (ms): Min: 135241119.9, Avg: 135241120.0, Max: 135241120.1, Diff: 0.2]
   [Code Root Fixup: 0.3 ms]
   [Code Root Purge: 0.0 ms]
   [Clear CT: 0.5 ms]
   [Other: 58.9 ms]
      [Choose CSet: 0.0 ms]
      [Ref Proc: 4.1 ms]
      [Ref Enq: 0.0 ms]
      [Redirty Cards: 0.4 ms]
      [Humongous Register: 0.2 ms]
      [Humongous Reclaim: 0.0 ms]
      [Free CSet: 0.9 ms]
   [Eden: 1212.0M(1212.0M)->0.0B(1212.0M) Survivors: 16.0M->16.0M Heap: 1373.5M(2048.0M)->161.7M(2048.0M)]
 [Times: user=0.08 sys=0.00, real=0.08 secs] 
2019-07-11T00:18:04.812+0000: 140135.651: [GC pause (G1 Evacuation Pause) (young), 0.0629141 secs]
   [Parallel Time: 8.5 ms, GC Workers: 8]
      [GC Worker Start (ms): Min: 140135688.5, Avg: 140135688.7, Max: 140135688.9, Diff: 0.4]
      [Ext Root Scanning (ms): Min: 0.7, Avg: 1.1, Max: 2.2, Diff: 1.5, Sum: 8.6]
      [Update RS (ms): Min: 0.0, Avg: 0.7, Max: 1.9, Diff: 1.9, Sum: 5.8]
         [Processed Buffers: Min: 0, Avg: 8.9, Max: 29, Diff: 29, Sum: 71]
      [Scan RS (ms): Min: 0.1, Avg: 0.2, Max: 0.4, Diff: 0.3, Sum: 1.8]
      [Code Root Scanning (ms): Min: 0.0, Avg: 0.1, Max: 0.5, Diff: 0.5, Sum: 1.1]
      [Object Copy (ms): Min: 4.9, Avg: 5.6, Max: 5.8, Diff: 0.9, Sum: 44.5]
      [Termination (ms): Min: 0.1, Avg: 0.1, Max: 0.1, Diff: 0.1, Sum: 0.9]
         [Termination Attempts: Min: 29, Avg: 43.9, Max: 61, Diff: 32, Sum: 351]
      [GC Worker Other (ms): Min: 0.0, Avg: 0.1, Max: 0.3, Diff: 0.2, Sum: 1.1]
      [GC Worker Total (ms): Min: 7.7, Avg: 8.0, Max: 8.2, Diff: 0.5, Sum: 63.8]
      [GC Worker End (ms): Min: 140135696.5, Avg: 140135696.6, Max: 140135696.8, Diff: 0.2]
   [Code Root Fixup: 0.2 ms]
   [Code Root Purge: 0.0 ms]
   [Clear CT: 0.5 ms]
   [Other: 53.7 ms]
      [Choose CSet: 0.0 ms]
      [Ref Proc: 4.4 ms]
      [Ref Enq: 0.0 ms]
      [Redirty Cards: 0.4 ms]
      [Humongous Register: 0.4 ms]
      [Humongous Reclaim: 0.0 ms]
      [Free CSet: 1.0 ms]
   [Eden: 1212.0M(1212.0M)->0.0B(1212.0M) Survivors: 16.0M->16.0M Heap: 1373.7M(2048.0M)->162.4M(2048.0M)]
 [Times: user=0.07 sys=0.00, real=0.07 secs] 
2019-07-11T01:40:04.850+0000: 145055.679: [GC pause (G1 Evacuation Pause) (young), 0.0379831 secs]
   [Parallel Time: 31.1 ms, GC Workers: 8]
      [GC Worker Start (ms): Min: 145055679.6, Avg: 145055679.8, Max: 145055680.2, Diff: 0.6]
      [Ext Root Scanning (ms): Min: 24.5, Avg: 24.9, Max: 25.1, Diff: 0.5, Sum: 198.9]
      [Update RS (ms): Min: 0.1, Avg: 0.4, Max: 0.7, Diff: 0.6, Sum: 3.2]
         [Processed Buffers: Min: 1, Avg: 8.5, Max: 36, Diff: 35, Sum: 68]
      [Scan RS (ms): Min: 0.1, Avg: 0.2, Max: 0.3, Diff: 0.2, Sum: 1.8]
      [Code Root Scanning (ms): Min: 0.0, Avg: 0.1, Max: 0.6, Diff: 0.6, Sum: 1.0]
      [Object Copy (ms): Min: 4.3, Avg: 4.8, Max: 4.9, Diff: 0.6, Sum: 38.1]
      [Termination (ms): Min: 0.1, Avg: 0.1, Max: 0.2, Diff: 0.1, Sum: 1.2]
         [Termination Attempts: Min: 43, Avg: 52.0, Max: 63, Diff: 20, Sum: 416]
      [GC Worker Other (ms): Min: 0.0, Avg: 0.1, Max: 0.2, Diff: 0.2, Sum: 1.0]
      [GC Worker Total (ms): Min: 30.2, Avg: 30.6, Max: 30.9, Diff: 0.7, Sum: 245.1]
      [GC Worker End (ms): Min: 145055710.3, Avg: 145055710.4, Max: 145055710.6, Diff: 0.2]
   [Code Root Fixup: 0.3 ms]
   [Code Root Purge: 0.0 ms]
   [Clear CT: 0.5 ms]
   [Other: 6.0 ms]
      [Choose CSet: 0.0 ms]
      [Ref Proc: 4.1 ms]
      [Ref Enq: 0.0 ms]
      [Redirty Cards: 0.3 ms]
      [Humongous Register: 0.2 ms]
      [Humongous Reclaim: 0.0 ms]
      [Free CSet: 1.0 ms]
   [Eden: 1212.0M(1212.0M)->0.0B(1212.0M) Survivors: 16.0M->16.0M Heap: 1374.4M(2048.0M)->162.8M(2048.0M)]
 [Times: user=0.06 sys=0.00, real=0.05 secs] 
2019-07-11T03:01:41.420+0000: 149952.249: [GC pause (G1 Evacuation Pause) (young), 0.0148613 secs]
   [Parallel Time: 7.9 ms, GC Workers: 8]
      [GC Worker Start (ms): Min: 149952249.5, Avg: 149952249.7, Max: 149952249.8, Diff: 0.3]
      [Ext Root Scanning (ms): Min: 0.5, Avg: 0.9, Max: 2.1, Diff: 1.6, Sum: 6.9]
      [Update RS (ms): Min: 0.0, Avg: 1.1, Max: 6.2, Diff: 6.2, Sum: 8.9]
         [Processed Buffers: Min: 0, Avg: 8.5, Max: 26, Diff: 26, Sum: 68]
      [Scan RS (ms): Min: 0.1, Avg: 0.2, Max: 0.3, Diff: 0.2, Sum: 1.9]
      [Code Root Scanning (ms): Min: 0.0, Avg: 0.1, Max: 0.3, Diff: 0.3, Sum: 0.9]
      [Object Copy (ms): Min: 0.2, Avg: 4.7, Max: 5.6, Diff: 5.4, Sum: 38.0]
      [Termination (ms): Min: 0.0, Avg: 0.3, Max: 0.6, Diff: 0.6, Sum: 2.3]
         [Termination Attempts: Min: 5, Avg: 45.6, Max: 65, Diff: 60, Sum: 365]
      [GC Worker Other (ms): Min: 0.0, Avg: 0.1, Max: 0.2, Diff: 0.2, Sum: 0.9]
      [GC Worker Total (ms): Min: 7.3, Avg: 7.5, Max: 7.7, Diff: 0.4, Sum: 59.7]
      [GC Worker End (ms): Min: 149952257.1, Avg: 149952257.1, Max: 149952257.3, Diff: 0.2]
   [Code Root Fixup: 0.2 ms]
   [Code Root Purge: 0.0 ms]
   [Clear CT: 0.5 ms]
   [Other: 6.2 ms]
      [Choose CSet: 0.0 ms]
      [Ref Proc: 4.2 ms]
      [Ref Enq: 0.0 ms]
      [Redirty Cards: 0.4 ms]
      [Humongous Register: 0.2 ms]
      [Humongous Reclaim: 0.0 ms]
      [Free CSet: 1.0 ms]
   [Eden: 1212.0M(1212.0M)->0.0B(1212.0M) Survivors: 16.0M->16.0M Heap: 1374.8M(2048.0M)->163.6M(2048.0M)]
 [Times: user=0.06 sys=0.00, real=0.03 secs] 
2019-07-11T04:23:32.975+0000: 154863.804: [GC pause (G1 Evacuation Pause) (young), 0.3299919 secs]
   [Parallel Time: 9.3 ms, GC Workers: 8]
      [GC Worker Start (ms): Min: 154864116.6, Avg: 154864116.8, Max: 154864117.7, Diff: 1.1]
      [Ext Root Scanning (ms): Min: 0.0, Avg: 1.0, Max: 2.0, Diff: 2.0, Sum: 7.8]
      [Update RS (ms): Min: 0.0, Avg: 0.7, Max: 1.2, Diff: 1.2, Sum: 5.7]
         [Processed Buffers: Min: 0, Avg: 9.0, Max: 22, Diff: 22, Sum: 72]
      [Scan RS (ms): Min: 0.1, Avg: 0.3, Max: 0.3, Diff: 0.2, Sum: 2.1]
      [Code Root Scanning (ms): Min: 0.0, Avg: 0.1, Max: 0.3, Diff: 0.3, Sum: 1.0]
      [Object Copy (ms): Min: 5.8, Avg: 6.1, Max: 6.3, Diff: 0.5, Sum: 48.6]
      [Termination (ms): Min: 0.1, Avg: 0.3, Max: 0.4, Diff: 0.2, Sum: 2.4]
         [Termination Attempts: Min: 34, Avg: 40.8, Max: 51, Diff: 17, Sum: 326]
      [GC Worker Other (ms): Min: 0.0, Avg: 0.2, Max: 0.4, Diff: 0.4, Sum: 1.4]
      [GC Worker Total (ms): Min: 7.9, Avg: 8.6, Max: 9.1, Diff: 1.2, Sum: 68.9]
      [GC Worker End (ms): Min: 154864125.3, Avg: 154864125.4, Max: 154864125.6, Diff: 0.4]
   [Code Root Fixup: 0.3 ms]
   [Code Root Purge: 0.0 ms]
   [Clear CT: 0.4 ms]
   [Other: 320.0 ms]
      [Choose CSet: 0.0 ms]
      [Ref Proc: 4.5 ms]
      [Ref Enq: 0.0 ms]
      [Redirty Cards: 1.7 ms]
      [Humongous Register: 0.4 ms]
      [Humongous Reclaim: 0.0 ms]
      [Free CSet: 1.4 ms]
   [Eden: 1212.0M(1212.0M)->0.0B(1211.0M) Survivors: 16.0M->17.0M Heap: 1375.6M(2048.0M)->165.5M(2048.0M)]
 [Times: user=0.09 sys=0.00, real=0.36 secs] 
2019-07-11T05:45:42.118+0000: 159792.947: [GC pause (G1 Evacuation Pause) (young), 0.0175298 secs]
   [Parallel Time: 9.0 ms, GC Workers: 8]
      [GC Worker Start (ms): Min: 159792947.6, Avg: 159792947.7, Max: 159792947.9, Diff: 0.3]
      [Ext Root Scanning (ms): Min: 0.7, Avg: 1.2, Max: 2.2, Diff: 1.5, Sum: 9.6]
      [Update RS (ms): Min: 0.0, Avg: 1.1, Max: 5.2, Diff: 5.2, Sum: 8.8]
         [Processed Buffers: Min: 0, Avg: 8.8, Max: 38, Diff: 38, Sum: 70]
      [Scan RS (ms): Min: 0.1, Avg: 0.2, Max: 0.3, Diff: 0.2, Sum: 2.0]
      [Code Root Scanning (ms): Min: 0.0, Avg: 0.1, Max: 0.3, Diff: 0.3, Sum: 0.6]
      [Object Copy (ms): Min: 1.8, Avg: 5.5, Max: 6.1, Diff: 4.3, Sum: 43.6]
      [Termination (ms): Min: 0.1, Avg: 0.1, Max: 0.1, Diff: 0.1, Sum: 0.8]
         [Termination Attempts: Min: 33, Avg: 40.0, Max: 45, Diff: 12, Sum: 320]
      [GC Worker Other (ms): Min: 0.0, Avg: 0.2, Max: 0.4, Diff: 0.3, Sum: 1.2]
      [GC Worker Total (ms): Min: 8.1, Avg: 8.3, Max: 8.7, Diff: 0.6, Sum: 66.6]
      [GC Worker End (ms): Min: 159792955.9, Avg: 159792956.0, Max: 159792956.2, Diff: 0.3]
   [Code Root Fixup: 0.2 ms]
   [Code Root Purge: 0.0 ms]
   [Clear CT: 1.2 ms]
   [Other: 7.0 ms]
      [Choose CSet: 0.0 ms]
      [Ref Proc: 4.8 ms]
      [Ref Enq: 0.0 ms]
      [Redirty Cards: 0.4 ms]
      [Humongous Register: 0.2 ms]
      [Humongous Reclaim: 0.0 ms]
      [Free CSet: 1.2 ms]
   [Eden: 1211.0M(1211.0M)->0.0B(1211.0M) Survivors: 17.0M->17.0M Heap: 1376.5M(2048.0M)->166.5M(2048.0M)]
 [Times: user=0.07 sys=0.00, real=0.03 secs] 
2019-07-11T07:07:24.470+0000: 164695.299: [GC pause (G1 Evacuation Pause) (young), 0.0163747 secs]
   [Parallel Time: 8.3 ms, GC Workers: 8]
      [GC Worker Start (ms): Min: 164695299.7, Avg: 164695299.8, Max: 164695300.1, Diff: 0.4]
      [Ext Root Scanning (ms): Min: 0.6, Avg: 1.2, Max: 2.4, Diff: 1.8, Sum: 9.5]
      [Update RS (ms): Min: 0.0, Avg: 0.5, Max: 0.8, Diff: 0.8, Sum: 4.2]
         [Processed Buffers: Min: 0, Avg: 7.9, Max: 43, Diff: 43, Sum: 63]
      [Scan RS (ms): Min: 0.1, Avg: 0.2, Max: 0.3, Diff: 0.2, Sum: 1.7]
      [Code Root Scanning (ms): Min: 0.0, Avg: 0.0, Max: 0.1, Diff: 0.1, Sum: 0.4]
      [Object Copy (ms): Min: 5.0, Avg: 5.4, Max: 5.6, Diff: 0.6, Sum: 43.3]
      [Termination (ms): Min: 0.2, Avg: 0.3, Max: 0.4, Diff: 0.1, Sum: 2.6]
         [Termination Attempts: Min: 38, Avg: 47.8, Max: 58, Diff: 20, Sum: 382]
      [GC Worker Other (ms): Min: 0.0, Avg: 0.1, Max: 0.2, Diff: 0.2, Sum: 1.1]
      [GC Worker Total (ms): Min: 7.7, Avg: 7.9, Max: 8.1, Diff: 0.4, Sum: 62.8]
      [GC Worker End (ms): Min: 164695307.6, Avg: 164695307.7, Max: 164695307.8, Diff: 0.2]
   [Code Root Fixup: 0.1 ms]
   [Code Root Purge: 0.0 ms]
   [Clear CT: 0.7 ms]
   [Other: 7.3 ms]
      [Choose CSet: 0.0 ms]
      [Ref Proc: 4.9 ms]
      [Ref Enq: 0.0 ms]
      [Redirty Cards: 0.5 ms]
      [Humongous Register: 0.2 ms]
      [Humongous Reclaim: 0.0 ms]
      [Free CSet: 1.1 ms]
   [Eden: 1211.0M(1211.0M)->0.0B(1211.0M) Survivors: 17.0M->17.0M Heap: 1377.5M(2048.0M)->167.2M(2048.0M)]
 [Times: user=0.07 sys=0.00, real=0.02 secs] 
2019-07-11T08:29:15.630+0000: 169606.459: [GC pause (G1 Evacuation Pause) (young), 0.0381653 secs]
   [Parallel Time: 14.0 ms, GC Workers: 8]
      [GC Worker Start (ms): Min: 169606459.4, Avg: 169606460.4, Max: 169606465.3, Diff: 5.9]
      [Ext Root Scanning (ms): Min: 0.0, Avg: 1.0, Max: 2.7, Diff: 2.7, Sum: 8.2]
      [Update RS (ms): Min: 0.0, Avg: 1.2, Max: 5.4, Diff: 5.4, Sum: 10.0]
         [Processed Buffers: Min: 0, Avg: 8.0, Max: 40, Diff: 40, Sum: 64]
      [Scan RS (ms): Min: 0.1, Avg: 0.2, Max: 0.4, Diff: 0.4, Sum: 2.0]
      [Code Root Scanning (ms): Min: 0.0, Avg: 0.1, Max: 0.2, Diff: 0.2, Sum: 0.5]
      [Object Copy (ms): Min: 3.2, Avg: 6.3, Max: 8.2, Diff: 5.0, Sum: 50.3]
      [Termination (ms): Min: 0.0, Avg: 1.1, Max: 5.1, Diff: 5.1, Sum: 8.7]
         [Termination Attempts: Min: 1, Avg: 32.2, Max: 51, Diff: 50, Sum: 258]
      [GC Worker Other (ms): Min: 0.0, Avg: 0.0, Max: 0.1, Diff: 0.1, Sum: 0.3]
      [GC Worker Total (ms): Min: 5.2, Avg: 10.0, Max: 11.1, Diff: 5.9, Sum: 79.9]
      [GC Worker End (ms): Min: 169606470.4, Avg: 169606470.4, Max: 169606470.5, Diff: 0.0]
   [Code Root Fixup: 0.2 ms]
   [Code Root Purge: 0.0 ms]
   [Clear CT: 1.3 ms]
   [Other: 22.6 ms]
      [Choose CSet: 0.0 ms]
      [Ref Proc: 19.3 ms]
      [Ref Enq: 0.1 ms]
      [Redirty Cards: 0.6 ms]
      [Humongous Register: 0.1 ms]
      [Humongous Reclaim: 0.0 ms]
      [Free CSet: 1.5 ms]
   [Eden: 1211.0M(1211.0M)->0.0B(1212.0M) Survivors: 17.0M->16.0M Heap: 1378.2M(2048.0M)->166.5M(2048.0M)]
 [Times: user=0.11 sys=0.00, real=0.04 secs] 
2019-07-11T09:51:30.602+0000: 174541.431: [GC pause (G1 Evacuation Pause) (young), 0.0261721 secs]
   [Parallel Time: 8.0 ms, GC Workers: 8]
      [GC Worker Start (ms): Min: 174541442.4, Avg: 174541442.8, Max: 174541443.0, Diff: 0.6]
      [Ext Root Scanning (ms): Min: 1.1, Avg: 1.5, Max: 3.3, Diff: 2.2, Sum: 12.1]
      [Update RS (ms): Min: 0.0, Avg: 0.5, Max: 1.0, Diff: 1.0, Sum: 4.3]
         [Processed Buffers: Min: 0, Avg: 8.5, Max: 39, Diff: 39, Sum: 68]
      [Scan RS (ms): Min: 0.1, Avg: 0.2, Max: 0.3, Diff: 0.2, Sum: 1.8]
      [Code Root Scanning (ms): Min: 0.0, Avg: 0.0, Max: 0.1, Diff: 0.1, Sum: 0.2]
      [Object Copy (ms): Min: 4.2, Avg: 4.9, Max: 5.0, Diff: 0.8, Sum: 39.0]
      [Termination (ms): Min: 0.1, Avg: 0.1, Max: 0.1, Diff: 0.0, Sum: 0.6]
         [Termination Attempts: Min: 39, Avg: 47.0, Max: 55, Diff: 16, Sum: 376]
      [GC Worker Other (ms): Min: 0.0, Avg: 0.1, Max: 0.5, Diff: 0.4, Sum: 1.2]
      [GC Worker Total (ms): Min: 7.2, Avg: 7.4, Max: 7.8, Diff: 0.6, Sum: 59.2]
      [GC Worker End (ms): Min: 174541450.1, Avg: 174541450.2, Max: 174541450.3, Diff: 0.1]
   [Code Root Fixup: 0.1 ms]
   [Code Root Purge: 0.0 ms]
   [Clear CT: 0.5 ms]
   [Other: 17.5 ms]
      [Choose CSet: 0.0 ms]
      [Ref Proc: 4.1 ms]
      [Ref Enq: 0.0 ms]
      [Redirty Cards: 0.7 ms]
      [Humongous Register: 0.3 ms]
      [Humongous Reclaim: 0.0 ms]
      [Free CSet: 1.0 ms]
   [Eden: 1212.0M(1212.0M)->0.0B(1212.0M) Survivors: 16.0M->16.0M Heap: 1378.5M(2048.0M)->167.6M(2048.0M)]
 [Times: user=0.07 sys=0.00, real=0.04 secs] 
2019-07-11T11:13:10.601+0000: 179441.430: [GC pause (G1 Evacuation Pause) (young), 0.0151724 secs]
   [Parallel Time: 7.5 ms, GC Workers: 8]
      [GC Worker Start (ms): Min: 179441430.8, Avg: 179441431.0, Max: 179441431.2, Diff: 0.4]
      [Ext Root Scanning (ms): Min: 0.6, Avg: 1.0, Max: 2.0, Diff: 1.4, Sum: 8.2]
      [Update RS (ms): Min: 0.0, Avg: 0.6, Max: 1.0, Diff: 1.0, Sum: 4.5]
         [Processed Buffers: Min: 0, Avg: 8.4, Max: 34, Diff: 34, Sum: 67]
      [Scan RS (ms): Min: 0.1, Avg: 0.2, Max: 0.4, Diff: 0.3, Sum: 1.7]
      [Code Root Scanning (ms): Min: 0.0, Avg: 0.0, Max: 0.1, Diff: 0.1, Sum: 0.2]
      [Object Copy (ms): Min: 4.8, Avg: 5.0, Max: 5.1, Diff: 0.3, Sum: 40.0]
      [Termination (ms): Min: 0.1, Avg: 0.1, Max: 0.1, Diff: 0.0, Sum: 0.6]
         [Termination Attempts: Min: 31, Avg: 38.9, Max: 46, Diff: 15, Sum: 311]
      [GC Worker Other (ms): Min: 0.0, Avg: 0.1, Max: 0.2, Diff: 0.2, Sum: 0.9]
      [GC Worker Total (ms): Min: 6.7, Avg: 7.0, Max: 7.3, Diff: 0.6, Sum: 56.1]
      [GC Worker End (ms): Min: 179441437.9, Avg: 179441438.0, Max: 179441438.1, Diff: 0.2]
   [Code Root Fixup: 0.1 ms]
   [Code Root Purge: 0.0 ms]
   [Clear CT: 0.6 ms]
   [Other: 6.9 ms]
      [Choose CSet: 0.0 ms]
      [Ref Proc: 4.9 ms]
      [Ref Enq: 0.0 ms]
      [Redirty Cards: 0.3 ms]
      [Humongous Register: 0.2 ms]
      [Humongous Reclaim: 0.0 ms]
      [Free CSet: 1.1 ms]
   [Eden: 1212.0M(1212.0M)->0.0B(1212.0M) Survivors: 16.0M->16.0M Heap: 1379.6M(2048.0M)->168.4M(2048.0M)]
 [Times: user=0.07 sys=0.00, real=0.01 secs] 
2019-07-11T12:35:06.522+0000: 184357.351: [GC pause (G1 Evacuation Pause) (young), 0.0152740 secs]
   [Parallel Time: 8.5 ms, GC Workers: 8]
      [GC Worker Start (ms): Min: 184357351.5, Avg: 184357351.8, Max: 184357352.1, Diff: 0.6]
      [Ext Root Scanning (ms): Min: 0.8, Avg: 1.9, Max: 3.4, Diff: 2.6, Sum: 15.1]
      [Update RS (ms): Min: 0.0, Avg: 0.6, Max: 1.0, Diff: 1.0, Sum: 4.4]
         [Processed Buffers: Min: 0, Avg: 8.6, Max: 33, Diff: 33, Sum: 69]
      [Scan RS (ms): Min: 0.1, Avg: 0.2, Max: 0.3, Diff: 0.2, Sum: 1.7]
      [Code Root Scanning (ms): Min: 0.0, Avg: 0.0, Max: 0.1, Diff: 0.1, Sum: 0.2]
      [Object Copy (ms): Min: 4.5, Avg: 5.0, Max: 6.3, Diff: 1.8, Sum: 40.2]
      [Termination (ms): Min: 0.1, Avg: 0.1, Max: 0.1, Diff: 0.1, Sum: 1.0]
         [Termination Attempts: Min: 42, Avg: 46.0, Max: 53, Diff: 11, Sum: 368]
      [GC Worker Other (ms): Min: 0.0, Avg: 0.1, Max: 0.2, Diff: 0.1, Sum: 0.7]
      [GC Worker Total (ms): Min: 7.6, Avg: 7.9, Max: 8.2, Diff: 0.6, Sum: 63.3]
      [GC Worker End (ms): Min: 184357359.7, Avg: 184357359.7, Max: 184357359.8, Diff: 0.1]
   [Code Root Fixup: 0.1 ms]
   [Code Root Purge: 0.0 ms]
   [Clear CT: 0.5 ms]
   [Other: 6.1 ms]
      [Choose CSet: 0.0 ms]
      [Ref Proc: 4.2 ms]
      [Ref Enq: 0.0 ms]
      [Redirty Cards: 0.3 ms]
      [Humongous Register: 0.2 ms]
      [Humongous Reclaim: 0.0 ms]
      [Free CSet: 1.0 ms]
   [Eden: 1212.0M(1212.0M)->0.0B(1212.0M) Survivors: 16.0M->16.0M Heap: 1380.4M(2048.0M)->168.6M(2048.0M)]
 [Times: user=0.07 sys=0.00, real=0.01 secs] 
2019-07-11T13:57:06.659+0000: 189277.488: [GC pause (G1 Evacuation Pause) (young), 0.0157828 secs]
   [Parallel Time: 6.9 ms, GC Workers: 8]
      [GC Worker Start (ms): Min: 189277488.4, Avg: 189277488.5, Max: 189277488.6, Diff: 0.2]
      [Ext Root Scanning (ms): Min: 0.6, Avg: 0.9, Max: 2.0, Diff: 1.5, Sum: 7.0]
      [Update RS (ms): Min: 0.0, Avg: 0.5, Max: 0.6, Diff: 0.6, Sum: 4.1]
         [Processed Buffers: Min: 0, Avg: 8.8, Max: 53, Diff: 53, Sum: 70]
      [Scan RS (ms): Min: 0.1, Avg: 0.2, Max: 0.3, Diff: 0.2, Sum: 1.9]
      [Code Root Scanning (ms): Min: 0.0, Avg: 0.0, Max: 0.1, Diff: 0.1, Sum: 0.2]
      [Object Copy (ms): Min: 4.3, Avg: 4.7, Max: 4.9, Diff: 0.7, Sum: 37.8]
      [Termination (ms): Min: 0.0, Avg: 0.2, Max: 0.3, Diff: 0.3, Sum: 1.3]
         [Termination Attempts: Min: 26, Avg: 30.8, Max: 41, Diff: 15, Sum: 246]
      [GC Worker Other (ms): Min: 0.0, Avg: 0.1, Max: 0.2, Diff: 0.1, Sum: 0.7]
      [GC Worker Total (ms): Min: 6.5, Avg: 6.6, Max: 6.8, Diff: 0.3, Sum: 53.0]
      [GC Worker End (ms): Min: 189277495.1, Avg: 189277495.2, Max: 189277495.2, Diff: 0.1]
   [Code Root Fixup: 0.1 ms]
   [Code Root Purge: 0.0 ms]
   [Clear CT: 0.3 ms]
   [Other: 8.4 ms]
      [Choose CSet: 0.0 ms]
      [Ref Proc: 6.0 ms]
      [Ref Enq: 0.1 ms]
      [Redirty Cards: 0.4 ms]
      [Humongous Register: 0.3 ms]
      [Humongous Reclaim: 0.0 ms]
      [Free CSet: 1.3 ms]
   [Eden: 1212.0M(1212.0M)->0.0B(1211.0M) Survivors: 16.0M->17.0M Heap: 1380.6M(2048.0M)->170.7M(2048.0M)]
 [Times: user=0.06 sys=0.00, real=0.02 secs] 
2019-07-11T15:18:50.985+0000: 194181.814: [GC pause (G1 Evacuation Pause) (young), 0.0160083 secs]
   [Parallel Time: 9.3 ms, GC Workers: 8]
      [GC Worker Start (ms): Min: 194181814.7, Avg: 194181814.9, Max: 194181815.2, Diff: 0.5]
      [Ext Root Scanning (ms): Min: 0.8, Avg: 1.2, Max: 3.0, Diff: 2.2, Sum: 9.9]
      [Update RS (ms): Min: 0.0, Avg: 0.8, Max: 1.2, Diff: 1.2, Sum: 6.6]
         [Processed Buffers: Min: 0, Avg: 8.4, Max: 52, Diff: 52, Sum: 67]
      [Scan RS (ms): Min: 0.1, Avg: 0.3, Max: 0.4, Diff: 0.3, Sum: 2.4]
      [Code Root Scanning (ms): Min: 0.0, Avg: 0.0, Max: 0.1, Diff: 0.1, Sum: 0.3]
      [Object Copy (ms): Min: 5.8, Avg: 6.2, Max: 6.4, Diff: 0.6, Sum: 49.6]
      [Termination (ms): Min: 0.0, Avg: 0.0, Max: 0.1, Diff: 0.0, Sum: 0.4]
         [Termination Attempts: Min: 36, Avg: 40.1, Max: 44, Diff: 8, Sum: 321]
      [GC Worker Other (ms): Min: 0.0, Avg: 0.1, Max: 0.2, Diff: 0.1, Sum: 0.9]
      [GC Worker Total (ms): Min: 8.6, Avg: 8.8, Max: 9.1, Diff: 0.5, Sum: 70.1]
      [GC Worker End (ms): Min: 194181823.6, Avg: 194181823.7, Max: 194181823.8, Diff: 0.1]
   [Code Root Fixup: 0.1 ms]
   [Code Root Purge: 0.0 ms]
   [Clear CT: 0.6 ms]
   [Other: 6.1 ms]
      [Choose CSet: 0.0 ms]
      [Ref Proc: 4.0 ms]
      [Ref Enq: 0.0 ms]
      [Redirty Cards: 0.3 ms]
      [Humongous Register: 0.2 ms]
      [Humongous Reclaim: 0.0 ms]
      [Free CSet: 1.0 ms]
   [Eden: 1211.0M(1211.0M)->0.0B(1211.0M) Survivors: 17.0M->17.0M Heap: 1381.7M(2048.0M)->170.8M(2048.0M)]
 [Times: user=0.08 sys=0.00, real=0.01 secs] 
2019-07-11T16:40:15.832+0000: 199066.661: [GC pause (G1 Evacuation Pause) (young), 0.0159257 secs]
   [Parallel Time: 9.1 ms, GC Workers: 8]
      [GC Worker Start (ms): Min: 199066661.8, Avg: 199066662.2, Max: 199066662.8, Diff: 1.0]
      [Ext Root Scanning (ms): Min: 0.1, Avg: 1.0, Max: 2.8, Diff: 2.6, Sum: 7.8]
      [Update RS (ms): Min: 0.0, Avg: 0.8, Max: 1.0, Diff: 1.0, Sum: 6.1]
         [Processed Buffers: Min: 0, Avg: 9.2, Max: 25, Diff: 25, Sum: 74]
      [Scan RS (ms): Min: 0.1, Avg: 0.3, Max: 0.4, Diff: 0.3, Sum: 2.3]
      [Code Root Scanning (ms): Min: 0.0, Avg: 0.0, Max: 0.1, Diff: 0.1, Sum: 0.3]
      [Object Copy (ms): Min: 5.8, Avg: 6.2, Max: 6.4, Diff: 0.6, Sum: 49.5]
      [Termination (ms): Min: 0.1, Avg: 0.1, Max: 0.1, Diff: 0.0, Sum: 0.7]
         [Termination Attempts: Min: 34, Avg: 39.8, Max: 46, Diff: 12, Sum: 318]
      [GC Worker Other (ms): Min: 0.0, Avg: 0.2, Max: 0.3, Diff: 0.2, Sum: 1.2]
      [GC Worker Total (ms): Min: 7.8, Avg: 8.5, Max: 8.9, Diff: 1.1, Sum: 67.9]
      [GC Worker End (ms): Min: 199066670.6, Avg: 199066670.7, Max: 199066670.8, Diff: 0.2]
   [Code Root Fixup: 0.1 ms]
   [Code Root Purge: 0.0 ms]
   [Clear CT: 0.5 ms]
   [Other: 6.1 ms]
      [Choose CSet: 0.0 ms]
      [Ref Proc: 4.3 ms]
      [Ref Enq: 0.0 ms]
      [Redirty Cards: 0.3 ms]
      [Humongous Register: 0.2 ms]
      [Humongous Reclaim: 0.0 ms]
      [Free CSet: 1.0 ms]
   [Eden: 1211.0M(1211.0M)->0.0B(1211.0M) Survivors: 17.0M->17.0M Heap: 1381.8M(2048.0M)->171.3M(2048.0M)]
 [Times: user=0.08 sys=0.00, real=0.01 secs] 
2019-07-11T18:02:16.957+0000: 203987.786: [GC pause (G1 Evacuation Pause) (young), 0.0161379 secs]
   [Parallel Time: 9.2 ms, GC Workers: 8]
      [GC Worker Start (ms): Min: 203987787.0, Avg: 203987787.2, Max: 203987787.4, Diff: 0.4]
      [Ext Root Scanning (ms): Min: 0.7, Avg: 1.1, Max: 2.8, Diff: 2.1, Sum: 9.0]
      [Update RS (ms): Min: 0.0, Avg: 0.8, Max: 1.4, Diff: 1.4, Sum: 6.5]
         [Processed Buffers: Min: 0, Avg: 8.5, Max: 39, Diff: 39, Sum: 68]
      [Scan RS (ms): Min: 0.1, Avg: 0.3, Max: 0.4, Diff: 0.3, Sum: 2.2]
      [Code Root Scanning (ms): Min: 0.0, Avg: 0.0, Max: 0.1, Diff: 0.1, Sum: 0.2]
      [Object Copy (ms): Min: 5.7, Avg: 6.2, Max: 6.4, Diff: 0.7, Sum: 49.9]
      [Termination (ms): Min: 0.1, Avg: 0.1, Max: 0.1, Diff: 0.0, Sum: 0.6]
         [Termination Attempts: Min: 39, Avg: 46.6, Max: 54, Diff: 15, Sum: 373]
      [GC Worker Other (ms): Min: 0.0, Avg: 0.1, Max: 0.2, Diff: 0.2, Sum: 0.8]
      [GC Worker Total (ms): Min: 8.4, Avg: 8.7, Max: 9.0, Diff: 0.5, Sum: 69.4]
      [GC Worker End (ms): Min: 203987795.8, Avg: 203987795.9, Max: 203987796.0, Diff: 0.2]
   [Code Root Fixup: 0.1 ms]
   [Code Root Purge: 0.0 ms]
   [Clear CT: 0.7 ms]
   [Other: 6.2 ms]
      [Choose CSet: 0.0 ms]
      [Ref Proc: 4.1 ms]
      [Ref Enq: 0.0 ms]
      [Redirty Cards: 0.3 ms]
      [Humongous Register: 0.3 ms]
      [Humongous Reclaim: 0.0 ms]
      [Free CSet: 1.0 ms]
   [Eden: 1211.0M(1211.0M)->0.0B(1210.0M) Survivors: 17.0M->18.0M Heap: 1382.3M(2048.0M)->172.9M(2048.0M)]
 [Times: user=0.08 sys=0.00, real=0.02 secs] 
2019-07-11T19:23:59.773+0000: 208890.602: [GC pause (G1 Evacuation Pause) (young), 0.0140760 secs]
   [Parallel Time: 7.4 ms, GC Workers: 8]
      [GC Worker Start (ms): Min: 208890602.3, Avg: 208890602.5, Max: 208890602.6, Diff: 0.3]
      [Ext Root Scanning (ms): Min: 0.6, Avg: 1.0, Max: 2.4, Diff: 1.8, Sum: 7.9]
      [Update RS (ms): Min: 0.0, Avg: 0.6, Max: 0.9, Diff: 0.9, Sum: 4.8]
         [Processed Buffers: Min: 0, Avg: 8.6, Max: 23, Diff: 23, Sum: 69]
      [Scan RS (ms): Min: 0.1, Avg: 0.2, Max: 0.3, Diff: 0.2, Sum: 1.9]
      [Code Root Scanning (ms): Min: 0.0, Avg: 0.0, Max: 0.1, Diff: 0.1, Sum: 0.1]
      [Object Copy (ms): Min: 4.6, Avg: 5.0, Max: 5.1, Diff: 0.6, Sum: 40.1]
      [Termination (ms): Min: 0.1, Avg: 0.1, Max: 0.1, Diff: 0.0, Sum: 0.6]
         [Termination Attempts: Min: 33, Avg: 37.5, Max: 47, Diff: 14, Sum: 300]
      [GC Worker Other (ms): Min: 0.0, Avg: 0.1, Max: 0.2, Diff: 0.1, Sum: 0.7]
      [GC Worker Total (ms): Min: 6.9, Avg: 7.0, Max: 7.2, Diff: 0.3, Sum: 56.1]
      [GC Worker End (ms): Min: 208890609.4, Avg: 208890609.5, Max: 208890609.6, Diff: 0.1]
   [Code Root Fixup: 0.1 ms]
   [Code Root Purge: 0.0 ms]
   [Clear CT: 0.6 ms]
   [Other: 6.0 ms]
      [Choose CSet: 0.0 ms]
      [Ref Proc: 4.1 ms]
      [Ref Enq: 0.0 ms]
      [Redirty Cards: 0.3 ms]
      [Humongous Register: 0.2 ms]
      [Humongous Reclaim: 0.0 ms]
      [Free CSet: 1.0 ms]
   [Eden: 1210.0M(1210.0M)->0.0B(1212.0M) Survivors: 18.0M->16.0M Heap: 1382.9M(2048.0M)->171.9M(2048.0M)]
 [Times: user=0.06 sys=0.00, real=0.01 secs] 
2019-07-11T20:46:12.048+0000: 213822.878: [GC pause (G1 Evacuation Pause) (young), 0.0143627 secs]
   [Parallel Time: 7.6 ms, GC Workers: 8]
      [GC Worker Start (ms): Min: 213822878.1, Avg: 213822878.3, Max: 213822878.7, Diff: 0.6]
      [Ext Root Scanning (ms): Min: 0.5, Avg: 1.1, Max: 2.2, Diff: 1.7, Sum: 8.6]
      [Update RS (ms): Min: 0.0, Avg: 0.7, Max: 0.9, Diff: 0.9, Sum: 5.4]
         [Processed Buffers: Min: 0, Avg: 9.0, Max: 27, Diff: 27, Sum: 72]
      [Scan RS (ms): Min: 0.1, Avg: 0.2, Max: 0.3, Diff: 0.2, Sum: 1.9]
      [Code Root Scanning (ms): Min: 0.0, Avg: 0.0, Max: 0.0, Diff: 0.0, Sum: 0.1]
      [Object Copy (ms): Min: 4.9, Avg: 5.0, Max: 5.1, Diff: 0.2, Sum: 40.1]
      [Termination (ms): Min: 0.1, Avg: 0.1, Max: 0.1, Diff: 0.0, Sum: 0.7]
         [Termination Attempts: Min: 28, Avg: 39.1, Max: 49, Diff: 21, Sum: 313]
      [GC Worker Other (ms): Min: 0.0, Avg: 0.1, Max: 0.2, Diff: 0.2, Sum: 0.8]
      [GC Worker Total (ms): Min: 6.8, Avg: 7.2, Max: 7.4, Diff: 0.6, Sum: 57.7]
      [GC Worker End (ms): Min: 213822885.4, Avg: 213822885.5, Max: 213822885.6, Diff: 0.2]
   [Code Root Fixup: 0.1 ms]
   [Code Root Purge: 0.0 ms]
   [Clear CT: 0.7 ms]
   [Other: 6.0 ms]
      [Choose CSet: 0.0 ms]
      [Ref Proc: 4.0 ms]
      [Ref Enq: 0.0 ms]
      [Redirty Cards: 0.3 ms]
      [Humongous Register: 0.2 ms]
      [Humongous Reclaim: 0.0 ms]
      [Free CSet: 1.0 ms]
   [Eden: 1212.0M(1212.0M)->0.0B(1211.0M) Survivors: 16.0M->17.0M Heap: 1383.9M(2048.0M)->173.1M(2048.0M)]
 [Times: user=0.07 sys=0.00, real=0.02 secs] 
2019-07-11T22:07:54.341+0000: 218725.171: [GC pause (G1 Evacuation Pause) (young), 0.0196043 secs]
   [Parallel Time: 11.2 ms, GC Workers: 8]
      [GC Worker Start (ms): Min: 218725171.1, Avg: 218725171.3, Max: 218725171.5, Diff: 0.4]
      [Ext Root Scanning (ms): Min: 1.0, Avg: 1.5, Max: 3.4, Diff: 2.4, Sum: 11.8]
      [Update RS (ms): Min: 0.0, Avg: 0.9, Max: 1.2, Diff: 1.2, Sum: 7.4]
         [Processed Buffers: Min: 0, Avg: 8.5, Max: 29, Diff: 29, Sum: 68]
      [Scan RS (ms): Min: 0.2, Avg: 0.3, Max: 0.5, Diff: 0.3, Sum: 2.7]
      [Code Root Scanning (ms): Min: 0.0, Avg: 0.0, Max: 0.1, Diff: 0.1, Sum: 0.1]
      [Object Copy (ms): Min: 6.9, Avg: 7.5, Max: 7.7, Diff: 0.8, Sum: 60.1]
      [Termination (ms): Min: 0.1, Avg: 0.2, Max: 0.3, Diff: 0.2, Sum: 1.5]
         [Termination Attempts: Min: 28, Avg: 37.9, Max: 45, Diff: 17, Sum: 303]
      [GC Worker Other (ms): Min: 0.0, Avg: 0.2, Max: 0.3, Diff: 0.3, Sum: 1.2]
      [GC Worker Total (ms): Min: 10.5, Avg: 10.6, Max: 10.9, Diff: 0.4, Sum: 84.8]
      [GC Worker End (ms): Min: 218725181.8, Avg: 218725181.9, Max: 218725182.1, Diff: 0.3]
   [Code Root Fixup: 0.2 ms]
   [Code Root Purge: 0.0 ms]
   [Clear CT: 0.8 ms]
   [Other: 7.3 ms]
      [Choose CSet: 0.0 ms]
      [Ref Proc: 4.9 ms]
      [Ref Enq: 0.0 ms]
      [Redirty Cards: 0.3 ms]
      [Humongous Register: 0.2 ms]
      [Humongous Reclaim: 0.0 ms]
      [Free CSet: 1.4 ms]
   [Eden: 1211.0M(1211.0M)->0.0B(1212.0M) Survivors: 17.0M->16.0M Heap: 1384.1M(2048.0M)->173.3M(2048.0M)]
 [Times: user=0.09 sys=0.00, real=0.02 secs] 
2019-07-11T23:29:51.555+0000: 223642.384: [GC pause (G1 Evacuation Pause) (young), 0.0168616 secs]
   [Parallel Time: 9.3 ms, GC Workers: 8]
      [GC Worker Start (ms): Min: 223642384.6, Avg: 223642384.9, Max: 223642385.8, Diff: 1.2]
      [Ext Root Scanning (ms): Min: 0.0, Avg: 1.1, Max: 3.5, Diff: 3.5, Sum: 9.1]
      [Update RS (ms): Min: 0.0, Avg: 1.5, Max: 2.3, Diff: 2.3, Sum: 12.0]
         [Processed Buffers: Min: 0, Avg: 8.9, Max: 48, Diff: 48, Sum: 71]
      [Scan RS (ms): Min: 0.1, Avg: 0.2, Max: 0.4, Diff: 0.3, Sum: 1.8]
      [Code Root Scanning (ms): Min: 0.0, Avg: 0.0, Max: 0.1, Diff: 0.1, Sum: 0.1]
      [Object Copy (ms): Min: 5.2, Avg: 5.5, Max: 5.7, Diff: 0.4, Sum: 44.3]
      [Termination (ms): Min: 0.1, Avg: 0.1, Max: 0.1, Diff: 0.0, Sum: 0.7]
         [Termination Attempts: Min: 33, Avg: 36.0, Max: 43, Diff: 10, Sum: 288]
      [GC Worker Other (ms): Min: 0.0, Avg: 0.3, Max: 1.2, Diff: 1.2, Sum: 2.2]
      [GC Worker Total (ms): Min: 8.0, Avg: 8.8, Max: 9.2, Diff: 1.2, Sum: 70.1]
      [GC Worker End (ms): Min: 223642393.6, Avg: 223642393.7, Max: 223642393.8, Diff: 0.2]
   [Code Root Fixup: 0.1 ms]
   [Code Root Purge: 0.0 ms]
   [Clear CT: 0.9 ms]
   [Other: 6.5 ms]
      [Choose CSet: 0.0 ms]
      [Ref Proc: 4.4 ms]
      [Ref Enq: 0.0 ms]
      [Redirty Cards: 0.4 ms]
      [Humongous Register: 0.2 ms]
      [Humongous Reclaim: 0.0 ms]
      [Free CSet: 1.1 ms]
   [Eden: 1212.0M(1212.0M)->0.0B(1211.0M) Survivors: 16.0M->17.0M Heap: 1385.3M(2048.0M)->174.9M(2048.0M)]
 [Times: user=0.08 sys=0.00, real=0.02 secs] 
2019-07-12T00:51:53.157+0000: 228563.986: [GC pause (G1 Evacuation Pause) (young), 0.0162403 secs]
   [Parallel Time: 8.7 ms, GC Workers: 8]
      [GC Worker Start (ms): Min: 228563986.9, Avg: 228563987.9, Max: 228563988.5, Diff: 1.6]
      [Ext Root Scanning (ms): Min: 0.5, Avg: 1.2, Max: 2.9, Diff: 2.4, Sum: 9.7]
      [Update RS (ms): Min: 0.1, Avg: 0.7, Max: 1.0, Diff: 0.9, Sum: 5.9]
         [Processed Buffers: Min: 1, Avg: 8.9, Max: 25, Diff: 24, Sum: 71]
      [Scan RS (ms): Min: 0.2, Avg: 0.2, Max: 0.3, Diff: 0.1, Sum: 1.9]
      [Code Root Scanning (ms): Min: 0.0, Avg: 0.0, Max: 0.0, Diff: 0.0, Sum: 0.1]
      [Object Copy (ms): Min: 5.1, Avg: 5.1, Max: 5.2, Diff: 0.1, Sum: 41.1]
      [Termination (ms): Min: 0.1, Avg: 0.1, Max: 0.2, Diff: 0.1, Sum: 0.8]
         [Termination Attempts: Min: 34, Avg: 38.1, Max: 42, Diff: 8, Sum: 305]
      [GC Worker Other (ms): Min: 0.0, Avg: 0.1, Max: 0.2, Diff: 0.2, Sum: 0.8]
      [GC Worker Total (ms): Min: 6.9, Avg: 7.5, Max: 8.5, Diff: 1.6, Sum: 60.3]
      [GC Worker End (ms): Min: 228563995.3, Avg: 228563995.4, Max: 228563995.5, Diff: 0.1]
   [Code Root Fixup: 0.1 ms]
   [Code Root Purge: 0.0 ms]
   [Clear CT: 0.6 ms]
   [Other: 6.8 ms]
      [Choose CSet: 0.0 ms]
      [Ref Proc: 4.1 ms]
      [Ref Enq: 0.0 ms]
      [Redirty Cards: 0.3 ms]
      [Humongous Register: 0.3 ms]
      [Humongous Reclaim: 0.0 ms]
      [Free CSet: 1.6 ms]
   [Eden: 1211.0M(1211.0M)->0.0B(1212.0M) Survivors: 17.0M->16.0M Heap: 1385.9M(2048.0M)->174.2M(2048.0M)]
 [Times: user=0.07 sys=0.00, real=0.02 secs] 
2019-07-12T02:14:27.748+0000: 233518.577: [GC pause (G1 Evacuation Pause) (young), 0.0210036 secs]
   [Parallel Time: 12.1 ms, GC Workers: 8]
      [GC Worker Start (ms): Min: 233518577.5, Avg: 233518578.1, Max: 233518578.7, Diff: 1.1]
      [Ext Root Scanning (ms): Min: 0.9, Avg: 1.9, Max: 4.9, Diff: 4.0, Sum: 15.3]
      [Update RS (ms): Min: 0.0, Avg: 1.3, Max: 3.1, Diff: 3.1, Sum: 10.6]
         [Processed Buffers: Min: 0, Avg: 8.6, Max: 41, Diff: 41, Sum: 69]
      [Scan RS (ms): Min: 0.1, Avg: 0.3, Max: 0.5, Diff: 0.4, Sum: 2.7]
      [Code Root Scanning (ms): Min: 0.0, Avg: 0.0, Max: 0.1, Diff: 0.1, Sum: 0.1]
      [Object Copy (ms): Min: 6.4, Avg: 7.5, Max: 7.9, Diff: 1.5, Sum: 59.7]
      [Termination (ms): Min: 0.1, Avg: 0.1, Max: 0.1, Diff: 0.0, Sum: 0.6]
         [Termination Attempts: Min: 40, Avg: 48.0, Max: 56, Diff: 16, Sum: 384]
      [GC Worker Other (ms): Min: 0.0, Avg: 0.2, Max: 0.8, Diff: 0.7, Sum: 1.6]
      [GC Worker Total (ms): Min: 10.8, Avg: 11.3, Max: 11.9, Diff: 1.2, Sum: 90.6]
      [GC Worker End (ms): Min: 233518589.3, Avg: 233518589.4, Max: 233518589.5, Diff: 0.2]
   [Code Root Fixup: 0.1 ms]
   [Code Root Purge: 0.0 ms]
   [Clear CT: 0.9 ms]
   [Other: 7.8 ms]
      [Choose CSet: 0.0 ms]
      [Ref Proc: 4.9 ms]
      [Ref Enq: 0.1 ms]
      [Redirty Cards: 0.3 ms]
      [Humongous Register: 0.2 ms]
      [Humongous Reclaim: 0.0 ms]
      [Free CSet: 1.7 ms]
   [Eden: 1212.0M(1212.0M)->0.0B(1211.0M) Survivors: 16.0M->17.0M Heap: 1386.2M(2048.0M)->175.8M(2048.0M)]
 [Times: user=0.10 sys=0.00, real=0.03 secs] 
2019-07-12T03:36:48.368+0000: 238459.198: [GC pause (G1 Evacuation Pause) (young), 0.1531138 secs]
   [Parallel Time: 11.1 ms, GC Workers: 8]
      [GC Worker Start (ms): Min: 238459333.2, Avg: 238459333.4, Max: 238459333.7, Diff: 0.5]
      [Ext Root Scanning (ms): Min: 1.3, Avg: 3.2, Max: 8.8, Diff: 7.5, Sum: 25.7]
      [Update RS (ms): Min: 0.0, Avg: 1.0, Max: 2.1, Diff: 2.1, Sum: 8.1]
         [Processed Buffers: Min: 0, Avg: 8.8, Max: 28, Diff: 28, Sum: 70]
      [Scan RS (ms): Min: 0.1, Avg: 0.3, Max: 0.4, Diff: 0.3, Sum: 2.2]
      [Code Root Scanning (ms): Min: 0.0, Avg: 0.0, Max: 0.1, Diff: 0.1, Sum: 0.1]
      [Object Copy (ms): Min: 1.1, Avg: 5.6, Max: 7.0, Diff: 5.9, Sum: 45.1]
      [Termination (ms): Min: 0.0, Avg: 0.2, Max: 0.3, Diff: 0.3, Sum: 1.8]
         [Termination Attempts: Min: 2, Avg: 26.5, Max: 35, Diff: 33, Sum: 212]
      [GC Worker Other (ms): Min: 0.0, Avg: 0.1, Max: 0.2, Diff: 0.2, Sum: 0.8]
      [GC Worker Total (ms): Min: 10.3, Avg: 10.5, Max: 10.7, Diff: 0.4, Sum: 83.9]
      [GC Worker End (ms): Min: 238459343.8, Avg: 238459343.9, Max: 238459344.0, Diff: 0.2]
   [Code Root Fixup: 0.2 ms]
   [Code Root Purge: 0.0 ms]
   [Clear CT: 0.5 ms]
   [Other: 141.4 ms]
      [Choose CSet: 0.0 ms]
      [Ref Proc: 4.3 ms]
      [Ref Enq: 0.0 ms]
      [Redirty Cards: 0.5 ms]
      [Humongous Register: 0.3 ms]
      [Humongous Reclaim: 0.0 ms]
      [Free CSet: 1.0 ms]
   [Eden: 1211.0M(1211.0M)->0.0B(1212.0M) Survivors: 17.0M->16.0M Heap: 1386.8M(2048.0M)->175.4M(2048.0M)]
 [Times: user=0.07 sys=0.01, real=0.17 secs] 
2019-07-12T04:59:03.850+0000: 243394.680: [GC pause (G1 Evacuation Pause) (young), 0.0154312 secs]
   [Parallel Time: 8.5 ms, GC Workers: 8]
      [GC Worker Start (ms): Min: 243394680.1, Avg: 243394681.3, Max: 243394683.2, Diff: 3.1]
      [Ext Root Scanning (ms): Min: 0.0, Avg: 0.9, Max: 2.1, Diff: 2.1, Sum: 6.9]
      [Update RS (ms): Min: 0.0, Avg: 0.6, Max: 1.2, Diff: 1.2, Sum: 5.0]
         [Processed Buffers: Min: 0, Avg: 9.0, Max: 45, Diff: 45, Sum: 72]
      [Scan RS (ms): Min: 0.1, Avg: 0.2, Max: 0.3, Diff: 0.2, Sum: 1.8]
      [Code Root Scanning (ms): Min: 0.0, Avg: 0.0, Max: 0.0, Diff: 0.0, Sum: 0.1]
      [Object Copy (ms): Min: 4.8, Avg: 5.2, Max: 5.5, Diff: 0.6, Sum: 41.7]
      [Termination (ms): Min: 0.1, Avg: 0.1, Max: 0.1, Diff: 0.1, Sum: 0.9]
         [Termination Attempts: Min: 27, Avg: 36.6, Max: 48, Diff: 21, Sum: 293]
      [GC Worker Other (ms): Min: 0.0, Avg: 0.1, Max: 0.2, Diff: 0.2, Sum: 0.7]
      [GC Worker Total (ms): Min: 5.2, Avg: 7.1, Max: 8.3, Diff: 3.2, Sum: 57.1]
      [GC Worker End (ms): Min: 243394688.4, Avg: 243394688.4, Max: 243394688.5, Diff: 0.2]
   [Code Root Fixup: 0.1 ms]
   [Code Root Purge: 0.0 ms]
   [Clear CT: 0.6 ms]
   [Other: 6.2 ms]
      [Choose CSet: 0.0 ms]
      [Ref Proc: 4.4 ms]
      [Ref Enq: 0.0 ms]
      [Redirty Cards: 0.2 ms]
      [Humongous Register: 0.2 ms]
      [Humongous Reclaim: 0.0 ms]
      [Free CSet: 1.0 ms]
   [Eden: 1212.0M(1212.0M)->0.0B(1212.0M) Survivors: 16.0M->16.0M Heap: 1387.4M(2048.0M)->176.0M(2048.0M)]
 [Times: user=0.07 sys=0.00, real=0.02 secs] 
2019-07-12T06:20:51.780+0000: 248302.609: [GC pause (G1 Evacuation Pause) (young), 0.0148089 secs]
   [Parallel Time: 8.2 ms, GC Workers: 8]
      [GC Worker Start (ms): Min: 248302609.7, Avg: 248302610.0, Max: 248302610.3, Diff: 0.6]
      [Ext Root Scanning (ms): Min: 0.8, Avg: 1.1, Max: 2.1, Diff: 1.4, Sum: 8.8]
      [Update RS (ms): Min: 0.1, Avg: 0.8, Max: 1.2, Diff: 1.2, Sum: 6.5]
         [Processed Buffers: Min: 1, Avg: 8.8, Max: 22, Diff: 21, Sum: 70]
      [Scan RS (ms): Min: 0.2, Avg: 0.2, Max: 0.3, Diff: 0.2, Sum: 1.9]
      [Code Root Scanning (ms): Min: 0.0, Avg: 0.0, Max: 0.0, Diff: 0.0, Sum: 0.1]
      [Object Copy (ms): Min: 5.0, Avg: 5.2, Max: 5.4, Diff: 0.3, Sum: 41.7]
      [Termination (ms): Min: 0.1, Avg: 0.1, Max: 0.2, Diff: 0.1, Sum: 1.1]
         [Termination Attempts: Min: 29, Avg: 38.9, Max: 46, Diff: 17, Sum: 311]
      [GC Worker Other (ms): Min: 0.0, Avg: 0.1, Max: 0.2, Diff: 0.2, Sum: 0.9]
      [GC Worker Total (ms): Min: 7.4, Avg: 7.6, Max: 8.0, Diff: 0.6, Sum: 60.9]
      [GC Worker End (ms): Min: 248302617.6, Avg: 248302617.7, Max: 248302617.7, Diff: 0.2]
   [Code Root Fixup: 0.1 ms]
   [Code Root Purge: 0.0 ms]
   [Clear CT: 0.6 ms]
   [Other: 5.9 ms]
      [Choose CSet: 0.0 ms]
      [Ref Proc: 4.0 ms]
      [Ref Enq: 0.0 ms]
      [Redirty Cards: 0.3 ms]
      [Humongous Register: 0.2 ms]
      [Humongous Reclaim: 0.0 ms]
      [Free CSet: 1.0 ms]
   [Eden: 1212.0M(1212.0M)->0.0B(1211.0M) Survivors: 16.0M->17.0M Heap: 1388.0M(2048.0M)->177.6M(2048.0M)]
 [Times: user=0.07 sys=0.00, real=0.02 secs] 
2019-07-12T07:42:38.014+0000: 253208.844: [GC pause (G1 Evacuation Pause) (young), 0.0163344 secs]
   [Parallel Time: 9.3 ms, GC Workers: 8]
      [GC Worker Start (ms): Min: 253208844.3, Avg: 253208844.5, Max: 253208844.7, Diff: 0.4]
      [Ext Root Scanning (ms): Min: 0.9, Avg: 1.2, Max: 2.0, Diff: 1.1, Sum: 9.6]
      [Update RS (ms): Min: 0.3, Avg: 0.9, Max: 1.4, Diff: 1.0, Sum: 7.2]
         [Processed Buffers: Min: 1, Avg: 9.0, Max: 36, Diff: 35, Sum: 72]
      [Scan RS (ms): Min: 0.2, Avg: 0.3, Max: 0.4, Diff: 0.2, Sum: 2.2]
      [Code Root Scanning (ms): Min: 0.0, Avg: 0.0, Max: 0.1, Diff: 0.1, Sum: 0.2]
      [Object Copy (ms): Min: 5.8, Avg: 6.0, Max: 6.2, Diff: 0.4, Sum: 48.1]
      [Termination (ms): Min: 0.1, Avg: 0.2, Max: 0.3, Diff: 0.2, Sum: 1.9]
         [Termination Attempts: Min: 36, Avg: 51.2, Max: 63, Diff: 27, Sum: 410]
      [GC Worker Other (ms): Min: 0.0, Avg: 0.1, Max: 0.2, Diff: 0.2, Sum: 0.9]
      [GC Worker Total (ms): Min: 8.6, Avg: 8.8, Max: 8.9, Diff: 0.3, Sum: 70.1]
      [GC Worker End (ms): Min: 253208853.2, Avg: 253208853.3, Max: 253208853.4, Diff: 0.2]
   [Code Root Fixup: 0.1 ms]
   [Code Root Purge: 0.0 ms]
   [Clear CT: 0.6 ms]
   [Other: 6.4 ms]
      [Choose CSet: 0.0 ms]
      [Ref Proc: 4.1 ms]
      [Ref Enq: 0.0 ms]
      [Redirty Cards: 0.4 ms]
      [Humongous Register: 0.3 ms]
      [Humongous Reclaim: 0.0 ms]
      [Free CSet: 1.1 ms]
   [Eden: 1211.0M(1211.0M)->0.0B(1212.0M) Survivors: 17.0M->16.0M Heap: 1388.6M(2048.0M)->177.6M(2048.0M)]
 [Times: user=0.08 sys=0.00, real=0.01 secs] 
2019-07-12T09:04:41.033+0000: 258131.862: [GC pause (G1 Evacuation Pause) (young), 0.0146096 secs]
   [Parallel Time: 8.0 ms, GC Workers: 8]
      [GC Worker Start (ms): Min: 258131862.6, Avg: 258131862.9, Max: 258131863.4, Diff: 0.9]
      [Ext Root Scanning (ms): Min: 0.6, Avg: 1.3, Max: 2.6, Diff: 2.0, Sum: 10.4]
      [Update RS (ms): Min: 0.0, Avg: 0.7, Max: 1.1, Diff: 1.1, Sum: 5.8]
         [Processed Buffers: Min: 0, Avg: 9.1, Max: 21, Diff: 21, Sum: 73]
      [Scan RS (ms): Min: 0.1, Avg: 0.2, Max: 0.4, Diff: 0.3, Sum: 1.9]
      [Code Root Scanning (ms): Min: 0.0, Avg: 0.0, Max: 0.0, Diff: 0.0, Sum: 0.1]
      [Object Copy (ms): Min: 4.9, Avg: 5.0, Max: 5.0, Diff: 0.2, Sum: 39.9]
      [Termination (ms): Min: 0.0, Avg: 0.1, Max: 0.1, Diff: 0.1, Sum: 0.6]
         [Termination Attempts: Min: 38, Avg: 41.4, Max: 48, Diff: 10, Sum: 331]
      [GC Worker Other (ms): Min: 0.0, Avg: 0.1, Max: 0.2, Diff: 0.2, Sum: 0.8]
      [GC Worker Total (ms): Min: 6.9, Avg: 7.4, Max: 7.8, Diff: 0.9, Sum: 59.5]
      [GC Worker End (ms): Min: 258131870.3, Avg: 258131870.4, Max: 258131870.4, Diff: 0.1]
   [Code Root Fixup: 0.1 ms]
   [Code Root Purge: 0.0 ms]
   [Clear CT: 0.4 ms]
   [Other: 6.1 ms]
      [Choose CSet: 0.0 ms]
      [Ref Proc: 4.0 ms]
      [Ref Enq: 0.0 ms]
      [Redirty Cards: 0.4 ms]
      [Humongous Register: 0.3 ms]
      [Humongous Reclaim: 0.0 ms]
      [Free CSet: 0.9 ms]
   [Eden: 1212.0M(1212.0M)->0.0B(1212.0M) Survivors: 16.0M->16.0M Heap: 1389.6M(2048.0M)->177.6M(2048.0M)]
 [Times: user=0.07 sys=0.00, real=0.01 secs] 
2019-07-12T10:26:27.339+0000: 263038.168: [GC pause (G1 Evacuation Pause) (young), 0.0176998 secs]
   [Parallel Time: 10.9 ms, GC Workers: 8]
      [GC Worker Start (ms): Min: 263038168.6, Avg: 263038168.8, Max: 263038169.0, Diff: 0.5]
      [Ext Root Scanning (ms): Min: 0.9, Avg: 1.4, Max: 2.6, Diff: 1.7, Sum: 11.0]
      [Update RS (ms): Min: 0.3, Avg: 1.3, Max: 2.3, Diff: 2.1, Sum: 10.5]
         [Processed Buffers: Min: 1, Avg: 9.0, Max: 30, Diff: 29, Sum: 72]
      [Scan RS (ms): Min: 0.2, Avg: 0.3, Max: 0.4, Diff: 0.2, Sum: 2.4]
      [Code Root Scanning (ms): Min: 0.0, Avg: 0.0, Max: 0.0, Diff: 0.0, Sum: 0.1]
      [Object Copy (ms): Min: 6.3, Avg: 6.9, Max: 7.1, Diff: 0.8, Sum: 55.4]
      [Termination (ms): Min: 0.1, Avg: 0.1, Max: 0.2, Diff: 0.1, Sum: 0.8]
         [Termination Attempts: Min: 26, Avg: 35.5, Max: 42, Diff: 16, Sum: 284]
      [GC Worker Other (ms): Min: 0.1, Avg: 0.2, Max: 0.3, Diff: 0.3, Sum: 1.3]
      [GC Worker Total (ms): Min: 9.9, Avg: 10.2, Max: 10.4, Diff: 0.5, Sum: 81.5]
      [GC Worker End (ms): Min: 263038178.8, Avg: 263038179.0, Max: 263038179.1, Diff: 0.3]
   [Code Root Fixup: 0.1 ms]
   [Code Root Purge: 0.0 ms]
   [Clear CT: 0.6 ms]
   [Other: 6.2 ms]
      [Choose CSet: 0.0 ms]
      [Ref Proc: 4.1 ms]
      [Ref Enq: 0.0 ms]
      [Redirty Cards: 0.3 ms]
      [Humongous Register: 0.3 ms]
      [Humongous Reclaim: 0.0 ms]
      [Free CSet: 1.0 ms]
   [Eden: 1212.0M(1212.0M)->0.0B(1213.0M) Survivors: 16.0M->15.0M Heap: 1389.6M(2048.0M)->177.7M(2048.0M)]
 [Times: user=0.09 sys=0.00, real=0.02 secs] 
2019-07-12T11:48:42.752+0000: 267973.581: [GC pause (G1 Evacuation Pause) (young), 0.0167730 secs]
   [Parallel Time: 9.8 ms, GC Workers: 8]
      [GC Worker Start (ms): Min: 267973581.4, Avg: 267973581.9, Max: 267973582.4, Diff: 1.1]
      [Ext Root Scanning (ms): Min: 0.4, Avg: 1.2, Max: 3.3, Diff: 2.9, Sum: 9.4]
      [Update RS (ms): Min: 0.0, Avg: 1.0, Max: 1.3, Diff: 1.3, Sum: 8.2]
         [Processed Buffers: Min: 0, Avg: 8.8, Max: 32, Diff: 32, Sum: 70]
      [Scan RS (ms): Min: 0.2, Avg: 0.3, Max: 0.4, Diff: 0.2, Sum: 2.6]
      [Code Root Scanning (ms): Min: 0.0, Avg: 0.0, Max: 0.0, Diff: 0.0, Sum: 0.1]
      [Object Copy (ms): Min: 5.8, Avg: 6.3, Max: 6.5, Diff: 0.6, Sum: 50.7]
      [Termination (ms): Min: 0.1, Avg: 0.1, Max: 0.1, Diff: 0.1, Sum: 0.8]
         [Termination Attempts: Min: 27, Avg: 44.4, Max: 59, Diff: 32, Sum: 355]
      [GC Worker Other (ms): Min: 0.0, Avg: 0.1, Max: 0.2, Diff: 0.2, Sum: 1.1]
      [GC Worker Total (ms): Min: 8.6, Avg: 9.1, Max: 9.6, Diff: 1.1, Sum: 72.9]
      [GC Worker End (ms): Min: 267973590.9, Avg: 267973591.0, Max: 267973591.1, Diff: 0.2]
   [Code Root Fixup: 0.1 ms]
   [Code Root Purge: 0.0 ms]
   [Clear CT: 0.6 ms]
   [Other: 6.3 ms]
      [Choose CSet: 0.0 ms]
      [Ref Proc: 4.3 ms]
      [Ref Enq: 0.0 ms]
      [Redirty Cards: 0.3 ms]
      [Humongous Register: 0.3 ms]
      [Humongous Reclaim: 0.0 ms]
      [Free CSet: 1.0 ms]
   [Eden: 1213.0M(1213.0M)->0.0B(1213.0M) Survivors: 15.0M->15.0M Heap: 1390.7M(2048.0M)->178.3M(2048.0M)]
 [Times: user=0.08 sys=0.00, real=0.01 secs] 
2019-07-12T13:10:19.382+0000: 272870.212: [GC pause (G1 Evacuation Pause) (young), 0.0191276 secs]
   [Parallel Time: 10.3 ms, GC Workers: 8]
      [GC Worker Start (ms): Min: 272870212.3, Avg: 272870213.7, Max: 272870221.5, Diff: 9.2]
      [Ext Root Scanning (ms): Min: 0.0, Avg: 1.2, Max: 1.9, Diff: 1.9, Sum: 9.5]
      [Update RS (ms): Min: 0.0, Avg: 1.0, Max: 1.4, Diff: 1.4, Sum: 8.4]
         [Processed Buffers: Min: 0, Avg: 9.1, Max: 27, Diff: 27, Sum: 73]
      [Scan RS (ms): Min: 0.1, Avg: 0.3, Max: 0.4, Diff: 0.3, Sum: 2.2]
      [Code Root Scanning (ms): Min: 0.0, Avg: 0.0, Max: 0.0, Diff: 0.0, Sum: 0.1]
      [Object Copy (ms): Min: 0.0, Avg: 5.0, Max: 5.9, Diff: 5.9, Sum: 40.0]
      [Termination (ms): Min: 0.0, Avg: 0.5, Max: 0.9, Diff: 0.9, Sum: 3.6]
         [Termination Attempts: Min: 1, Avg: 30.5, Max: 42, Diff: 41, Sum: 244]
      [GC Worker Other (ms): Min: 0.0, Avg: 0.0, Max: 0.1, Diff: 0.0, Sum: 0.2]
      [GC Worker Total (ms): Min: 0.2, Avg: 8.0, Max: 9.4, Diff: 9.2, Sum: 64.0]
      [GC Worker End (ms): Min: 272870221.7, Avg: 272870221.7, Max: 272870222.2, Diff: 0.5]
   [Code Root Fixup: 0.2 ms]
   [Code Root Purge: 0.0 ms]
   [Clear CT: 1.9 ms]
   [Other: 6.7 ms]
      [Choose CSet: 0.0 ms]
      [Ref Proc: 4.6 ms]
      [Ref Enq: 0.0 ms]
      [Redirty Cards: 0.4 ms]
      [Humongous Register: 0.3 ms]
      [Humongous Reclaim: 0.0 ms]
      [Free CSet: 1.0 ms]
   [Eden: 1213.0M(1213.0M)->0.0B(1212.0M) Survivors: 15.0M->16.0M Heap: 1391.3M(2048.0M)->179.5M(2048.0M)]
 [Times: user=0.07 sys=0.00, real=0.02 secs] 
2019-07-12T14:32:23.876+0000: 277794.705: [GC pause (G1 Evacuation Pause) (young), 0.0174197 secs]
   [Parallel Time: 10.7 ms, GC Workers: 8]
      [GC Worker Start (ms): Min: 277794705.4, Avg: 277794709.3, Max: 277794715.5, Diff: 10.1]
      [Ext Root Scanning (ms): Min: 0.0, Avg: 0.9, Max: 2.6, Diff: 2.5, Sum: 7.4]
      [Update RS (ms): Min: 0.0, Avg: 0.8, Max: 1.9, Diff: 1.9, Sum: 6.5]
         [Processed Buffers: Min: 0, Avg: 8.8, Max: 29, Diff: 29, Sum: 70]
      [Scan RS (ms): Min: 0.1, Avg: 0.2, Max: 0.3, Diff: 0.2, Sum: 1.7]
      [Code Root Scanning (ms): Min: 0.0, Avg: 0.0, Max: 0.0, Diff: 0.0, Sum: 0.1]
      [Object Copy (ms): Min: 0.0, Avg: 4.0, Max: 5.8, Diff: 5.8, Sum: 31.9]
      [Termination (ms): Min: 0.0, Avg: 0.4, Max: 0.6, Diff: 0.6, Sum: 3.5]
         [Termination Attempts: Min: 1, Avg: 33.0, Max: 54, Diff: 53, Sum: 264]
      [GC Worker Other (ms): Min: 0.0, Avg: 0.0, Max: 0.1, Diff: 0.1, Sum: 0.2]
      [GC Worker Total (ms): Min: 0.2, Avg: 6.4, Max: 10.4, Diff: 10.2, Sum: 51.3]
      [GC Worker End (ms): Min: 277794715.7, Avg: 277794715.8, Max: 277794715.8, Diff: 0.1]
   [Code Root Fixup: 0.1 ms]
   [Code Root Purge: 0.0 ms]
   [Clear CT: 0.6 ms]
   [Other: 6.1 ms]
      [Choose CSet: 0.0 ms]
      [Ref Proc: 4.2 ms]
      [Ref Enq: 0.1 ms]
      [Redirty Cards: 0.4 ms]
      [Humongous Register: 0.2 ms]
      [Humongous Reclaim: 0.0 ms]
      [Free CSet: 1.0 ms]
   [Eden: 1212.0M(1212.0M)->0.0B(1213.0M) Survivors: 16.0M->15.0M Heap: 1391.5M(2048.0M)->179.5M(2048.0M)]
 [Times: user=0.06 sys=0.00, real=0.02 secs] 
2019-07-12T15:54:51.790+0000: 282742.619: [GC pause (G1 Evacuation Pause) (young), 0.0142175 secs]
   [Parallel Time: 7.7 ms, GC Workers: 8]
      [GC Worker Start (ms): Min: 282742619.4, Avg: 282742619.7, Max: 282742620.3, Diff: 0.9]
      [Ext Root Scanning (ms): Min: 0.2, Avg: 1.0, Max: 2.2, Diff: 2.0, Sum: 7.8]
      [Update RS (ms): Min: 0.0, Avg: 0.7, Max: 0.9, Diff: 0.9, Sum: 5.7]
         [Processed Buffers: Min: 0, Avg: 8.8, Max: 34, Diff: 34, Sum: 70]
      [Scan RS (ms): Min: 0.1, Avg: 0.2, Max: 0.3, Diff: 0.2, Sum: 1.9]
      [Code Root Scanning (ms): Min: 0.0, Avg: 0.0, Max: 0.0, Diff: 0.0, Sum: 0.1]
      [Object Copy (ms): Min: 5.0, Avg: 5.1, Max: 5.1, Diff: 0.2, Sum: 40.6]
      [Termination (ms): Min: 0.1, Avg: 0.1, Max: 0.1, Diff: 0.0, Sum: 0.6]
         [Termination Attempts: Min: 42, Avg: 46.2, Max: 54, Diff: 12, Sum: 370]
      [GC Worker Other (ms): Min: 0.0, Avg: 0.1, Max: 0.2, Diff: 0.1, Sum: 0.7]
      [GC Worker Total (ms): Min: 6.6, Avg: 7.2, Max: 7.4, Diff: 0.8, Sum: 57.3]
      [GC Worker End (ms): Min: 282742626.8, Avg: 282742626.9, Max: 282742627.0, Diff: 0.1]
   [Code Root Fixup: 0.1 ms]
   [Code Root Purge: 0.0 ms]
   [Clear CT: 0.5 ms]
   [Other: 5.9 ms]
      [Choose CSet: 0.0 ms]
      [Ref Proc: 4.1 ms]
      [Ref Enq: 0.0 ms]
      [Redirty Cards: 0.3 ms]
      [Humongous Register: 0.2 ms]
      [Humongous Reclaim: 0.0 ms]
      [Free CSet: 0.9 ms]
   [Eden: 1213.0M(1213.0M)->0.0B(1213.0M) Survivors: 15.0M->15.0M Heap: 1392.5M(2048.0M)->179.6M(2048.0M)]
 [Times: user=0.07 sys=0.00, real=0.02 secs] 
2019-07-12T17:16:05.448+0000: 287616.277: [GC pause (G1 Evacuation Pause) (young), 0.0156624 secs]
   [Parallel Time: 8.8 ms, GC Workers: 8]
      [GC Worker Start (ms): Min: 287616277.9, Avg: 287616278.0, Max: 287616278.1, Diff: 0.3]
      [Ext Root Scanning (ms): Min: 0.8, Avg: 2.0, Max: 5.4, Diff: 4.6, Sum: 15.7]
      [Update RS (ms): Min: 0.0, Avg: 0.8, Max: 1.3, Diff: 1.3, Sum: 6.0]
         [Processed Buffers: Min: 0, Avg: 9.9, Max: 35, Diff: 35, Sum: 79]
      [Scan RS (ms): Min: 0.1, Avg: 0.2, Max: 0.4, Diff: 0.3, Sum: 1.8]
      [Code Root Scanning (ms): Min: 0.0, Avg: 0.0, Max: 0.1, Diff: 0.1, Sum: 0.1]
      [Object Copy (ms): Min: 2.3, Avg: 4.9, Max: 5.5, Diff: 3.2, Sum: 39.2]
      [Termination (ms): Min: 0.0, Avg: 0.2, Max: 0.3, Diff: 0.3, Sum: 1.8]
         [Termination Attempts: Min: 1, Avg: 35.5, Max: 49, Diff: 48, Sum: 284]
      [GC Worker Other (ms): Min: 0.0, Avg: 0.1, Max: 0.2, Diff: 0.2, Sum: 0.5]
      [GC Worker Total (ms): Min: 8.0, Avg: 8.1, Max: 8.3, Diff: 0.4, Sum: 65.2]
      [GC Worker End (ms): Min: 287616286.1, Avg: 287616286.1, Max: 287616286.2, Diff: 0.2]
   [Code Root Fixup: 0.1 ms]
   [Code Root Purge: 0.0 ms]
   [Clear CT: 0.6 ms]
   [Other: 6.2 ms]
      [Choose CSet: 0.0 ms]
      [Ref Proc: 4.4 ms]
      [Ref Enq: 0.0 ms]
      [Redirty Cards: 0.3 ms]
      [Humongous Register: 0.2 ms]
      [Humongous Reclaim: 0.0 ms]
      [Free CSet: 0.9 ms]
   [Eden: 1213.0M(1213.0M)->0.0B(1212.0M) Survivors: 15.0M->16.0M Heap: 1392.6M(2048.0M)->181.6M(2048.0M)]
 [Times: user=0.07 sys=0.00, real=0.02 secs] 
2019-07-12T18:38:16.148+0000: 292546.977: [GC pause (G1 Evacuation Pause) (young), 0.0177769 secs]
   [Parallel Time: 11.0 ms, GC Workers: 8]
      [GC Worker Start (ms): Min: 292546977.7, Avg: 292546980.2, Max: 292546983.7, Diff: 6.0]
      [Ext Root Scanning (ms): Min: 0.0, Avg: 0.9, Max: 2.9, Diff: 2.9, Sum: 7.3]
      [Update RS (ms): Min: 0.0, Avg: 1.4, Max: 6.5, Diff: 6.5, Sum: 11.1]
         [Processed Buffers: Min: 0, Avg: 8.6, Max: 28, Diff: 28, Sum: 69]
      [Scan RS (ms): Min: 0.1, Avg: 0.2, Max: 0.4, Diff: 0.3, Sum: 1.8]
      [Code Root Scanning (ms): Min: 0.0, Avg: 0.0, Max: 0.0, Diff: 0.0, Sum: 0.1]
      [Object Copy (ms): Min: 2.4, Avg: 5.4, Max: 7.1, Diff: 4.7, Sum: 43.2]
      [Termination (ms): Min: 0.0, Avg: 0.1, Max: 0.2, Diff: 0.2, Sum: 1.0]
         [Termination Attempts: Min: 1, Avg: 26.0, Max: 40, Diff: 39, Sum: 208]
      [GC Worker Other (ms): Min: 0.0, Avg: 0.0, Max: 0.1, Diff: 0.1, Sum: 0.4]
      [GC Worker Total (ms): Min: 4.6, Avg: 8.1, Max: 10.7, Diff: 6.1, Sum: 64.8]
      [GC Worker End (ms): Min: 292546988.3, Avg: 292546988.3, Max: 292546988.4, Diff: 0.1]
   [Code Root Fixup: 0.1 ms]
   [Code Root Purge: 0.0 ms]
   [Clear CT: 0.6 ms]
   [Other: 6.1 ms]
      [Choose CSet: 0.0 ms]
      [Ref Proc: 4.2 ms]
      [Ref Enq: 0.0 ms]
      [Redirty Cards: 0.4 ms]
      [Humongous Register: 0.2 ms]
      [Humongous Reclaim: 0.0 ms]
      [Free CSet: 1.0 ms]
   [Eden: 1212.0M(1212.0M)->0.0B(1213.0M) Survivors: 16.0M->15.0M Heap: 1393.6M(2048.0M)->181.4M(2048.0M)]
 [Times: user=0.06 sys=0.00, real=0.02 secs] 
2019-07-12T20:00:05.529+0000: 297456.358: [GC pause (G1 Evacuation Pause) (young), 0.0162610 secs]
   [Parallel Time: 9.1 ms, GC Workers: 8]
      [GC Worker Start (ms): Min: 297456358.8, Avg: 297456359.8, Max: 297456364.3, Diff: 5.4]
      [Ext Root Scanning (ms): Min: 0.0, Avg: 0.9, Max: 1.9, Diff: 1.9, Sum: 7.2]
      [Update RS (ms): Min: 0.0, Avg: 1.1, Max: 1.8, Diff: 1.8, Sum: 9.0]
         [Processed Buffers: Min: 0, Avg: 9.5, Max: 37, Diff: 37, Sum: 76]
      [Scan RS (ms): Min: 0.1, Avg: 0.2, Max: 0.3, Diff: 0.2, Sum: 1.9]
      [Code Root Scanning (ms): Min: 0.0, Avg: 0.0, Max: 0.0, Diff: 0.0, Sum: 0.1]
      [Object Copy (ms): Min: 0.0, Avg: 4.8, Max: 5.9, Diff: 5.9, Sum: 38.6]
      [Termination (ms): Min: 0.1, Avg: 0.7, Max: 3.3, Diff: 3.2, Sum: 6.0]
         [Termination Attempts: Min: 1, Avg: 39.4, Max: 50, Diff: 49, Sum: 315]
      [GC Worker Other (ms): Min: 0.0, Avg: 0.1, Max: 0.2, Diff: 0.1, Sum: 0.7]
      [GC Worker Total (ms): Min: 3.5, Avg: 7.9, Max: 9.0, Diff: 5.5, Sum: 63.4]
      [GC Worker End (ms): Min: 297456367.7, Avg: 297456367.8, Max: 297456367.8, Diff: 0.1]
   [Code Root Fixup: 0.1 ms]
   [Code Root Purge: 0.0 ms]
   [Clear CT: 1.1 ms]
   [Other: 5.9 ms]
      [Choose CSet: 0.0 ms]
      [Ref Proc: 3.9 ms]
      [Ref Enq: 0.0 ms]
      [Redirty Cards: 0.4 ms]
      [Humongous Register: 0.3 ms]
      [Humongous Reclaim: 0.0 ms]
      [Free CSet: 1.0 ms]
   [Eden: 1213.0M(1213.0M)->0.0B(1212.0M) Survivors: 15.0M->16.0M Heap: 1394.4M(2048.0M)->182.4M(2048.0M)]
 [Times: user=0.07 sys=0.00, real=0.02 secs] 
2019-07-12T21:21:51.675+0000: 302362.504: [GC pause (G1 Evacuation Pause) (young), 0.0176602 secs]
   [Parallel Time: 11.0 ms, GC Workers: 8]
      [GC Worker Start (ms): Min: 302362504.2, Avg: 302362506.6, Max: 302362512.2, Diff: 7.9]
      [Ext Root Scanning (ms): Min: 0.0, Avg: 0.9, Max: 2.2, Diff: 2.2, Sum: 7.3]
      [Update RS (ms): Min: 0.0, Avg: 1.2, Max: 2.2, Diff: 2.2, Sum: 9.4]
         [Processed Buffers: Min: 0, Avg: 9.2, Max: 22, Diff: 22, Sum: 74]
      [Scan RS (ms): Min: 0.1, Avg: 0.3, Max: 0.4, Diff: 0.3, Sum: 2.2]
      [Code Root Scanning (ms): Min: 0.0, Avg: 0.0, Max: 0.1, Diff: 0.1, Sum: 0.1]
      [Object Copy (ms): Min: 2.5, Avg: 5.8, Max: 6.8, Diff: 4.3, Sum: 46.2]
      [Termination (ms): Min: 0.0, Avg: 0.1, Max: 0.1, Diff: 0.0, Sum: 0.5]
         [Termination Attempts: Min: 29, Avg: 36.9, Max: 46, Diff: 17, Sum: 295]
      [GC Worker Other (ms): Min: 0.0, Avg: 0.1, Max: 0.2, Diff: 0.2, Sum: 1.0]
      [GC Worker Total (ms): Min: 2.9, Avg: 8.3, Max: 10.7, Diff: 7.9, Sum: 66.7]
      [GC Worker End (ms): Min: 302362514.9, Avg: 302362515.0, Max: 302362515.1, Diff: 0.2]
   [Code Root Fixup: 0.1 ms]
   [Code Root Purge: 0.0 ms]
   [Clear CT: 0.5 ms]
   [Other: 6.0 ms]
      [Choose CSet: 0.0 ms]
      [Ref Proc: 4.1 ms]
      [Ref Enq: 0.0 ms]
      [Redirty Cards: 0.4 ms]
      [Humongous Register: 0.2 ms]
      [Humongous Reclaim: 0.0 ms]
      [Free CSet: 0.9 ms]
   [Eden: 1212.0M(1212.0M)->0.0B(1212.0M) Survivors: 16.0M->16.0M Heap: 1394.4M(2048.0M)->183.5M(2048.0M)]
 [Times: user=0.08 sys=0.00, real=0.02 secs] 
2019-07-12T22:43:53.908+0000: 307284.737: [GC pause (G1 Evacuation Pause) (young), 0.0147678 secs]
   [Parallel Time: 8.1 ms, GC Workers: 8]
      [GC Worker Start (ms): Min: 307284738.1, Avg: 307284738.3, Max: 307284738.4, Diff: 0.3]
      [Ext Root Scanning (ms): Min: 0.6, Avg: 1.0, Max: 2.0, Diff: 1.4, Sum: 7.8]
      [Update RS (ms): Min: 0.2, Avg: 1.1, Max: 1.7, Diff: 1.5, Sum: 8.7]
         [Processed Buffers: Min: 1, Avg: 9.2, Max: 34, Diff: 33, Sum: 74]
      [Scan RS (ms): Min: 0.1, Avg: 0.2, Max: 0.3, Diff: 0.2, Sum: 1.8]
      [Code Root Scanning (ms): Min: 0.0, Avg: 0.0, Max: 0.1, Diff: 0.1, Sum: 0.1]
      [Object Copy (ms): Min: 4.8, Avg: 5.1, Max: 5.3, Diff: 0.5, Sum: 40.8]
      [Termination (ms): Min: 0.1, Avg: 0.2, Max: 0.3, Diff: 0.2, Sum: 1.6]
         [Termination Attempts: Min: 29, Avg: 40.2, Max: 46, Diff: 17, Sum: 322]
      [GC Worker Other (ms): Min: 0.0, Avg: 0.1, Max: 0.2, Diff: 0.2, Sum: 0.9]
      [GC Worker Total (ms): Min: 7.5, Avg: 7.7, Max: 7.9, Diff: 0.4, Sum: 61.7]
      [GC Worker End (ms): Min: 307284745.9, Avg: 307284746.0, Max: 307284746.1, Diff: 0.2]
   [Code Root Fixup: 0.1 ms]
   [Code Root Purge: 0.0 ms]
   [Clear CT: 0.6 ms]
   [Other: 6.0 ms]
      [Choose CSet: 0.0 ms]
      [Ref Proc: 4.0 ms]
      [Ref Enq: 0.0 ms]
      [Redirty Cards: 0.3 ms]
      [Humongous Register: 0.3 ms]
      [Humongous Reclaim: 0.0 ms]
      [Free CSet: 0.9 ms]
   [Eden: 1212.0M(1212.0M)->0.0B(1212.0M) Survivors: 16.0M->16.0M Heap: 1395.5M(2048.0M)->183.6M(2048.0M)]
 [Times: user=0.07 sys=0.00, real=0.02 secs] 
2019-07-13T00:06:04.953+0000: 312215.782: [GC pause (G1 Evacuation Pause) (young), 0.0149808 secs]
   [Parallel Time: 8.1 ms, GC Workers: 8]
      [GC Worker Start (ms): Min: 312215782.8, Avg: 312215783.0, Max: 312215783.4, Diff: 0.6]
      [Ext Root Scanning (ms): Min: 0.5, Avg: 1.1, Max: 2.0, Diff: 1.5, Sum: 8.9]
      [Update RS (ms): Min: 0.6, Avg: 1.2, Max: 1.7, Diff: 1.1, Sum: 9.7]
         [Processed Buffers: Min: 1, Avg: 9.2, Max: 36, Diff: 35, Sum: 74]
      [Scan RS (ms): Min: 0.1, Avg: 0.3, Max: 0.4, Diff: 0.3, Sum: 2.0]
      [Code Root Scanning (ms): Min: 0.0, Avg: 0.0, Max: 0.1, Diff: 0.1, Sum: 0.2]
      [Object Copy (ms): Min: 4.7, Avg: 4.8, Max: 5.0, Diff: 0.2, Sum: 38.6]
      [Termination (ms): Min: 0.0, Avg: 0.1, Max: 0.1, Diff: 0.0, Sum: 0.5]
         [Termination Attempts: Min: 34, Avg: 42.8, Max: 48, Diff: 14, Sum: 342]
      [GC Worker Other (ms): Min: 0.0, Avg: 0.1, Max: 0.2, Diff: 0.2, Sum: 0.9]
      [GC Worker Total (ms): Min: 7.2, Avg: 7.6, Max: 7.9, Diff: 0.8, Sum: 60.9]
      [GC Worker End (ms): Min: 312215790.5, Avg: 312215790.6, Max: 312215790.7, Diff: 0.2]
   [Code Root Fixup: 0.1 ms]
   [Code Root Purge: 0.0 ms]
   [Clear CT: 0.8 ms]
   [Other: 6.0 ms]
      [Choose CSet: 0.0 ms]
      [Ref Proc: 4.1 ms]
      [Ref Enq: 0.0 ms]
      [Redirty Cards: 0.3 ms]
      [Humongous Register: 0.2 ms]
      [Humongous Reclaim: 0.0 ms]
      [Free CSet: 0.9 ms]
   [Eden: 1212.0M(1212.0M)->0.0B(1212.0M) Survivors: 16.0M->16.0M Heap: 1395.6M(2048.0M)->184.6M(2048.0M)]
 [Times: user=0.07 sys=0.00, real=0.01 secs] 
2019-07-13T01:27:33.322+0000: 317104.152: [GC pause (G1 Evacuation Pause) (young), 0.0134178 secs]
   [Parallel Time: 7.0 ms, GC Workers: 8]
      [GC Worker Start (ms): Min: 317104151.9, Avg: 317104152.0, Max: 317104152.1, Diff: 0.2]
      [Ext Root Scanning (ms): Min: 0.6, Avg: 0.9, Max: 2.1, Diff: 1.5, Sum: 7.5]
      [Update RS (ms): Min: 0.0, Avg: 0.9, Max: 1.3, Diff: 1.3, Sum: 7.5]
         [Processed Buffers: Min: 0, Avg: 9.2, Max: 27, Diff: 27, Sum: 74]
      [Scan RS (ms): Min: 0.1, Avg: 0.2, Max: 0.3, Diff: 0.2, Sum: 1.7]
      [Code Root Scanning (ms): Min: 0.0, Avg: 0.0, Max: 0.0, Diff: 0.0, Sum: 0.1]
      [Object Copy (ms): Min: 4.4, Avg: 4.4, Max: 4.5, Diff: 0.2, Sum: 35.5]
      [Termination (ms): Min: 0.0, Avg: 0.0, Max: 0.1, Diff: 0.0, Sum: 0.4]
         [Termination Attempts: Min: 34, Avg: 37.8, Max: 42, Diff: 8, Sum: 302]
      [GC Worker Other (ms): Min: 0.0, Avg: 0.1, Max: 0.2, Diff: 0.2, Sum: 0.9]
      [GC Worker Total (ms): Min: 6.5, Avg: 6.7, Max: 6.8, Diff: 0.3, Sum: 53.6]
      [GC Worker End (ms): Min: 317104158.6, Avg: 317104158.7, Max: 317104158.8, Diff: 0.2]
   [Code Root Fixup: 0.1 ms]
   [Code Root Purge: 0.0 ms]
   [Clear CT: 0.6 ms]
   [Other: 5.7 ms]
      [Choose CSet: 0.0 ms]
      [Ref Proc: 3.9 ms]
      [Ref Enq: 0.0 ms]
      [Redirty Cards: 0.3 ms]
      [Humongous Register: 0.2 ms]
      [Humongous Reclaim: 0.0 ms]
      [Free CSet: 1.0 ms]
   [Eden: 1212.0M(1212.0M)->0.0B(1213.0M) Survivors: 16.0M->15.0M Heap: 1396.6M(2048.0M)->184.2M(2048.0M)]
 [Times: user=0.06 sys=0.00, real=0.01 secs] 
2019-07-13T02:50:05.544+0000: 322056.373: [GC pause (G1 Evacuation Pause) (young), 0.0165997 secs]
   [Parallel Time: 9.8 ms, GC Workers: 8]
      [GC Worker Start (ms): Min: 322056373.9, Avg: 322056374.2, Max: 322056374.5, Diff: 0.7]
      [Ext Root Scanning (ms): Min: 0.6, Avg: 1.2, Max: 3.1, Diff: 2.5, Sum: 9.8]
      [Update RS (ms): Min: 0.0, Avg: 1.4, Max: 2.1, Diff: 2.1, Sum: 10.9]
         [Processed Buffers: Min: 0, Avg: 9.6, Max: 27, Diff: 27, Sum: 77]
      [Scan RS (ms): Min: 0.2, Avg: 0.3, Max: 0.4, Diff: 0.2, Sum: 2.4]
      [Code Root Scanning (ms): Min: 0.0, Avg: 0.0, Max: 0.1, Diff: 0.1, Sum: 0.1]
      [Object Copy (ms): Min: 5.6, Avg: 6.0, Max: 6.3, Diff: 0.7, Sum: 47.7]
      [Termination (ms): Min: 0.1, Avg: 0.3, Max: 0.4, Diff: 0.3, Sum: 2.4]
         [Termination Attempts: Min: 39, Avg: 44.2, Max: 50, Diff: 11, Sum: 354]
      [GC Worker Other (ms): Min: 0.0, Avg: 0.1, Max: 0.2, Diff: 0.1, Sum: 0.7]
      [GC Worker Total (ms): Min: 8.9, Avg: 9.3, Max: 9.5, Diff: 0.7, Sum: 74.1]
      [GC Worker End (ms): Min: 322056383.4, Avg: 322056383.4, Max: 322056383.5, Diff: 0.1]
   [Code Root Fixup: 0.1 ms]
   [Code Root Purge: 0.0 ms]
   [Clear CT: 0.5 ms]
   [Other: 6.1 ms]
      [Choose CSet: 0.0 ms]
      [Ref Proc: 4.3 ms]
      [Ref Enq: 0.0 ms]
      [Redirty Cards: 0.3 ms]
      [Humongous Register: 0.2 ms]
      [Humongous Reclaim: 0.0 ms]
      [Free CSet: 0.9 ms]
   [Eden: 1213.0M(1213.0M)->0.0B(1213.0M) Survivors: 15.0M->15.0M Heap: 1397.2M(2048.0M)->184.7M(2048.0M)]
 [Times: user=0.08 sys=0.00, real=0.01 secs] 
2019-07-13T04:11:43.137+0000: 326953.966: [GC pause (G1 Evacuation Pause) (young), 0.0176436 secs]
   [Parallel Time: 10.8 ms, GC Workers: 8]
      [GC Worker Start (ms): Min: 326953966.2, Avg: 326953968.3, Max: 326953976.4, Diff: 10.2]
      [Ext Root Scanning (ms): Min: 0.0, Avg: 1.1, Max: 3.4, Diff: 3.4, Sum: 9.0]
      [Update RS (ms): Min: 0.0, Avg: 1.4, Max: 2.2, Diff: 2.2, Sum: 11.5]
         [Processed Buffers: Min: 0, Avg: 9.5, Max: 25, Diff: 25, Sum: 76]
      [Scan RS (ms): Min: 0.1, Avg: 0.3, Max: 0.4, Diff: 0.3, Sum: 2.3]
      [Code Root Scanning (ms): Min: 0.0, Avg: 0.0, Max: 0.0, Diff: 0.0, Sum: 0.2]
      [Object Copy (ms): Min: 0.0, Avg: 5.1, Max: 6.1, Diff: 6.1, Sum: 40.6]
      [Termination (ms): Min: 0.0, Avg: 0.3, Max: 0.4, Diff: 0.4, Sum: 2.6]
         [Termination Attempts: Min: 1, Avg: 31.9, Max: 42, Diff: 41, Sum: 255]
      [GC Worker Other (ms): Min: 0.0, Avg: 0.0, Max: 0.1, Diff: 0.1, Sum: 0.3]
      [GC Worker Total (ms): Min: 0.2, Avg: 8.3, Max: 10.5, Diff: 10.3, Sum: 66.5]
      [GC Worker End (ms): Min: 326953976.6, Avg: 326953976.6, Max: 326953976.7, Diff: 0.1]
   [Code Root Fixup: 0.1 ms]
   [Code Root Purge: 0.0 ms]
   [Clear CT: 0.7 ms]
   [Other: 6.0 ms]
      [Choose CSet: 0.0 ms]
      [Ref Proc: 4.1 ms]
      [Ref Enq: 0.0 ms]
      [Redirty Cards: 0.4 ms]
      [Humongous Register: 0.1 ms]
      [Humongous Reclaim: 0.0 ms]
      [Free CSet: 1.0 ms]
   [Eden: 1213.0M(1213.0M)->0.0B(1212.0M) Survivors: 15.0M->16.0M Heap: 1397.7M(2048.0M)->185.8M(2048.0M)]
 [Times: user=0.07 sys=0.00, real=0.02 secs] 
2019-07-13T05:32:24.716+0000: 331795.545: [GC pause (G1 Evacuation Pause) (young), 0.0160501 secs]
   [Parallel Time: 9.1 ms, GC Workers: 8]
      [GC Worker Start (ms): Min: 331795545.8, Avg: 331795546.0, Max: 331795546.2, Diff: 0.3]
      [Ext Root Scanning (ms): Min: 0.7, Avg: 1.0, Max: 2.0, Diff: 1.3, Sum: 8.3]
      [Update RS (ms): Min: 0.5, Avg: 1.7, Max: 2.9, Diff: 2.4, Sum: 13.3]
         [Processed Buffers: Min: 1, Avg: 10.2, Max: 28, Diff: 27, Sum: 82]
      [Scan RS (ms): Min: 0.1, Avg: 0.2, Max: 0.4, Diff: 0.3, Sum: 1.9]
      [Code Root Scanning (ms): Min: 0.0, Avg: 0.0, Max: 0.1, Diff: 0.1, Sum: 0.2]
      [Object Copy (ms): Min: 4.6, Avg: 5.5, Max: 5.9, Diff: 1.3, Sum: 43.8]
      [Termination (ms): Min: 0.1, Avg: 0.1, Max: 0.1, Diff: 0.0, Sum: 0.5]
         [Termination Attempts: Min: 32, Avg: 41.5, Max: 50, Diff: 18, Sum: 332]
      [GC Worker Other (ms): Min: 0.0, Avg: 0.1, Max: 0.3, Diff: 0.2, Sum: 1.1]
      [GC Worker Total (ms): Min: 8.4, Avg: 8.6, Max: 8.8, Diff: 0.4, Sum: 69.1]
      [GC Worker End (ms): Min: 331795554.6, Avg: 331795554.7, Max: 331795554.8, Diff: 0.2]
   [Code Root Fixup: 0.1 ms]
   [Code Root Purge: 0.0 ms]
   [Clear CT: 0.5 ms]
   [Other: 6.3 ms]
      [Choose CSet: 0.0 ms]
      [Ref Proc: 4.2 ms]
      [Ref Enq: 0.0 ms]
      [Redirty Cards: 0.3 ms]
      [Humongous Register: 0.3 ms]
      [Humongous Reclaim: 0.0 ms]
      [Free CSet: 0.9 ms]
   [Eden: 1212.0M(1212.0M)->0.0B(1213.0M) Survivors: 16.0M->15.0M Heap: 1397.8M(2048.0M)->185.9M(2048.0M)]
 [Times: user=0.07 sys=0.00, real=0.02 secs] 
2019-07-13T06:54:53.346+0000: 336744.175: [GC pause (G1 Evacuation Pause) (young), 0.0171325 secs]
   [Parallel Time: 9.3 ms, GC Workers: 8]
      [GC Worker Start (ms): Min: 336744175.4, Avg: 336744175.6, Max: 336744176.0, Diff: 0.6]
      [Ext Root Scanning (ms): Min: 0.4, Avg: 1.1, Max: 2.8, Diff: 2.4, Sum: 8.8]
      [Update RS (ms): Min: 0.0, Avg: 1.4, Max: 1.6, Diff: 1.6, Sum: 10.8]
         [Processed Buffers: Min: 0, Avg: 9.9, Max: 28, Diff: 28, Sum: 79]
      [Scan RS (ms): Min: 0.1, Avg: 0.3, Max: 0.4, Diff: 0.3, Sum: 2.0]
      [Code Root Scanning (ms): Min: 0.0, Avg: 0.0, Max: 0.0, Diff: 0.0, Sum: 0.2]
      [Object Copy (ms): Min: 5.5, Avg: 5.6, Max: 5.7, Diff: 0.3, Sum: 45.1]
      [Termination (ms): Min: 0.0, Avg: 0.1, Max: 0.2, Diff: 0.1, Sum: 1.0]
         [Termination Attempts: Min: 30, Avg: 37.4, Max: 44, Diff: 14, Sum: 299]
      [GC Worker Other (ms): Min: 0.0, Avg: 0.2, Max: 0.4, Diff: 0.4, Sum: 1.5]
      [GC Worker Total (ms): Min: 8.4, Avg: 8.7, Max: 9.0, Diff: 0.6, Sum: 69.5]
      [GC Worker End (ms): Min: 336744184.1, Avg: 336744184.3, Max: 336744184.5, Diff: 0.4]
   [Code Root Fixup: 0.2 ms]
   [Code Root Purge: 0.0 ms]
   [Clear CT: 0.6 ms]
   [Other: 7.1 ms]
      [Choose CSet: 0.0 ms]
      [Ref Proc: 5.1 ms]
      [Ref Enq: 0.0 ms]
      [Redirty Cards: 0.3 ms]
      [Humongous Register: 0.3 ms]
      [Humongous Reclaim: 0.0 ms]
      [Free CSet: 0.9 ms]
   [Eden: 1213.0M(1213.0M)->0.0B(1212.0M) Survivors: 15.0M->16.0M Heap: 1398.9M(2048.0M)->187.4M(2048.0M)]
 [Times: user=0.08 sys=0.00, real=0.02 secs] 
2019-07-13T08:16:18.196+0000: 341629.025: [GC pause (G1 Evacuation Pause) (young), 0.0164265 secs]
   [Parallel Time: 8.8 ms, GC Workers: 8]
      [GC Worker Start (ms): Min: 341629025.7, Avg: 341629026.1, Max: 341629026.6, Diff: 0.9]
      [Ext Root Scanning (ms): Min: 0.3, Avg: 1.0, Max: 2.5, Diff: 2.1, Sum: 8.3]
      [Update RS (ms): Min: 0.6, Avg: 1.5, Max: 2.3, Diff: 1.7, Sum: 11.7]
         [Processed Buffers: Min: 1, Avg: 9.9, Max: 35, Diff: 34, Sum: 79]
      [Scan RS (ms): Min: 0.1, Avg: 0.3, Max: 0.4, Diff: 0.2, Sum: 2.3]
      [Code Root Scanning (ms): Min: 0.0, Avg: 0.0, Max: 0.0, Diff: 0.0, Sum: 0.1]
      [Object Copy (ms): Min: 4.7, Avg: 5.2, Max: 5.3, Diff: 0.7, Sum: 41.2]
      [Termination (ms): Min: 0.1, Avg: 0.1, Max: 0.1, Diff: 0.1, Sum: 0.9]
         [Termination Attempts: Min: 24, Avg: 31.9, Max: 37, Diff: 13, Sum: 255]
      [GC Worker Other (ms): Min: 0.0, Avg: 0.1, Max: 0.2, Diff: 0.1, Sum: 0.7]
      [GC Worker Total (ms): Min: 7.6, Avg: 8.2, Max: 8.5, Diff: 0.9, Sum: 65.2]
      [GC Worker End (ms): Min: 341629034.2, Avg: 341629034.2, Max: 341629034.3, Diff: 0.1]
   [Code Root Fixup: 0.1 ms]
   [Code Root Purge: 0.0 ms]
   [Clear CT: 0.5 ms]
   [Other: 7.0 ms]
      [Choose CSet: 0.0 ms]
      [Ref Proc: 4.9 ms]
      [Ref Enq: 0.0 ms]
      [Redirty Cards: 0.3 ms]
      [Humongous Register: 0.2 ms]
      [Humongous Reclaim: 0.0 ms]
      [Free CSet: 1.0 ms]
   [Eden: 1212.0M(1212.0M)->0.0B(1211.0M) Survivors: 16.0M->17.0M Heap: 1399.4M(2048.0M)->189.0M(2048.0M)]
 [Times: user=0.07 sys=0.00, real=0.02 secs] 
2019-07-13T09:38:26.144+0000: 346556.974: [GC pause (G1 Evacuation Pause) (young), 0.0633025 secs]
   [Parallel Time: 56.3 ms, GC Workers: 8]
      [GC Worker Start (ms): Min: 346556974.1, Avg: 346556974.3, Max: 346556974.7, Diff: 0.6]
      [Ext Root Scanning (ms): Min: 1.0, Avg: 8.3, Max: 55.4, Diff: 54.4, Sum: 66.8]
      [Update RS (ms): Min: 0.0, Avg: 1.5, Max: 2.2, Diff: 2.2, Sum: 12.3]
         [Processed Buffers: Min: 0, Avg: 9.9, Max: 44, Diff: 44, Sum: 79]
      [Scan RS (ms): Min: 0.1, Avg: 0.3, Max: 0.4, Diff: 0.3, Sum: 2.5]
      [Code Root Scanning (ms): Min: 0.0, Avg: 0.0, Max: 0.0, Diff: 0.0, Sum: 0.2]
      [Object Copy (ms): Min: 0.1, Avg: 5.8, Max: 7.0, Diff: 6.9, Sum: 46.3]
      [Termination (ms): Min: 0.0, Avg: 39.6, Max: 45.4, Diff: 45.4, Sum: 316.7]
         [Termination Attempts: Min: 1, Avg: 42.5, Max: 59, Diff: 58, Sum: 340]
      [GC Worker Other (ms): Min: 0.0, Avg: 0.1, Max: 0.1, Diff: 0.1, Sum: 0.5]
      [GC Worker Total (ms): Min: 55.4, Avg: 55.7, Max: 56.0, Diff: 0.6, Sum: 445.3]
      [GC Worker End (ms): Min: 346557030.0, Avg: 346557030.0, Max: 346557030.1, Diff: 0.1]
   [Code Root Fixup: 0.1 ms]
   [Code Root Purge: 0.0 ms]
   [Clear CT: 0.6 ms]
   [Other: 6.4 ms]
      [Choose CSet: 0.0 ms]
      [Ref Proc: 4.5 ms]
      [Ref Enq: 0.0 ms]
      [Redirty Cards: 0.4 ms]
      [Humongous Register: 0.2 ms]
      [Humongous Reclaim: 0.0 ms]
      [Free CSet: 1.0 ms]
   [Eden: 1211.0M(1211.0M)->0.0B(1211.0M) Survivors: 17.0M->17.0M Heap: 1400.0M(2048.0M)->189.0M(2048.0M)]
 [Times: user=0.39 sys=0.00, real=0.06 secs] 
2019-07-13T11:00:05.770+0000: 351456.599: [GC pause (G1 Evacuation Pause) (young), 0.0212928 secs]
   [Parallel Time: 14.0 ms, GC Workers: 8]
      [GC Worker Start (ms): Min: 351456599.9, Avg: 351456600.7, Max: 351456605.3, Diff: 5.4]
      [Ext Root Scanning (ms): Min: 0.0, Avg: 0.9, Max: 2.0, Diff: 2.0, Sum: 7.1]
      [Update RS (ms): Min: 0.0, Avg: 1.2, Max: 1.8, Diff: 1.8, Sum: 9.5]
         [Processed Buffers: Min: 0, Avg: 9.9, Max: 25, Diff: 25, Sum: 79]
      [Scan RS (ms): Min: 0.1, Avg: 0.2, Max: 0.3, Diff: 0.2, Sum: 1.7]
      [Code Root Scanning (ms): Min: 0.0, Avg: 0.0, Max: 0.0, Diff: 0.0, Sum: 0.1]
      [Object Copy (ms): Min: 2.5, Avg: 4.9, Max: 5.5, Diff: 3.0, Sum: 39.2]
      [Termination (ms): Min: 0.0, Avg: 0.8, Max: 5.3, Diff: 5.3, Sum: 6.3]
         [Termination Attempts: Min: 1, Avg: 39.0, Max: 49, Diff: 48, Sum: 312]
      [GC Worker Other (ms): Min: 0.0, Avg: 0.0, Max: 0.1, Diff: 0.1, Sum: 0.3]
      [GC Worker Total (ms): Min: 2.8, Avg: 8.1, Max: 12.9, Diff: 10.1, Sum: 64.4]
      [GC Worker End (ms): Min: 351456608.1, Avg: 351456608.7, Max: 351456613.2, Diff: 5.1]
   [Code Root Fixup: 0.2 ms]
   [Code Root Purge: 0.0 ms]
   [Clear CT: 0.6 ms]
   [Other: 6.6 ms]
      [Choose CSet: 0.0 ms]
      [Ref Proc: 4.5 ms]
      [Ref Enq: 0.0 ms]
      [Redirty Cards: 0.4 ms]
      [Humongous Register: 0.2 ms]
      [Humongous Reclaim: 0.0 ms]
      [Free CSet: 1.0 ms]
   [Eden: 1211.0M(1211.0M)->0.0B(1212.0M) Survivors: 17.0M->16.0M Heap: 1400.0M(2048.0M)->189.1M(2048.0M)]
 [Times: user=0.07 sys=0.00, real=0.03 secs] 
2019-07-13T12:21:51.642+0000: 356362.472: [GC pause (G1 Evacuation Pause) (young), 0.0186282 secs]
   [Parallel Time: 11.7 ms, GC Workers: 8]
      [GC Worker Start (ms): Min: 356362472.1, Avg: 356362474.2, Max: 356362482.3, Diff: 10.2]
      [Ext Root Scanning (ms): Min: 0.0, Avg: 1.9, Max: 7.9, Diff: 7.9, Sum: 15.6]
      [Update RS (ms): Min: 0.0, Avg: 1.4, Max: 2.4, Diff: 2.4, Sum: 11.5]
         [Processed Buffers: Min: 0, Avg: 9.4, Max: 50, Diff: 50, Sum: 75]
      [Scan RS (ms): Min: 0.1, Avg: 0.2, Max: 0.4, Diff: 0.3, Sum: 2.0]
      [Code Root Scanning (ms): Min: 0.0, Avg: 0.0, Max: 0.1, Diff: 0.1, Sum: 0.1]
      [Object Copy (ms): Min: 0.9, Avg: 5.5, Max: 7.0, Diff: 6.2, Sum: 43.9]
      [Termination (ms): Min: 0.0, Avg: 0.2, Max: 0.3, Diff: 0.3, Sum: 1.6]
         [Termination Attempts: Min: 9, Avg: 36.5, Max: 46, Diff: 37, Sum: 292]
      [GC Worker Other (ms): Min: 0.0, Avg: 0.0, Max: 0.1, Diff: 0.1, Sum: 0.3]
      [GC Worker Total (ms): Min: 1.3, Avg: 9.4, Max: 11.5, Diff: 10.2, Sum: 75.1]
      [GC Worker End (ms): Min: 356362483.6, Avg: 356362483.6, Max: 356362483.6, Diff: 0.1]
   [Code Root Fixup: 0.1 ms]
   [Code Root Purge: 0.0 ms]
   [Clear CT: 0.5 ms]
   [Other: 6.3 ms]
      [Choose CSet: 0.0 ms]
      [Ref Proc: 4.4 ms]
      [Ref Enq: 0.1 ms]
      [Redirty Cards: 0.3 ms]
      [Humongous Register: 0.2 ms]
      [Humongous Reclaim: 0.0 ms]
      [Free CSet: 1.0 ms]
   [Eden: 1212.0M(1212.0M)->0.0B(1211.0M) Survivors: 16.0M->17.0M Heap: 1401.1M(2048.0M)->190.6M(2048.0M)]
 [Times: user=0.07 sys=0.00, real=0.02 secs] 
2019-07-13T13:43:45.327+0000: 361276.156: [GC pause (G1 Evacuation Pause) (young), 0.0173451 secs]
   [Parallel Time: 10.7 ms, GC Workers: 8]
      [GC Worker Start (ms): Min: 361276156.6, Avg: 361276157.6, Max: 361276159.4, Diff: 2.9]
      [Ext Root Scanning (ms): Min: 0.0, Avg: 1.6, Max: 4.9, Diff: 4.9, Sum: 12.5]
      [Update RS (ms): Min: 0.3, Avg: 2.6, Max: 3.1, Diff: 2.8, Sum: 20.5]
         [Processed Buffers: Min: 2, Avg: 9.8, Max: 29, Diff: 27, Sum: 78]
      [Scan RS (ms): Min: 0.1, Avg: 0.2, Max: 0.3, Diff: 0.2, Sum: 1.8]
      [Code Root Scanning (ms): Min: 0.0, Avg: 0.0, Max: 0.0, Diff: 0.0, Sum: 0.1]
      [Object Copy (ms): Min: 4.7, Avg: 4.8, Max: 4.9, Diff: 0.2, Sum: 38.4]
      [Termination (ms): Min: 0.1, Avg: 0.1, Max: 0.1, Diff: 0.1, Sum: 0.6]
         [Termination Attempts: Min: 36, Avg: 42.8, Max: 54, Diff: 18, Sum: 342]
      [GC Worker Other (ms): Min: 0.0, Avg: 0.2, Max: 1.1, Diff: 1.0, Sum: 2.0]
      [GC Worker Total (ms): Min: 7.7, Avg: 9.5, Max: 10.5, Diff: 2.9, Sum: 76.0]
      [GC Worker End (ms): Min: 361276167.0, Avg: 361276167.1, Max: 361276167.1, Diff: 0.2]
   [Code Root Fixup: 0.1 ms]
   [Code Root Purge: 0.0 ms]
   [Clear CT: 0.6 ms]
   [Other: 5.9 ms]
      [Choose CSet: 0.0 ms]
      [Ref Proc: 4.0 ms]
      [Ref Enq: 0.0 ms]
      [Redirty Cards: 0.3 ms]
      [Humongous Register: 0.2 ms]
      [Humongous Reclaim: 0.0 ms]
      [Free CSet: 1.0 ms]
   [Eden: 1211.0M(1211.0M)->0.0B(1212.0M) Survivors: 17.0M->16.0M Heap: 1401.6M(2048.0M)->189.7M(2048.0M)]
 [Times: user=0.09 sys=0.00, real=0.02 secs] 
2019-07-13T15:05:41.964+0000: 366192.793: [GC pause (G1 Evacuation Pause) (young), 0.0189112 secs]
   [Parallel Time: 11.9 ms, GC Workers: 8]
      [GC Worker Start (ms): Min: 366192793.5, Avg: 366192796.0, Max: 366192803.8, Diff: 10.3]
      [Ext Root Scanning (ms): Min: 0.0, Avg: 1.0, Max: 3.5, Diff: 3.5, Sum: 8.3]
      [Update RS (ms): Min: 0.0, Avg: 1.8, Max: 2.9, Diff: 2.9, Sum: 14.7]
         [Processed Buffers: Min: 0, Avg: 9.8, Max: 41, Diff: 41, Sum: 78]
      [Scan RS (ms): Min: 0.1, Avg: 0.2, Max: 0.3, Diff: 0.2, Sum: 1.8]
      [Code Root Scanning (ms): Min: 0.0, Avg: 0.0, Max: 0.1, Diff: 0.1, Sum: 0.2]
      [Object Copy (ms): Min: 1.1, Avg: 5.9, Max: 7.3, Diff: 6.2, Sum: 46.8]
      [Termination (ms): Min: 0.1, Avg: 0.1, Max: 0.1, Diff: 0.1, Sum: 0.8]
         [Termination Attempts: Min: 31, Avg: 42.4, Max: 51, Diff: 20, Sum: 339]
      [GC Worker Other (ms): Min: 0.0, Avg: 0.1, Max: 0.2, Diff: 0.2, Sum: 0.8]
      [GC Worker Total (ms): Min: 1.3, Avg: 9.2, Max: 11.7, Diff: 10.4, Sum: 73.4]
      [GC Worker End (ms): Min: 366192805.1, Avg: 366192805.2, Max: 366192805.3, Diff: 0.2]
   [Code Root Fixup: 0.1 ms]
   [Code Root Purge: 0.0 ms]
   [Clear CT: 0.6 ms]
   [Other: 6.3 ms]
      [Choose CSet: 0.0 ms]
      [Ref Proc: 3.9 ms]
      [Ref Enq: 0.0 ms]
      [Redirty Cards: 0.4 ms]
      [Humongous Register: 0.3 ms]
      [Humongous Reclaim: 0.0 ms]
      [Free CSet: 1.2 ms]
   [Eden: 1212.0M(1212.0M)->0.0B(1210.0M) Survivors: 16.0M->18.0M Heap: 1401.7M(2048.0M)->192.2M(2048.0M)]
 [Times: user=0.08 sys=0.00, real=0.02 secs] 
2019-07-13T16:26:46.745+0000: 371057.574: [GC pause (G1 Evacuation Pause) (young), 0.0192262 secs]
   [Parallel Time: 12.2 ms, GC Workers: 8]
      [GC Worker Start (ms): Min: 371057574.7, Avg: 371057575.4, Max: 371057575.6, Diff: 0.9]
      [Ext Root Scanning (ms): Min: 0.7, Avg: 1.1, Max: 3.2, Diff: 2.5, Sum: 8.9]
      [Update RS (ms): Min: 0.0, Avg: 1.3, Max: 1.7, Diff: 1.7, Sum: 10.6]
         [Processed Buffers: Min: 1, Avg: 9.8, Max: 22, Diff: 21, Sum: 78]
      [Scan RS (ms): Min: 0.1, Avg: 0.3, Max: 0.4, Diff: 0.3, Sum: 2.4]
      [Code Root Scanning (ms): Min: 0.0, Avg: 0.0, Max: 0.1, Diff: 0.1, Sum: 0.2]
      [Object Copy (ms): Min: 8.1, Avg: 8.2, Max: 8.2, Diff: 0.2, Sum: 65.3]
      [Termination (ms): Min: 0.1, Avg: 0.2, Max: 0.2, Diff: 0.1, Sum: 1.2]
         [Termination Attempts: Min: 48, Avg: 89.8, Max: 104, Diff: 56, Sum: 718]
      [GC Worker Other (ms): Min: 0.0, Avg: 0.1, Max: 0.3, Diff: 0.2, Sum: 0.9]
      [GC Worker Total (ms): Min: 10.9, Avg: 11.2, Max: 11.8, Diff: 0.9, Sum: 89.4]
      [GC Worker End (ms): Min: 371057586.5, Avg: 371057586.5, Max: 371057586.7, Diff: 0.2]
   [Code Root Fixup: 0.1 ms]
   [Code Root Purge: 0.0 ms]
   [Clear CT: 0.5 ms]
   [Other: 6.3 ms]
      [Choose CSet: 0.0 ms]
      [Ref Proc: 4.1 ms]
      [Ref Enq: 0.1 ms]
      [Redirty Cards: 0.4 ms]
      [Humongous Register: 0.1 ms]
      [Humongous Reclaim: 0.0 ms]
      [Free CSet: 1.3 ms]
   [Eden: 1210.0M(1210.0M)->0.0B(1211.0M) Survivors: 18.0M->17.0M Heap: 1402.2M(2048.0M)->191.8M(2048.0M)]
 [Times: user=0.10 sys=0.00, real=0.02 secs] 
2019-07-13T17:48:54.457+0000: 375985.286: [GC pause (G1 Evacuation Pause) (young), 0.0152189 secs]
   [Parallel Time: 8.7 ms, GC Workers: 8]
      [GC Worker Start (ms): Min: 375985286.3, Avg: 375985286.9, Max: 375985287.8, Diff: 1.5]
      [Ext Root Scanning (ms): Min: 0.0, Avg: 0.9, Max: 2.4, Diff: 2.4, Sum: 7.3]
      [Update RS (ms): Min: 0.1, Avg: 1.0, Max: 1.4, Diff: 1.3, Sum: 8.2]
         [Processed Buffers: Min: 2, Avg: 9.9, Max: 19, Diff: 17, Sum: 79]
      [Scan RS (ms): Min: 0.1, Avg: 0.2, Max: 0.3, Diff: 0.2, Sum: 1.7]
      [Code Root Scanning (ms): Min: 0.0, Avg: 0.0, Max: 0.0, Diff: 0.0, Sum: 0.1]
      [Object Copy (ms): Min: 5.3, Avg: 5.4, Max: 5.5, Diff: 0.2, Sum: 43.4]
      [Termination (ms): Min: 0.1, Avg: 0.2, Max: 0.2, Diff: 0.2, Sum: 1.2]
         [Termination Attempts: Min: 40, Avg: 60.6, Max: 68, Diff: 28, Sum: 485]
      [GC Worker Other (ms): Min: 0.0, Avg: 0.1, Max: 0.2, Diff: 0.1, Sum: 0.7]
      [GC Worker Total (ms): Min: 6.9, Avg: 7.8, Max: 8.4, Diff: 1.5, Sum: 62.8]
      [GC Worker End (ms): Min: 375985294.6, Avg: 375985294.7, Max: 375985294.8, Diff: 0.1]
   [Code Root Fixup: 0.1 ms]
   [Code Root Purge: 0.0 ms]
   [Clear CT: 0.6 ms]
   [Other: 5.9 ms]
      [Choose CSet: 0.0 ms]
      [Ref Proc: 4.1 ms]
      [Ref Enq: 0.0 ms]
      [Redirty Cards: 0.3 ms]
      [Humongous Register: 0.1 ms]
      [Humongous Reclaim: 0.0 ms]
      [Free CSet: 1.0 ms]
   [Eden: 1211.0M(1211.0M)->0.0B(1212.0M) Survivors: 17.0M->16.0M Heap: 1402.8M(2048.0M)->191.8M(2048.0M)]
 [Times: user=0.07 sys=0.00, real=0.02 secs] 
2019-07-13T19:10:46.271+0000: 380897.101: [GC pause (G1 Evacuation Pause) (young), 0.0164412 secs]
   [Parallel Time: 9.6 ms, GC Workers: 8]
      [GC Worker Start (ms): Min: 380897101.0, Avg: 380897101.2, Max: 380897101.3, Diff: 0.4]
      [Ext Root Scanning (ms): Min: 0.7, Avg: 1.3, Max: 2.4, Diff: 1.7, Sum: 10.1]
      [Update RS (ms): Min: 0.3, Avg: 1.3, Max: 2.0, Diff: 1.7, Sum: 10.5]
         [Processed Buffers: Min: 2, Avg: 9.8, Max: 30, Diff: 28, Sum: 78]
      [Scan RS (ms): Min: 0.1, Avg: 0.2, Max: 0.3, Diff: 0.2, Sum: 1.9]
      [Code Root Scanning (ms): Min: 0.0, Avg: 0.0, Max: 0.0, Diff: 0.0, Sum: 0.1]
      [Object Copy (ms): Min: 5.6, Avg: 6.1, Max: 6.4, Diff: 0.8, Sum: 48.6]
      [Termination (ms): Min: 0.1, Avg: 0.1, Max: 0.2, Diff: 0.1, Sum: 0.9]
         [Termination Attempts: Min: 39, Avg: 44.0, Max: 48, Diff: 9, Sum: 352]
      [GC Worker Other (ms): Min: 0.0, Avg: 0.1, Max: 0.2, Diff: 0.2, Sum: 1.1]
      [GC Worker Total (ms): Min: 9.0, Avg: 9.2, Max: 9.4, Diff: 0.4, Sum: 73.3]
      [GC Worker End (ms): Min: 380897110.2, Avg: 380897110.3, Max: 380897110.4, Diff: 0.2]
   [Code Root Fixup: 0.1 ms]
   [Code Root Purge: 0.0 ms]
   [Clear CT: 0.6 ms]
   [Other: 6.1 ms]
      [Choose CSet: 0.0 ms]
      [Ref Proc: 4.1 ms]
      [Ref Enq: 0.0 ms]
      [Redirty Cards: 0.3 ms]
      [Humongous Register: 0.2 ms]
      [Humongous Reclaim: 0.0 ms]
      [Free CSet: 1.2 ms]
   [Eden: 1212.0M(1212.0M)->0.0B(1211.0M) Survivors: 16.0M->17.0M Heap: 1403.8M(2048.0M)->192.9M(2048.0M)]
 [Times: user=0.08 sys=0.00, real=0.01 secs] 
2019-07-13T20:28:02.536+0000: 385533.365: [GC pause (G1 Evacuation Pause) (young), 0.0176742 secs]
   [Parallel Time: 10.9 ms, GC Workers: 8]
      [GC Worker Start (ms): Min: 385533365.9, Avg: 385533366.0, Max: 385533366.2, Diff: 0.3]
      [Ext Root Scanning (ms): Min: 0.9, Avg: 1.2, Max: 2.0, Diff: 1.1, Sum: 9.9]
      [Update RS (ms): Min: 0.7, Avg: 1.4, Max: 1.8, Diff: 1.1, Sum: 11.1]
         [Processed Buffers: Min: 1, Avg: 10.1, Max: 45, Diff: 44, Sum: 81]
      [Scan RS (ms): Min: 0.2, Avg: 0.3, Max: 0.4, Diff: 0.2, Sum: 2.0]
      [Code Root Scanning (ms): Min: 0.0, Avg: 0.0, Max: 0.1, Diff: 0.1, Sum: 0.2]
      [Object Copy (ms): Min: 7.0, Avg: 7.3, Max: 7.5, Diff: 0.5, Sum: 58.1]
      [Termination (ms): Min: 0.0, Avg: 0.2, Max: 0.2, Diff: 0.2, Sum: 1.7]
         [Termination Attempts: Min: 28, Avg: 43.0, Max: 56, Diff: 28, Sum: 344]
      [GC Worker Other (ms): Min: 0.0, Avg: 0.1, Max: 0.2, Diff: 0.2, Sum: 0.8]
      [GC Worker Total (ms): Min: 10.3, Avg: 10.5, Max: 10.6, Diff: 0.4, Sum: 83.7]
      [GC Worker End (ms): Min: 385533376.4, Avg: 385533376.5, Max: 385533376.6, Diff: 0.1]
   [Code Root Fixup: 0.1 ms]
   [Code Root Purge: 0.0 ms]
   [Clear CT: 0.5 ms]
   [Other: 6.1 ms]
      [Choose CSet: 0.0 ms]
      [Ref Proc: 4.1 ms]
      [Ref Enq: 0.0 ms]
      [Redirty Cards: 0.3 ms]
      [Humongous Register: 0.3 ms]
      [Humongous Reclaim: 0.0 ms]
      [Free CSet: 0.9 ms]
   [Eden: 1211.0M(1211.0M)->0.0B(1211.0M) Survivors: 17.0M->17.0M Heap: 1403.9M(2048.0M)->193.9M(2048.0M)]
 [Times: user=0.09 sys=0.00, real=0.02 secs] 
2019-07-13T21:50:10.108+0000: 390460.937: [GC pause (G1 Evacuation Pause) (young), 0.0171483 secs]
   [Parallel Time: 9.9 ms, GC Workers: 8]
      [GC Worker Start (ms): Min: 390460938.0, Avg: 390460938.3, Max: 390460938.4, Diff: 0.4]
      [Ext Root Scanning (ms): Min: 0.7, Avg: 1.0, Max: 2.4, Diff: 1.7, Sum: 8.3]
      [Update RS (ms): Min: 0.1, Avg: 1.2, Max: 1.7, Diff: 1.6, Sum: 9.8]
         [Processed Buffers: Min: 2, Avg: 9.9, Max: 21, Diff: 19, Sum: 79]
      [Scan RS (ms): Min: 0.1, Avg: 0.2, Max: 0.3, Diff: 0.2, Sum: 1.9]
      [Code Root Scanning (ms): Min: 0.0, Avg: 0.0, Max: 0.1, Diff: 0.1, Sum: 0.2]
      [Object Copy (ms): Min: 6.3, Avg: 6.4, Max: 6.5, Diff: 0.2, Sum: 51.3]
      [Termination (ms): Min: 0.1, Avg: 0.1, Max: 0.2, Diff: 0.1, Sum: 1.1]
         [Termination Attempts: Min: 44, Avg: 53.1, Max: 67, Diff: 23, Sum: 425]
      [GC Worker Other (ms): Min: 0.0, Avg: 0.1, Max: 0.3, Diff: 0.3, Sum: 1.1]
      [GC Worker Total (ms): Min: 9.0, Avg: 9.2, Max: 9.5, Diff: 0.5, Sum: 73.7]
      [GC Worker End (ms): Min: 390460947.4, Avg: 390460947.5, Max: 390460947.6, Diff: 0.3]
   [Code Root Fixup: 0.1 ms]
   [Code Root Purge: 0.0 ms]
   [Clear CT: 0.6 ms]
   [Other: 6.5 ms]
      [Choose CSet: 0.0 ms]
      [Ref Proc: 4.4 ms]
      [Ref Enq: 0.0 ms]
      [Redirty Cards: 0.3 ms]
      [Humongous Register: 0.3 ms]
      [Humongous Reclaim: 0.0 ms]
      [Free CSet: 1.0 ms]
   [Eden: 1211.0M(1211.0M)->0.0B(1211.0M) Survivors: 17.0M->17.0M Heap: 1404.9M(2048.0M)->194.0M(2048.0M)]
 [Times: user=0.08 sys=0.00, real=0.02 secs] 
2019-07-13T23:11:29.413+0000: 395340.242: [GC pause (G1 Evacuation Pause) (young), 0.0181265 secs]
   [Parallel Time: 11.2 ms, GC Workers: 8]
      [GC Worker Start (ms): Min: 395340243.0, Avg: 395340243.3, Max: 395340243.5, Diff: 0.4]
      [Ext Root Scanning (ms): Min: 1.3, Avg: 1.8, Max: 4.0, Diff: 2.8, Sum: 14.4]
      [Update RS (ms): Min: 0.0, Avg: 1.7, Max: 2.3, Diff: 2.3, Sum: 13.7]
         [Processed Buffers: Min: 0, Avg: 9.8, Max: 49, Diff: 49, Sum: 78]
      [Scan RS (ms): Min: 0.1, Avg: 0.3, Max: 0.4, Diff: 0.3, Sum: 2.4]
      [Code Root Scanning (ms): Min: 0.0, Avg: 0.0, Max: 0.1, Diff: 0.1, Sum: 0.2]
      [Object Copy (ms): Min: 6.5, Avg: 6.7, Max: 6.8, Diff: 0.3, Sum: 53.6]
      [Termination (ms): Min: 0.1, Avg: 0.1, Max: 0.1, Diff: 0.0, Sum: 0.7]
         [Termination Attempts: Min: 29, Avg: 38.6, Max: 46, Diff: 17, Sum: 309]
      [GC Worker Other (ms): Min: 0.0, Avg: 0.1, Max: 0.2, Diff: 0.2, Sum: 0.8]
      [GC Worker Total (ms): Min: 10.5, Avg: 10.7, Max: 10.9, Diff: 0.5, Sum: 85.8]
      [GC Worker End (ms): Min: 395340253.9, Avg: 395340254.0, Max: 395340254.1, Diff: 0.1]
   [Code Root Fixup: 0.1 ms]
   [Code Root Purge: 0.0 ms]
   [Clear CT: 0.7 ms]
   [Other: 6.1 ms]
      [Choose CSet: 0.0 ms]
      [Ref Proc: 3.9 ms]
      [Ref Enq: 0.0 ms]
      [Redirty Cards: 0.3 ms]
      [Humongous Register: 0.4 ms]
      [Humongous Reclaim: 0.0 ms]
      [Free CSet: 1.0 ms]
   [Eden: 1211.0M(1211.0M)->0.0B(1210.0M) Survivors: 17.0M->18.0M Heap: 1405.0M(2048.0M)->195.5M(2048.0M)]
 [Times: user=0.10 sys=0.00, real=0.02 secs] 
2019-07-14T00:33:08.389+0000: 400239.218: [GC pause (G1 Evacuation Pause) (young), 0.0199022 secs]
   [Parallel Time: 13.0 ms, GC Workers: 8]
      [GC Worker Start (ms): Min: 400239218.5, Avg: 400239218.8, Max: 400239219.1, Diff: 0.6]
      [Ext Root Scanning (ms): Min: 0.6, Avg: 1.1, Max: 2.3, Diff: 1.7, Sum: 8.9]
      [Update RS (ms): Min: 1.2, Avg: 2.1, Max: 2.8, Diff: 1.6, Sum: 17.1]
         [Processed Buffers: Min: 1, Avg: 9.9, Max: 37, Diff: 36, Sum: 79]
      [Scan RS (ms): Min: 0.2, Avg: 0.3, Max: 0.5, Diff: 0.3, Sum: 2.7]
      [Code Root Scanning (ms): Min: 0.0, Avg: 0.0, Max: 0.1, Diff: 0.1, Sum: 0.2]
      [Object Copy (ms): Min: 8.2, Avg: 8.5, Max: 8.6, Diff: 0.4, Sum: 67.6]
      [Termination (ms): Min: 0.1, Avg: 0.2, Max: 0.2, Diff: 0.1, Sum: 1.3]
         [Termination Attempts: Min: 40, Avg: 87.2, Max: 113, Diff: 73, Sum: 698]
      [GC Worker Other (ms): Min: 0.0, Avg: 0.1, Max: 0.2, Diff: 0.1, Sum: 0.8]
      [GC Worker Total (ms): Min: 12.0, Avg: 12.3, Max: 12.6, Diff: 0.6, Sum: 98.7]
      [GC Worker End (ms): Min: 400239231.0, Avg: 400239231.1, Max: 400239231.2, Diff: 0.2]
   [Code Root Fixup: 0.1 ms]
   [Code Root Purge: 0.0 ms]
   [Clear CT: 0.7 ms]
   [Other: 6.2 ms]
      [Choose CSet: 0.0 ms]
      [Ref Proc: 4.1 ms]
      [Ref Enq: 0.0 ms]
      [Redirty Cards: 0.4 ms]
      [Humongous Register: 0.3 ms]
      [Humongous Reclaim: 0.0 ms]
      [Free CSet: 0.9 ms]
   [Eden: 1210.0M(1210.0M)->0.0B(1212.0M) Survivors: 18.0M->16.0M Heap: 1405.5M(2048.0M)->194.7M(2048.0M)]
 [Times: user=0.11 sys=0.00, real=0.02 secs] 
2019-07-14T01:55:41.830+0000: 405192.659: [GC pause (G1 Evacuation Pause) (young), 0.0185501 secs]
   [Parallel Time: 10.6 ms, GC Workers: 8]
      [GC Worker Start (ms): Min: 405192659.7, Avg: 405192659.9, Max: 405192660.1, Diff: 0.3]
      [Ext Root Scanning (ms): Min: 1.4, Avg: 1.8, Max: 3.0, Diff: 1.6, Sum: 14.2]
      [Update RS (ms): Min: 0.3, Avg: 1.3, Max: 1.8, Diff: 1.4, Sum: 10.8]
         [Processed Buffers: Min: 2, Avg: 10.1, Max: 38, Diff: 36, Sum: 81]
      [Scan RS (ms): Min: 0.1, Avg: 0.3, Max: 0.4, Diff: 0.3, Sum: 2.0]
      [Code Root Scanning (ms): Min: 0.0, Avg: 0.0, Max: 0.1, Diff: 0.1, Sum: 0.2]
      [Object Copy (ms): Min: 6.5, Avg: 6.6, Max: 6.7, Diff: 0.2, Sum: 52.8]
      [Termination (ms): Min: 0.1, Avg: 0.1, Max: 0.1, Diff: 0.0, Sum: 0.6]
         [Termination Attempts: Min: 33, Avg: 37.9, Max: 44, Diff: 11, Sum: 303]
      [GC Worker Other (ms): Min: 0.0, Avg: 0.1, Max: 0.2, Diff: 0.2, Sum: 0.8]
      [GC Worker Total (ms): Min: 10.0, Avg: 10.2, Max: 10.4, Diff: 0.4, Sum: 81.3]
      [GC Worker End (ms): Min: 405192670.0, Avg: 405192670.1, Max: 405192670.2, Diff: 0.2]
   [Code Root Fixup: 0.1 ms]
   [Code Root Purge: 0.0 ms]
   [Clear CT: 0.6 ms]
   [Other: 7.2 ms]
      [Choose CSet: 0.0 ms]
      [Ref Proc: 5.2 ms]
      [Ref Enq: 0.0 ms]
      [Redirty Cards: 0.3 ms]
      [Humongous Register: 0.2 ms]
      [Humongous Reclaim: 0.0 ms]
      [Free CSet: 1.0 ms]
   [Eden: 1212.0M(1212.0M)->0.0B(1212.0M) Survivors: 16.0M->16.0M Heap: 1406.7M(2048.0M)->194.8M(2048.0M)]
 [Times: user=0.09 sys=0.00, real=0.02 secs] 
2019-07-14T03:16:38.259+0000: 410049.088: [GC pause (G1 Evacuation Pause) (young), 0.0163183 secs]
   [Parallel Time: 9.2 ms, GC Workers: 8]
      [GC Worker Start (ms): Min: 410049088.5, Avg: 410049088.8, Max: 410049089.2, Diff: 0.6]
      [Ext Root Scanning (ms): Min: 0.5, Avg: 1.0, Max: 2.3, Diff: 1.9, Sum: 8.4]
      [Update RS (ms): Min: 0.1, Avg: 1.2, Max: 1.6, Diff: 1.5, Sum: 9.7]
         [Processed Buffers: Min: 1, Avg: 9.5, Max: 30, Diff: 29, Sum: 76]
      [Scan RS (ms): Min: 0.1, Avg: 0.2, Max: 0.4, Diff: 0.3, Sum: 1.9]
      [Code Root Scanning (ms): Min: 0.0, Avg: 0.0, Max: 0.1, Diff: 0.1, Sum: 0.1]
      [Object Copy (ms): Min: 5.9, Avg: 6.0, Max: 6.1, Diff: 0.2, Sum: 47.9]
      [Termination (ms): Min: 0.1, Avg: 0.1, Max: 0.1, Diff: 0.0, Sum: 0.8]
         [Termination Attempts: Min: 54, Avg: 87.6, Max: 103, Diff: 49, Sum: 701]
      [GC Worker Other (ms): Min: 0.0, Avg: 0.1, Max: 0.2, Diff: 0.2, Sum: 0.8]
      [GC Worker Total (ms): Min: 8.4, Avg: 8.7, Max: 8.9, Diff: 0.5, Sum: 69.5]
      [GC Worker End (ms): Min: 410049097.4, Avg: 410049097.5, Max: 410049097.6, Diff: 0.2]
   [Code Root Fixup: 0.2 ms]
   [Code Root Purge: 0.0 ms]
   [Clear CT: 0.5 ms]
   [Other: 6.4 ms]
      [Choose CSet: 0.0 ms]
      [Ref Proc: 4.5 ms]
      [Ref Enq: 0.0 ms]
      [Redirty Cards: 0.3 ms]
      [Humongous Register: 0.2 ms]
      [Humongous Reclaim: 0.0 ms]
      [Free CSet: 1.0 ms]
   [Eden: 1212.0M(1212.0M)->0.0B(1212.0M) Survivors: 16.0M->16.0M Heap: 1406.8M(2048.0M)->195.9M(2048.0M)]
 [Times: user=0.08 sys=0.00, real=0.02 secs] 
2019-07-14T04:38:53.925+0000: 414984.754: [GC pause (G1 Evacuation Pause) (young), 0.0184099 secs]
   [Parallel Time: 11.2 ms, GC Workers: 8]
      [GC Worker Start (ms): Min: 414984755.0, Avg: 414984755.2, Max: 414984755.4, Diff: 0.3]
      [Ext Root Scanning (ms): Min: 0.8, Avg: 1.3, Max: 3.0, Diff: 2.2, Sum: 10.3]
      [Update RS (ms): Min: 0.0, Avg: 1.4, Max: 2.3, Diff: 2.2, Sum: 11.5]
         [Processed Buffers: Min: 0, Avg: 9.4, Max: 32, Diff: 32, Sum: 75]
      [Scan RS (ms): Min: 0.1, Avg: 0.3, Max: 0.4, Diff: 0.3, Sum: 2.4]
      [Code Root Scanning (ms): Min: 0.0, Avg: 0.0, Max: 0.1, Diff: 0.1, Sum: 0.2]
      [Object Copy (ms): Min: 7.0, Avg: 7.4, Max: 7.5, Diff: 0.5, Sum: 59.2]
      [Termination (ms): Min: 0.1, Avg: 0.1, Max: 0.2, Diff: 0.1, Sum: 0.8]
         [Termination Attempts: Min: 36, Avg: 43.6, Max: 50, Diff: 14, Sum: 349]
      [GC Worker Other (ms): Min: 0.0, Avg: 0.1, Max: 0.2, Diff: 0.2, Sum: 0.9]
      [GC Worker Total (ms): Min: 10.5, Avg: 10.7, Max: 10.8, Diff: 0.3, Sum: 85.5]
      [GC Worker End (ms): Min: 414984765.8, Avg: 414984765.9, Max: 414984766.0, Diff: 0.1]
   [Code Root Fixup: 0.1 ms]
   [Code Root Purge: 0.0 ms]
   [Clear CT: 0.6 ms]
   [Other: 6.5 ms]
      [Choose CSet: 0.0 ms]
      [Ref Proc: 4.5 ms]
      [Ref Enq: 0.0 ms]
      [Redirty Cards: 0.3 ms]
      [Humongous Register: 0.4 ms]
      [Humongous Reclaim: 0.0 ms]
      [Free CSet: 1.0 ms]
   [Eden: 1212.0M(1212.0M)->0.0B(1211.0M) Survivors: 16.0M->17.0M Heap: 1407.9M(2048.0M)->196.9M(2048.0M)]
 [Times: user=0.10 sys=0.00, real=0.02 secs] 
2019-07-14T06:00:15.252+0000: 419866.081: [GC pause (G1 Evacuation Pause) (young), 0.0165714 secs]
   [Parallel Time: 8.8 ms, GC Workers: 8]
      [GC Worker Start (ms): Min: 419866081.9, Avg: 419866082.0, Max: 419866082.2, Diff: 0.3]
      [Ext Root Scanning (ms): Min: 0.6, Avg: 1.0, Max: 2.0, Diff: 1.4, Sum: 7.9]
      [Update RS (ms): Min: 0.2, Avg: 1.0, Max: 1.4, Diff: 1.2, Sum: 8.4]
         [Processed Buffers: Min: 2, Avg: 9.2, Max: 21, Diff: 19, Sum: 74]
      [Scan RS (ms): Min: 0.1, Avg: 0.2, Max: 0.3, Diff: 0.2, Sum: 2.0]
      [Code Root Scanning (ms): Min: 0.0, Avg: 0.0, Max: 0.0, Diff: 0.0, Sum: 0.2]
      [Object Copy (ms): Min: 5.6, Avg: 5.7, Max: 5.8, Diff: 0.2, Sum: 45.7]
      [Termination (ms): Min: 0.1, Avg: 0.1, Max: 0.1, Diff: 0.0, Sum: 0.7]
         [Termination Attempts: Min: 37, Avg: 41.2, Max: 46, Diff: 9, Sum: 330]
      [GC Worker Other (ms): Min: 0.0, Avg: 0.1, Max: 0.2, Diff: 0.2, Sum: 0.9]
      [GC Worker Total (ms): Min: 8.0, Avg: 8.2, Max: 8.4, Diff: 0.4, Sum: 65.8]
      [GC Worker End (ms): Min: 419866090.1, Avg: 419866090.2, Max: 419866090.3, Diff: 0.2]
   [Code Root Fixup: 0.1 ms]
   [Code Root Purge: 0.0 ms]
   [Clear CT: 0.8 ms]
   [Other: 6.9 ms]
      [Choose CSet: 0.0 ms]
      [Ref Proc: 4.6 ms]
      [Ref Enq: 0.0 ms]
      [Redirty Cards: 0.4 ms]
      [Humongous Register: 0.3 ms]
      [Humongous Reclaim: 0.0 ms]
      [Free CSet: 1.1 ms]
   [Eden: 1211.0M(1211.0M)->0.0B(1211.0M) Survivors: 17.0M->17.0M Heap: 1407.9M(2048.0M)->198.0M(2048.0M)]
 [Times: user=0.08 sys=0.00, real=0.01 secs] 
2019-07-14T07:22:31.098+0000: 424801.927: [GC pause (G1 Evacuation Pause) (young), 0.0164697 secs]
   [Parallel Time: 9.7 ms, GC Workers: 8]
      [GC Worker Start (ms): Min: 424801927.6, Avg: 424801927.7, Max: 424801927.9, Diff: 0.3]
      [Ext Root Scanning (ms): Min: 0.6, Avg: 1.1, Max: 3.0, Diff: 2.4, Sum: 8.5]
      [Update RS (ms): Min: 0.0, Avg: 1.1, Max: 2.1, Diff: 2.1, Sum: 8.9]
         [Processed Buffers: Min: 0, Avg: 9.5, Max: 40, Diff: 40, Sum: 76]
      [Scan RS (ms): Min: 0.1, Avg: 0.3, Max: 0.4, Diff: 0.3, Sum: 2.0]
      [Code Root Scanning (ms): Min: 0.0, Avg: 0.0, Max: 0.0, Diff: 0.0, Sum: 0.1]
      [Object Copy (ms): Min: 6.2, Avg: 6.7, Max: 7.0, Diff: 0.7, Sum: 53.7]
      [Termination (ms): Min: 0.1, Avg: 0.1, Max: 0.2, Diff: 0.1, Sum: 1.0]
         [Termination Attempts: Min: 44, Avg: 57.1, Max: 64, Diff: 20, Sum: 457]
      [GC Worker Other (ms): Min: 0.0, Avg: 0.1, Max: 0.2, Diff: 0.2, Sum: 0.9]
      [GC Worker Total (ms): Min: 9.3, Avg: 9.4, Max: 9.5, Diff: 0.3, Sum: 75.2]
      [GC Worker End (ms): Min: 424801937.0, Avg: 424801937.1, Max: 424801937.2, Diff: 0.2]
   [Code Root Fixup: 0.1 ms]
   [Code Root Purge: 0.0 ms]
   [Clear CT: 0.6 ms]
   [Other: 6.0 ms]
      [Choose CSet: 0.0 ms]
      [Ref Proc: 4.1 ms]
      [Ref Enq: 0.0 ms]
      [Redirty Cards: 0.3 ms]
      [Humongous Register: 0.2 ms]
      [Humongous Reclaim: 0.0 ms]
      [Free CSet: 1.0 ms]
   [Eden: 1211.0M(1211.0M)->0.0B(1211.0M) Survivors: 17.0M->17.0M Heap: 1409.0M(2048.0M)->198.6M(2048.0M)]
 [Times: user=0.09 sys=0.00, real=0.02 secs] 
2019-07-14T08:44:33.673+0000: 429724.502: [GC pause (G1 Evacuation Pause) (young), 0.0193479 secs]
   [Parallel Time: 12.4 ms, GC Workers: 8]
      [GC Worker Start (ms): Min: 429724502.7, Avg: 429724503.0, Max: 429724503.3, Diff: 0.6]
      [Ext Root Scanning (ms): Min: 1.4, Avg: 2.0, Max: 3.6, Diff: 2.2, Sum: 15.7]
      [Update RS (ms): Min: 0.0, Avg: 2.0, Max: 6.9, Diff: 6.9, Sum: 16.2]
         [Processed Buffers: Min: 0, Avg: 9.5, Max: 39, Diff: 39, Sum: 76]
      [Scan RS (ms): Min: 0.1, Avg: 0.3, Max: 0.4, Diff: 0.3, Sum: 2.4]
      [Code Root Scanning (ms): Min: 0.0, Avg: 0.0, Max: 0.1, Diff: 0.1, Sum: 0.2]
      [Object Copy (ms): Min: 2.8, Avg: 7.2, Max: 7.9, Diff: 5.2, Sum: 57.6]
      [Termination (ms): Min: 0.1, Avg: 0.2, Max: 0.3, Diff: 0.2, Sum: 1.6]
         [Termination Attempts: Min: 34, Avg: 40.5, Max: 44, Diff: 10, Sum: 324]
      [GC Worker Other (ms): Min: 0.0, Avg: 0.1, Max: 0.2, Diff: 0.2, Sum: 1.0]
      [GC Worker Total (ms): Min: 11.5, Avg: 11.8, Max: 12.1, Diff: 0.6, Sum: 94.7]
      [GC Worker End (ms): Min: 429724514.8, Avg: 429724514.9, Max: 429724515.0, Diff: 0.2]
   [Code Root Fixup: 0.1 ms]
   [Code Root Purge: 0.0 ms]
   [Clear CT: 0.6 ms]
   [Other: 6.3 ms]
      [Choose CSet: 0.0 ms]
      [Ref Proc: 4.3 ms]
      [Ref Enq: 0.0 ms]
      [Redirty Cards: 0.3 ms]
      [Humongous Register: 0.2 ms]
      [Humongous Reclaim: 0.0 ms]
      [Free CSet: 1.0 ms]
   [Eden: 1211.0M(1211.0M)->0.0B(1211.0M) Survivors: 17.0M->17.0M Heap: 1409.6M(2048.0M)->198.7M(2048.0M)]
 [Times: user=0.10 sys=0.00, real=0.02 secs] 
2019-07-14T10:06:20.722+0000: 434631.552: [GC pause (G1 Evacuation Pause) (young), 0.0181791 secs]
   [Parallel Time: 11.4 ms, GC Workers: 8]
      [GC Worker Start (ms): Min: 434631552.1, Avg: 434631552.2, Max: 434631552.4, Diff: 0.3]
      [Ext Root Scanning (ms): Min: 1.1, Avg: 3.2, Max: 8.7, Diff: 7.6, Sum: 25.4]
      [Update RS (ms): Min: 0.0, Avg: 1.1, Max: 2.0, Diff: 2.0, Sum: 8.7]
         [Processed Buffers: Min: 0, Avg: 9.2, Max: 26, Diff: 26, Sum: 74]
      [Scan RS (ms): Min: 0.1, Avg: 0.2, Max: 0.4, Diff: 0.3, Sum: 1.8]
      [Code Root Scanning (ms): Min: 0.0, Avg: 0.0, Max: 0.1, Diff: 0.1, Sum: 0.2]
      [Object Copy (ms): Min: 1.6, Avg: 5.9, Max: 7.0, Diff: 5.4, Sum: 47.2]
      [Termination (ms): Min: 0.0, Avg: 0.6, Max: 0.7, Diff: 0.7, Sum: 4.5]
         [Termination Attempts: Min: 10, Avg: 43.2, Max: 63, Diff: 53, Sum: 346]
      [GC Worker Other (ms): Min: 0.0, Avg: 0.0, Max: 0.1, Diff: 0.1, Sum: 0.4]
      [GC Worker Total (ms): Min: 10.9, Avg: 11.0, Max: 11.1, Diff: 0.3, Sum: 88.1]
      [GC Worker End (ms): Min: 434631563.2, Avg: 434631563.2, Max: 434631563.3, Diff: 0.1]
   [Code Root Fixup: 0.1 ms]
   [Code Root Purge: 0.0 ms]
   [Clear CT: 0.5 ms]
   [Other: 6.2 ms]
      [Choose CSet: 0.0 ms]
      [Ref Proc: 4.3 ms]
      [Ref Enq: 0.0 ms]
      [Redirty Cards: 0.3 ms]
      [Humongous Register: 0.2 ms]
      [Humongous Reclaim: 0.0 ms]
      [Free CSet: 0.9 ms]
   [Eden: 1211.0M(1211.0M)->0.0B(1212.0M) Survivors: 17.0M->16.0M Heap: 1409.7M(2048.0M)->198.7M(2048.0M)]
 [Times: user=0.08 sys=0.00, real=0.01 secs] 
2019-07-14T11:27:59.042+0000: 439529.871: [GC pause (G1 Evacuation Pause) (young), 0.0189170 secs]
   [Parallel Time: 11.8 ms, GC Workers: 8]
      [GC Worker Start (ms): Min: 439529871.7, Avg: 439529871.9, Max: 439529872.1, Diff: 0.4]
      [Ext Root Scanning (ms): Min: 1.3, Avg: 1.7, Max: 3.2, Diff: 1.9, Sum: 13.6]
      [Update RS (ms): Min: 0.1, Avg: 1.3, Max: 1.7, Diff: 1.7, Sum: 10.6]
         [Processed Buffers: Min: 1, Avg: 9.1, Max: 39, Diff: 38, Sum: 73]
      [Scan RS (ms): Min: 0.1, Avg: 0.3, Max: 0.4, Diff: 0.3, Sum: 2.3]
      [Code Root Scanning (ms): Min: 0.0, Avg: 0.0, Max: 0.1, Diff: 0.1, Sum: 0.2]
      [Object Copy (ms): Min: 7.4, Avg: 7.6, Max: 7.7, Diff: 0.3, Sum: 60.8]
      [Termination (ms): Min: 0.1, Avg: 0.2, Max: 0.2, Diff: 0.1, Sum: 1.7]
         [Termination Attempts: Min: 51, Avg: 57.8, Max: 70, Diff: 19, Sum: 462]
      [GC Worker Other (ms): Min: 0.0, Avg: 0.1, Max: 0.2, Diff: 0.2, Sum: 0.9]
      [GC Worker Total (ms): Min: 11.0, Avg: 11.3, Max: 11.5, Diff: 0.5, Sum: 90.0]
      [GC Worker End (ms): Min: 439529883.1, Avg: 439529883.2, Max: 439529883.3, Diff: 0.2]
   [Code Root Fixup: 0.2 ms]
   [Code Root Purge: 0.0 ms]
   [Clear CT: 0.6 ms]
   [Other: 6.3 ms]
      [Choose CSet: 0.0 ms]
      [Ref Proc: 4.3 ms]
      [Ref Enq: 0.0 ms]
      [Redirty Cards: 0.2 ms]
      [Humongous Register: 0.4 ms]
      [Humongous Reclaim: 0.0 ms]
      [Free CSet: 1.0 ms]
   [Eden: 1212.0M(1212.0M)->0.0B(1211.0M) Survivors: 16.0M->17.0M Heap: 1410.7M(2048.0M)->200.5M(2048.0M)]
 [Times: user=0.10 sys=0.00, real=0.01 secs] 
2019-07-14T12:50:06.264+0000: 444457.094: [GC pause (G1 Evacuation Pause) (young), 0.0147333 secs]
   [Parallel Time: 8.3 ms, GC Workers: 8]
      [GC Worker Start (ms): Min: 444457093.8, Avg: 444457094.0, Max: 444457094.1, Diff: 0.3]
      [Ext Root Scanning (ms): Min: 0.6, Avg: 0.9, Max: 2.0, Diff: 1.5, Sum: 7.2]
      [Update RS (ms): Min: 0.4, Avg: 1.5, Max: 2.0, Diff: 1.6, Sum: 12.0]
         [Processed Buffers: Min: 2, Avg: 9.8, Max: 30, Diff: 28, Sum: 78]
      [Scan RS (ms): Min: 0.1, Avg: 0.2, Max: 0.3, Diff: 0.2, Sum: 1.8]
      [Code Root Scanning (ms): Min: 0.0, Avg: 0.0, Max: 0.0, Diff: 0.0, Sum: 0.2]
      [Object Copy (ms): Min: 5.0, Avg: 5.2, Max: 5.3, Diff: 0.4, Sum: 41.4]
      [Termination (ms): Min: 0.0, Avg: 0.1, Max: 0.1, Diff: 0.1, Sum: 0.7]
         [Termination Attempts: Min: 29, Avg: 36.2, Max: 48, Diff: 19, Sum: 290]
      [GC Worker Other (ms): Min: 0.0, Avg: 0.1, Max: 0.2, Diff: 0.2, Sum: 0.8]
      [GC Worker Total (ms): Min: 7.9, Avg: 8.0, Max: 8.2, Diff: 0.3, Sum: 64.1]
      [GC Worker End (ms): Min: 444457101.9, Avg: 444457102.0, Max: 444457102.1, Diff: 0.2]
   [Code Root Fixup: 0.1 ms]
   [Code Root Purge: 0.0 ms]
   [Clear CT: 0.6 ms]
   [Other: 5.7 ms]
      [Choose CSet: 0.0 ms]
      [Ref Proc: 3.9 ms]
      [Ref Enq: 0.0 ms]
      [Redirty Cards: 0.3 ms]
      [Humongous Register: 0.2 ms]
      [Humongous Reclaim: 0.0 ms]
      [Free CSet: 0.9 ms]
   [Eden: 1211.0M(1211.0M)->0.0B(1212.0M) Survivors: 17.0M->16.0M Heap: 1411.5M(2048.0M)->200.2M(2048.0M)]
 [Times: user=0.07 sys=0.00, real=0.01 secs] 
2019-07-14T14:11:40.886+0000: 449351.716: [GC pause (G1 Evacuation Pause) (young), 0.0163061 secs]
   [Parallel Time: 9.7 ms, GC Workers: 8]
      [GC Worker Start (ms): Min: 449351716.1, Avg: 449351716.2, Max: 449351716.4, Diff: 0.3]
      [Ext Root Scanning (ms): Min: 1.1, Avg: 3.0, Max: 8.9, Diff: 7.8, Sum: 24.3]
      [Update RS (ms): Min: 0.0, Avg: 1.3, Max: 2.0, Diff: 2.0, Sum: 10.7]
         [Processed Buffers: Min: 0, Avg: 9.6, Max: 35, Diff: 35, Sum: 77]
      [Scan RS (ms): Min: 0.1, Avg: 0.3, Max: 0.4, Diff: 0.2, Sum: 2.0]
      [Code Root Scanning (ms): Min: 0.0, Avg: 0.0, Max: 0.0, Diff: 0.0, Sum: 0.1]
      [Object Copy (ms): Min: 0.2, Avg: 4.5, Max: 5.6, Diff: 5.5, Sum: 36.1]
      [Termination (ms): Min: 0.0, Avg: 0.1, Max: 0.2, Diff: 0.2, Sum: 1.1]
         [Termination Attempts: Min: 1, Avg: 27.1, Max: 42, Diff: 41, Sum: 217]
      [GC Worker Other (ms): Min: 0.0, Avg: 0.0, Max: 0.1, Diff: 0.1, Sum: 0.3]
      [GC Worker Total (ms): Min: 9.1, Avg: 9.3, Max: 9.5, Diff: 0.4, Sum: 74.7]
      [GC Worker End (ms): Min: 449351725.6, Avg: 449351725.6, Max: 449351725.6, Diff: 0.1]
   [Code Root Fixup: 0.1 ms]
   [Code Root Purge: 0.0 ms]
   [Clear CT: 0.5 ms]
   [Other: 6.0 ms]
      [Choose CSet: 0.0 ms]
      [Ref Proc: 4.1 ms]
      [Ref Enq: 0.0 ms]
      [Redirty Cards: 0.2 ms]
      [Humongous Register: 0.4 ms]
      [Humongous Reclaim: 0.0 ms]
      [Free CSet: 1.0 ms]
   [Eden: 1212.0M(1212.0M)->0.0B(1212.0M) Survivors: 16.0M->16.0M Heap: 1412.2M(2048.0M)->200.8M(2048.0M)]
 [Times: user=0.06 sys=0.00, real=0.02 secs] 
2019-07-14T15:33:32.243+0000: 454263.073: [GC pause (G1 Evacuation Pause) (young), 0.0175669 secs]
   [Parallel Time: 10.4 ms, GC Workers: 8]
      [GC Worker Start (ms): Min: 454263073.3, Avg: 454263074.1, Max: 454263075.2, Diff: 1.9]
      [Ext Root Scanning (ms): Min: 0.3, Avg: 1.4, Max: 3.1, Diff: 2.8, Sum: 11.5]
      [Update RS (ms): Min: 0.7, Avg: 1.6, Max: 2.8, Diff: 2.1, Sum: 12.7]
         [Processed Buffers: Min: 2, Avg: 9.5, Max: 15, Diff: 13, Sum: 76]
      [Scan RS (ms): Min: 0.1, Avg: 0.3, Max: 0.4, Diff: 0.3, Sum: 2.2]
      [Code Root Scanning (ms): Min: 0.0, Avg: 0.0, Max: 0.1, Diff: 0.1, Sum: 0.1]
      [Object Copy (ms): Min: 4.9, Avg: 5.7, Max: 5.9, Diff: 1.0, Sum: 45.3]
      [Termination (ms): Min: 0.1, Avg: 0.2, Max: 0.3, Diff: 0.2, Sum: 1.4]
         [Termination Attempts: Min: 26, Avg: 35.2, Max: 44, Diff: 18, Sum: 282]
      [GC Worker Other (ms): Min: 0.0, Avg: 0.1, Max: 0.1, Diff: 0.1, Sum: 0.5]
      [GC Worker Total (ms): Min: 8.2, Avg: 9.2, Max: 10.0, Diff: 1.8, Sum: 73.8]
      [GC Worker End (ms): Min: 454263083.3, Avg: 454263083.3, Max: 454263083.4, Diff: 0.1]
   [Code Root Fixup: 0.1 ms]
   [Code Root Purge: 0.0 ms]
   [Clear CT: 0.5 ms]
   [Other: 6.5 ms]
      [Choose CSet: 0.0 ms]
      [Ref Proc: 4.4 ms]
      [Ref Enq: 0.0 ms]
      [Redirty Cards: 0.3 ms]
      [Humongous Register: 0.3 ms]
      [Humongous Reclaim: 0.0 ms]
      [Free CSet: 1.0 ms]
   [Eden: 1212.0M(1212.0M)->0.0B(1213.0M) Survivors: 16.0M->15.0M Heap: 1412.8M(2048.0M)->200.8M(2048.0M)]
 [Times: user=0.08 sys=0.00, real=0.02 secs] 
2019-07-14T16:55:46.130+0000: 459196.959: [GC pause (G1 Evacuation Pause) (young), 0.0165427 secs]
   [Parallel Time: 9.9 ms, GC Workers: 8]
      [GC Worker Start (ms): Min: 459196959.5, Avg: 459196961.3, Max: 459196966.6, Diff: 7.1]
      [Ext Root Scanning (ms): Min: 0.0, Avg: 0.9, Max: 2.2, Diff: 2.2, Sum: 7.1]
      [Update RS (ms): Min: 0.0, Avg: 1.4, Max: 2.8, Diff: 2.8, Sum: 11.6]
         [Processed Buffers: Min: 0, Avg: 9.9, Max: 40, Diff: 40, Sum: 79]
      [Scan RS (ms): Min: 0.1, Avg: 0.2, Max: 0.3, Diff: 0.2, Sum: 1.9]
      [Code Root Scanning (ms): Min: 0.0, Avg: 0.0, Max: 0.1, Diff: 0.1, Sum: 0.2]
      [Object Copy (ms): Min: 2.1, Avg: 5.0, Max: 6.0, Diff: 3.9, Sum: 39.7]
      [Termination (ms): Min: 0.0, Avg: 0.1, Max: 0.1, Diff: 0.0, Sum: 0.5]
         [Termination Attempts: Min: 26, Avg: 34.8, Max: 40, Diff: 14, Sum: 278]
      [GC Worker Other (ms): Min: 0.0, Avg: 0.2, Max: 0.3, Diff: 0.2, Sum: 1.3]
      [GC Worker Total (ms): Min: 2.6, Avg: 7.8, Max: 9.6, Diff: 7.0, Sum: 62.1]
      [GC Worker End (ms): Min: 459196968.9, Avg: 459196969.0, Max: 459196969.2, Diff: 0.2]
   [Code Root Fixup: 0.1 ms]
   [Code Root Purge: 0.0 ms]
   [Clear CT: 0.5 ms]
   [Other: 6.0 ms]
      [Choose CSet: 0.0 ms]
      [Ref Proc: 4.1 ms]
      [Ref Enq: 0.0 ms]
      [Redirty Cards: 0.3 ms]
      [Humongous Register: 0.2 ms]
      [Humongous Reclaim: 0.0 ms]
      [Free CSet: 1.0 ms]
   [Eden: 1213.0M(1213.0M)->0.0B(1212.0M) Survivors: 15.0M->16.0M Heap: 1413.8M(2048.0M)->201.9M(2048.0M)]
 [Times: user=0.07 sys=0.00, real=0.02 secs] 
2019-07-14T18:17:15.403+0000: 464086.233: [GC pause (G1 Evacuation Pause) (young), 0.0166633 secs]
   [Parallel Time: 9.4 ms, GC Workers: 8]
      [GC Worker Start (ms): Min: 464086233.2, Avg: 464086233.4, Max: 464086233.5, Diff: 0.4]
      [Ext Root Scanning (ms): Min: 1.1, Avg: 1.5, Max: 2.7, Diff: 1.6, Sum: 11.7]
      [Update RS (ms): Min: 1.0, Avg: 1.9, Max: 2.2, Diff: 1.2, Sum: 14.8]
         [Processed Buffers: Min: 1, Avg: 9.2, Max: 29, Diff: 28, Sum: 74]
      [Scan RS (ms): Min: 0.1, Avg: 0.2, Max: 0.4, Diff: 0.3, Sum: 2.0]
      [Code Root Scanning (ms): Min: 0.0, Avg: 0.0, Max: 0.0, Diff: 0.0, Sum: 0.1]
      [Object Copy (ms): Min: 5.1, Avg: 5.2, Max: 5.3, Diff: 0.3, Sum: 41.6]
      [Termination (ms): Min: 0.1, Avg: 0.2, Max: 0.2, Diff: 0.1, Sum: 1.2]
         [Termination Attempts: Min: 35, Avg: 44.9, Max: 55, Diff: 20, Sum: 359]
      [GC Worker Other (ms): Min: 0.0, Avg: 0.0, Max: 0.1, Diff: 0.0, Sum: 0.3]
      [GC Worker Total (ms): Min: 8.8, Avg: 9.0, Max: 9.2, Diff: 0.3, Sum: 71.8]
      [GC Worker End (ms): Min: 464086242.3, Avg: 464086242.3, Max: 464086242.4, Diff: 0.1]
   [Code Root Fixup: 0.1 ms]
   [Code Root Purge: 0.0 ms]
   [Clear CT: 0.8 ms]
   [Other: 6.4 ms]
      [Choose CSet: 0.0 ms]
      [Ref Proc: 4.2 ms]
      [Ref Enq: 0.0 ms]
      [Redirty Cards: 0.6 ms]
      [Humongous Register: 0.2 ms]
      [Humongous Reclaim: 0.0 ms]
      [Free CSet: 1.0 ms]
   [Eden: 1212.0M(1212.0M)->0.0B(1212.0M) Survivors: 16.0M->16.0M Heap: 1413.9M(2048.0M)->202.4M(2048.0M)]
 [Times: user=0.08 sys=0.00, real=0.01 secs] 
2019-07-14T19:39:22.451+0000: 469013.280: [GC pause (G1 Evacuation Pause) (young), 0.0154922 secs]
   [Parallel Time: 9.1 ms, GC Workers: 8]
      [GC Worker Start (ms): Min: 469013280.5, Avg: 469013281.0, Max: 469013282.0, Diff: 1.5]
      [Ext Root Scanning (ms): Min: 0.0, Avg: 1.0, Max: 2.7, Diff: 2.7, Sum: 7.7]
      [Update RS (ms): Min: 0.2, Avg: 1.5, Max: 2.0, Diff: 1.8, Sum: 12.0]
         [Processed Buffers: Min: 1, Avg: 9.6, Max: 34, Diff: 33, Sum: 77]
      [Scan RS (ms): Min: 0.1, Avg: 0.2, Max: 0.4, Diff: 0.3, Sum: 1.9]
      [Code Root Scanning (ms): Min: 0.0, Avg: 0.0, Max: 0.0, Diff: 0.0, Sum: 0.1]
      [Object Copy (ms): Min: 5.3, Avg: 5.5, Max: 5.6, Diff: 0.3, Sum: 44.1]
      [Termination (ms): Min: 0.0, Avg: 0.0, Max: 0.1, Diff: 0.0, Sum: 0.3]
         [Termination Attempts: Min: 17, Avg: 28.9, Max: 34, Diff: 17, Sum: 231]
      [GC Worker Other (ms): Min: 0.0, Avg: 0.1, Max: 0.2, Diff: 0.2, Sum: 0.8]
      [GC Worker Total (ms): Min: 7.3, Avg: 8.4, Max: 9.0, Diff: 1.7, Sum: 66.8]
      [GC Worker End (ms): Min: 469013289.3, Avg: 469013289.4, Max: 469013289.5, Diff: 0.2]
   [Code Root Fixup: 0.1 ms]
   [Code Root Purge: 0.0 ms]
   [Clear CT: 0.6 ms]
   [Other: 5.7 ms]
      [Choose CSet: 0.0 ms]
      [Ref Proc: 3.9 ms]
      [Ref Enq: 0.0 ms]
      [Redirty Cards: 0.3 ms]
      [Humongous Register: 0.2 ms]
      [Humongous Reclaim: 0.0 ms]
      [Free CSet: 0.9 ms]
   [Eden: 1212.0M(1212.0M)->0.0B(1213.0M) Survivors: 16.0M->15.0M Heap: 1414.4M(2048.0M)->202.5M(2048.0M)]
 [Times: user=0.08 sys=0.00, real=0.02 secs] 
2019-07-14T21:01:09.094+0000: 473919.923: [GC pause (G1 Evacuation Pause) (young), 0.0155203 secs]
   [Parallel Time: 9.0 ms, GC Workers: 8]
      [GC Worker Start (ms): Min: 473919923.6, Avg: 473919923.8, Max: 473919924.1, Diff: 0.5]
      [Ext Root Scanning (ms): Min: 1.4, Avg: 1.7, Max: 3.0, Diff: 1.5, Sum: 13.8]
      [Update RS (ms): Min: 0.5, Avg: 1.4, Max: 1.8, Diff: 1.3, Sum: 11.4]
         [Processed Buffers: Min: 2, Avg: 9.8, Max: 27, Diff: 25, Sum: 78]
      [Scan RS (ms): Min: 0.1, Avg: 0.3, Max: 0.3, Diff: 0.2, Sum: 2.1]
      [Code Root Scanning (ms): Min: 0.0, Avg: 0.0, Max: 0.0, Diff: 0.0, Sum: 0.1]
      [Object Copy (ms): Min: 4.7, Avg: 4.8, Max: 4.9, Diff: 0.2, Sum: 38.7]
      [Termination (ms): Min: 0.1, Avg: 0.1, Max: 0.1, Diff: 0.0, Sum: 0.7]
         [Termination Attempts: Min: 40, Avg: 46.9, Max: 56, Diff: 16, Sum: 375]
      [GC Worker Other (ms): Min: 0.0, Avg: 0.1, Max: 0.2, Diff: 0.2, Sum: 1.0]
      [GC Worker Total (ms): Min: 8.3, Avg: 8.5, Max: 8.6, Diff: 0.3, Sum: 67.8]
      [GC Worker End (ms): Min: 473919932.2, Avg: 473919932.3, Max: 473919932.4, Diff: 0.2]
   [Code Root Fixup: 0.1 ms]
   [Code Root Purge: 0.0 ms]
   [Clear CT: 0.5 ms]
   [Other: 5.9 ms]
      [Choose CSet: 0.0 ms]
      [Ref Proc: 4.1 ms]
      [Ref Enq: 0.0 ms]
      [Redirty Cards: 0.3 ms]
      [Humongous Register: 0.2 ms]
      [Humongous Reclaim: 0.0 ms]
      [Free CSet: 1.0 ms]
   [Eden: 1213.0M(1213.0M)->0.0B(1212.0M) Survivors: 15.0M->16.0M Heap: 1415.5M(2048.0M)->203.7M(2048.0M)]
 [Times: user=0.08 sys=0.00, real=0.01 secs] 
2019-07-14T22:23:05.745+0000: 478836.574: [GC pause (G1 Evacuation Pause) (young), 0.0211791 secs]
   [Parallel Time: 10.1 ms, GC Workers: 8]
      [GC Worker Start (ms): Min: 478836574.6, Avg: 478836575.2, Max: 478836576.3, Diff: 1.8]
      [Ext Root Scanning (ms): Min: 0.1, Avg: 1.2, Max: 2.1, Diff: 1.9, Sum: 9.6]
      [Update RS (ms): Min: 1.4, Avg: 1.7, Max: 2.1, Diff: 0.7, Sum: 13.7]
         [Processed Buffers: Min: 3, Avg: 9.4, Max: 30, Diff: 27, Sum: 75]
      [Scan RS (ms): Min: 0.1, Avg: 0.3, Max: 0.4, Diff: 0.3, Sum: 2.4]
      [Code Root Scanning (ms): Min: 0.0, Avg: 0.0, Max: 0.0, Diff: 0.0, Sum: 0.1]
      [Object Copy (ms): Min: 5.4, Avg: 5.7, Max: 5.9, Diff: 0.5, Sum: 45.4]
      [Termination (ms): Min: 0.1, Avg: 0.2, Max: 0.3, Diff: 0.2, Sum: 1.6]
         [Termination Attempts: Min: 29, Avg: 35.6, Max: 41, Diff: 12, Sum: 285]
      [GC Worker Other (ms): Min: 0.0, Avg: 0.1, Max: 0.2, Diff: 0.2, Sum: 1.0]
      [GC Worker Total (ms): Min: 8.2, Avg: 9.2, Max: 9.9, Diff: 1.6, Sum: 73.7]
      [GC Worker End (ms): Min: 478836584.4, Avg: 478836584.5, Max: 478836584.5, Diff: 0.2]
   [Code Root Fixup: 0.2 ms]
   [Code Root Purge: 0.0 ms]
   [Clear CT: 0.8 ms]
   [Other: 10.1 ms]
      [Choose CSet: 0.0 ms]
      [Ref Proc: 7.6 ms]
      [Ref Enq: 0.1 ms]
      [Redirty Cards: 0.4 ms]
      [Humongous Register: 0.5 ms]
      [Humongous Reclaim: 0.0 ms]
      [Free CSet: 1.1 ms]
   [Eden: 1212.0M(1212.0M)->0.0B(1212.0M) Survivors: 16.0M->16.0M Heap: 1415.7M(2048.0M)->204.2M(2048.0M)]
 [Times: user=0.09 sys=0.00, real=0.02 secs] 
2019-07-14T23:45:19.017+0000: 483769.847: [GC pause (G1 Evacuation Pause) (young), 0.0152500 secs]
   [Parallel Time: 8.4 ms, GC Workers: 8]
      [GC Worker Start (ms): Min: 483769847.4, Avg: 483769847.8, Max: 483769848.2, Diff: 0.8]
      [Ext Root Scanning (ms): Min: 0.4, Avg: 1.1, Max: 3.3, Diff: 2.9, Sum: 9.2]
      [Update RS (ms): Min: 0.0, Avg: 1.4, Max: 1.9, Diff: 1.9, Sum: 11.1]
         [Processed Buffers: Min: 0, Avg: 9.4, Max: 39, Diff: 39, Sum: 75]
      [Scan RS (ms): Min: 0.1, Avg: 0.2, Max: 0.3, Diff: 0.2, Sum: 1.9]
      [Code Root Scanning (ms): Min: 0.0, Avg: 0.0, Max: 0.0, Diff: 0.0, Sum: 0.1]
      [Object Copy (ms): Min: 4.5, Avg: 4.8, Max: 4.9, Diff: 0.4, Sum: 38.4]
      [Termination (ms): Min: 0.1, Avg: 0.1, Max: 0.1, Diff: 0.1, Sum: 0.9]
         [Termination Attempts: Min: 40, Avg: 45.2, Max: 51, Diff: 11, Sum: 362]
      [GC Worker Other (ms): Min: 0.0, Avg: 0.1, Max: 0.2, Diff: 0.2, Sum: 0.8]
      [GC Worker Total (ms): Min: 7.3, Avg: 7.8, Max: 8.2, Diff: 0.9, Sum: 62.3]
      [GC Worker End (ms): Min: 483769855.5, Avg: 483769855.6, Max: 483769855.7, Diff: 0.1]
   [Code Root Fixup: 0.1 ms]
   [Code Root Purge: 0.0 ms]
   [Clear CT: 0.6 ms]
   [Other: 6.1 ms]
      [Choose CSet: 0.0 ms]
      [Ref Proc: 3.9 ms]
      [Ref Enq: 0.0 ms]
      [Redirty Cards: 0.4 ms]
      [Humongous Register: 0.3 ms]
      [Humongous Reclaim: 0.0 ms]
      [Free CSet: 1.0 ms]
   [Eden: 1212.0M(1212.0M)->0.0B(1211.0M) Survivors: 16.0M->17.0M Heap: 1416.2M(2048.0M)->206.0M(2048.0M)]
 [Times: user=0.07 sys=0.00, real=0.02 secs] 
2019-07-15T01:07:06.295+0000: 488677.124: [GC pause (G1 Evacuation Pause) (young), 0.0161118 secs]
   [Parallel Time: 9.5 ms, GC Workers: 8]
      [GC Worker Start (ms): Min: 488677124.6, Avg: 488677126.4, Max: 488677131.5, Diff: 6.8]
      [Ext Root Scanning (ms): Min: 0.0, Avg: 0.9, Max: 2.5, Diff: 2.5, Sum: 7.6]
      [Update RS (ms): Min: 0.0, Avg: 1.4, Max: 2.3, Diff: 2.3, Sum: 11.3]
         [Processed Buffers: Min: 0, Avg: 9.6, Max: 30, Diff: 30, Sum: 77]
      [Scan RS (ms): Min: 0.1, Avg: 0.2, Max: 0.3, Diff: 0.2, Sum: 1.8]
      [Code Root Scanning (ms): Min: 0.0, Avg: 0.0, Max: 0.0, Diff: 0.0, Sum: 0.1]
      [Object Copy (ms): Min: 2.0, Avg: 4.7, Max: 5.7, Diff: 3.7, Sum: 37.4]
      [Termination (ms): Min: 0.0, Avg: 0.1, Max: 0.1, Diff: 0.0, Sum: 0.6]
         [Termination Attempts: Min: 39, Avg: 44.1, Max: 51, Diff: 12, Sum: 353]
      [GC Worker Other (ms): Min: 0.0, Avg: 0.1, Max: 0.2, Diff: 0.2, Sum: 1.1]
      [GC Worker Total (ms): Min: 2.3, Avg: 7.5, Max: 9.3, Diff: 7.0, Sum: 59.7]
      [GC Worker End (ms): Min: 488677133.8, Avg: 488677133.9, Max: 488677134.0, Diff: 0.2]
   [Code Root Fixup: 0.1 ms]
   [Code Root Purge: 0.0 ms]
   [Clear CT: 0.6 ms]
   [Other: 6.0 ms]
      [Choose CSet: 0.0 ms]
      [Ref Proc: 4.2 ms]
      [Ref Enq: 0.0 ms]
      [Redirty Cards: 0.3 ms]
      [Humongous Register: 0.2 ms]
      [Humongous Reclaim: 0.0 ms]
      [Free CSet: 1.0 ms]
   [Eden: 1211.0M(1211.0M)->0.0B(1212.0M) Survivors: 17.0M->16.0M Heap: 1417.0M(2048.0M)->205.5M(2048.0M)]
 [Times: user=0.07 sys=0.00, real=0.02 secs] 
2019-07-15T02:29:14.548+0000: 493605.377: [GC pause (G1 Evacuation Pause) (young), 0.0186576 secs]
   [Parallel Time: 9.7 ms, GC Workers: 8]
      [GC Worker Start (ms): Min: 493605377.4, Avg: 493605377.6, Max: 493605377.8, Diff: 0.3]
      [Ext Root Scanning (ms): Min: 1.7, Avg: 2.0, Max: 2.2, Diff: 0.5, Sum: 16.2]
      [Update RS (ms): Min: 1.3, Avg: 1.5, Max: 1.8, Diff: 0.5, Sum: 12.1]
         [Processed Buffers: Min: 2, Avg: 9.5, Max: 22, Diff: 20, Sum: 76]
      [Scan RS (ms): Min: 0.2, Avg: 0.3, Max: 0.3, Diff: 0.2, Sum: 2.2]
      [Code Root Scanning (ms): Min: 0.0, Avg: 0.0, Max: 0.0, Diff: 0.0, Sum: 0.1]
      [Object Copy (ms): Min: 5.0, Avg: 5.1, Max: 5.4, Diff: 0.4, Sum: 41.0]
      [Termination (ms): Min: 0.2, Avg: 0.3, Max: 0.4, Diff: 0.2, Sum: 2.0]
         [Termination Attempts: Min: 33, Avg: 38.8, Max: 49, Diff: 16, Sum: 310]
      [GC Worker Other (ms): Min: 0.0, Avg: 0.1, Max: 0.1, Diff: 0.1, Sum: 0.6]
      [GC Worker Total (ms): Min: 9.1, Avg: 9.3, Max: 9.5, Diff: 0.4, Sum: 74.1]
      [GC Worker End (ms): Min: 493605386.8, Avg: 493605386.9, Max: 493605387.0, Diff: 0.1]
   [Code Root Fixup: 0.1 ms]
   [Code Root Purge: 0.0 ms]
   [Clear CT: 0.6 ms]
   [Other: 8.3 ms]
      [Choose CSet: 0.0 ms]
      [Ref Proc: 6.2 ms]
      [Ref Enq: 0.0 ms]
      [Redirty Cards: 0.5 ms]
      [Humongous Register: 0.2 ms]
      [Humongous Reclaim: 0.0 ms]
      [Free CSet: 1.0 ms]
   [Eden: 1212.0M(1212.0M)->0.0B(1212.0M) Survivors: 16.0M->16.0M Heap: 1417.5M(2048.0M)->206.1M(2048.0M)]
 [Times: user=0.08 sys=0.00, real=0.02 secs] 
2019-07-15T03:51:06.312+0000: 498517.141: [GC pause (G1 Evacuation Pause) (young), 0.0219384 secs]
   [Parallel Time: 15.2 ms, GC Workers: 8]
      [GC Worker Start (ms): Min: 498517141.5, Avg: 498517143.0, Max: 498517145.4, Diff: 3.9]
      [Ext Root Scanning (ms): Min: 0.0, Avg: 0.8, Max: 2.0, Diff: 2.0, Sum: 6.4]
      [Update RS (ms): Min: 0.0, Avg: 1.1, Max: 2.0, Diff: 2.0, Sum: 9.1]
         [Processed Buffers: Min: 0, Avg: 10.6, Max: 29, Diff: 29, Sum: 85]
      [Scan RS (ms): Min: 0.1, Avg: 0.2, Max: 0.3, Diff: 0.2, Sum: 1.6]
      [Code Root Scanning (ms): Min: 0.0, Avg: 0.0, Max: 0.0, Diff: 0.0, Sum: 0.1]
      [Object Copy (ms): Min: 9.1, Avg: 9.7, Max: 11.3, Diff: 2.2, Sum: 77.7]
      [Termination (ms): Min: 0.2, Avg: 1.5, Max: 1.8, Diff: 1.5, Sum: 12.2]
         [Termination Attempts: Min: 50, Avg: 5027.8, Max: 6219, Diff: 6169, Sum: 40222]
      [GC Worker Other (ms): Min: 0.0, Avg: 0.1, Max: 0.1, Diff: 0.1, Sum: 0.4]
      [GC Worker Total (ms): Min: 11.0, Avg: 13.4, Max: 15.0, Diff: 3.9, Sum: 107.5]
      [GC Worker End (ms): Min: 498517156.4, Avg: 498517156.4, Max: 498517156.5, Diff: 0.1]
   [Code Root Fixup: 0.1 ms]
   [Code Root Purge: 0.0 ms]
   [Clear CT: 0.5 ms]
   [Other: 6.1 ms]
      [Choose CSet: 0.0 ms]
      [Ref Proc: 4.2 ms]
      [Ref Enq: 0.0 ms]
      [Redirty Cards: 0.3 ms]
      [Humongous Register: 0.2 ms]
      [Humongous Reclaim: 0.0 ms]
      [Free CSet: 1.0 ms]
   [Eden: 1212.0M(1212.0M)->0.0B(1211.0M) Survivors: 16.0M->17.0M Heap: 1418.1M(2048.0M)->207.7M(2048.0M)]
 [Times: user=0.10 sys=0.00, real=0.02 secs] 
2019-07-15T05:15:45.263+0000: 503596.092: [GC pause (G1 Evacuation Pause) (young), 0.0211486 secs]
   [Parallel Time: 11.6 ms, GC Workers: 8]
      [GC Worker Start (ms): Min: 503596092.3, Avg: 503596094.7, Max: 503596098.7, Diff: 6.4]
      [Ext Root Scanning (ms): Min: 0.0, Avg: 0.8, Max: 2.2, Diff: 2.2, Sum: 6.8]
      [Update RS (ms): Min: 0.0, Avg: 1.4, Max: 2.5, Diff: 2.5, Sum: 11.4]
         [Processed Buffers: Min: 0, Avg: 10.1, Max: 34, Diff: 34, Sum: 81]
      [Scan RS (ms): Min: 0.1, Avg: 0.2, Max: 0.3, Diff: 0.2, Sum: 1.9]
      [Code Root Scanning (ms): Min: 0.0, Avg: 0.0, Max: 0.0, Diff: 0.0, Sum: 0.1]
      [Object Copy (ms): Min: 4.2, Avg: 5.8, Max: 7.0, Diff: 2.8, Sum: 46.3]
      [Termination (ms): Min: 0.3, Avg: 0.5, Max: 0.6, Diff: 0.4, Sum: 4.2]
         [Termination Attempts: Min: 37, Avg: 44.4, Max: 52, Diff: 15, Sum: 355]
      [GC Worker Other (ms): Min: 0.0, Avg: 0.2, Max: 0.3, Diff: 0.2, Sum: 1.2]
      [GC Worker Total (ms): Min: 5.0, Avg: 9.0, Max: 11.4, Diff: 6.4, Sum: 71.9]
      [GC Worker End (ms): Min: 503596103.6, Avg: 503596103.7, Max: 503596103.8, Diff: 0.2]
   [Code Root Fixup: 0.1 ms]
   [Code Root Purge: 0.0 ms]
   [Clear CT: 0.8 ms]
   [Other: 8.7 ms]
      [Choose CSet: 0.0 ms]
      [Ref Proc: 6.2 ms]
      [Ref Enq: 0.1 ms]
      [Redirty Cards: 0.6 ms]
      [Humongous Register: 0.2 ms]
      [Humongous Reclaim: 0.0 ms]
      [Free CSet: 1.3 ms]
   [Eden: 1211.0M(1211.0M)->0.0B(1212.0M) Survivors: 17.0M->16.0M Heap: 1418.7M(2048.0M)->207.3M(2048.0M)]
 [Times: user=0.08 sys=0.00, real=0.02 secs] 
2019-07-15T06:34:16.167+0000: 508306.996: [GC pause (G1 Evacuation Pause) (young), 0.0158493 secs]
   [Parallel Time: 9.2 ms, GC Workers: 8]
      [GC Worker Start (ms): Min: 508306996.8, Avg: 508306997.2, Max: 508306999.3, Diff: 2.5]
      [Ext Root Scanning (ms): Min: 0.0, Avg: 1.0, Max: 2.2, Diff: 2.2, Sum: 7.7]
      [Update RS (ms): Min: 0.6, Avg: 1.8, Max: 3.6, Diff: 2.9, Sum: 14.8]
         [Processed Buffers: Min: 2, Avg: 11.4, Max: 23, Diff: 21, Sum: 91]
      [Scan RS (ms): Min: 0.1, Avg: 0.2, Max: 0.3, Diff: 0.3, Sum: 1.7]
      [Code Root Scanning (ms): Min: 0.0, Avg: 0.0, Max: 0.0, Diff: 0.0, Sum: 0.1]
      [Object Copy (ms): Min: 3.9, Avg: 5.1, Max: 5.4, Diff: 1.5, Sum: 41.0]
      [Termination (ms): Min: 0.0, Avg: 0.1, Max: 0.1, Diff: 0.0, Sum: 0.5]
         [Termination Attempts: Min: 31, Avg: 36.8, Max: 43, Diff: 12, Sum: 294]
      [GC Worker Other (ms): Min: 0.0, Avg: 0.1, Max: 0.2, Diff: 0.2, Sum: 0.9]
      [GC Worker Total (ms): Min: 6.2, Avg: 8.3, Max: 8.9, Diff: 2.7, Sum: 66.6]
      [GC Worker End (ms): Min: 508307005.5, Avg: 508307005.6, Max: 508307005.6, Diff: 0.2]
   [Code Root Fixup: 0.1 ms]
   [Code Root Purge: 0.0 ms]
   [Clear CT: 0.6 ms]
   [Other: 6.0 ms]
      [Choose CSet: 0.0 ms]
      [Ref Proc: 4.0 ms]
      [Ref Enq: 0.0 ms]
      [Redirty Cards: 0.3 ms]
      [Humongous Register: 0.2 ms]
      [Humongous Reclaim: 0.0 ms]
      [Free CSet: 1.0 ms]
   [Eden: 1212.0M(1212.0M)->0.0B(1212.0M) Survivors: 16.0M->16.0M Heap: 1419.3M(2048.0M)->208.3M(2048.0M)]
 [Times: user=0.08 sys=0.00, real=0.02 secs] 
2019-07-15T07:56:15.365+0000: 513226.194: [GC pause (G1 Evacuation Pause) (young), 0.0156449 secs]
   [Parallel Time: 8.5 ms, GC Workers: 8]
      [GC Worker Start (ms): Min: 513226194.2, Avg: 513226194.3, Max: 513226194.4, Diff: 0.3]
      [Ext Root Scanning (ms): Min: 0.6, Avg: 1.0, Max: 2.2, Diff: 1.6, Sum: 7.9]
      [Update RS (ms): Min: 0.7, Avg: 1.6, Max: 2.1, Diff: 1.4, Sum: 12.9]
         [Processed Buffers: Min: 1, Avg: 9.6, Max: 34, Diff: 33, Sum: 77]
      [Scan RS (ms): Min: 0.1, Avg: 0.2, Max: 0.3, Diff: 0.2, Sum: 1.9]
      [Code Root Scanning (ms): Min: 0.0, Avg: 0.0, Max: 0.0, Diff: 0.0, Sum: 0.1]
      [Object Copy (ms): Min: 5.0, Avg: 5.1, Max: 5.2, Diff: 0.2, Sum: 40.9]
      [Termination (ms): Min: 0.1, Avg: 0.1, Max: 0.2, Diff: 0.1, Sum: 1.0]
         [Termination Attempts: Min: 31, Avg: 37.9, Max: 45, Diff: 14, Sum: 303]
      [GC Worker Other (ms): Min: 0.0, Avg: 0.0, Max: 0.1, Diff: 0.1, Sum: 0.4]
      [GC Worker Total (ms): Min: 8.0, Avg: 8.1, Max: 8.3, Diff: 0.3, Sum: 65.1]
      [GC Worker End (ms): Min: 513226202.4, Avg: 513226202.4, Max: 513226202.5, Diff: 0.1]
   [Code Root Fixup: 0.1 ms]
   [Code Root Purge: 0.0 ms]
   [Clear CT: 0.6 ms]
   [Other: 6.4 ms]
      [Choose CSet: 0.0 ms]
      [Ref Proc: 4.4 ms]
      [Ref Enq: 0.0 ms]
      [Redirty Cards: 0.4 ms]
      [Humongous Register: 0.1 ms]
      [Humongous Reclaim: 0.0 ms]
      [Free CSet: 1.1 ms]
   [Eden: 1212.0M(1212.0M)->0.0B(1212.0M) Survivors: 16.0M->16.0M Heap: 1420.3M(2048.0M)->208.9M(2048.0M)]
 [Times: user=0.07 sys=0.00, real=0.01 secs] 
2019-07-15T09:17:22.060+0000: 518092.890: [GC pause (G1 Evacuation Pause) (young), 0.0240173 secs]
   [Parallel Time: 14.8 ms, GC Workers: 8]
      [GC Worker Start (ms): Min: 518092890.1, Avg: 518092892.2, Max: 518092897.4, Diff: 7.3]
      [Ext Root Scanning (ms): Min: 0.0, Avg: 1.7, Max: 5.0, Diff: 5.0, Sum: 13.3]
      [Update RS (ms): Min: 0.0, Avg: 2.9, Max: 4.3, Diff: 4.3, Sum: 22.9]
         [Processed Buffers: Min: 0, Avg: 9.6, Max: 29, Diff: 29, Sum: 77]
      [Scan RS (ms): Min: 0.1, Avg: 0.2, Max: 0.4, Diff: 0.3, Sum: 1.9]
      [Code Root Scanning (ms): Min: 0.0, Avg: 0.0, Max: 0.0, Diff: 0.0, Sum: 0.1]
      [Object Copy (ms): Min: 6.4, Avg: 7.1, Max: 7.3, Diff: 0.9, Sum: 56.4]
      [Termination (ms): Min: 0.1, Avg: 0.2, Max: 0.2, Diff: 0.1, Sum: 1.3]
         [Termination Attempts: Min: 27, Avg: 30.4, Max: 34, Diff: 7, Sum: 243]
      [GC Worker Other (ms): Min: 0.0, Avg: 0.2, Max: 0.4, Diff: 0.4, Sum: 1.5]
      [GC Worker Total (ms): Min: 7.1, Avg: 12.2, Max: 14.3, Diff: 7.2, Sum: 97.4]
      [GC Worker End (ms): Min: 518092904.2, Avg: 518092904.3, Max: 518092904.6, Diff: 0.4]
   [Code Root Fixup: 0.1 ms]
   [Code Root Purge: 0.0 ms]
   [Clear CT: 0.7 ms]
   [Other: 8.4 ms]
      [Choose CSet: 0.0 ms]
      [Ref Proc: 6.1 ms]
      [Ref Enq: 0.1 ms]
      [Redirty Cards: 0.4 ms]
      [Humongous Register: 0.2 ms]
      [Humongous Reclaim: 0.0 ms]
      [Free CSet: 1.2 ms]
   [Eden: 1212.0M(1212.0M)->0.0B(1212.0M) Survivors: 16.0M->16.0M Heap: 1420.9M(2048.0M)->209.0M(2048.0M)]
 [Times: user=0.11 sys=0.00, real=0.03 secs] 
2019-07-15T10:39:03.758+0000: 522994.587: [GC pause (G1 Evacuation Pause) (young), 0.0145911 secs]
   [Parallel Time: 7.9 ms, GC Workers: 8]
      [GC Worker Start (ms): Min: 522994587.7, Avg: 522994587.9, Max: 522994588.0, Diff: 0.3]
      [Ext Root Scanning (ms): Min: 0.5, Avg: 0.9, Max: 2.2, Diff: 1.7, Sum: 7.3]
      [Update RS (ms): Min: 0.2, Avg: 1.4, Max: 1.7, Diff: 1.5, Sum: 11.2]
         [Processed Buffers: Min: 2, Avg: 9.5, Max: 26, Diff: 24, Sum: 76]
      [Scan RS (ms): Min: 0.1, Avg: 0.2, Max: 0.3, Diff: 0.2, Sum: 1.7]
      [Code Root Scanning (ms): Min: 0.0, Avg: 0.0, Max: 0.0, Diff: 0.0, Sum: 0.1]
      [Object Copy (ms): Min: 4.9, Avg: 4.9, Max: 4.9, Diff: 0.1, Sum: 39.2]
      [Termination (ms): Min: 0.0, Avg: 0.0, Max: 0.0, Diff: 0.0, Sum: 0.3]
         [Termination Attempts: Min: 11, Avg: 31.2, Max: 38, Diff: 27, Sum: 250]
      [GC Worker Other (ms): Min: 0.0, Avg: 0.1, Max: 0.2, Diff: 0.1, Sum: 0.7]
      [GC Worker Total (ms): Min: 7.4, Avg: 7.6, Max: 7.7, Diff: 0.4, Sum: 60.5]
      [GC Worker End (ms): Min: 522994595.4, Avg: 522994595.4, Max: 522994595.5, Diff: 0.1]
   [Code Root Fixup: 0.1 ms]
   [Code Root Purge: 0.0 ms]
   [Clear CT: 0.6 ms]
   [Other: 6.0 ms]
      [Choose CSet: 0.0 ms]
      [Ref Proc: 4.0 ms]
      [Ref Enq: 0.0 ms]
      [Redirty Cards: 0.3 ms]
      [Humongous Register: 0.2 ms]
      [Humongous Reclaim: 0.0 ms]
      [Free CSet: 1.1 ms]
   [Eden: 1212.0M(1212.0M)->0.0B(1211.0M) Survivors: 16.0M->17.0M Heap: 1421.0M(2048.0M)->210.5M(2048.0M)]
 [Times: user=0.07 sys=0.00, real=0.02 secs] 
2019-07-15T12:00:03.980+0000: 527854.809: [GC pause (G1 Evacuation Pause) (young), 0.0162983 secs]
   [Parallel Time: 9.5 ms, GC Workers: 8]
      [GC Worker Start (ms): Min: 527854809.7, Avg: 527854810.1, Max: 527854812.2, Diff: 2.6]
      [Ext Root Scanning (ms): Min: 0.0, Avg: 1.0, Max: 2.3, Diff: 2.3, Sum: 7.9]
      [Update RS (ms): Min: 0.9, Avg: 2.3, Max: 5.9, Diff: 5.1, Sum: 18.8]
         [Processed Buffers: Min: 1, Avg: 9.4, Max: 27, Diff: 26, Sum: 75]
      [Scan RS (ms): Min: 0.1, Avg: 0.2, Max: 0.3, Diff: 0.2, Sum: 1.8]
      [Code Root Scanning (ms): Min: 0.0, Avg: 0.0, Max: 0.0, Diff: 0.0, Sum: 0.1]
      [Object Copy (ms): Min: 2.0, Avg: 5.1, Max: 5.7, Diff: 3.7, Sum: 40.9]
      [Termination (ms): Min: 0.0, Avg: 0.2, Max: 0.2, Diff: 0.2, Sum: 1.4]
         [Termination Attempts: Min: 9, Avg: 33.2, Max: 45, Diff: 36, Sum: 266]
      [GC Worker Other (ms): Min: 0.0, Avg: 0.1, Max: 0.1, Diff: 0.1, Sum: 0.5]
      [GC Worker Total (ms): Min: 6.8, Avg: 8.9, Max: 9.3, Diff: 2.5, Sum: 71.3]
      [GC Worker End (ms): Min: 527854818.9, Avg: 527854819.0, Max: 527854819.0, Diff: 0.1]
   [Code Root Fixup: 0.2 ms]
   [Code Root Purge: 0.0 ms]
   [Clear CT: 0.6 ms]
   [Other: 6.0 ms]
      [Choose CSet: 0.0 ms]
      [Ref Proc: 4.2 ms]
      [Ref Enq: 0.0 ms]
      [Redirty Cards: 0.3 ms]
      [Humongous Register: 0.2 ms]
      [Humongous Reclaim: 0.0 ms]
      [Free CSet: 0.9 ms]
   [Eden: 1211.0M(1211.0M)->0.0B(1212.0M) Survivors: 17.0M->16.0M Heap: 1421.5M(2048.0M)->210.6M(2048.0M)]
 [Times: user=0.08 sys=0.00, real=0.02 secs] 
2019-07-15T13:21:30.237+0000: 532741.066: [GC pause (G1 Evacuation Pause) (young), 0.0170727 secs]
   [Parallel Time: 10.7 ms, GC Workers: 8]
      [GC Worker Start (ms): Min: 532741066.7, Avg: 532741066.9, Max: 532741067.1, Diff: 0.4]
      [Ext Root Scanning (ms): Min: 0.8, Avg: 1.1, Max: 2.1, Diff: 1.3, Sum: 9.2]
      [Update RS (ms): Min: 1.3, Avg: 2.3, Max: 3.9, Diff: 2.5, Sum: 18.3]
         [Processed Buffers: Min: 2, Avg: 9.6, Max: 34, Diff: 32, Sum: 77]
      [Scan RS (ms): Min: 0.1, Avg: 0.3, Max: 0.4, Diff: 0.3, Sum: 2.1]
      [Code Root Scanning (ms): Min: 0.0, Avg: 0.0, Max: 0.0, Diff: 0.0, Sum: 0.1]
      [Object Copy (ms): Min: 5.1, Avg: 6.4, Max: 6.7, Diff: 1.5, Sum: 51.1]
      [Termination (ms): Min: 0.1, Avg: 0.1, Max: 0.1, Diff: 0.1, Sum: 0.7]
         [Termination Attempts: Min: 26, Avg: 40.1, Max: 49, Diff: 23, Sum: 321]
      [GC Worker Other (ms): Min: 0.0, Avg: 0.1, Max: 0.2, Diff: 0.1, Sum: 0.8]
      [GC Worker Total (ms): Min: 10.1, Avg: 10.3, Max: 10.4, Diff: 0.4, Sum: 82.3]
      [GC Worker End (ms): Min: 532741077.1, Avg: 532741077.2, Max: 532741077.3, Diff: 0.1]
   [Code Root Fixup: 0.1 ms]
   [Code Root Purge: 0.0 ms]
   [Clear CT: 0.5 ms]
   [Other: 5.8 ms]
      [Choose CSet: 0.0 ms]
      [Ref Proc: 4.0 ms]
      [Ref Enq: 0.0 ms]
      [Redirty Cards: 0.3 ms]
      [Humongous Register: 0.2 ms]
      [Humongous Reclaim: 0.0 ms]
      [Free CSet: 1.0 ms]
   [Eden: 1212.0M(1212.0M)->0.0B(1211.0M) Survivors: 16.0M->17.0M Heap: 1422.6M(2048.0M)->211.6M(2048.0M)]
 [Times: user=0.09 sys=0.00, real=0.03 secs] 
2019-07-15T14:43:02.495+0000: 537633.324: [GC pause (G1 Evacuation Pause) (young), 0.0159046 secs]
   [Parallel Time: 9.0 ms, GC Workers: 8]
      [GC Worker Start (ms): Min: 537633324.8, Avg: 537633325.1, Max: 537633325.3, Diff: 0.5]
      [Ext Root Scanning (ms): Min: 0.7, Avg: 1.5, Max: 4.5, Diff: 3.8, Sum: 11.8]
      [Update RS (ms): Min: 0.0, Avg: 1.4, Max: 1.8, Diff: 1.8, Sum: 11.6]
         [Processed Buffers: Min: 0, Avg: 9.4, Max: 39, Diff: 39, Sum: 75]
      [Scan RS (ms): Min: 0.1, Avg: 0.2, Max: 0.3, Diff: 0.3, Sum: 1.8]
      [Code Root Scanning (ms): Min: 0.0, Avg: 0.0, Max: 0.0, Diff: 0.0, Sum: 0.1]
      [Object Copy (ms): Min: 3.6, Avg: 5.1, Max: 5.4, Diff: 1.7, Sum: 40.6]
      [Termination (ms): Min: 0.1, Avg: 0.1, Max: 0.1, Diff: 0.0, Sum: 0.6]
         [Termination Attempts: Min: 34, Avg: 39.6, Max: 48, Diff: 14, Sum: 317]
      [GC Worker Other (ms): Min: 0.0, Avg: 0.1, Max: 0.2, Diff: 0.2, Sum: 0.9]
      [GC Worker Total (ms): Min: 8.2, Avg: 8.4, Max: 8.7, Diff: 0.5, Sum: 67.3]
      [GC Worker End (ms): Min: 537633333.4, Avg: 537633333.5, Max: 537633333.6, Diff: 0.2]
   [Code Root Fixup: 0.1 ms]
   [Code Root Purge: 0.0 ms]
   [Clear CT: 0.7 ms]
   [Other: 6.1 ms]
      [Choose CSet: 0.0 ms]
      [Ref Proc: 4.2 ms]
      [Ref Enq: 0.0 ms]
      [Redirty Cards: 0.3 ms]
      [Humongous Register: 0.2 ms]
      [Humongous Reclaim: 0.0 ms]
      [Free CSet: 1.0 ms]
   [Eden: 1211.0M(1211.0M)->0.0B(1211.0M) Survivors: 17.0M->17.0M Heap: 1422.6M(2048.0M)->212.2M(2048.0M)]
 [Times: user=0.07 sys=0.00, real=0.02 secs] 
2019-07-15T16:03:55.331+0000: 542486.161: [GC pause (G1 Evacuation Pause) (young), 0.0147985 secs]
   [Parallel Time: 8.4 ms, GC Workers: 8]
      [GC Worker Start (ms): Min: 542486161.0, Avg: 542486161.1, Max: 542486161.2, Diff: 0.2]
      [Ext Root Scanning (ms): Min: 0.6, Avg: 0.9, Max: 1.9, Diff: 1.4, Sum: 6.9]
      [Update RS (ms): Min: 1.1, Avg: 1.9, Max: 2.1, Diff: 1.0, Sum: 15.1]
         [Processed Buffers: Min: 2, Avg: 9.5, Max: 38, Diff: 36, Sum: 76]
      [Scan RS (ms): Min: 0.1, Avg: 0.2, Max: 0.3, Diff: 0.2, Sum: 1.7]
      [Code Root Scanning (ms): Min: 0.0, Avg: 0.0, Max: 0.0, Diff: 0.0, Sum: 0.1]
      [Object Copy (ms): Min: 4.8, Avg: 4.9, Max: 4.9, Diff: 0.2, Sum: 38.8]
      [Termination (ms): Min: 0.1, Avg: 0.2, Max: 0.2, Diff: 0.2, Sum: 1.3]
         [Termination Attempts: Min: 42, Avg: 45.8, Max: 51, Diff: 9, Sum: 366]
      [GC Worker Other (ms): Min: 0.0, Avg: 0.1, Max: 0.2, Diff: 0.2, Sum: 0.7]
      [GC Worker Total (ms): Min: 7.9, Avg: 8.1, Max: 8.2, Diff: 0.3, Sum: 64.6]
      [GC Worker End (ms): Min: 542486169.1, Avg: 542486169.2, Max: 542486169.2, Diff: 0.2]
   [Code Root Fixup: 0.1 ms]
   [Code Root Purge: 0.0 ms]
   [Clear CT: 0.6 ms]
   [Other: 5.7 ms]
      [Choose CSet: 0.0 ms]
      [Ref Proc: 4.0 ms]
      [Ref Enq: 0.0 ms]
      [Redirty Cards: 0.3 ms]
      [Humongous Register: 0.2 ms]
      [Humongous Reclaim: 0.0 ms]
      [Free CSet: 0.9 ms]
   [Eden: 1211.0M(1211.0M)->0.0B(1212.0M) Survivors: 17.0M->16.0M Heap: 1423.2M(2048.0M)->212.2M(2048.0M)]
 [Times: user=0.07 sys=0.00, real=0.01 secs] 
2019-07-15T17:25:04.604+0000: 547355.433: [GC pause (G1 Evacuation Pause) (young), 0.0193612 secs]
   [Parallel Time: 12.5 ms, GC Workers: 8]
      [GC Worker Start (ms): Min: 547355433.7, Avg: 547355436.6, Max: 547355439.4, Diff: 5.8]
      [Ext Root Scanning (ms): Min: 0.0, Avg: 1.2, Max: 3.4, Diff: 3.4, Sum: 9.7]
      [Update RS (ms): Min: 0.2, Avg: 2.2, Max: 5.3, Diff: 5.1, Sum: 17.6]
         [Processed Buffers: Min: 1, Avg: 9.2, Max: 29, Diff: 28, Sum: 74]
      [Scan RS (ms): Min: 0.1, Avg: 0.2, Max: 0.4, Diff: 0.3, Sum: 2.0]
      [Code Root Scanning (ms): Min: 0.0, Avg: 0.0, Max: 0.0, Diff: 0.0, Sum: 0.1]
      [Object Copy (ms): Min: 4.3, Avg: 5.4, Max: 6.0, Diff: 1.7, Sum: 43.2]
      [Termination (ms): Min: 0.1, Avg: 0.1, Max: 0.1, Diff: 0.0, Sum: 0.6]
         [Termination Attempts: Min: 30, Avg: 41.4, Max: 50, Diff: 20, Sum: 331]
      [GC Worker Other (ms): Min: 0.0, Avg: 0.1, Max: 0.2, Diff: 0.2, Sum: 1.2]
      [GC Worker Total (ms): Min: 6.4, Avg: 9.3, Max: 12.2, Diff: 5.8, Sum: 74.3]
      [GC Worker End (ms): Min: 547355445.8, Avg: 547355445.9, Max: 547355446.0, Diff: 0.2]
   [Code Root Fixup: 0.1 ms]
   [Code Root Purge: 0.0 ms]
   [Clear CT: 0.7 ms]
   [Other: 6.0 ms]
      [Choose CSet: 0.0 ms]
      [Ref Proc: 4.0 ms]
      [Ref Enq: 0.0 ms]
      [Redirty Cards: 0.3 ms]
      [Humongous Register: 0.2 ms]
      [Humongous Reclaim: 0.0 ms]
      [Free CSet: 1.1 ms]
   [Eden: 1212.0M(1212.0M)->0.0B(1212.0M) Survivors: 16.0M->16.0M Heap: 1424.2M(2048.0M)->212.8M(2048.0M)]
 [Times: user=0.08 sys=0.00, real=0.02 secs] 
2019-07-15T18:46:33.608+0000: 552244.437: [GC pause (G1 Evacuation Pause) (young), 0.0173347 secs]
   [Parallel Time: 9.2 ms, GC Workers: 8]
      [GC Worker Start (ms): Min: 552244437.8, Avg: 552244438.0, Max: 552244438.1, Diff: 0.3]
      [Ext Root Scanning (ms): Min: 0.6, Avg: 1.0, Max: 2.0, Diff: 1.4, Sum: 7.7]
      [Update RS (ms): Min: 0.9, Avg: 1.8, Max: 2.3, Diff: 1.4, Sum: 14.3]
         [Processed Buffers: Min: 2, Avg: 10.1, Max: 32, Diff: 30, Sum: 81]
      [Scan RS (ms): Min: 0.1, Avg: 0.2, Max: 0.4, Diff: 0.2, Sum: 2.0]
      [Code Root Scanning (ms): Min: 0.0, Avg: 0.0, Max: 0.0, Diff: 0.0, Sum: 0.1]
      [Object Copy (ms): Min: 5.3, Avg: 5.5, Max: 5.6, Diff: 0.3, Sum: 43.9]
      [Termination (ms): Min: 0.1, Avg: 0.1, Max: 0.1, Diff: 0.1, Sum: 0.8]
         [Termination Attempts: Min: 39, Avg: 46.1, Max: 58, Diff: 19, Sum: 369]
      [GC Worker Other (ms): Min: 0.0, Avg: 0.1, Max: 0.2, Diff: 0.2, Sum: 1.0]
      [GC Worker Total (ms): Min: 8.5, Avg: 8.7, Max: 9.0, Diff: 0.4, Sum: 69.8]
      [GC Worker End (ms): Min: 552244446.6, Avg: 552244446.7, Max: 552244446.8, Diff: 0.2]
   [Code Root Fixup: 0.1 ms]
   [Code Root Purge: 0.0 ms]
   [Clear CT: 2.0 ms]
   [Other: 6.0 ms]
      [Choose CSet: 0.0 ms]
      [Ref Proc: 4.1 ms]
      [Ref Enq: 0.0 ms]
      [Redirty Cards: 0.3 ms]
      [Humongous Register: 0.2 ms]
      [Humongous Reclaim: 0.0 ms]
      [Free CSet: 0.9 ms]
   [Eden: 1212.0M(1212.0M)->0.0B(1212.0M) Survivors: 16.0M->16.0M Heap: 1424.8M(2048.0M)->213.3M(2048.0M)]
 [Times: user=0.08 sys=0.00, real=0.02 secs] 
2019-07-15T20:06:42.250+0000: 557053.079: [GC pause (G1 Evacuation Pause) (young), 0.0164294 secs]
   [Parallel Time: 9.6 ms, GC Workers: 8]
      [GC Worker Start (ms): Min: 557053079.8, Avg: 557053080.0, Max: 557053080.2, Diff: 0.3]
      [Ext Root Scanning (ms): Min: 0.6, Avg: 1.0, Max: 2.1, Diff: 1.4, Sum: 8.0]
      [Update RS (ms): Min: 2.0, Avg: 2.1, Max: 2.6, Diff: 0.5, Sum: 17.1]
         [Processed Buffers: Min: 1, Avg: 9.6, Max: 35, Diff: 34, Sum: 77]
      [Scan RS (ms): Min: 0.1, Avg: 0.3, Max: 0.3, Diff: 0.3, Sum: 2.1]
      [Code Root Scanning (ms): Min: 0.0, Avg: 0.0, Max: 0.0, Diff: 0.0, Sum: 0.1]
      [Object Copy (ms): Min: 4.3, Avg: 5.5, Max: 5.8, Diff: 1.4, Sum: 44.0]
      [Termination (ms): Min: 0.1, Avg: 0.1, Max: 0.2, Diff: 0.1, Sum: 1.1]
         [Termination Attempts: Min: 39, Avg: 49.4, Max: 57, Diff: 18, Sum: 395]
      [GC Worker Other (ms): Min: 0.0, Avg: 0.1, Max: 0.2, Diff: 0.2, Sum: 0.8]
      [GC Worker Total (ms): Min: 8.9, Avg: 9.1, Max: 9.3, Diff: 0.4, Sum: 73.1]
      [GC Worker End (ms): Min: 557053089.1, Avg: 557053089.1, Max: 557053089.2, Diff: 0.2]
   [Code Root Fixup: 0.1 ms]
   [Code Root Purge: 0.0 ms]
   [Clear CT: 0.6 ms]
   [Other: 6.1 ms]
      [Choose CSet: 0.0 ms]
      [Ref Proc: 4.4 ms]
      [Ref Enq: 0.0 ms]
      [Redirty Cards: 0.3 ms]
      [Humongous Register: 0.2 ms]
      [Humongous Reclaim: 0.0 ms]
      [Free CSet: 0.9 ms]
   [Eden: 1212.0M(1212.0M)->0.0B(1212.0M) Survivors: 16.0M->16.0M Heap: 1425.3M(2048.0M)->213.9M(2048.0M)]
 [Times: user=0.08 sys=0.00, real=0.02 secs] 
2019-07-15T21:27:51.814+0000: 561922.643: [GC pause (G1 Evacuation Pause) (young), 0.0194726 secs]
   [Parallel Time: 11.1 ms, GC Workers: 8]
      [GC Worker Start (ms): Min: 561922643.4, Avg: 561922643.6, Max: 561922643.8, Diff: 0.4]
      [Ext Root Scanning (ms): Min: 1.0, Avg: 1.6, Max: 3.7, Diff: 2.6, Sum: 12.5]
      [Update RS (ms): Min: 0.8, Avg: 2.4, Max: 2.8, Diff: 2.0, Sum: 18.9]
         [Processed Buffers: Min: 1, Avg: 10.0, Max: 31, Diff: 30, Sum: 80]
      [Scan RS (ms): Min: 0.1, Avg: 0.3, Max: 0.4, Diff: 0.3, Sum: 2.1]
      [Code Root Scanning (ms): Min: 0.0, Avg: 0.0, Max: 0.0, Diff: 0.0, Sum: 0.1]
      [Object Copy (ms): Min: 5.9, Avg: 6.1, Max: 6.2, Diff: 0.3, Sum: 48.8]
      [Termination (ms): Min: 0.0, Avg: 0.1, Max: 0.1, Diff: 0.1, Sum: 0.6]
         [Termination Attempts: Min: 28, Avg: 36.2, Max: 49, Diff: 21, Sum: 290]
      [GC Worker Other (ms): Min: 0.0, Avg: 0.1, Max: 0.3, Diff: 0.2, Sum: 1.1]
      [GC Worker Total (ms): Min: 10.3, Avg: 10.5, Max: 10.7, Diff: 0.5, Sum: 84.1]
      [GC Worker End (ms): Min: 561922654.0, Avg: 561922654.1, Max: 561922654.2, Diff: 0.2]
   [Code Root Fixup: 0.2 ms]
   [Code Root Purge: 0.0 ms]
   [Clear CT: 0.7 ms]
   [Other: 7.5 ms]
      [Choose CSet: 0.0 ms]
      [Ref Proc: 5.5 ms]
      [Ref Enq: 0.0 ms]
      [Redirty Cards: 0.3 ms]
      [Humongous Register: 0.3 ms]
      [Humongous Reclaim: 0.0 ms]
      [Free CSet: 1.0 ms]
   [Eden: 1212.0M(1212.0M)->0.0B(1211.0M) Survivors: 16.0M->17.0M Heap: 1425.9M(2048.0M)->214.9M(2048.0M)]
 [Times: user=0.10 sys=0.00, real=0.02 secs] 
2019-07-15T22:49:38.199+0000: 566829.029: [GC pause (G1 Evacuation Pause) (young), 0.0161644 secs]
   [Parallel Time: 9.3 ms, GC Workers: 8]
      [GC Worker Start (ms): Min: 566829029.2, Avg: 566829029.4, Max: 566829029.6, Diff: 0.3]
      [Ext Root Scanning (ms): Min: 0.7, Avg: 1.1, Max: 2.4, Diff: 1.6, Sum: 8.5]
      [Update RS (ms): Min: 0.8, Avg: 1.8, Max: 2.1, Diff: 1.3, Sum: 14.4]
         [Processed Buffers: Min: 1, Avg: 10.0, Max: 27, Diff: 26, Sum: 80]
      [Scan RS (ms): Min: 0.1, Avg: 0.2, Max: 0.3, Diff: 0.2, Sum: 1.9]
      [Code Root Scanning (ms): Min: 0.0, Avg: 0.0, Max: 0.0, Diff: 0.0, Sum: 0.1]
      [Object Copy (ms): Min: 5.4, Avg: 5.5, Max: 5.6, Diff: 0.2, Sum: 43.9]
      [Termination (ms): Min: 0.1, Avg: 0.1, Max: 0.2, Diff: 0.1, Sum: 0.8]
         [Termination Attempts: Min: 30, Avg: 37.0, Max: 43, Diff: 13, Sum: 296]
      [GC Worker Other (ms): Min: 0.0, Avg: 0.1, Max: 0.2, Diff: 0.1, Sum: 0.8]
      [GC Worker Total (ms): Min: 8.7, Avg: 8.8, Max: 9.0, Diff: 0.3, Sum: 70.4]
      [GC Worker End (ms): Min: 566829038.2, Avg: 566829038.2, Max: 566829038.3, Diff: 0.2]
   [Code Root Fixup: 0.1 ms]
   [Code Root Purge: 0.0 ms]
   [Clear CT: 0.7 ms]
   [Other: 6.1 ms]
      [Choose CSet: 0.0 ms]
      [Ref Proc: 4.0 ms]
      [Ref Enq: 0.0 ms]
      [Redirty Cards: 0.4 ms]
      [Humongous Register: 0.3 ms]
      [Humongous Reclaim: 0.0 ms]
      [Free CSet: 1.0 ms]
   [Eden: 1211.0M(1211.0M)->0.0B(1212.0M) Survivors: 17.0M->16.0M Heap: 1425.9M(2048.0M)->215.0M(2048.0M)]
 [Times: user=0.08 sys=0.00, real=0.02 secs] 
2019-07-16T00:10:26.635+0000: 571677.464: [GC pause (G1 Evacuation Pause) (young), 0.0168953 secs]
   [Parallel Time: 10.2 ms, GC Workers: 8]
      [GC Worker Start (ms): Min: 571677464.3, Avg: 571677464.5, Max: 571677464.8, Diff: 0.5]
      [Ext Root Scanning (ms): Min: 0.6, Avg: 1.2, Max: 3.2, Diff: 2.6, Sum: 9.7]
      [Update RS (ms): Min: 0.5, Avg: 2.4, Max: 3.4, Diff: 2.9, Sum: 19.3]
         [Processed Buffers: Min: 2, Avg: 10.0, Max: 42, Diff: 40, Sum: 80]
      [Scan RS (ms): Min: 0.1, Avg: 0.3, Max: 0.4, Diff: 0.3, Sum: 2.1]
      [Code Root Scanning (ms): Min: 0.0, Avg: 0.0, Max: 0.0, Diff: 0.0, Sum: 0.1]
      [Object Copy (ms): Min: 5.0, Avg: 5.5, Max: 5.7, Diff: 0.7, Sum: 43.8]
      [Termination (ms): Min: 0.1, Avg: 0.1, Max: 0.1, Diff: 0.0, Sum: 0.9]
         [Termination Attempts: Min: 27, Avg: 40.4, Max: 54, Diff: 27, Sum: 323]
      [GC Worker Other (ms): Min: 0.0, Avg: 0.1, Max: 0.2, Diff: 0.2, Sum: 0.8]
      [GC Worker Total (ms): Min: 9.3, Avg: 9.6, Max: 9.8, Diff: 0.6, Sum: 76.8]
      [GC Worker End (ms): Min: 571677474.1, Avg: 571677474.1, Max: 571677474.2, Diff: 0.2]
   [Code Root Fixup: 0.1 ms]
   [Code Root Purge: 0.0 ms]
   [Clear CT: 0.5 ms]
   [Other: 6.1 ms]
      [Choose CSet: 0.0 ms]
      [Ref Proc: 4.1 ms]
      [Ref Enq: 0.0 ms]
      [Redirty Cards: 0.3 ms]
      [Humongous Register: 0.2 ms]
      [Humongous Reclaim: 0.0 ms]
      [Free CSet: 1.0 ms]
   [Eden: 1212.0M(1212.0M)->0.0B(1212.0M) Survivors: 16.0M->16.0M Heap: 1427.0M(2048.0M)->215.7M(2048.0M)]
 [Times: user=0.09 sys=0.00, real=0.02 secs] 
2019-07-16T01:32:04.090+0000: 576574.920: [GC pause (G1 Evacuation Pause) (young), 0.0200576 secs]
   [Parallel Time: 12.9 ms, GC Workers: 8]
      [GC Worker Start (ms): Min: 576574920.0, Avg: 576574920.3, Max: 576574921.3, Diff: 1.2]
      [Ext Root Scanning (ms): Min: 1.0, Avg: 2.8, Max: 5.3, Diff: 4.3, Sum: 22.1]
      [Update RS (ms): Min: 0.0, Avg: 2.1, Max: 3.2, Diff: 3.2, Sum: 16.8]
         [Processed Buffers: Min: 0, Avg: 10.1, Max: 25, Diff: 25, Sum: 81]
      [Scan RS (ms): Min: 0.1, Avg: 0.2, Max: 0.3, Diff: 0.3, Sum: 1.8]
      [Code Root Scanning (ms): Min: 0.0, Avg: 0.0, Max: 0.0, Diff: 0.0, Sum: 0.1]
      [Object Copy (ms): Min: 5.8, Avg: 6.3, Max: 7.1, Diff: 1.2, Sum: 50.4]
      [Termination (ms): Min: 0.2, Avg: 0.8, Max: 1.2, Diff: 1.0, Sum: 6.7]
         [Termination Attempts: Min: 51, Avg: 62.9, Max: 71, Diff: 20, Sum: 503]
      [GC Worker Other (ms): Min: 0.0, Avg: 0.1, Max: 0.2, Diff: 0.1, Sum: 0.7]
      [GC Worker Total (ms): Min: 11.4, Avg: 12.3, Max: 12.7, Diff: 1.3, Sum: 98.5]
      [GC Worker End (ms): Min: 576574932.6, Avg: 576574932.6, Max: 576574932.7, Diff: 0.2]
   [Code Root Fixup: 0.1 ms]
   [Code Root Purge: 0.0 ms]
   [Clear CT: 0.6 ms]
   [Other: 6.4 ms]
      [Choose CSet: 0.0 ms]
      [Ref Proc: 4.2 ms]
      [Ref Enq: 0.0 ms]
      [Redirty Cards: 0.3 ms]
      [Humongous Register: 0.3 ms]
      [Humongous Reclaim: 0.0 ms]
      [Free CSet: 1.1 ms]
   [Eden: 1212.0M(1212.0M)->0.0B(1212.0M) Survivors: 16.0M->16.0M Heap: 1427.7M(2048.0M)->216.3M(2048.0M)]
 [Times: user=0.09 sys=0.00, real=0.02 secs] 
2019-07-16T02:53:51.169+0000: 581481.998: [GC pause (G1 Evacuation Pause) (young), 0.0158825 secs]
   [Parallel Time: 8.3 ms, GC Workers: 8]
      [GC Worker Start (ms): Min: 581481998.2, Avg: 581481998.5, Max: 581481999.3, Diff: 1.1]
      [Ext Root Scanning (ms): Min: 0.0, Avg: 0.9, Max: 2.8, Diff: 2.7, Sum: 7.5]
      [Update RS (ms): Min: 0.1, Avg: 1.6, Max: 1.9, Diff: 1.7, Sum: 12.4]
         [Processed Buffers: Min: 1, Avg: 9.9, Max: 29, Diff: 28, Sum: 79]
      [Scan RS (ms): Min: 0.2, Avg: 0.2, Max: 0.3, Diff: 0.1, Sum: 2.0]
      [Code Root Scanning (ms): Min: 0.0, Avg: 0.0, Max: 0.0, Diff: 0.0, Sum: 0.1]
      [Object Copy (ms): Min: 4.6, Avg: 4.7, Max: 4.8, Diff: 0.2, Sum: 37.6]
      [Termination (ms): Min: 0.0, Avg: 0.1, Max: 0.1, Diff: 0.1, Sum: 0.7]
         [Termination Attempts: Min: 30, Avg: 38.2, Max: 46, Diff: 16, Sum: 306]
      [GC Worker Other (ms): Min: 0.0, Avg: 0.1, Max: 0.2, Diff: 0.2, Sum: 0.7]
      [GC Worker Total (ms): Min: 6.8, Avg: 7.6, Max: 8.0, Diff: 1.2, Sum: 61.0]
      [GC Worker End (ms): Min: 581482006.1, Avg: 581482006.1, Max: 581482006.2, Diff: 0.1]
   [Code Root Fixup: 0.1 ms]
   [Code Root Purge: 0.0 ms]
   [Clear CT: 1.4 ms]
   [Other: 6.1 ms]
      [Choose CSet: 0.0 ms]
      [Ref Proc: 4.3 ms]
      [Ref Enq: 0.0 ms]
      [Redirty Cards: 0.3 ms]
      [Humongous Register: 0.1 ms]
      [Humongous Reclaim: 0.0 ms]
      [Free CSet: 1.0 ms]
   [Eden: 1212.0M(1212.0M)->0.0B(1212.0M) Survivors: 16.0M->16.0M Heap: 1428.3M(2048.0M)->217.1M(2048.0M)]
 [Times: user=0.07 sys=0.00, real=0.02 secs] 
2019-07-16T04:15:04.204+0000: 586355.033: [GC pause (G1 Evacuation Pause) (young), 0.0167576 secs]
   [Parallel Time: 9.8 ms, GC Workers: 8]
      [GC Worker Start (ms): Min: 586355033.3, Avg: 586355033.5, Max: 586355033.7, Diff: 0.4]
      [Ext Root Scanning (ms): Min: 0.7, Avg: 1.1, Max: 2.9, Diff: 2.2, Sum: 9.0]
      [Update RS (ms): Min: 0.8, Avg: 2.1, Max: 2.5, Diff: 1.7, Sum: 16.9]
         [Processed Buffers: Min: 1, Avg: 9.8, Max: 28, Diff: 27, Sum: 78]
      [Scan RS (ms): Min: 0.1, Avg: 0.2, Max: 0.3, Diff: 0.3, Sum: 1.8]
      [Code Root Scanning (ms): Min: 0.0, Avg: 0.0, Max: 0.0, Diff: 0.0, Sum: 0.1]
      [Object Copy (ms): Min: 5.3, Avg: 5.6, Max: 5.7, Diff: 0.3, Sum: 44.6]
      [Termination (ms): Min: 0.0, Avg: 0.1, Max: 0.1, Diff: 0.1, Sum: 0.6]
         [Termination Attempts: Min: 37, Avg: 48.2, Max: 60, Diff: 23, Sum: 386]
      [GC Worker Other (ms): Min: 0.0, Avg: 0.1, Max: 0.3, Diff: 0.2, Sum: 1.0]
      [GC Worker Total (ms): Min: 9.1, Avg: 9.3, Max: 9.6, Diff: 0.4, Sum: 74.0]
      [GC Worker End (ms): Min: 586355042.7, Avg: 586355042.8, Max: 586355042.9, Diff: 0.2]
   [Code Root Fixup: 0.1 ms]
   [Code Root Purge: 0.0 ms]
   [Clear CT: 0.6 ms]
   [Other: 6.2 ms]
      [Choose CSet: 0.0 ms]
      [Ref Proc: 4.3 ms]
      [Ref Enq: 0.0 ms]
      [Redirty Cards: 0.3 ms]
      [Humongous Register: 0.2 ms]
      [Humongous Reclaim: 0.0 ms]
      [Free CSet: 1.0 ms]
   [Eden: 1212.0M(1212.0M)->0.0B(1212.0M) Survivors: 16.0M->16.0M Heap: 1429.1M(2048.0M)->217.2M(2048.0M)]
 [Times: user=0.09 sys=0.00, real=0.03 secs] 
2019-07-16T05:36:41.548+0000: 591252.377: [GC pause (G1 Evacuation Pause) (young), 0.0161851 secs]
   [Parallel Time: 9.5 ms, GC Workers: 8]
      [GC Worker Start (ms): Min: 591252377.5, Avg: 591252377.7, Max: 591252377.9, Diff: 0.4]
      [Ext Root Scanning (ms): Min: 0.6, Avg: 1.0, Max: 2.1, Diff: 1.5, Sum: 7.8]
      [Update RS (ms): Min: 1.1, Avg: 1.9, Max: 2.4, Diff: 1.4, Sum: 15.2]
         [Processed Buffers: Min: 1, Avg: 9.8, Max: 41, Diff: 40, Sum: 78]
      [Scan RS (ms): Min: 0.2, Avg: 0.3, Max: 0.3, Diff: 0.2, Sum: 2.1]
      [Code Root Scanning (ms): Min: 0.0, Avg: 0.0, Max: 0.0, Diff: 0.0, Sum: 0.1]
      [Object Copy (ms): Min: 5.4, Avg: 5.6, Max: 5.7, Diff: 0.3, Sum: 44.9]
      [Termination (ms): Min: 0.1, Avg: 0.1, Max: 0.2, Diff: 0.1, Sum: 0.9]
         [Termination Attempts: Min: 41, Avg: 46.9, Max: 51, Diff: 10, Sum: 375]
      [GC Worker Other (ms): Min: 0.0, Avg: 0.1, Max: 0.2, Diff: 0.2, Sum: 0.9]
      [GC Worker Total (ms): Min: 8.8, Avg: 9.0, Max: 9.2, Diff: 0.4, Sum: 72.0]
      [GC Worker End (ms): Min: 591252386.6, Avg: 591252386.7, Max: 591252386.8, Diff: 0.2]
   [Code Root Fixup: 0.1 ms]
   [Code Root Purge: 0.0 ms]
   [Clear CT: 0.6 ms]
   [Other: 5.9 ms]
      [Choose CSet: 0.0 ms]
      [Ref Proc: 4.2 ms]
      [Ref Enq: 0.0 ms]
      [Redirty Cards: 0.3 ms]
      [Humongous Register: 0.1 ms]
      [Humongous Reclaim: 0.0 ms]
      [Free CSet: 0.9 ms]
   [Eden: 1212.0M(1212.0M)->0.0B(1213.0M) Survivors: 16.0M->15.0M Heap: 1429.2M(2048.0M)->217.4M(2048.0M)]
 [Times: user=0.08 sys=0.00, real=0.02 secs] 
2019-07-16T06:58:30.248+0000: 596161.078: [GC pause (G1 Evacuation Pause) (young), 0.0156667 secs]
   [Parallel Time: 7.9 ms, GC Workers: 8]
      [GC Worker Start (ms): Min: 596161078.1, Avg: 596161078.2, Max: 596161078.4, Diff: 0.3]
      [Ext Root Scanning (ms): Min: 0.6, Avg: 1.0, Max: 2.0, Diff: 1.4, Sum: 7.8]
      [Update RS (ms): Min: 0.7, Avg: 1.6, Max: 2.2, Diff: 1.5, Sum: 12.5]
         [Processed Buffers: Min: 2, Avg: 10.4, Max: 25, Diff: 23, Sum: 83]
      [Scan RS (ms): Min: 0.1, Avg: 0.2, Max: 0.3, Diff: 0.2, Sum: 1.8]
      [Code Root Scanning (ms): Min: 0.0, Avg: 0.0, Max: 0.0, Diff: 0.0, Sum: 0.1]
      [Object Copy (ms): Min: 4.1, Avg: 4.5, Max: 4.7, Diff: 0.5, Sum: 36.4]
      [Termination (ms): Min: 0.1, Avg: 0.1, Max: 0.2, Diff: 0.1, Sum: 1.2]
         [Termination Attempts: Min: 37, Avg: 44.9, Max: 55, Diff: 18, Sum: 359]
      [GC Worker Other (ms): Min: 0.0, Avg: 0.1, Max: 0.2, Diff: 0.1, Sum: 0.7]
      [GC Worker Total (ms): Min: 7.3, Avg: 7.6, Max: 7.7, Diff: 0.4, Sum: 60.5]
      [GC Worker End (ms): Min: 596161085.7, Avg: 596161085.8, Max: 596161085.8, Diff: 0.1]
   [Code Root Fixup: 0.1 ms]
   [Code Root Purge: 0.0 ms]
   [Clear CT: 0.6 ms]
   [Other: 7.0 ms]
      [Choose CSet: 0.0 ms]
      [Ref Proc: 5.0 ms]
      [Ref Enq: 0.0 ms]
      [Redirty Cards: 0.4 ms]
      [Humongous Register: 0.2 ms]
      [Humongous Reclaim: 0.0 ms]
      [Free CSet: 1.0 ms]
   [Eden: 1213.0M(1213.0M)->0.0B(1212.0M) Survivors: 15.0M->16.0M Heap: 1430.4M(2048.0M)->219.0M(2048.0M)]
 [Times: user=0.07 sys=0.00, real=0.02 secs] 
2019-07-16T08:19:53.321+0000: 601044.150: [GC pause (G1 Evacuation Pause) (young), 0.0199982 secs]
   [Parallel Time: 13.2 ms, GC Workers: 8]
      [GC Worker Start (ms): Min: 601044150.6, Avg: 601044151.5, Max: 601044155.7, Diff: 5.1]
      [Ext Root Scanning (ms): Min: 0.0, Avg: 1.1, Max: 2.8, Diff: 2.8, Sum: 8.8]
      [Update RS (ms): Min: 0.0, Avg: 4.5, Max: 10.4, Diff: 10.4, Sum: 35.9]
         [Processed Buffers: Min: 0, Avg: 9.5, Max: 28, Diff: 28, Sum: 76]
      [Scan RS (ms): Min: 0.1, Avg: 0.3, Max: 0.4, Diff: 0.4, Sum: 2.0]
      [Code Root Scanning (ms): Min: 0.0, Avg: 0.0, Max: 0.0, Diff: 0.0, Sum: 0.1]
      [Object Copy (ms): Min: 0.9, Avg: 5.8, Max: 7.4, Diff: 6.4, Sum: 46.7]
      [Termination (ms): Min: 0.0, Avg: 0.1, Max: 0.2, Diff: 0.2, Sum: 1.2]
         [Termination Attempts: Min: 8, Avg: 31.2, Max: 40, Diff: 32, Sum: 250]
      [GC Worker Other (ms): Min: 0.0, Avg: 0.1, Max: 0.1, Diff: 0.1, Sum: 0.5]
      [GC Worker Total (ms): Min: 7.7, Avg: 11.9, Max: 12.8, Diff: 5.2, Sum: 95.2]
      [GC Worker End (ms): Min: 601044163.4, Avg: 601044163.4, Max: 601044163.5, Diff: 0.1]
   [Code Root Fixup: 0.1 ms]
   [Code Root Purge: 0.0 ms]
   [Clear CT: 0.7 ms]
   [Other: 6.1 ms]
      [Choose CSet: 0.0 ms]
      [Ref Proc: 4.1 ms]
      [Ref Enq: 0.0 ms]
      [Redirty Cards: 0.4 ms]
      [Humongous Register: 0.2 ms]
      [Humongous Reclaim: 0.0 ms]
      [Free CSet: 1.0 ms]
   [Eden: 1212.0M(1212.0M)->0.0B(1211.0M) Survivors: 16.0M->17.0M Heap: 1431.0M(2048.0M)->220.1M(2048.0M)]
 [Times: user=0.09 sys=0.00, real=0.03 secs] 
2019-07-16T09:41:19.708+0000: 605930.537: [GC pause (G1 Evacuation Pause) (young), 0.0171037 secs]
   [Parallel Time: 9.7 ms, GC Workers: 8]
      [GC Worker Start (ms): Min: 605930537.5, Avg: 605930537.7, Max: 605930538.3, Diff: 0.8]
      [Ext Root Scanning (ms): Min: 0.3, Avg: 1.4, Max: 4.6, Diff: 4.3, Sum: 11.6]
      [Update RS (ms): Min: 0.0, Avg: 1.9, Max: 2.8, Diff: 2.8, Sum: 15.1]
         [Processed Buffers: Min: 0, Avg: 10.2, Max: 29, Diff: 29, Sum: 82]
      [Scan RS (ms): Min: 0.1, Avg: 0.2, Max: 0.4, Diff: 0.3, Sum: 1.9]
      [Code Root Scanning (ms): Min: 0.0, Avg: 0.0, Max: 0.0, Diff: 0.0, Sum: 0.1]
      [Object Copy (ms): Min: 4.6, Avg: 5.6, Max: 5.8, Diff: 1.3, Sum: 44.6]
      [Termination (ms): Min: 0.1, Avg: 0.1, Max: 0.1, Diff: 0.1, Sum: 0.8]
         [Termination Attempts: Min: 38, Avg: 51.0, Max: 59, Diff: 21, Sum: 408]
      [GC Worker Other (ms): Min: 0.0, Avg: 0.1, Max: 0.2, Diff: 0.1, Sum: 0.8]
      [GC Worker Total (ms): Min: 8.7, Avg: 9.4, Max: 9.6, Diff: 0.9, Sum: 74.8]
      [GC Worker End (ms): Min: 605930547.0, Avg: 605930547.0, Max: 605930547.1, Diff: 0.1]
   [Code Root Fixup: 0.2 ms]
   [Code Root Purge: 0.0 ms]
   [Clear CT: 0.6 ms]
   [Other: 6.6 ms]
      [Choose CSet: 0.0 ms]
      [Ref Proc: 4.8 ms]
      [Ref Enq: 0.0 ms]
      [Redirty Cards: 0.3 ms]
      [Humongous Register: 0.2 ms]
      [Humongous Reclaim: 0.0 ms]
      [Free CSet: 1.0 ms]
   [Eden: 1211.0M(1211.0M)->0.0B(1211.0M) Survivors: 17.0M->17.0M Heap: 1431.1M(2048.0M)->221.1M(2048.0M)]
 [Times: user=0.08 sys=0.00, real=0.02 secs] 
2019-07-16T11:02:47.475+0000: 610818.305: [GC pause (G1 Evacuation Pause) (young), 0.0148848 secs]
   [Parallel Time: 8.6 ms, GC Workers: 8]
      [GC Worker Start (ms): Min: 610818305.0, Avg: 610818305.1, Max: 610818305.4, Diff: 0.4]
      [Ext Root Scanning (ms): Min: 0.9, Avg: 1.4, Max: 2.4, Diff: 1.5, Sum: 11.5]
      [Update RS (ms): Min: 0.7, Avg: 1.6, Max: 2.4, Diff: 1.7, Sum: 13.1]
         [Processed Buffers: Min: 1, Avg: 9.6, Max: 19, Diff: 18, Sum: 77]
      [Scan RS (ms): Min: 0.1, Avg: 0.2, Max: 0.3, Diff: 0.2, Sum: 1.8]
      [Code Root Scanning (ms): Min: 0.0, Avg: 0.0, Max: 0.0, Diff: 0.0, Sum: 0.1]
      [Object Copy (ms): Min: 4.6, Avg: 4.8, Max: 4.9, Diff: 0.3, Sum: 38.1]
      [Termination (ms): Min: 0.1, Avg: 0.1, Max: 0.1, Diff: 0.0, Sum: 0.7]
         [Termination Attempts: Min: 37, Avg: 42.0, Max: 49, Diff: 12, Sum: 336]
      [GC Worker Other (ms): Min: 0.0, Avg: 0.1, Max: 0.2, Diff: 0.1, Sum: 0.8]
      [GC Worker Total (ms): Min: 7.9, Avg: 8.3, Max: 8.4, Diff: 0.5, Sum: 66.1]
      [GC Worker End (ms): Min: 610818313.3, Avg: 610818313.4, Max: 610818313.4, Diff: 0.1]
   [Code Root Fixup: 0.1 ms]
   [Code Root Purge: 0.0 ms]
   [Clear CT: 0.6 ms]
   [Other: 5.6 ms]
      [Choose CSet: 0.0 ms]
      [Ref Proc: 3.8 ms]
      [Ref Enq: 0.0 ms]
      [Redirty Cards: 0.3 ms]
      [Humongous Register: 0.2 ms]
      [Humongous Reclaim: 0.0 ms]
      [Free CSet: 0.9 ms]
   [Eden: 1211.0M(1211.0M)->0.0B(1213.0M) Survivors: 17.0M->15.0M Heap: 1432.1M(2048.0M)->219.8M(2048.0M)]
 [Times: user=0.08 sys=0.00, real=0.01 secs] 
2019-07-16T12:24:04.246+0000: 615695.075: [GC pause (G1 Evacuation Pause) (young), 0.0164412 secs]
   [Parallel Time: 9.1 ms, GC Workers: 8]
      [GC Worker Start (ms): Min: 615695075.9, Avg: 615695076.6, Max: 615695081.3, Diff: 5.4]
      [Ext Root Scanning (ms): Min: 0.0, Avg: 1.0, Max: 2.4, Diff: 2.3, Sum: 8.0]
      [Update RS (ms): Min: 0.0, Avg: 1.6, Max: 2.4, Diff: 2.4, Sum: 13.0]
         [Processed Buffers: Min: 0, Avg: 9.9, Max: 28, Diff: 28, Sum: 79]
      [Scan RS (ms): Min: 0.1, Avg: 0.2, Max: 0.3, Diff: 0.2, Sum: 1.9]
      [Code Root Scanning (ms): Min: 0.0, Avg: 0.0, Max: 0.0, Diff: 0.0, Sum: 0.1]
      [Object Copy (ms): Min: 3.0, Avg: 5.0, Max: 5.5, Diff: 2.5, Sum: 39.9]
      [Termination (ms): Min: 0.0, Avg: 0.2, Max: 0.3, Diff: 0.3, Sum: 1.8]
         [Termination Attempts: Min: 1, Avg: 43.4, Max: 55, Diff: 54, Sum: 347]
      [GC Worker Other (ms): Min: 0.0, Avg: 0.0, Max: 0.1, Diff: 0.1, Sum: 0.3]
      [GC Worker Total (ms): Min: 3.5, Avg: 8.1, Max: 8.9, Diff: 5.4, Sum: 65.0]
      [GC Worker End (ms): Min: 615695084.7, Avg: 615695084.7, Max: 615695084.8, Diff: 0.1]
   [Code Root Fixup: 0.1 ms]
   [Code Root Purge: 0.0 ms]
   [Clear CT: 0.6 ms]
   [Other: 6.6 ms]
      [Choose CSet: 0.0 ms]
      [Ref Proc: 4.6 ms]
      [Ref Enq: 0.0 ms]
      [Redirty Cards: 0.3 ms]
      [Humongous Register: 0.3 ms]
      [Humongous Reclaim: 0.0 ms]
      [Free CSet: 1.0 ms]
   [Eden: 1213.0M(1213.0M)->0.0B(1212.0M) Survivors: 15.0M->16.0M Heap: 1432.8M(2048.0M)->220.8M(2048.0M)]
 [Times: user=0.08 sys=0.00, real=0.02 secs] 
2019-07-16T13:45:55.702+0000: 620606.531: [GC pause (G1 Evacuation Pause) (young), 0.0163248 secs]
   [Parallel Time: 9.9 ms, GC Workers: 8]
      [GC Worker Start (ms): Min: 620606532.0, Avg: 620606532.2, Max: 620606532.4, Diff: 0.3]
      [Ext Root Scanning (ms): Min: 0.7, Avg: 1.3, Max: 3.1, Diff: 2.5, Sum: 10.6]
      [Update RS (ms): Min: 0.0, Avg: 1.7, Max: 2.4, Diff: 2.4, Sum: 14.0]
         [Processed Buffers: Min: 0, Avg: 9.6, Max: 38, Diff: 38, Sum: 77]
      [Scan RS (ms): Min: 0.1, Avg: 1.0, Max: 6.5, Diff: 6.4, Sum: 8.0]
      [Code Root Scanning (ms): Min: 0.0, Avg: 0.0, Max: 0.0, Diff: 0.0, Sum: 0.1]
      [Object Copy (ms): Min: 0.1, Avg: 5.0, Max: 5.9, Diff: 5.8, Sum: 40.3]
      [Termination (ms): Min: 0.0, Avg: 0.3, Max: 0.4, Diff: 0.4, Sum: 2.6]
         [Termination Attempts: Min: 1, Avg: 39.6, Max: 53, Diff: 52, Sum: 317]
      [GC Worker Other (ms): Min: 0.0, Avg: 0.1, Max: 0.2, Diff: 0.1, Sum: 0.4]
      [GC Worker Total (ms): Min: 9.3, Avg: 9.5, Max: 9.7, Diff: 0.4, Sum: 76.0]
      [GC Worker End (ms): Min: 620606541.7, Avg: 620606541.7, Max: 620606541.7, Diff: 0.0]
   [Code Root Fixup: 0.1 ms]
   [Code Root Purge: 0.0 ms]
   [Clear CT: 0.7 ms]
   [Other: 5.7 ms]
      [Choose CSet: 0.0 ms]
      [Ref Proc: 3.8 ms]
      [Ref Enq: 0.1 ms]
      [Redirty Cards: 0.3 ms]
      [Humongous Register: 0.2 ms]
      [Humongous Reclaim: 0.0 ms]
      [Free CSet: 0.9 ms]
   [Eden: 1212.0M(1212.0M)->0.0B(1212.0M) Survivors: 16.0M->16.0M Heap: 1432.8M(2048.0M)->221.9M(2048.0M)]
 [Times: user=0.07 sys=0.00, real=0.01 secs] 
2019-07-16T15:07:10.342+0000: 625481.172: [GC pause (G1 Evacuation Pause) (young), 0.0154921 secs]
   [Parallel Time: 8.7 ms, GC Workers: 8]
      [GC Worker Start (ms): Min: 625481172.0, Avg: 625481172.4, Max: 625481172.8, Diff: 0.8]
      [Ext Root Scanning (ms): Min: 0.5, Avg: 1.2, Max: 2.7, Diff: 2.2, Sum: 9.5]
      [Update RS (ms): Min: 0.5, Avg: 1.6, Max: 2.0, Diff: 1.5, Sum: 13.1]
         [Processed Buffers: Min: 2, Avg: 10.0, Max: 35, Diff: 33, Sum: 80]
      [Scan RS (ms): Min: 0.1, Avg: 0.2, Max: 0.3, Diff: 0.2, Sum: 1.7]
      [Code Root Scanning (ms): Min: 0.0, Avg: 0.0, Max: 0.0, Diff: 0.0, Sum: 0.1]
      [Object Copy (ms): Min: 4.7, Avg: 4.8, Max: 4.9, Diff: 0.2, Sum: 38.8]
      [Termination (ms): Min: 0.1, Avg: 0.1, Max: 0.1, Diff: 0.1, Sum: 0.8]
         [Termination Attempts: Min: 35, Avg: 44.8, Max: 53, Diff: 18, Sum: 358]
      [GC Worker Other (ms): Min: 0.0, Avg: 0.1, Max: 0.4, Diff: 0.4, Sum: 1.0]
      [GC Worker Total (ms): Min: 7.7, Avg: 8.1, Max: 8.4, Diff: 0.7, Sum: 64.9]
      [GC Worker End (ms): Min: 625481180.4, Avg: 625481180.5, Max: 625481180.5, Diff: 0.1]
   [Code Root Fixup: 0.1 ms]
   [Code Root Purge: 0.0 ms]
   [Clear CT: 0.6 ms]
   [Other: 6.1 ms]
      [Choose CSet: 0.0 ms]
      [Ref Proc: 4.4 ms]
      [Ref Enq: 0.0 ms]
      [Redirty Cards: 0.3 ms]
      [Humongous Register: 0.2 ms]
      [Humongous Reclaim: 0.0 ms]
      [Free CSet: 1.0 ms]
   [Eden: 1212.0M(1212.0M)->0.0B(1211.0M) Survivors: 16.0M->17.0M Heap: 1433.9M(2048.0M)->223.0M(2048.0M)]
 [Times: user=0.07 sys=0.00, real=0.01 secs] 
2019-07-16T16:28:05.654+0000: 630336.483: [GC pause (G1 Evacuation Pause) (young), 0.0145019 secs]
   [Parallel Time: 8.3 ms, GC Workers: 8]
      [GC Worker Start (ms): Min: 630336483.2, Avg: 630336483.3, Max: 630336483.4, Diff: 0.2]
      [Ext Root Scanning (ms): Min: 0.5, Avg: 0.9, Max: 2.3, Diff: 1.8, Sum: 7.4]
      [Update RS (ms): Min: 0.7, Avg: 1.7, Max: 2.0, Diff: 1.2, Sum: 13.8]
         [Processed Buffers: Min: 2, Avg: 10.4, Max: 29, Diff: 27, Sum: 83]
      [Scan RS (ms): Min: 0.1, Avg: 0.2, Max: 0.3, Diff: 0.2, Sum: 2.0]
      [Code Root Scanning (ms): Min: 0.0, Avg: 0.0, Max: 0.0, Diff: 0.0, Sum: 0.1]
      [Object Copy (ms): Min: 4.7, Avg: 4.9, Max: 5.0, Diff: 0.2, Sum: 38.9]
      [Termination (ms): Min: 0.0, Avg: 0.1, Max: 0.1, Diff: 0.1, Sum: 0.5]
         [Termination Attempts: Min: 25, Avg: 34.1, Max: 38, Diff: 13, Sum: 273]
      [GC Worker Other (ms): Min: 0.0, Avg: 0.1, Max: 0.2, Diff: 0.2, Sum: 0.8]
      [GC Worker Total (ms): Min: 7.8, Avg: 7.9, Max: 8.1, Diff: 0.2, Sum: 63.5]
      [GC Worker End (ms): Min: 630336491.2, Avg: 630336491.2, Max: 630336491.3, Diff: 0.2]
   [Code Root Fixup: 0.1 ms]
   [Code Root Purge: 0.0 ms]
   [Clear CT: 0.4 ms]
   [Other: 5.8 ms]
      [Choose CSet: 0.0 ms]
      [Ref Proc: 3.9 ms]
      [Ref Enq: 0.0 ms]
      [Redirty Cards: 0.3 ms]
      [Humongous Register: 0.2 ms]
      [Humongous Reclaim: 0.0 ms]
      [Free CSet: 1.0 ms]
   [Eden: 1211.0M(1211.0M)->0.0B(1212.0M) Survivors: 17.0M->16.0M Heap: 1434.0M(2048.0M)->223.1M(2048.0M)]
 [Times: user=0.07 sys=0.00, real=0.01 secs] 
2019-07-16T17:49:57.394+0000: 635248.223: [GC pause (G1 Evacuation Pause) (young), 0.0147251 secs]
   [Parallel Time: 8.2 ms, GC Workers: 8]
      [GC Worker Start (ms): Min: 635248223.4, Avg: 635248223.6, Max: 635248223.7, Diff: 0.3]
      [Ext Root Scanning (ms): Min: 0.5, Avg: 0.9, Max: 2.3, Diff: 1.7, Sum: 7.1]
      [Update RS (ms): Min: 0.7, Avg: 1.8, Max: 2.2, Diff: 1.4, Sum: 14.1]
         [Processed Buffers: Min: 2, Avg: 10.4, Max: 25, Diff: 23, Sum: 83]
      [Scan RS (ms): Min: 0.1, Avg: 0.2, Max: 0.3, Diff: 0.2, Sum: 1.7]
      [Code Root Scanning (ms): Min: 0.0, Avg: 0.0, Max: 0.0, Diff: 0.0, Sum: 0.1]
      [Object Copy (ms): Min: 4.6, Avg: 4.6, Max: 4.7, Diff: 0.1, Sum: 37.0]
      [Termination (ms): Min: 0.1, Avg: 0.1, Max: 0.1, Diff: 0.1, Sum: 0.8]
         [Termination Attempts: Min: 42, Avg: 48.9, Max: 58, Diff: 16, Sum: 391]
      [GC Worker Other (ms): Min: 0.0, Avg: 0.2, Max: 0.3, Diff: 0.2, Sum: 1.3]
      [GC Worker Total (ms): Min: 7.5, Avg: 7.8, Max: 8.0, Diff: 0.5, Sum: 62.1]
      [GC Worker End (ms): Min: 635248231.2, Avg: 635248231.3, Max: 635248231.5, Diff: 0.2]
   [Code Root Fixup: 0.1 ms]
   [Code Root Purge: 0.0 ms]
   [Clear CT: 0.6 ms]
   [Other: 5.8 ms]
      [Choose CSet: 0.0 ms]
      [Ref Proc: 4.0 ms]
      [Ref Enq: 0.0 ms]
      [Redirty Cards: 0.3 ms]
      [Humongous Register: 0.2 ms]
      [Humongous Reclaim: 0.0 ms]
      [Free CSet: 0.9 ms]
   [Eden: 1212.0M(1212.0M)->0.0B(1212.0M) Survivors: 16.0M->16.0M Heap: 1435.1M(2048.0M)->223.1M(2048.0M)]
 [Times: user=0.07 sys=0.00, real=0.01 secs] 
2019-07-16T19:11:00.902+0000: 640111.731: [GC pause (G1 Evacuation Pause) (young), 0.0159086 secs]
   [Parallel Time: 9.5 ms, GC Workers: 8]
      [GC Worker Start (ms): Min: 640111732.0, Avg: 640111732.1, Max: 640111732.3, Diff: 0.3]
      [Ext Root Scanning (ms): Min: 0.7, Avg: 1.2, Max: 2.6, Diff: 2.0, Sum: 9.2]
      [Update RS (ms): Min: 0.6, Avg: 1.9, Max: 2.5, Diff: 1.9, Sum: 15.2]
         [Processed Buffers: Min: 2, Avg: 10.2, Max: 36, Diff: 34, Sum: 82]
      [Scan RS (ms): Min: 0.1, Avg: 0.3, Max: 0.3, Diff: 0.2, Sum: 2.2]
      [Code Root Scanning (ms): Min: 0.0, Avg: 0.0, Max: 0.0, Diff: 0.0, Sum: 0.1]
      [Object Copy (ms): Min: 5.4, Avg: 5.6, Max: 5.7, Diff: 0.3, Sum: 44.9]
      [Termination (ms): Min: 0.0, Avg: 0.1, Max: 0.1, Diff: 0.1, Sum: 0.7]
         [Termination Attempts: Min: 38, Avg: 51.8, Max: 60, Diff: 22, Sum: 414]
      [GC Worker Other (ms): Min: 0.0, Avg: 0.1, Max: 0.2, Diff: 0.1, Sum: 0.7]
      [GC Worker Total (ms): Min: 8.9, Avg: 9.1, Max: 9.3, Diff: 0.4, Sum: 73.0]
      [GC Worker End (ms): Min: 640111741.2, Avg: 640111741.3, Max: 640111741.3, Diff: 0.1]
   [Code Root Fixup: 0.1 ms]
   [Code Root Purge: 0.0 ms]
   [Clear CT: 0.5 ms]
   [Other: 5.8 ms]
      [Choose CSet: 0.0 ms]
      [Ref Proc: 3.9 ms]
      [Ref Enq: 0.0 ms]
      [Redirty Cards: 0.3 ms]
      [Humongous Register: 0.3 ms]
      [Humongous Reclaim: 0.0 ms]
      [Free CSet: 0.9 ms]
   [Eden: 1212.0M(1212.0M)->0.0B(1212.0M) Survivors: 16.0M->16.0M Heap: 1435.1M(2048.0M)->224.2M(2048.0M)]
 [Times: user=0.08 sys=0.00, real=0.01 secs] 
2019-07-16T20:32:25.551+0000: 644996.380: [GC pause (G1 Evacuation Pause) (young), 0.0155522 secs]
   [Parallel Time: 9.2 ms, GC Workers: 8]
      [GC Worker Start (ms): Min: 644996380.6, Avg: 644996380.7, Max: 644996381.0, Diff: 0.4]
      [Ext Root Scanning (ms): Min: 0.7, Avg: 1.1, Max: 2.6, Diff: 1.9, Sum: 8.8]
      [Update RS (ms): Min: 0.4, Avg: 1.6, Max: 1.9, Diff: 1.5, Sum: 13.1]
         [Processed Buffers: Min: 2, Avg: 10.2, Max: 30, Diff: 28, Sum: 82]
      [Scan RS (ms): Min: 0.1, Avg: 0.2, Max: 0.3, Diff: 0.2, Sum: 1.8]
      [Code Root Scanning (ms): Min: 0.0, Avg: 0.0, Max: 0.0, Diff: 0.0, Sum: 0.1]
      [Object Copy (ms): Min: 5.0, Avg: 5.2, Max: 5.7, Diff: 0.8, Sum: 41.6]
      [Termination (ms): Min: 0.1, Avg: 0.6, Max: 0.7, Diff: 0.6, Sum: 4.6]
         [Termination Attempts: Min: 31, Avg: 37.0, Max: 44, Diff: 13, Sum: 296]
      [GC Worker Other (ms): Min: 0.1, Avg: 0.2, Max: 0.3, Diff: 0.3, Sum: 1.3]
      [GC Worker Total (ms): Min: 8.7, Avg: 8.9, Max: 9.1, Diff: 0.4, Sum: 71.3]
      [GC Worker End (ms): Min: 644996389.6, Avg: 644996389.6, Max: 644996389.7, Diff: 0.1]
   [Code Root Fixup: 0.1 ms]
   [Code Root Purge: 0.0 ms]
   [Clear CT: 0.6 ms]
   [Other: 5.7 ms]
      [Choose CSet: 0.0 ms]
      [Ref Proc: 3.8 ms]
      [Ref Enq: 0.0 ms]
      [Redirty Cards: 0.3 ms]
      [Humongous Register: 0.3 ms]
      [Humongous Reclaim: 0.0 ms]
      [Free CSet: 0.9 ms]
   [Eden: 1212.0M(1212.0M)->0.0B(1212.0M) Survivors: 16.0M->16.0M Heap: 1436.2M(2048.0M)->224.8M(2048.0M)]
 [Times: user=0.08 sys=0.00, real=0.02 secs] 
2019-07-16T21:54:20.932+0000: 649911.761: [GC pause (G1 Evacuation Pause) (young), 0.0173157 secs]
   [Parallel Time: 8.3 ms, GC Workers: 8]
      [GC Worker Start (ms): Min: 649911761.1, Avg: 649911761.3, Max: 649911761.6, Diff: 0.5]
      [Ext Root Scanning (ms): Min: 0.4, Avg: 0.9, Max: 2.8, Diff: 2.4, Sum: 7.5]
      [Update RS (ms): Min: 0.1, Avg: 1.7, Max: 2.0, Diff: 1.9, Sum: 13.3]
         [Processed Buffers: Min: 3, Avg: 10.2, Max: 35, Diff: 32, Sum: 82]
      [Scan RS (ms): Min: 0.1, Avg: 0.2, Max: 0.3, Diff: 0.1, Sum: 1.8]
      [Code Root Scanning (ms): Min: 0.0, Avg: 0.0, Max: 0.0, Diff: 0.0, Sum: 0.1]
      [Object Copy (ms): Min: 4.7, Avg: 4.8, Max: 5.0, Diff: 0.3, Sum: 38.3]
      [Termination (ms): Min: 0.0, Avg: 0.2, Max: 0.3, Diff: 0.3, Sum: 1.5]
         [Termination Attempts: Min: 1, Avg: 42.9, Max: 56, Diff: 55, Sum: 343]
      [GC Worker Other (ms): Min: 0.0, Avg: 0.0, Max: 0.1, Diff: 0.0, Sum: 0.2]
      [GC Worker Total (ms): Min: 7.6, Avg: 7.8, Max: 8.1, Diff: 0.5, Sum: 62.8]
      [GC Worker End (ms): Min: 649911769.1, Avg: 649911769.2, Max: 649911769.2, Diff: 0.1]
   [Code Root Fixup: 0.1 ms]
   [Code Root Purge: 0.0 ms]
   [Clear CT: 0.6 ms]
   [Other: 8.3 ms]
      [Choose CSet: 0.0 ms]
      [Ref Proc: 6.0 ms]
      [Ref Enq: 0.0 ms]
      [Redirty Cards: 0.3 ms]
      [Humongous Register: 0.2 ms]
      [Humongous Reclaim: 0.0 ms]
      [Free CSet: 1.3 ms]
   [Eden: 1212.0M(1212.0M)->0.0B(1212.0M) Survivors: 16.0M->16.0M Heap: 1436.8M(2048.0M)->224.9M(2048.0M)]
 [Times: user=0.07 sys=0.00, real=0.01 secs] 
2019-07-16T23:15:34.003+0000: 654784.832: [GC pause (G1 Evacuation Pause) (young), 0.0161558 secs]
   [Parallel Time: 9.5 ms, GC Workers: 8]
      [GC Worker Start (ms): Min: 654784833.0, Avg: 654784834.8, Max: 654784837.8, Diff: 4.8]
      [Ext Root Scanning (ms): Min: 0.0, Avg: 0.9, Max: 2.5, Diff: 2.5, Sum: 7.6]
      [Update RS (ms): Min: 0.0, Avg: 1.5, Max: 2.5, Diff: 2.5, Sum: 11.7]
         [Processed Buffers: Min: 0, Avg: 10.2, Max: 26, Diff: 26, Sum: 82]
      [Scan RS (ms): Min: 0.1, Avg: 0.2, Max: 0.3, Diff: 0.2, Sum: 1.7]
      [Code Root Scanning (ms): Min: 0.0, Avg: 0.0, Max: 0.0, Diff: 0.0, Sum: 0.1]
      [Object Copy (ms): Min: 4.3, Avg: 4.7, Max: 4.9, Diff: 0.7, Sum: 37.4]
      [Termination (ms): Min: 0.0, Avg: 0.1, Max: 0.1, Diff: 0.1, Sum: 0.6]
         [Termination Attempts: Min: 32, Avg: 35.0, Max: 46, Diff: 14, Sum: 280]
      [GC Worker Other (ms): Min: 0.0, Avg: 0.1, Max: 0.4, Diff: 0.4, Sum: 0.6]
      [GC Worker Total (ms): Min: 4.5, Avg: 7.5, Max: 9.3, Diff: 4.8, Sum: 59.7]
      [GC Worker End (ms): Min: 654784842.3, Avg: 654784842.3, Max: 654784842.3, Diff: 0.1]
   [Code Root Fixup: 0.1 ms]
   [Code Root Purge: 0.0 ms]
   [Clear CT: 0.5 ms]
   [Other: 6.0 ms]
      [Choose CSet: 0.0 ms]
      [Ref Proc: 3.9 ms]
      [Ref Enq: 0.0 ms]
      [Redirty Cards: 0.3 ms]
      [Humongous Register: 0.3 ms]
      [Humongous Reclaim: 0.0 ms]
      [Free CSet: 1.0 ms]
   [Eden: 1212.0M(1212.0M)->0.0B(1211.0M) Survivors: 16.0M->17.0M Heap: 1436.9M(2048.0M)->226.6M(2048.0M)]
 [Times: user=0.07 sys=0.00, real=0.01 secs] 
2019-07-17T00:37:05.211+0000: 659676.040: [GC pause (G1 Evacuation Pause) (young), 0.0177270 secs]
   [Parallel Time: 10.9 ms, GC Workers: 8]
      [GC Worker Start (ms): Min: 659676040.8, Avg: 659676041.5, Max: 659676045.3, Diff: 4.5]
      [Ext Root Scanning (ms): Min: 0.0, Avg: 1.0, Max: 2.8, Diff: 2.8, Sum: 7.9]
      [Update RS (ms): Min: 0.0, Avg: 2.4, Max: 3.3, Diff: 3.3, Sum: 18.8]
         [Processed Buffers: Min: 0, Avg: 10.8, Max: 31, Diff: 31, Sum: 86]
      [Scan RS (ms): Min: 0.1, Avg: 0.2, Max: 0.4, Diff: 0.3, Sum: 1.9]
      [Code Root Scanning (ms): Min: 0.0, Avg: 0.0, Max: 0.0, Diff: 0.0, Sum: 0.1]
      [Object Copy (ms): Min: 5.9, Avg: 6.2, Max: 6.3, Diff: 0.5, Sum: 49.5]
      [Termination (ms): Min: 0.0, Avg: 0.1, Max: 0.1, Diff: 0.0, Sum: 0.6]
         [Termination Attempts: Min: 20, Avg: 25.1, Max: 33, Diff: 13, Sum: 201]
      [GC Worker Other (ms): Min: 0.0, Avg: 0.1, Max: 0.2, Diff: 0.1, Sum: 0.7]
      [GC Worker Total (ms): Min: 6.1, Avg: 9.9, Max: 10.6, Diff: 4.5, Sum: 79.5]
      [GC Worker End (ms): Min: 659676051.3, Avg: 659676051.4, Max: 659676051.5, Diff: 0.1]
   [Code Root Fixup: 0.1 ms]
   [Code Root Purge: 0.0 ms]
   [Clear CT: 0.6 ms]
   [Other: 6.2 ms]
      [Choose CSet: 0.0 ms]
      [Ref Proc: 4.3 ms]
      [Ref Enq: 0.0 ms]
      [Redirty Cards: 0.2 ms]
      [Humongous Register: 0.2 ms]
      [Humongous Reclaim: 0.0 ms]
      [Free CSet: 1.0 ms]
   [Eden: 1211.0M(1211.0M)->0.0B(1212.0M) Survivors: 17.0M->16.0M Heap: 1438.1M(2048.0M)->226.7M(2048.0M)]
 [Times: user=0.09 sys=0.00, real=0.01 secs] 
2019-07-17T01:58:53.395+0000: 664584.224: [GC pause (G1 Evacuation Pause) (young), 0.0187584 secs]
   [Parallel Time: 12.1 ms, GC Workers: 8]
      [GC Worker Start (ms): Min: 664584224.5, Avg: 664584224.7, Max: 664584224.9, Diff: 0.4]
      [Ext Root Scanning (ms): Min: 1.7, Avg: 2.2, Max: 3.2, Diff: 1.5, Sum: 17.7]
      [Update RS (ms): Min: 2.0, Avg: 2.8, Max: 5.6, Diff: 3.6, Sum: 22.8]
         [Processed Buffers: Min: 1, Avg: 10.9, Max: 37, Diff: 36, Sum: 87]
      [Scan RS (ms): Min: 0.1, Avg: 0.2, Max: 0.4, Diff: 0.3, Sum: 2.0]
      [Code Root Scanning (ms): Min: 0.0, Avg: 0.0, Max: 0.0, Diff: 0.0, Sum: 0.1]
      [Object Copy (ms): Min: 3.2, Avg: 6.1, Max: 6.6, Diff: 3.4, Sum: 49.0]
      [Termination (ms): Min: 0.1, Avg: 0.1, Max: 0.1, Diff: 0.1, Sum: 0.8]
         [Termination Attempts: Min: 34, Avg: 39.6, Max: 46, Diff: 12, Sum: 317]
      [GC Worker Other (ms): Min: 0.0, Avg: 0.1, Max: 0.2, Diff: 0.1, Sum: 0.9]
      [GC Worker Total (ms): Min: 11.4, Avg: 11.6, Max: 11.9, Diff: 0.5, Sum: 93.2]
      [GC Worker End (ms): Min: 664584236.3, Avg: 664584236.4, Max: 664584236.4, Diff: 0.2]
   [Code Root Fixup: 0.1 ms]
   [Code Root Purge: 0.0 ms]
   [Clear CT: 0.5 ms]
   [Other: 6.1 ms]
      [Choose CSet: 0.0 ms]
      [Ref Proc: 4.3 ms]
      [Ref Enq: 0.0 ms]
      [Redirty Cards: 0.3 ms]
      [Humongous Register: 0.2 ms]
      [Humongous Reclaim: 0.0 ms]
      [Free CSet: 1.0 ms]
   [Eden: 1212.0M(1212.0M)->0.0B(1212.0M) Survivors: 16.0M->16.0M Heap: 1438.7M(2048.0M)->227.8M(2048.0M)]
 [Times: user=0.09 sys=0.00, real=0.02 secs] 
2019-07-17T03:20:08.505+0000: 669459.335: [GC pause (G1 Evacuation Pause) (young), 0.0234142 secs]
   [Parallel Time: 14.2 ms, GC Workers: 8]
      [GC Worker Start (ms): Min: 669459335.0, Avg: 669459335.3, Max: 669459335.7, Diff: 0.7]
      [Ext Root Scanning (ms): Min: 0.6, Avg: 1.3, Max: 3.3, Diff: 2.8, Sum: 10.2]
      [Update RS (ms): Min: 0.9, Avg: 2.5, Max: 2.9, Diff: 2.0, Sum: 20.4]
         [Processed Buffers: Min: 1, Avg: 10.4, Max: 24, Diff: 23, Sum: 83]
      [Scan RS (ms): Min: 0.3, Avg: 0.4, Max: 0.4, Diff: 0.1, Sum: 3.0]
      [Code Root Scanning (ms): Min: 0.0, Avg: 0.0, Max: 0.0, Diff: 0.0, Sum: 0.1]
      [Object Copy (ms): Min: 9.0, Avg: 9.0, Max: 9.1, Diff: 0.1, Sum: 71.9]
      [Termination (ms): Min: 0.1, Avg: 0.2, Max: 0.2, Diff: 0.1, Sum: 1.4]
         [Termination Attempts: Min: 64, Avg: 107.2, Max: 134, Diff: 70, Sum: 858]
      [GC Worker Other (ms): Min: 0.0, Avg: 0.2, Max: 0.3, Diff: 0.2, Sum: 1.2]
      [GC Worker Total (ms): Min: 13.1, Avg: 13.5, Max: 14.0, Diff: 0.9, Sum: 108.2]
      [GC Worker End (ms): Min: 669459348.8, Avg: 669459348.9, Max: 669459349.0, Diff: 0.2]
   [Code Root Fixup: 0.1 ms]
   [Code Root Purge: 0.0 ms]
   [Clear CT: 0.8 ms]
   [Other: 8.3 ms]
      [Choose CSet: 0.0 ms]
      [Ref Proc: 5.7 ms]
      [Ref Enq: 0.1 ms]
      [Redirty Cards: 0.3 ms]
      [Humongous Register: 0.3 ms]
      [Humongous Reclaim: 0.0 ms]
      [Free CSet: 1.5 ms]
   [Eden: 1212.0M(1212.0M)->0.0B(1213.0M) Survivors: 16.0M->15.0M Heap: 1439.8M(2048.0M)->227.3M(2048.0M)]
 [Times: user=0.12 sys=0.00, real=0.02 secs] 
2019-07-17T04:41:52.591+0000: 674363.420: [GC pause (G1 Evacuation Pause) (young), 0.0239670 secs]
   [Parallel Time: 14.3 ms, GC Workers: 8]
      [GC Worker Start (ms): Min: 674363421.0, Avg: 674363421.1, Max: 674363421.3, Diff: 0.3]
      [Ext Root Scanning (ms): Min: 2.6, Avg: 2.9, Max: 3.1, Diff: 0.5, Sum: 23.3]
      [Update RS (ms): Min: 2.2, Avg: 2.5, Max: 2.6, Diff: 0.5, Sum: 19.6]
         [Processed Buffers: Min: 3, Avg: 10.6, Max: 27, Diff: 24, Sum: 85]
      [Scan RS (ms): Min: 0.1, Avg: 0.2, Max: 0.3, Diff: 0.2, Sum: 1.9]
      [Code Root Scanning (ms): Min: 0.0, Avg: 0.0, Max: 0.0, Diff: 0.0, Sum: 0.1]
      [Object Copy (ms): Min: 7.6, Avg: 7.6, Max: 7.7, Diff: 0.2, Sum: 61.1]
      [Termination (ms): Min: 0.1, Avg: 0.1, Max: 0.2, Diff: 0.1, Sum: 1.1]
         [Termination Attempts: Min: 46, Avg: 174.9, Max: 216, Diff: 170, Sum: 1399]
      [GC Worker Other (ms): Min: 0.0, Avg: 0.2, Max: 0.4, Diff: 0.3, Sum: 1.5]
      [GC Worker Total (ms): Min: 13.3, Avg: 13.6, Max: 13.9, Diff: 0.6, Sum: 108.5]
      [GC Worker End (ms): Min: 674363434.5, Avg: 674363434.7, Max: 674363434.9, Diff: 0.4]
   [Code Root Fixup: 0.1 ms]
   [Code Root Purge: 0.0 ms]
   [Clear CT: 0.7 ms]
   [Other: 8.8 ms]
      [Choose CSet: 0.0 ms]
      [Ref Proc: 6.2 ms]
      [Ref Enq: 0.0 ms]
      [Redirty Cards: 0.4 ms]
      [Humongous Register: 0.3 ms]
      [Humongous Reclaim: 0.0 ms]
      [Free CSet: 1.4 ms]
   [Eden: 1213.0M(1213.0M)->0.0B(1212.0M) Survivors: 15.0M->16.0M Heap: 1440.3M(2048.0M)->228.4M(2048.0M)]
 [Times: user=0.10 sys=0.00, real=0.02 secs] 
2019-07-17T06:03:18.595+0000: 679249.424: [GC pause (G1 Evacuation Pause) (young), 0.0193311 secs]
   [Parallel Time: 12.9 ms, GC Workers: 8]
      [GC Worker Start (ms): Min: 679249424.5, Avg: 679249424.7, Max: 679249424.9, Diff: 0.4]
      [Ext Root Scanning (ms): Min: 0.9, Avg: 1.5, Max: 3.4, Diff: 2.5, Sum: 11.6]
      [Update RS (ms): Min: 0.9, Avg: 2.7, Max: 3.4, Diff: 2.4, Sum: 21.3]
         [Processed Buffers: Min: 2, Avg: 10.2, Max: 44, Diff: 42, Sum: 82]
      [Scan RS (ms): Min: 0.1, Avg: 0.3, Max: 0.4, Diff: 0.3, Sum: 2.3]
      [Code Root Scanning (ms): Min: 0.0, Avg: 0.0, Max: 0.0, Diff: 0.0, Sum: 0.1]
      [Object Copy (ms): Min: 7.6, Avg: 7.9, Max: 8.1, Diff: 0.5, Sum: 63.1]
      [Termination (ms): Min: 0.1, Avg: 0.1, Max: 0.2, Diff: 0.1, Sum: 1.0]
         [Termination Attempts: Min: 41, Avg: 87.6, Max: 107, Diff: 66, Sum: 701]
      [GC Worker Other (ms): Min: 0.0, Avg: 0.1, Max: 0.1, Diff: 0.1, Sum: 0.6]
      [GC Worker Total (ms): Min: 12.3, Avg: 12.5, Max: 12.6, Diff: 0.3, Sum: 99.9]
      [GC Worker End (ms): Min: 679249437.2, Avg: 679249437.2, Max: 679249437.3, Diff: 0.1]
   [Code Root Fixup: 0.1 ms]
   [Code Root Purge: 0.0 ms]
   [Clear CT: 0.6 ms]
   [Other: 5.7 ms]
      [Choose CSet: 0.0 ms]
      [Ref Proc: 3.9 ms]
      [Ref Enq: 0.0 ms]
      [Redirty Cards: 0.3 ms]
      [Humongous Register: 0.2 ms]
      [Humongous Reclaim: 0.0 ms]
      [Free CSet: 1.0 ms]
   [Eden: 1212.0M(1212.0M)->0.0B(1212.0M) Survivors: 16.0M->16.0M Heap: 1440.4M(2048.0M)->228.9M(2048.0M)]
 [Times: user=0.11 sys=0.00, real=0.02 secs] 
2019-07-17T07:24:33.341+0000: 684124.170: [GC pause (G1 Evacuation Pause) (young), 0.0171742 secs]
   [Parallel Time: 10.3 ms, GC Workers: 8]
      [GC Worker Start (ms): Min: 684124170.2, Avg: 684124170.3, Max: 684124170.5, Diff: 0.3]
      [Ext Root Scanning (ms): Min: 0.6, Avg: 0.9, Max: 1.9, Diff: 1.3, Sum: 7.4]
      [Update RS (ms): Min: 1.1, Avg: 1.9, Max: 2.2, Diff: 1.2, Sum: 15.3]
         [Processed Buffers: Min: 2, Avg: 10.4, Max: 44, Diff: 42, Sum: 83]
      [Scan RS (ms): Min: 0.1, Avg: 0.2, Max: 0.3, Diff: 0.2, Sum: 1.9]
      [Code Root Scanning (ms): Min: 0.0, Avg: 0.0, Max: 0.0, Diff: 0.0, Sum: 0.1]
      [Object Copy (ms): Min: 6.4, Avg: 6.6, Max: 6.6, Diff: 0.2, Sum: 52.5]
      [Termination (ms): Min: 0.1, Avg: 0.1, Max: 0.1, Diff: 0.1, Sum: 0.9]
         [Termination Attempts: Min: 48, Avg: 168.5, Max: 209, Diff: 161, Sum: 1348]
      [GC Worker Other (ms): Min: 0.0, Avg: 0.1, Max: 0.2, Diff: 0.2, Sum: 0.8]
      [GC Worker Total (ms): Min: 9.7, Avg: 9.8, Max: 10.0, Diff: 0.3, Sum: 78.8]
      [GC Worker End (ms): Min: 684124180.1, Avg: 684124180.2, Max: 684124180.3, Diff: 0.2]
   [Code Root Fixup: 0.1 ms]
   [Code Root Purge: 0.0 ms]
   [Clear CT: 0.6 ms]
   [Other: 6.2 ms]
      [Choose CSet: 0.0 ms]
      [Ref Proc: 4.2 ms]
      [Ref Enq: 0.0 ms]
      [Redirty Cards: 0.4 ms]
      [Humongous Register: 0.2 ms]
      [Humongous Reclaim: 0.0 ms]
      [Free CSet: 1.0 ms]
   [Eden: 1212.0M(1212.0M)->0.0B(1211.0M) Survivors: 16.0M->17.0M Heap: 1440.9M(2048.0M)->230.5M(2048.0M)]
 [Times: user=0.09 sys=0.00, real=0.02 secs] 
2019-07-17T08:46:40.825+0000: 689051.654: [GC pause (G1 Evacuation Pause) (young), 0.0177419 secs]
   [Parallel Time: 11.1 ms, GC Workers: 8]
      [GC Worker Start (ms): Min: 689051654.6, Avg: 689051654.7, Max: 689051654.9, Diff: 0.3]
      [Ext Root Scanning (ms): Min: 0.6, Avg: 1.0, Max: 2.3, Diff: 1.7, Sum: 7.6]
      [Update RS (ms): Min: 0.9, Avg: 1.9, Max: 2.2, Diff: 1.3, Sum: 15.3]
         [Processed Buffers: Min: 2, Avg: 10.5, Max: 29, Diff: 27, Sum: 84]
      [Scan RS (ms): Min: 0.1, Avg: 0.2, Max: 0.3, Diff: 0.1, Sum: 1.8]
      [Code Root Scanning (ms): Min: 0.0, Avg: 0.0, Max: 0.0, Diff: 0.0, Sum: 0.1]
      [Object Copy (ms): Min: 7.3, Avg: 7.4, Max: 7.5, Diff: 0.2, Sum: 59.3]
      [Termination (ms): Min: 0.1, Avg: 0.1, Max: 0.2, Diff: 0.1, Sum: 1.2]
         [Termination Attempts: Min: 32, Avg: 248.5, Max: 301, Diff: 269, Sum: 1988]
      [GC Worker Other (ms): Min: 0.0, Avg: 0.1, Max: 0.2, Diff: 0.2, Sum: 0.8]
      [GC Worker Total (ms): Min: 10.6, Avg: 10.8, Max: 10.9, Diff: 0.3, Sum: 86.0]
      [GC Worker End (ms): Min: 689051665.4, Avg: 689051665.5, Max: 689051665.6, Diff: 0.2]
   [Code Root Fixup: 0.1 ms]
   [Code Root Purge: 0.0 ms]
   [Clear CT: 0.6 ms]
   [Other: 5.9 ms]
      [Choose CSet: 0.0 ms]
      [Ref Proc: 4.0 ms]
      [Ref Enq: 0.0 ms]
      [Redirty Cards: 0.3 ms]
      [Humongous Register: 0.2 ms]
      [Humongous Reclaim: 0.0 ms]
      [Free CSet: 0.9 ms]
   [Eden: 1211.0M(1211.0M)->0.0B(1212.0M) Survivors: 17.0M->16.0M Heap: 1441.5M(2048.0M)->230.6M(2048.0M)]
 [Times: user=0.10 sys=0.00, real=0.02 secs] 
2019-07-17T10:07:57.561+0000: 693928.390: [GC pause (G1 Evacuation Pause) (young), 0.0169190 secs]
   [Parallel Time: 10.5 ms, GC Workers: 8]
      [GC Worker Start (ms): Min: 693928390.5, Avg: 693928390.8, Max: 693928392.2, Diff: 1.7]
      [Ext Root Scanning (ms): Min: 0.0, Avg: 0.9, Max: 2.4, Diff: 2.4, Sum: 7.3]
      [Update RS (ms): Min: 0.8, Avg: 2.0, Max: 2.3, Diff: 1.5, Sum: 15.9]
         [Processed Buffers: Min: 1, Avg: 10.6, Max: 24, Diff: 23, Sum: 85]
      [Scan RS (ms): Min: 0.1, Avg: 0.2, Max: 0.3, Diff: 0.2, Sum: 1.9]
      [Code Root Scanning (ms): Min: 0.0, Avg: 0.0, Max: 0.0, Diff: 0.0, Sum: 0.1]
      [Object Copy (ms): Min: 6.3, Avg: 6.5, Max: 6.6, Diff: 0.3, Sum: 51.8]
      [Termination (ms): Min: 0.1, Avg: 0.2, Max: 0.2, Diff: 0.1, Sum: 1.4]
         [Termination Attempts: Min: 49, Avg: 157.2, Max: 185, Diff: 136, Sum: 1258]
      [GC Worker Other (ms): Min: 0.0, Avg: 0.1, Max: 0.2, Diff: 0.1, Sum: 0.7]
      [GC Worker Total (ms): Min: 8.4, Avg: 9.9, Max: 10.2, Diff: 1.8, Sum: 79.0]
      [GC Worker End (ms): Min: 693928400.6, Avg: 693928400.6, Max: 693928400.7, Diff: 0.1]
   [Code Root Fixup: 0.1 ms]
   [Code Root Purge: 0.0 ms]
   [Clear CT: 0.5 ms]
   [Other: 5.8 ms]
      [Choose CSet: 0.0 ms]
      [Ref Proc: 4.0 ms]
      [Ref Enq: 0.0 ms]
      [Redirty Cards: 0.3 ms]
      [Humongous Register: 0.2 ms]
      [Humongous Reclaim: 0.0 ms]
      [Free CSet: 1.0 ms]
   [Eden: 1212.0M(1212.0M)->0.0B(1211.0M) Survivors: 16.0M->17.0M Heap: 1442.6M(2048.0M)->231.6M(2048.0M)]
 [Times: user=0.09 sys=0.00, real=0.02 secs] 
2019-07-17T11:29:22.056+0000: 698812.885: [GC pause (G1 Evacuation Pause) (young), 0.0182579 secs]
   [Parallel Time: 12.0 ms, GC Workers: 8]
      [GC Worker Start (ms): Min: 698812885.7, Avg: 698812885.9, Max: 698812886.1, Diff: 0.4]
      [Ext Root Scanning (ms): Min: 0.5, Avg: 2.7, Max: 10.6, Diff: 10.1, Sum: 21.3]
      [Update RS (ms): Min: 0.0, Avg: 1.8, Max: 2.9, Diff: 2.9, Sum: 14.7]
         [Processed Buffers: Min: 0, Avg: 10.2, Max: 27, Diff: 27, Sum: 82]
      [Scan RS (ms): Min: 0.1, Avg: 0.2, Max: 0.3, Diff: 0.2, Sum: 1.6]
      [Code Root Scanning (ms): Min: 0.0, Avg: 0.0, Max: 0.0, Diff: 0.0, Sum: 0.1]
      [Object Copy (ms): Min: 0.8, Avg: 6.8, Max: 7.8, Diff: 7.0, Sum: 54.2]
      [Termination (ms): Min: 0.1, Avg: 0.1, Max: 0.2, Diff: 0.2, Sum: 1.1]
         [Termination Attempts: Min: 31, Avg: 152.6, Max: 223, Diff: 192, Sum: 1221]
      [GC Worker Other (ms): Min: 0.0, Avg: 0.1, Max: 0.2, Diff: 0.1, Sum: 0.8]
      [GC Worker Total (ms): Min: 11.5, Avg: 11.7, Max: 11.9, Diff: 0.3, Sum: 93.7]
      [GC Worker End (ms): Min: 698812897.5, Avg: 698812897.6, Max: 698812897.7, Diff: 0.1]
   [Code Root Fixup: 0.1 ms]
   [Code Root Purge: 0.0 ms]
   [Clear CT: 0.5 ms]
   [Other: 5.6 ms]
      [Choose CSet: 0.0 ms]
      [Ref Proc: 3.8 ms]
      [Ref Enq: 0.0 ms]
      [Redirty Cards: 0.3 ms]
      [Humongous Register: 0.2 ms]
      [Humongous Reclaim: 0.0 ms]
      [Free CSet: 1.0 ms]
   [Eden: 1211.0M(1211.0M)->0.0B(1211.0M) Survivors: 17.0M->17.0M Heap: 1442.6M(2048.0M)->232.7M(2048.0M)]
 [Times: user=0.09 sys=0.00, real=0.02 secs] 
2019-07-17T12:50:53.105+0000: 703703.934: [GC pause (G1 Evacuation Pause) (young), 0.0166814 secs]
   [Parallel Time: 10.1 ms, GC Workers: 8]
      [GC Worker Start (ms): Min: 703703934.5, Avg: 703703934.6, Max: 703703934.7, Diff: 0.2]
      [Ext Root Scanning (ms): Min: 0.6, Avg: 0.9, Max: 2.0, Diff: 1.4, Sum: 6.8]
      [Update RS (ms): Min: 0.7, Avg: 1.7, Max: 2.1, Diff: 1.4, Sum: 13.3]
         [Processed Buffers: Min: 1, Avg: 10.4, Max: 26, Diff: 25, Sum: 83]
      [Scan RS (ms): Min: 0.1, Avg: 0.2, Max: 0.3, Diff: 0.2, Sum: 1.7]
      [Code Root Scanning (ms): Min: 0.0, Avg: 0.0, Max: 0.0, Diff: 0.0, Sum: 0.1]
      [Object Copy (ms): Min: 6.8, Avg: 6.9, Max: 7.0, Diff: 0.2, Sum: 55.2]
      [Termination (ms): Min: 0.1, Avg: 0.1, Max: 0.1, Diff: 0.0, Sum: 0.8]
         [Termination Attempts: Min: 40, Avg: 188.8, Max: 234, Diff: 194, Sum: 1510]
      [GC Worker Other (ms): Min: 0.0, Avg: 0.1, Max: 0.2, Diff: 0.2, Sum: 0.8]
      [GC Worker Total (ms): Min: 9.7, Avg: 9.9, Max: 10.0, Diff: 0.4, Sum: 78.8]
      [GC Worker End (ms): Min: 703703944.4, Avg: 703703944.5, Max: 703703944.6, Diff: 0.2]
   [Code Root Fixup: 0.1 ms]
   [Code Root Purge: 0.0 ms]
   [Clear CT: 0.5 ms]
   [Other: 5.9 ms]
      [Choose CSet: 0.0 ms]
      [Ref Proc: 4.1 ms]
      [Ref Enq: 0.0 ms]
      [Redirty Cards: 0.3 ms]
      [Humongous Register: 0.2 ms]
      [Humongous Reclaim: 0.0 ms]
      [Free CSet: 0.9 ms]
   [Eden: 1211.0M(1211.0M)->0.0B(1212.0M) Survivors: 17.0M->16.0M Heap: 1443.7M(2048.0M)->231.9M(2048.0M)]
 [Times: user=0.09 sys=0.00, real=0.02 secs] 
2019-07-17T14:12:02.689+0000: 708573.518: [GC pause (G1 Evacuation Pause) (young), 0.0173014 secs]
   [Parallel Time: 10.1 ms, GC Workers: 8]
      [GC Worker Start (ms): Min: 708573518.6, Avg: 708573518.9, Max: 708573519.8, Diff: 1.1]
      [Ext Root Scanning (ms): Min: 0.0, Avg: 1.0, Max: 3.2, Diff: 3.2, Sum: 8.3]
      [Update RS (ms): Min: 0.7, Avg: 2.8, Max: 4.8, Diff: 4.2, Sum: 22.2]
         [Processed Buffers: Min: 1, Avg: 10.4, Max: 32, Diff: 31, Sum: 83]
      [Scan RS (ms): Min: 0.1, Avg: 0.2, Max: 0.3, Diff: 0.2, Sum: 1.8]
      [Code Root Scanning (ms): Min: 0.0, Avg: 0.0, Max: 0.0, Diff: 0.0, Sum: 0.1]
      [Object Copy (ms): Min: 3.8, Avg: 5.4, Max: 5.7, Diff: 1.9, Sum: 43.0]
      [Termination (ms): Min: 0.1, Avg: 0.1, Max: 0.2, Diff: 0.1, Sum: 1.1]
         [Termination Attempts: Min: 36, Avg: 44.9, Max: 50, Diff: 14, Sum: 359]
      [GC Worker Other (ms): Min: 0.0, Avg: 0.1, Max: 0.2, Diff: 0.2, Sum: 0.9]
      [GC Worker Total (ms): Min: 8.9, Avg: 9.7, Max: 10.0, Diff: 1.1, Sum: 77.5]
      [GC Worker End (ms): Min: 708573528.4, Avg: 708573528.5, Max: 708573528.7, Diff: 0.2]
   [Code Root Fixup: 0.1 ms]
   [Code Root Purge: 0.0 ms]
   [Clear CT: 0.5 ms]
   [Other: 6.6 ms]
      [Choose CSet: 0.0 ms]
      [Ref Proc: 4.5 ms]
      [Ref Enq: 0.0 ms]
      [Redirty Cards: 0.4 ms]
      [Humongous Register: 0.2 ms]
      [Humongous Reclaim: 0.0 ms]
      [Free CSet: 1.1 ms]
   [Eden: 1212.0M(1212.0M)->0.0B(1212.0M) Survivors: 16.0M->16.0M Heap: 1443.9M(2048.0M)->232.5M(2048.0M)]
 [Times: user=0.08 sys=0.00, real=0.02 secs] 
2019-07-17T15:33:18.556+0000: 713449.386: [GC pause (G1 Evacuation Pause) (young), 0.0180497 secs]
   [Parallel Time: 11.5 ms, GC Workers: 8]
      [GC Worker Start (ms): Min: 713449386.0, Avg: 713449386.1, Max: 713449386.2, Diff: 0.2]
      [Ext Root Scanning (ms): Min: 1.3, Avg: 2.0, Max: 3.3, Diff: 1.9, Sum: 16.3]
      [Update RS (ms): Min: 0.7, Avg: 1.9, Max: 2.9, Diff: 2.2, Sum: 15.2]
         [Processed Buffers: Min: 1, Avg: 10.2, Max: 22, Diff: 21, Sum: 82]
      [Scan RS (ms): Min: 0.1, Avg: 0.2, Max: 0.4, Diff: 0.3, Sum: 2.0]
      [Code Root Scanning (ms): Min: 0.0, Avg: 0.0, Max: 0.0, Diff: 0.0, Sum: 0.1]
      [Object Copy (ms): Min: 6.4, Avg: 6.7, Max: 6.8, Diff: 0.4, Sum: 53.5]
      [Termination (ms): Min: 0.1, Avg: 0.1, Max: 0.1, Diff: 0.1, Sum: 0.9]
         [Termination Attempts: Min: 44, Avg: 117.9, Max: 139, Diff: 95, Sum: 943]
      [GC Worker Other (ms): Min: 0.0, Avg: 0.1, Max: 0.2, Diff: 0.2, Sum: 0.8]
      [GC Worker Total (ms): Min: 10.9, Avg: 11.1, Max: 11.2, Diff: 0.3, Sum: 88.7]
      [GC Worker End (ms): Min: 713449397.1, Avg: 713449397.2, Max: 713449397.3, Diff: 0.1]
   [Code Root Fixup: 0.1 ms]
   [Code Root Purge: 0.0 ms]
   [Clear CT: 0.5 ms]
   [Other: 5.9 ms]
      [Choose CSet: 0.0 ms]
      [Ref Proc: 4.0 ms]
      [Ref Enq: 0.0 ms]
      [Redirty Cards: 0.3 ms]
      [Humongous Register: 0.2 ms]
      [Humongous Reclaim: 0.0 ms]
      [Free CSet: 0.9 ms]
   [Eden: 1212.0M(1212.0M)->0.0B(1212.0M) Survivors: 16.0M->16.0M Heap: 1444.5M(2048.0M)->233.0M(2048.0M)]
 [Times: user=0.09 sys=0.00, real=0.02 secs] 
2019-07-17T16:54:56.737+0000: 718347.566: [GC pause (G1 Evacuation Pause) (young), 0.0199280 secs]
   [Parallel Time: 12.8 ms, GC Workers: 8]
      [GC Worker Start (ms): Min: 718347566.8, Avg: 718347566.9, Max: 718347567.0, Diff: 0.3]
      [Ext Root Scanning (ms): Min: 1.5, Avg: 4.2, Max: 9.4, Diff: 7.9, Sum: 33.9]
      [Update RS (ms): Min: 0.0, Avg: 1.6, Max: 2.7, Diff: 2.7, Sum: 12.9]
         [Processed Buffers: Min: 0, Avg: 11.0, Max: 38, Diff: 38, Sum: 88]
      [Scan RS (ms): Min: 0.1, Avg: 0.2, Max: 0.3, Diff: 0.2, Sum: 1.7]
      [Code Root Scanning (ms): Min: 0.0, Avg: 0.0, Max: 0.0, Diff: 0.0, Sum: 0.1]
      [Object Copy (ms): Min: 2.7, Avg: 6.1, Max: 7.7, Diff: 5.0, Sum: 49.1]
      [Termination (ms): Min: 0.0, Avg: 0.2, Max: 0.2, Diff: 0.2, Sum: 1.6]
         [Termination Attempts: Min: 37, Avg: 123.0, Max: 189, Diff: 152, Sum: 984]
      [GC Worker Other (ms): Min: 0.0, Avg: 0.0, Max: 0.1, Diff: 0.0, Sum: 0.2]
      [GC Worker Total (ms): Min: 12.3, Avg: 12.4, Max: 12.6, Diff: 0.3, Sum: 99.5]
      [GC Worker End (ms): Min: 718347579.3, Avg: 718347579.3, Max: 718347579.4, Diff: 0.1]
   [Code Root Fixup: 0.1 ms]
   [Code Root Purge: 0.0 ms]
   [Clear CT: 0.6 ms]
   [Other: 6.5 ms]
      [Choose CSet: 0.0 ms]
      [Ref Proc: 4.4 ms]
      [Ref Enq: 0.0 ms]
      [Redirty Cards: 0.4 ms]
      [Humongous Register: 0.2 ms]
      [Humongous Reclaim: 0.0 ms]
      [Free CSet: 1.1 ms]
   [Eden: 1212.0M(1212.0M)->0.0B(1213.0M) Survivors: 16.0M->15.0M Heap: 1445.0M(2048.0M)->233.1M(2048.0M)]
 [Times: user=0.07 sys=0.00, real=0.02 secs] 
2019-07-17T18:16:04.634+0000: 723215.464: [GC pause (G1 Evacuation Pause) (young), 0.0219374 secs]
   [Parallel Time: 13.1 ms, GC Workers: 8]
      [GC Worker Start (ms): Min: 723215464.2, Avg: 723215465.8, Max: 723215473.3, Diff: 9.1]
      [Ext Root Scanning (ms): Min: 0.0, Avg: 1.0, Max: 2.7, Diff: 2.7, Sum: 7.9]
      [Update RS (ms): Min: 0.0, Avg: 2.0, Max: 3.0, Diff: 3.0, Sum: 15.9]
         [Processed Buffers: Min: 0, Avg: 10.0, Max: 35, Diff: 35, Sum: 80]
      [Scan RS (ms): Min: 0.1, Avg: 0.3, Max: 0.4, Diff: 0.2, Sum: 2.0]
      [Code Root Scanning (ms): Min: 0.0, Avg: 0.0, Max: 0.0, Diff: 0.0, Sum: 0.1]
      [Object Copy (ms): Min: 3.3, Avg: 7.7, Max: 8.5, Diff: 5.2, Sum: 61.4]
      [Termination (ms): Min: 0.0, Avg: 0.2, Max: 0.3, Diff: 0.3, Sum: 1.8]
         [Termination Attempts: Min: 40, Avg: 158.1, Max: 230, Diff: 190, Sum: 1265]
      [GC Worker Other (ms): Min: 0.0, Avg: 0.0, Max: 0.0, Diff: 0.0, Sum: 0.2]
      [GC Worker Total (ms): Min: 3.7, Avg: 11.2, Max: 12.8, Diff: 9.1, Sum: 89.3]
      [GC Worker End (ms): Min: 723215477.0, Avg: 723215477.0, Max: 723215477.0, Diff: 0.0]
   [Code Root Fixup: 0.2 ms]
   [Code Root Purge: 0.0 ms]
   [Clear CT: 0.5 ms]
   [Other: 8.2 ms]
      [Choose CSet: 0.0 ms]
      [Ref Proc: 5.7 ms]
      [Ref Enq: 0.0 ms]
      [Redirty Cards: 0.4 ms]
      [Humongous Register: 0.3 ms]
      [Humongous Reclaim: 0.0 ms]
      [Free CSet: 1.4 ms]
   [Eden: 1213.0M(1213.0M)->0.0B(1212.0M) Survivors: 15.0M->16.0M Heap: 1446.1M(2048.0M)->234.6M(2048.0M)]
 [Times: user=0.10 sys=0.00, real=0.02 secs] 
2019-07-17T19:37:34.697+0000: 728105.527: [GC pause (G1 Evacuation Pause) (young), 0.0174689 secs]
   [Parallel Time: 10.8 ms, GC Workers: 8]
      [GC Worker Start (ms): Min: 728105527.2, Avg: 728105527.4, Max: 728105527.8, Diff: 0.6]
      [Ext Root Scanning (ms): Min: 0.8, Avg: 1.5, Max: 2.4, Diff: 1.7, Sum: 11.8]
      [Update RS (ms): Min: 1.3, Avg: 1.9, Max: 2.2, Diff: 0.9, Sum: 15.1]
         [Processed Buffers: Min: 3, Avg: 9.8, Max: 26, Diff: 23, Sum: 78]
      [Scan RS (ms): Min: 0.1, Avg: 0.3, Max: 0.3, Diff: 0.2, Sum: 2.1]
      [Code Root Scanning (ms): Min: 0.0, Avg: 0.0, Max: 0.0, Diff: 0.0, Sum: 0.1]
      [Object Copy (ms): Min: 6.4, Avg: 6.5, Max: 6.5, Diff: 0.2, Sum: 51.7]
      [Termination (ms): Min: 0.1, Avg: 0.1, Max: 0.2, Diff: 0.1, Sum: 1.1]
         [Termination Attempts: Min: 46, Avg: 78.1, Max: 96, Diff: 50, Sum: 625]
      [GC Worker Other (ms): Min: 0.0, Avg: 0.1, Max: 0.3, Diff: 0.2, Sum: 0.7]
      [GC Worker Total (ms): Min: 10.0, Avg: 10.3, Max: 10.6, Diff: 0.6, Sum: 82.6]
      [GC Worker End (ms): Min: 728105537.7, Avg: 728105537.8, Max: 728105537.8, Diff: 0.1]
   [Code Root Fixup: 0.1 ms]
   [Code Root Purge: 0.0 ms]
   [Clear CT: 0.6 ms]
   [Other: 6.0 ms]
      [Choose CSet: 0.0 ms]
      [Ref Proc: 4.1 ms]
      [Ref Enq: 0.0 ms]
      [Redirty Cards: 0.3 ms]
      [Humongous Register: 0.2 ms]
      [Humongous Reclaim: 0.0 ms]
      [Free CSet: 0.9 ms]
   [Eden: 1212.0M(1212.0M)->0.0B(1212.0M) Survivors: 16.0M->16.0M Heap: 1446.6M(2048.0M)->234.6M(2048.0M)]
 [Times: user=0.09 sys=0.00, real=0.02 secs] 
2019-07-17T20:59:14.548+0000: 733005.377: [GC pause (G1 Evacuation Pause) (young), 0.0192093 secs]
   [Parallel Time: 12.4 ms, GC Workers: 8]
      [GC Worker Start (ms): Min: 733005377.6, Avg: 733005377.8, Max: 733005378.0, Diff: 0.4]
      [Ext Root Scanning (ms): Min: 0.9, Avg: 1.5, Max: 3.5, Diff: 2.6, Sum: 12.2]
      [Update RS (ms): Min: 0.0, Avg: 2.2, Max: 3.1, Diff: 3.0, Sum: 17.8]
         [Processed Buffers: Min: 2, Avg: 10.0, Max: 28, Diff: 26, Sum: 80]
      [Scan RS (ms): Min: 0.1, Avg: 0.3, Max: 0.4, Diff: 0.3, Sum: 2.3]
      [Code Root Scanning (ms): Min: 0.0, Avg: 0.0, Max: 0.0, Diff: 0.0, Sum: 0.1]
      [Object Copy (ms): Min: 7.5, Avg: 7.7, Max: 7.9, Diff: 0.4, Sum: 61.4]
      [Termination (ms): Min: 0.1, Avg: 0.2, Max: 0.2, Diff: 0.1, Sum: 1.2]
         [Termination Attempts: Min: 48, Avg: 136.6, Max: 163, Diff: 115, Sum: 1093]
      [GC Worker Other (ms): Min: 0.0, Avg: 0.1, Max: 0.2, Diff: 0.1, Sum: 0.8]
      [GC Worker Total (ms): Min: 11.8, Avg: 12.0, Max: 12.2, Diff: 0.5, Sum: 95.8]
      [GC Worker End (ms): Min: 733005389.7, Avg: 733005389.7, Max: 733005389.8, Diff: 0.1]
   [Code Root Fixup: 0.1 ms]
   [Code Root Purge: 0.0 ms]
   [Clear CT: 0.6 ms]
   [Other: 6.1 ms]
      [Choose CSet: 0.0 ms]
      [Ref Proc: 4.3 ms]
      [Ref Enq: 0.0 ms]
      [Redirty Cards: 0.3 ms]
      [Humongous Register: 0.2 ms]
      [Humongous Reclaim: 0.0 ms]
      [Free CSet: 1.0 ms]
   [Eden: 1212.0M(1212.0M)->0.0B(1213.0M) Survivors: 16.0M->15.0M Heap: 1446.6M(2048.0M)->234.6M(2048.0M)]
 [Times: user=0.10 sys=0.00, real=0.02 secs] 
2019-07-17T22:20:30.611+0000: 737881.440: [GC pause (G1 Evacuation Pause) (young), 0.0183253 secs]
   [Parallel Time: 11.7 ms, GC Workers: 8]
      [GC Worker Start (ms): Min: 737881441.0, Avg: 737881441.5, Max: 737881443.3, Diff: 2.3]
      [Ext Root Scanning (ms): Min: 0.0, Avg: 1.7, Max: 3.3, Diff: 3.3, Sum: 13.6]
      [Update RS (ms): Min: 2.2, Avg: 3.1, Max: 3.4, Diff: 1.2, Sum: 24.8]
         [Processed Buffers: Min: 2, Avg: 10.4, Max: 32, Diff: 30, Sum: 83]
      [Scan RS (ms): Min: 0.1, Avg: 0.2, Max: 0.3, Diff: 0.2, Sum: 1.9]
      [Code Root Scanning (ms): Min: 0.0, Avg: 0.0, Max: 0.0, Diff: 0.0, Sum: 0.1]
      [Object Copy (ms): Min: 5.4, Avg: 5.6, Max: 5.7, Diff: 0.3, Sum: 45.0]
      [Termination (ms): Min: 0.0, Avg: 0.1, Max: 0.1, Diff: 0.1, Sum: 0.4]
         [Termination Attempts: Min: 22, Avg: 32.1, Max: 40, Diff: 18, Sum: 257]
      [GC Worker Other (ms): Min: 0.0, Avg: 0.1, Max: 0.2, Diff: 0.2, Sum: 0.9]
      [GC Worker Total (ms): Min: 9.1, Avg: 10.9, Max: 11.3, Diff: 2.2, Sum: 86.8]
      [GC Worker End (ms): Min: 737881452.3, Avg: 737881452.4, Max: 737881452.5, Diff: 0.2]
   [Code Root Fixup: 0.1 ms]
   [Code Root Purge: 0.0 ms]
   [Clear CT: 0.5 ms]
   [Other: 6.0 ms]
      [Choose CSet: 0.0 ms]
      [Ref Proc: 3.9 ms]
      [Ref Enq: 0.0 ms]
      [Redirty Cards: 0.3 ms]
      [Humongous Register: 0.3 ms]
      [Humongous Reclaim: 0.0 ms]
      [Free CSet: 1.0 ms]
   [Eden: 1213.0M(1213.0M)->0.0B(1213.0M) Survivors: 15.0M->15.0M Heap: 1447.6M(2048.0M)->235.9M(2048.0M)]
 [Times: user=0.10 sys=0.00, real=0.01 secs] 
2019-07-17T23:42:04.657+0000: 742775.486: [GC pause (G1 Evacuation Pause) (young), 0.0195550 secs]
   [Parallel Time: 11.9 ms, GC Workers: 8]
      [GC Worker Start (ms): Min: 742775486.3, Avg: 742775486.6, Max: 742775486.9, Diff: 0.6]
      [Ext Root Scanning (ms): Min: 0.9, Avg: 2.3, Max: 7.4, Diff: 6.5, Sum: 18.3]
      [Update RS (ms): Min: 0.0, Avg: 2.3, Max: 3.0, Diff: 3.0, Sum: 18.6]
         [Processed Buffers: Min: 0, Avg: 9.8, Max: 35, Diff: 35, Sum: 78]
      [Scan RS (ms): Min: 0.1, Avg: 0.3, Max: 0.4, Diff: 0.3, Sum: 2.3]
      [Code Root Scanning (ms): Min: 0.0, Avg: 0.0, Max: 0.0, Diff: 0.0, Sum: 0.1]
      [Object Copy (ms): Min: 2.9, Avg: 5.9, Max: 6.4, Diff: 3.5, Sum: 47.1]
      [Termination (ms): Min: 0.0, Avg: 0.3, Max: 0.5, Diff: 0.4, Sum: 2.5]
         [Termination Attempts: Min: 4, Avg: 38.4, Max: 54, Diff: 50, Sum: 307]
      [GC Worker Other (ms): Min: 0.0, Avg: 0.1, Max: 0.3, Diff: 0.2, Sum: 0.9]
      [GC Worker Total (ms): Min: 10.8, Avg: 11.2, Max: 11.6, Diff: 0.8, Sum: 89.8]
      [GC Worker End (ms): Min: 742775497.7, Avg: 742775497.8, Max: 742775497.9, Diff: 0.2]
   [Code Root Fixup: 0.3 ms]
   [Code Root Purge: 0.0 ms]
   [Clear CT: 0.7 ms]
   [Other: 6.7 ms]
      [Choose CSet: 0.0 ms]
      [Ref Proc: 4.5 ms]
      [Ref Enq: 0.0 ms]
      [Redirty Cards: 0.4 ms]
      [Humongous Register: 0.2 ms]
      [Humongous Reclaim: 0.0 ms]
      [Free CSet: 1.0 ms]
   [Eden: 1213.0M(1213.0M)->0.0B(1212.0M) Survivors: 15.0M->16.0M Heap: 1448.9M(2048.0M)->236.9M(2048.0M)]
 [Times: user=0.09 sys=0.00, real=0.02 secs] 
2019-07-18T01:03:31.797+0000: 747662.626: [GC pause (G1 Evacuation Pause) (young), 0.0198169 secs]
   [Parallel Time: 12.5 ms, GC Workers: 8]
      [GC Worker Start (ms): Min: 747662626.8, Avg: 747662629.8, Max: 747662638.8, Diff: 12.1]
      [Ext Root Scanning (ms): Min: 0.0, Avg: 2.3, Max: 7.7, Diff: 7.6, Sum: 18.5]
      [Update RS (ms): Min: 0.0, Avg: 1.5, Max: 3.2, Diff: 3.2, Sum: 11.8]
         [Processed Buffers: Min: 0, Avg: 9.8, Max: 50, Diff: 50, Sum: 78]
      [Scan RS (ms): Min: 0.1, Avg: 0.2, Max: 0.4, Diff: 0.3, Sum: 1.9]
      [Code Root Scanning (ms): Min: 0.0, Avg: 0.0, Max: 0.0, Diff: 0.0, Sum: 0.1]
      [Object Copy (ms): Min: 0.0, Avg: 4.9, Max: 6.5, Diff: 6.5, Sum: 39.1]
      [Termination (ms): Min: 0.0, Avg: 0.2, Max: 0.3, Diff: 0.3, Sum: 2.0]
         [Termination Attempts: Min: 1, Avg: 28.2, Max: 38, Diff: 37, Sum: 226]
      [GC Worker Other (ms): Min: 0.0, Avg: 0.0, Max: 0.1, Diff: 0.0, Sum: 0.2]
      [GC Worker Total (ms): Min: 0.1, Avg: 9.2, Max: 12.2, Diff: 12.1, Sum: 73.6]
      [GC Worker End (ms): Min: 747662639.0, Avg: 747662639.0, Max: 747662639.0, Diff: 0.0]
   [Code Root Fixup: 0.1 ms]
   [Code Root Purge: 0.0 ms]
   [Clear CT: 0.5 ms]
   [Other: 6.7 ms]
      [Choose CSet: 0.0 ms]
      [Ref Proc: 4.5 ms]
      [Ref Enq: 0.0 ms]
      [Redirty Cards: 0.3 ms]
      [Humongous Register: 0.4 ms]
      [Humongous Reclaim: 0.0 ms]
      [Free CSet: 1.0 ms]
   [Eden: 1212.0M(1212.0M)->0.0B(1212.0M) Survivors: 16.0M->16.0M Heap: 1448.9M(2048.0M)->237.5M(2048.0M)]
 [Times: user=0.08 sys=0.00, real=0.02 secs] 
2019-07-18T02:24:52.149+0000: 752542.978: [GC pause (G1 Evacuation Pause) (young), 0.0170284 secs]
   [Parallel Time: 9.5 ms, GC Workers: 8]
      [GC Worker Start (ms): Min: 752542978.7, Avg: 752542978.8, Max: 752542979.0, Diff: 0.3]
      [Ext Root Scanning (ms): Min: 0.7, Avg: 1.2, Max: 2.9, Diff: 2.2, Sum: 9.5]
      [Update RS (ms): Min: 0.7, Avg: 2.0, Max: 2.8, Diff: 2.1, Sum: 16.2]
         [Processed Buffers: Min: 1, Avg: 9.9, Max: 35, Diff: 34, Sum: 79]
      [Scan RS (ms): Min: 0.1, Avg: 0.2, Max: 0.3, Diff: 0.3, Sum: 1.9]
      [Code Root Scanning (ms): Min: 0.0, Avg: 0.0, Max: 0.0, Diff: 0.0, Sum: 0.1]
      [Object Copy (ms): Min: 5.1, Avg: 5.4, Max: 5.5, Diff: 0.4, Sum: 43.3]
      [Termination (ms): Min: 0.0, Avg: 0.1, Max: 0.1, Diff: 0.0, Sum: 0.4]
         [Termination Attempts: Min: 25, Avg: 31.4, Max: 37, Diff: 12, Sum: 251]
      [GC Worker Other (ms): Min: 0.0, Avg: 0.1, Max: 0.2, Diff: 0.1, Sum: 0.8]
      [GC Worker Total (ms): Min: 8.9, Avg: 9.0, Max: 9.2, Diff: 0.3, Sum: 72.2]
      [GC Worker End (ms): Min: 752542987.8, Avg: 752542987.9, Max: 752542987.9, Diff: 0.1]
   [Code Root Fixup: 0.1 ms]
   [Code Root Purge: 0.0 ms]
   [Clear CT: 0.5 ms]
   [Other: 6.9 ms]
      [Choose CSet: 0.0 ms]
      [Ref Proc: 4.2 ms]
      [Ref Enq: 0.0 ms]
      [Redirty Cards: 0.6 ms]
      [Humongous Register: 0.2 ms]
      [Humongous Reclaim: 0.0 ms]
      [Free CSet: 1.4 ms]
   [Eden: 1212.0M(1212.0M)->0.0B(1212.0M) Survivors: 16.0M->16.0M Heap: 1449.5M(2048.0M)->238.0M(2048.0M)]
 [Times: user=0.08 sys=0.00, real=0.02 secs] 
2019-07-18T03:47:02.137+0000: 757472.967: [GC pause (G1 Evacuation Pause) (young), 0.0181547 secs]
   [Parallel Time: 9.4 ms, GC Workers: 8]
      [GC Worker Start (ms): Min: 757472967.4, Avg: 757472967.6, Max: 757472967.9, Diff: 0.5]
      [Ext Root Scanning (ms): Min: 0.8, Avg: 2.7, Max: 6.9, Diff: 6.1, Sum: 21.5]
      [Update RS (ms): Min: 0.0, Avg: 1.6, Max: 2.5, Diff: 2.5, Sum: 12.9]
         [Processed Buffers: Min: 0, Avg: 9.9, Max: 35, Diff: 35, Sum: 79]
      [Scan RS (ms): Min: 0.1, Avg: 0.2, Max: 0.3, Diff: 0.2, Sum: 1.9]
      [Code Root Scanning (ms): Min: 0.0, Avg: 0.0, Max: 0.0, Diff: 0.0, Sum: 0.1]
      [Object Copy (ms): Min: 1.9, Avg: 3.9, Max: 5.0, Diff: 3.1, Sum: 31.4]
      [Termination (ms): Min: 0.0, Avg: 0.4, Max: 2.3, Diff: 2.2, Sum: 3.2]
         [Termination Attempts: Min: 2, Avg: 33.2, Max: 46, Diff: 44, Sum: 266]
      [GC Worker Other (ms): Min: 0.0, Avg: 0.1, Max: 0.1, Diff: 0.1, Sum: 0.5]
      [GC Worker Total (ms): Min: 8.6, Avg: 8.9, Max: 9.1, Diff: 0.5, Sum: 71.4]
      [GC Worker End (ms): Min: 757472976.4, Avg: 757472976.5, Max: 757472976.6, Diff: 0.1]
   [Code Root Fixup: 0.1 ms]
   [Code Root Purge: 0.0 ms]
   [Clear CT: 0.6 ms]
   [Other: 8.1 ms]
      [Choose CSet: 0.0 ms]
      [Ref Proc: 5.8 ms]
      [Ref Enq: 0.1 ms]
      [Redirty Cards: 0.3 ms]
      [Humongous Register: 0.3 ms]
      [Humongous Reclaim: 0.0 ms]
      [Free CSet: 1.2 ms]
   [Eden: 1212.0M(1212.0M)->0.0B(1213.0M) Survivors: 16.0M->15.0M Heap: 1450.0M(2048.0M)->238.1M(2048.0M)]
 [Times: user=0.07 sys=0.00, real=0.02 secs] 
2019-07-18T05:08:12.845+0000: 762343.674: [GC pause (G1 Evacuation Pause) (young), 0.0167425 secs]
   [Parallel Time: 9.8 ms, GC Workers: 8]
      [GC Worker Start (ms): Min: 762343674.3, Avg: 762343674.5, Max: 762343674.8, Diff: 0.5]
      [Ext Root Scanning (ms): Min: 0.7, Avg: 1.2, Max: 3.1, Diff: 2.5, Sum: 9.7]
      [Update RS (ms): Min: 0.9, Avg: 2.2, Max: 2.6, Diff: 1.7, Sum: 17.3]
         [Processed Buffers: Min: 1, Avg: 9.9, Max: 30, Diff: 29, Sum: 79]
      [Scan RS (ms): Min: 0.1, Avg: 0.3, Max: 0.4, Diff: 0.3, Sum: 2.1]
      [Code Root Scanning (ms): Min: 0.0, Avg: 0.0, Max: 0.0, Diff: 0.0, Sum: 0.1]
      [Object Copy (ms): Min: 4.4, Avg: 5.6, Max: 7.2, Diff: 2.8, Sum: 44.4]
      [Termination (ms): Min: 0.1, Avg: 0.1, Max: 0.1, Diff: 0.0, Sum: 0.9]
         [Termination Attempts: Min: 40, Avg: 43.8, Max: 50, Diff: 10, Sum: 350]
      [GC Worker Other (ms): Min: 0.0, Avg: 0.1, Max: 0.2, Diff: 0.2, Sum: 1.0]
      [GC Worker Total (ms): Min: 9.1, Avg: 9.4, Max: 9.7, Diff: 0.6, Sum: 75.4]
      [GC Worker End (ms): Min: 762343683.8, Avg: 762343683.9, Max: 762343684.0, Diff: 0.2]
   [Code Root Fixup: 0.1 ms]
   [Code Root Purge: 0.0 ms]
   [Clear CT: 0.6 ms]
   [Other: 6.2 ms]
      [Choose CSet: 0.0 ms]
      [Ref Proc: 4.2 ms]
      [Ref Enq: 0.0 ms]
      [Redirty Cards: 0.4 ms]
      [Humongous Register: 0.2 ms]
      [Humongous Reclaim: 0.0 ms]
      [Free CSet: 1.0 ms]
   [Eden: 1213.0M(1213.0M)->0.0B(1212.0M) Survivors: 15.0M->16.0M Heap: 1451.1M(2048.0M)->239.6M(2048.0M)]
 [Times: user=0.09 sys=0.00, real=0.02 secs] 
2019-07-18T06:29:52.721+0000: 767243.551: [GC pause (G1 Evacuation Pause) (young), 0.0569728 secs]
   [Parallel Time: 48.8 ms, GC Workers: 8]
      [GC Worker Start (ms): Min: 767243551.4, Avg: 767243551.8, Max: 767243552.7, Diff: 1.4]
      [Ext Root Scanning (ms): Min: 0.0, Avg: 1.0, Max: 3.0, Diff: 3.0, Sum: 8.3]
      [Update RS (ms): Min: 0.3, Avg: 1.9, Max: 2.3, Diff: 2.0, Sum: 15.2]
         [Processed Buffers: Min: 2, Avg: 10.1, Max: 26, Diff: 24, Sum: 81]
      [Scan RS (ms): Min: 0.2, Avg: 5.8, Max: 44.9, Diff: 44.7, Sum: 46.6]
      [Code Root Scanning (ms): Min: 0.0, Avg: 0.0, Max: 0.0, Diff: 0.0, Sum: 0.1]
      [Object Copy (ms): Min: 0.2, Avg: 5.2, Max: 6.1, Diff: 5.9, Sum: 41.9]
      [Termination (ms): Min: 0.0, Avg: 33.9, Max: 38.8, Diff: 38.8, Sum: 271.0]
         [Termination Attempts: Min: 1, Avg: 33.5, Max: 48, Diff: 47, Sum: 268]
      [GC Worker Other (ms): Min: 0.0, Avg: 0.0, Max: 0.1, Diff: 0.1, Sum: 0.3]
      [GC Worker Total (ms): Min: 46.9, Avg: 47.9, Max: 48.4, Diff: 1.4, Sum: 383.4]
      [GC Worker End (ms): Min: 767243599.7, Avg: 767243599.7, Max: 767243599.7, Diff: 0.1]
   [Code Root Fixup: 0.1 ms]
   [Code Root Purge: 0.0 ms]
   [Clear CT: 0.7 ms]
   [Other: 7.4 ms]
      [Choose CSet: 0.0 ms]
      [Ref Proc: 5.1 ms]
      [Ref Enq: 0.0 ms]
      [Redirty Cards: 0.4 ms]
      [Humongous Register: 0.3 ms]
      [Humongous Reclaim: 0.0 ms]
      [Free CSet: 1.1 ms]
   [Eden: 1212.0M(1212.0M)->0.0B(1212.0M) Survivors: 16.0M->16.0M Heap: 1451.6M(2048.0M)->240.2M(2048.0M)]
 [Times: user=0.34 sys=0.00, real=0.05 secs] 
2019-07-18T07:51:26.937+0000: 772137.766: [GC pause (G1 Evacuation Pause) (young), 0.0159286 secs]
   [Parallel Time: 9.4 ms, GC Workers: 8]
      [GC Worker Start (ms): Min: 772137766.4, Avg: 772137766.6, Max: 772137767.0, Diff: 0.5]
      [Ext Root Scanning (ms): Min: 1.0, Avg: 2.3, Max: 4.8, Diff: 3.7, Sum: 18.6]
      [Update RS (ms): Min: 0.0, Avg: 1.6, Max: 2.3, Diff: 2.3, Sum: 12.8]
         [Processed Buffers: Min: 0, Avg: 9.6, Max: 29, Diff: 29, Sum: 77]
      [Scan RS (ms): Min: 0.1, Avg: 0.2, Max: 0.3, Diff: 0.2, Sum: 1.8]
      [Code Root Scanning (ms): Min: 0.0, Avg: 0.0, Max: 0.0, Diff: 0.0, Sum: 0.1]
      [Object Copy (ms): Min: 4.1, Avg: 4.7, Max: 5.0, Diff: 0.9, Sum: 37.3]
      [Termination (ms): Min: 0.1, Avg: 0.1, Max: 0.1, Diff: 0.0, Sum: 0.5]
         [Termination Attempts: Min: 43, Avg: 50.4, Max: 59, Diff: 16, Sum: 403]
      [GC Worker Other (ms): Min: 0.0, Avg: 0.1, Max: 0.2, Diff: 0.2, Sum: 0.9]
      [GC Worker Total (ms): Min: 8.6, Avg: 9.0, Max: 9.3, Diff: 0.7, Sum: 72.0]
      [GC Worker End (ms): Min: 772137775.6, Avg: 772137775.6, Max: 772137775.7, Diff: 0.1]
   [Code Root Fixup: 0.1 ms]
   [Code Root Purge: 0.0 ms]
   [Clear CT: 0.4 ms]
   [Other: 6.1 ms]
      [Choose CSet: 0.0 ms]
      [Ref Proc: 4.2 ms]
      [Ref Enq: 0.0 ms]
      [Redirty Cards: 0.4 ms]
      [Humongous Register: 0.2 ms]
      [Humongous Reclaim: 0.0 ms]
      [Free CSet: 1.0 ms]
   [Eden: 1212.0M(1212.0M)->0.0B(1212.0M) Survivors: 16.0M->16.0M Heap: 1452.2M(2048.0M)->240.2M(2048.0M)]
 [Times: user=0.07 sys=0.00, real=0.02 secs] 
2019-07-18T09:12:37.302+0000: 777008.131: [GC pause (G1 Evacuation Pause) (young), 0.0150721 secs]
   [Parallel Time: 8.6 ms, GC Workers: 8]
      [GC Worker Start (ms): Min: 777008131.2, Avg: 777008131.5, Max: 777008131.6, Diff: 0.4]
      [Ext Root Scanning (ms): Min: 0.7, Avg: 1.0, Max: 2.4, Diff: 1.7, Sum: 8.2]
      [Update RS (ms): Min: 0.6, Avg: 1.7, Max: 2.1, Diff: 1.5, Sum: 13.4]
         [Processed Buffers: Min: 2, Avg: 10.1, Max: 35, Diff: 33, Sum: 81]
      [Scan RS (ms): Min: 0.1, Avg: 0.2, Max: 0.3, Diff: 0.2, Sum: 1.9]
      [Code Root Scanning (ms): Min: 0.0, Avg: 0.0, Max: 0.0, Diff: 0.0, Sum: 0.1]
      [Object Copy (ms): Min: 4.8, Avg: 4.9, Max: 5.0, Diff: 0.2, Sum: 39.3]
      [Termination (ms): Min: 0.0, Avg: 0.0, Max: 0.0, Diff: 0.0, Sum: 0.3]
         [Termination Attempts: Min: 22, Avg: 31.0, Max: 38, Diff: 16, Sum: 248]
      [GC Worker Other (ms): Min: 0.0, Avg: 0.1, Max: 0.2, Diff: 0.2, Sum: 0.8]
      [GC Worker Total (ms): Min: 7.8, Avg: 8.0, Max: 8.3, Diff: 0.4, Sum: 64.0]
      [GC Worker End (ms): Min: 777008139.4, Avg: 777008139.5, Max: 777008139.6, Diff: 0.2]
   [Code Root Fixup: 0.1 ms]
   [Code Root Purge: 0.0 ms]
   [Clear CT: 0.6 ms]
   [Other: 5.8 ms]
      [Choose CSet: 0.0 ms]
      [Ref Proc: 3.9 ms]
      [Ref Enq: 0.0 ms]
      [Redirty Cards: 0.3 ms]
      [Humongous Register: 0.2 ms]
      [Humongous Reclaim: 0.0 ms]
      [Free CSet: 1.0 ms]
   [Eden: 1212.0M(1212.0M)->0.0B(1213.0M) Survivors: 16.0M->15.0M Heap: 1452.2M(2048.0M)->240.3M(2048.0M)]
 [Times: user=0.07 sys=0.00, real=0.01 secs] 
2019-07-18T10:34:24.888+0000: 781915.717: [GC pause (G1 Evacuation Pause) (young), 0.0210717 secs]
   [Parallel Time: 11.4 ms, GC Workers: 8]
      [GC Worker Start (ms): Min: 781915717.5, Avg: 781915719.7, Max: 781915725.2, Diff: 7.8]
      [Ext Root Scanning (ms): Min: 0.0, Avg: 1.0, Max: 2.1, Diff: 2.1, Sum: 7.7]
      [Update RS (ms): Min: 0.0, Avg: 2.0, Max: 3.3, Diff: 3.3, Sum: 15.9]
         [Processed Buffers: Min: 0, Avg: 10.0, Max: 35, Diff: 35, Sum: 80]
      [Scan RS (ms): Min: 0.2, Avg: 0.3, Max: 0.3, Diff: 0.1, Sum: 2.1]
      [Code Root Scanning (ms): Min: 0.0, Avg: 0.0, Max: 0.0, Diff: 0.0, Sum: 0.1]
      [Object Copy (ms): Min: 2.9, Avg: 5.4, Max: 6.0, Diff: 3.0, Sum: 43.6]
      [Termination (ms): Min: 0.0, Avg: 0.2, Max: 0.2, Diff: 0.2, Sum: 1.6]
         [Termination Attempts: Min: 2, Avg: 41.2, Max: 55, Diff: 53, Sum: 330]
      [GC Worker Other (ms): Min: 0.0, Avg: 0.0, Max: 0.1, Diff: 0.1, Sum: 0.4]
      [GC Worker Total (ms): Min: 3.4, Avg: 8.9, Max: 11.1, Diff: 7.7, Sum: 71.2]
      [GC Worker End (ms): Min: 781915728.6, Avg: 781915728.6, Max: 781915728.7, Diff: 0.1]
   [Code Root Fixup: 0.1 ms]
   [Code Root Purge: 0.0 ms]
   [Clear CT: 0.6 ms]
   [Other: 8.9 ms]
      [Choose CSet: 0.0 ms]
      [Ref Proc: 6.5 ms]
      [Ref Enq: 0.0 ms]
      [Redirty Cards: 0.4 ms]
      [Humongous Register: 0.3 ms]
      [Humongous Reclaim: 0.0 ms]
      [Free CSet: 1.3 ms]
   [Eden: 1213.0M(1213.0M)->0.0B(1213.0M) Survivors: 15.0M->15.0M Heap: 1453.3M(2048.0M)->240.9M(2048.0M)]
 [Times: user=0.08 sys=0.00, real=0.02 secs] 
2019-07-18T11:56:25.547+0000: 786836.376: [GC pause (G1 Evacuation Pause) (young), 0.0153574 secs]
   [Parallel Time: 9.1 ms, GC Workers: 8]
      [GC Worker Start (ms): Min: 786836376.8, Avg: 786836378.0, Max: 786836379.1, Diff: 2.3]
      [Ext Root Scanning (ms): Min: 0.0, Avg: 0.7, Max: 2.0, Diff: 2.0, Sum: 5.8]
      [Update RS (ms): Min: 1.4, Avg: 2.1, Max: 5.3, Diff: 3.9, Sum: 16.9]
         [Processed Buffers: Min: 1, Avg: 9.8, Max: 22, Diff: 21, Sum: 78]
      [Scan RS (ms): Min: 0.1, Avg: 0.2, Max: 0.3, Diff: 0.2, Sum: 1.8]
      [Code Root Scanning (ms): Min: 0.0, Avg: 0.0, Max: 0.0, Diff: 0.0, Sum: 0.0]
      [Object Copy (ms): Min: 1.4, Avg: 4.4, Max: 5.0, Diff: 3.6, Sum: 35.2]
      [Termination (ms): Min: 0.0, Avg: 0.1, Max: 0.1, Diff: 0.0, Sum: 0.5]
         [Termination Attempts: Min: 39, Avg: 43.0, Max: 51, Diff: 12, Sum: 344]
      [GC Worker Other (ms): Min: 0.0, Avg: 0.1, Max: 0.1, Diff: 0.1, Sum: 0.6]
      [GC Worker Total (ms): Min: 6.6, Avg: 7.6, Max: 8.8, Diff: 2.2, Sum: 61.0]
      [GC Worker End (ms): Min: 786836385.6, Avg: 786836385.6, Max: 786836385.7, Diff: 0.1]
   [Code Root Fixup: 0.1 ms]
   [Code Root Purge: 0.0 ms]
   [Clear CT: 0.5 ms]
   [Other: 5.7 ms]
      [Choose CSet: 0.0 ms]
      [Ref Proc: 3.9 ms]
      [Ref Enq: 0.0 ms]
      [Redirty Cards: 0.2 ms]
      [Humongous Register: 0.2 ms]
      [Humongous Reclaim: 0.0 ms]
      [Free CSet: 1.0 ms]
   [Eden: 1213.0M(1213.0M)->0.0B(1212.0M) Survivors: 15.0M->16.0M Heap: 1453.9M(2048.0M)->242.5M(2048.0M)]
 [Times: user=0.06 sys=0.00, real=0.02 secs] 
2019-07-18T13:17:42.324+0000: 791713.153: [GC pause (G1 Evacuation Pause) (young), 0.0401427 secs]
   [Parallel Time: 9.0 ms, GC Workers: 8]
      [GC Worker Start (ms): Min: 791713178.0, Avg: 791713178.1, Max: 791713178.3, Diff: 0.4]
      [Ext Root Scanning (ms): Min: 0.6, Avg: 1.0, Max: 2.0, Diff: 1.4, Sum: 8.2]
      [Update RS (ms): Min: 1.2, Avg: 2.1, Max: 2.5, Diff: 1.3, Sum: 16.4]
         [Processed Buffers: Min: 2, Avg: 10.2, Max: 21, Diff: 19, Sum: 82]
      [Scan RS (ms): Min: 0.1, Avg: 0.2, Max: 0.4, Diff: 0.3, Sum: 1.9]
      [Code Root Scanning (ms): Min: 0.0, Avg: 0.0, Max: 0.0, Diff: 0.0, Sum: 0.1]
      [Object Copy (ms): Min: 4.6, Avg: 4.9, Max: 5.1, Diff: 0.5, Sum: 38.8]
      [Termination (ms): Min: 0.1, Avg: 0.3, Max: 0.4, Diff: 0.3, Sum: 2.5]
         [Termination Attempts: Min: 35, Avg: 39.9, Max: 46, Diff: 11, Sum: 319]
      [GC Worker Other (ms): Min: 0.0, Avg: 0.1, Max: 0.2, Diff: 0.2, Sum: 0.8]
      [GC Worker Total (ms): Min: 8.4, Avg: 8.6, Max: 8.7, Diff: 0.2, Sum: 68.7]
      [GC Worker End (ms): Min: 791713186.6, Avg: 791713186.7, Max: 791713186.8, Diff: 0.2]
   [Code Root Fixup: 0.1 ms]
   [Code Root Purge: 0.0 ms]
   [Clear CT: 0.6 ms]
   [Other: 30.4 ms]
      [Choose CSet: 0.0 ms]
      [Ref Proc: 4.2 ms]
      [Ref Enq: 0.0 ms]
      [Redirty Cards: 0.3 ms]
      [Humongous Register: 0.3 ms]
      [Humongous Reclaim: 0.0 ms]
      [Free CSet: 1.2 ms]
   [Eden: 1212.0M(1212.0M)->0.0B(1212.0M) Survivors: 16.0M->16.0M Heap: 1454.5M(2048.0M)->242.7M(2048.0M)]
 [Times: user=0.08 sys=0.00, real=0.07 secs] 
2019-07-18T14:39:17.271+0000: 796608.100: [GC pause (G1 Evacuation Pause) (young), 0.0144969 secs]
   [Parallel Time: 7.8 ms, GC Workers: 8]
      [GC Worker Start (ms): Min: 796608100.3, Avg: 796608100.6, Max: 796608101.4, Diff: 1.0]
      [Ext Root Scanning (ms): Min: 0.0, Avg: 0.8, Max: 2.0, Diff: 2.0, Sum: 6.4]
      [Update RS (ms): Min: 0.6, Avg: 1.5, Max: 2.1, Diff: 1.5, Sum: 11.8]
         [Processed Buffers: Min: 3, Avg: 10.0, Max: 25, Diff: 22, Sum: 80]
      [Scan RS (ms): Min: 0.1, Avg: 0.2, Max: 0.3, Diff: 0.2, Sum: 1.8]
      [Code Root Scanning (ms): Min: 0.0, Avg: 0.0, Max: 0.0, Diff: 0.0, Sum: 0.0]
      [Object Copy (ms): Min: 4.3, Avg: 4.6, Max: 5.5, Diff: 1.2, Sum: 36.6]
      [Termination (ms): Min: 0.0, Avg: 0.1, Max: 0.1, Diff: 0.1, Sum: 0.8]
         [Termination Attempts: Min: 32, Avg: 39.2, Max: 44, Diff: 12, Sum: 314]
      [GC Worker Other (ms): Min: 0.0, Avg: 0.1, Max: 0.2, Diff: 0.1, Sum: 0.7]
      [GC Worker Total (ms): Min: 6.6, Avg: 7.3, Max: 7.6, Diff: 1.0, Sum: 58.2]
      [GC Worker End (ms): Min: 796608107.8, Avg: 796608107.9, Max: 796608108.0, Diff: 0.1]
   [Code Root Fixup: 0.1 ms]
   [Code Root Purge: 0.0 ms]
   [Clear CT: 0.6 ms]
   [Other: 6.0 ms]
      [Choose CSet: 0.0 ms]
      [Ref Proc: 4.1 ms]
      [Ref Enq: 0.0 ms]
      [Redirty Cards: 0.3 ms]
      [Humongous Register: 0.2 ms]
      [Humongous Reclaim: 0.0 ms]
      [Free CSet: 1.0 ms]
   [Eden: 1212.0M(1212.0M)->0.0B(1212.0M) Survivors: 16.0M->16.0M Heap: 1454.7M(2048.0M)->243.7M(2048.0M)]
 [Times: user=0.07 sys=0.00, real=0.02 secs] 
2019-07-18T16:00:05.411+0000: 801456.240: [GC pause (G1 Evacuation Pause) (young), 0.0149303 secs]
   [Parallel Time: 8.2 ms, GC Workers: 8]
      [GC Worker Start (ms): Min: 801456240.1, Avg: 801456240.2, Max: 801456240.3, Diff: 0.2]
      [Ext Root Scanning (ms): Min: 0.6, Avg: 0.8, Max: 1.6, Diff: 1.0, Sum: 6.7]
      [Update RS (ms): Min: 1.2, Avg: 1.8, Max: 2.1, Diff: 0.9, Sum: 14.7]
         [Processed Buffers: Min: 2, Avg: 10.8, Max: 31, Diff: 29, Sum: 86]
      [Scan RS (ms): Min: 0.1, Avg: 0.2, Max: 0.3, Diff: 0.2, Sum: 1.7]
      [Code Root Scanning (ms): Min: 0.0, Avg: 0.0, Max: 0.0, Diff: 0.0, Sum: 0.1]
      [Object Copy (ms): Min: 4.6, Avg: 4.7, Max: 4.7, Diff: 0.1, Sum: 37.4]
      [Termination (ms): Min: 0.1, Avg: 0.1, Max: 0.1, Diff: 0.0, Sum: 0.8]
         [Termination Attempts: Min: 43, Avg: 48.0, Max: 63, Diff: 20, Sum: 384]
      [GC Worker Other (ms): Min: 0.0, Avg: 0.1, Max: 0.2, Diff: 0.1, Sum: 0.7]
      [GC Worker Total (ms): Min: 7.7, Avg: 7.8, Max: 7.9, Diff: 0.2, Sum: 62.1]
      [GC Worker End (ms): Min: 801456247.9, Avg: 801456248.0, Max: 801456248.1, Diff: 0.1]
   [Code Root Fixup: 0.1 ms]
   [Code Root Purge: 0.0 ms]
   [Clear CT: 0.7 ms]
   [Other: 5.9 ms]
      [Choose CSet: 0.0 ms]
      [Ref Proc: 4.2 ms]
      [Ref Enq: 0.0 ms]
      [Redirty Cards: 0.3 ms]
      [Humongous Register: 0.1 ms]
      [Humongous Reclaim: 0.0 ms]
      [Free CSet: 0.9 ms]
   [Eden: 1212.0M(1212.0M)->0.0B(1212.0M) Survivors: 16.0M->16.0M Heap: 1455.7M(2048.0M)->244.3M(2048.0M)]
 [Times: user=0.08 sys=0.00, real=0.02 secs] 
2019-07-18T17:21:43.821+0000: 806354.650: [GC pause (G1 Evacuation Pause) (young), 0.0155528 secs]
   [Parallel Time: 8.5 ms, GC Workers: 8]
      [GC Worker Start (ms): Min: 806354651.1, Avg: 806354651.3, Max: 806354651.4, Diff: 0.3]
      [Ext Root Scanning (ms): Min: 0.8, Avg: 1.2, Max: 2.8, Diff: 2.0, Sum: 9.4]
      [Update RS (ms): Min: 0.2, Avg: 1.6, Max: 2.0, Diff: 1.8, Sum: 12.5]
         [Processed Buffers: Min: 2, Avg: 10.1, Max: 32, Diff: 30, Sum: 81]
      [Scan RS (ms): Min: 0.1, Avg: 0.3, Max: 0.4, Diff: 0.3, Sum: 2.1]
      [Code Root Scanning (ms): Min: 0.0, Avg: 0.0, Max: 0.0, Diff: 0.0, Sum: 0.1]
      [Object Copy (ms): Min: 4.5, Avg: 4.6, Max: 4.7, Diff: 0.2, Sum: 36.9]
      [Termination (ms): Min: 0.0, Avg: 0.1, Max: 0.1, Diff: 0.0, Sum: 0.5]
         [Termination Attempts: Min: 40, Avg: 46.1, Max: 53, Diff: 13, Sum: 369]
      [GC Worker Other (ms): Min: 0.0, Avg: 0.1, Max: 0.3, Diff: 0.2, Sum: 1.0]
      [GC Worker Total (ms): Min: 7.7, Avg: 7.8, Max: 8.0, Diff: 0.3, Sum: 62.6]
      [GC Worker End (ms): Min: 806354659.0, Avg: 806354659.1, Max: 806354659.2, Diff: 0.2]
   [Code Root Fixup: 0.1 ms]
   [Code Root Purge: 0.0 ms]
   [Clear CT: 0.6 ms]
   [Other: 6.3 ms]
      [Choose CSet: 0.0 ms]
      [Ref Proc: 4.2 ms]
      [Ref Enq: 0.0 ms]
      [Redirty Cards: 0.3 ms]
      [Humongous Register: 0.3 ms]
      [Humongous Reclaim: 0.0 ms]
      [Free CSet: 1.0 ms]
   [Eden: 1212.0M(1212.0M)->0.0B(1213.0M) Survivors: 16.0M->15.0M Heap: 1456.3M(2048.0M)->243.4M(2048.0M)]
 [Times: user=0.07 sys=0.00, real=0.01 secs] 
2019-07-18T18:43:17.991+0000: 811248.820: [GC pause (G1 Evacuation Pause) (young), 0.0146992 secs]
   [Parallel Time: 8.1 ms, GC Workers: 8]
      [GC Worker Start (ms): Min: 811248820.7, Avg: 811248820.9, Max: 811248821.0, Diff: 0.2]
      [Ext Root Scanning (ms): Min: 0.6, Avg: 0.9, Max: 2.0, Diff: 1.5, Sum: 7.1]
      [Update RS (ms): Min: 0.7, Avg: 1.7, Max: 1.9, Diff: 1.2, Sum: 13.9]
         [Processed Buffers: Min: 2, Avg: 10.1, Max: 31, Diff: 29, Sum: 81]
      [Scan RS (ms): Min: 0.1, Avg: 0.2, Max: 0.3, Diff: 0.1, Sum: 1.8]
      [Code Root Scanning (ms): Min: 0.0, Avg: 0.0, Max: 0.0, Diff: 0.0, Sum: 0.1]
      [Object Copy (ms): Min: 4.7, Avg: 4.7, Max: 4.8, Diff: 0.1, Sum: 37.7]
      [Termination (ms): Min: 0.1, Avg: 0.1, Max: 0.1, Diff: 0.0, Sum: 0.6]
         [Termination Attempts: Min: 30, Avg: 37.4, Max: 45, Diff: 15, Sum: 299]
      [GC Worker Other (ms): Min: 0.0, Avg: 0.1, Max: 0.2, Diff: 0.2, Sum: 0.8]
      [GC Worker Total (ms): Min: 7.6, Avg: 7.7, Max: 7.9, Diff: 0.3, Sum: 61.8]
      [GC Worker End (ms): Min: 811248828.5, Avg: 811248828.6, Max: 811248828.7, Diff: 0.2]
   [Code Root Fixup: 0.1 ms]
   [Code Root Purge: 0.0 ms]
   [Clear CT: 0.6 ms]
   [Other: 5.9 ms]
      [Choose CSet: 0.0 ms]
      [Ref Proc: 3.9 ms]
      [Ref Enq: 0.0 ms]
      [Redirty Cards: 0.3 ms]
      [Humongous Register: 0.3 ms]
      [Humongous Reclaim: 0.0 ms]
      [Free CSet: 1.0 ms]
   [Eden: 1213.0M(1213.0M)->0.0B(1213.0M) Survivors: 15.0M->15.0M Heap: 1456.4M(2048.0M)->243.9M(2048.0M)]
 [Times: user=0.07 sys=0.00, real=0.02 secs] 
2019-07-18T20:04:51.632+0000: 816142.461: [GC pause (G1 Evacuation Pause) (young), 0.0151807 secs]
   [Parallel Time: 8.4 ms, GC Workers: 8]
      [GC Worker Start (ms): Min: 816142461.8, Avg: 816142462.0, Max: 816142462.1, Diff: 0.3]
      [Ext Root Scanning (ms): Min: 0.6, Avg: 1.0, Max: 2.3, Diff: 1.7, Sum: 7.6]
      [Update RS (ms): Min: 0.8, Avg: 1.7, Max: 2.0, Diff: 1.2, Sum: 13.9]
         [Processed Buffers: Min: 1, Avg: 10.2, Max: 17, Diff: 16, Sum: 82]
      [Scan RS (ms): Min: 0.1, Avg: 0.2, Max: 0.3, Diff: 0.2, Sum: 1.9]
      [Code Root Scanning (ms): Min: 0.0, Avg: 0.0, Max: 0.0, Diff: 0.0, Sum: 0.1]
      [Object Copy (ms): Min: 4.9, Avg: 4.9, Max: 5.0, Diff: 0.1, Sum: 39.5]
      [Termination (ms): Min: 0.0, Avg: 0.1, Max: 0.1, Diff: 0.1, Sum: 0.6]
         [Termination Attempts: Min: 38, Avg: 43.6, Max: 50, Diff: 12, Sum: 349]
      [GC Worker Other (ms): Min: 0.0, Avg: 0.1, Max: 0.1, Diff: 0.1, Sum: 0.7]
      [GC Worker Total (ms): Min: 7.8, Avg: 8.0, Max: 8.2, Diff: 0.4, Sum: 64.3]
      [GC Worker End (ms): Min: 816142469.9, Avg: 816142470.0, Max: 816142470.1, Diff: 0.1]
   [Code Root Fixup: 0.1 ms]
   [Code Root Purge: 0.0 ms]
   [Clear CT: 0.6 ms]
   [Other: 6.0 ms]
      [Choose CSet: 0.0 ms]
      [Ref Proc: 4.1 ms]
      [Ref Enq: 0.0 ms]
      [Redirty Cards: 0.3 ms]
      [Humongous Register: 0.2 ms]
      [Humongous Reclaim: 0.0 ms]
      [Free CSet: 1.1 ms]
   [Eden: 1213.0M(1213.0M)->0.0B(1212.0M) Survivors: 15.0M->16.0M Heap: 1456.9M(2048.0M)->245.4M(2048.0M)]
 [Times: user=0.08 sys=0.00, real=0.01 secs] 
2019-07-18T21:26:01.114+0000: 821011.943: [GC pause (G1 Evacuation Pause) (young), 0.0154964 secs]
   [Parallel Time: 8.9 ms, GC Workers: 8]
      [GC Worker Start (ms): Min: 821011943.8, Avg: 821011944.3, Max: 821011944.5, Diff: 0.7]
      [Ext Root Scanning (ms): Min: 0.5, Avg: 0.9, Max: 2.1, Diff: 1.7, Sum: 7.1]
      [Update RS (ms): Min: 1.2, Avg: 1.9, Max: 2.2, Diff: 1.1, Sum: 14.9]
         [Processed Buffers: Min: 2, Avg: 10.2, Max: 30, Diff: 28, Sum: 82]
      [Scan RS (ms): Min: 0.1, Avg: 0.3, Max: 0.3, Diff: 0.2, Sum: 2.2]
      [Code Root Scanning (ms): Min: 0.0, Avg: 0.0, Max: 0.0, Diff: 0.0, Sum: 0.1]
      [Object Copy (ms): Min: 4.9, Avg: 5.0, Max: 5.1, Diff: 0.2, Sum: 40.0]
      [Termination (ms): Min: 0.1, Avg: 0.1, Max: 0.2, Diff: 0.1, Sum: 0.9]
         [Termination Attempts: Min: 34, Avg: 45.0, Max: 53, Diff: 19, Sum: 360]
      [GC Worker Other (ms): Min: 0.0, Avg: 0.1, Max: 0.2, Diff: 0.1, Sum: 0.8]
      [GC Worker Total (ms): Min: 8.0, Avg: 8.2, Max: 8.7, Diff: 0.7, Sum: 66.0]
      [GC Worker End (ms): Min: 821011952.4, Avg: 821011952.5, Max: 821011952.6, Diff: 0.1]
   [Code Root Fixup: 0.1 ms]
   [Code Root Purge: 0.0 ms]
   [Clear CT: 0.6 ms]
   [Other: 5.9 ms]
      [Choose CSet: 0.0 ms]
      [Ref Proc: 4.1 ms]
      [Ref Enq: 0.0 ms]
      [Redirty Cards: 0.3 ms]
      [Humongous Register: 0.2 ms]
      [Humongous Reclaim: 0.0 ms]
      [Free CSet: 1.0 ms]
   [Eden: 1212.0M(1212.0M)->0.0B(1213.0M) Survivors: 16.0M->15.0M Heap: 1457.4M(2048.0M)->245.5M(2048.0M)]
 [Times: user=0.08 sys=0.00, real=0.01 secs] 
2019-07-18T22:48:04.985+0000: 825935.814: [GC pause (G1 Evacuation Pause) (young), 0.0164168 secs]
   [Parallel Time: 9.6 ms, GC Workers: 8]
      [GC Worker Start (ms): Min: 825935814.6, Avg: 825935814.8, Max: 825935815.3, Diff: 0.7]
      [Ext Root Scanning (ms): Min: 0.4, Avg: 1.5, Max: 2.5, Diff: 2.1, Sum: 11.7]
      [Update RS (ms): Min: 1.0, Avg: 1.8, Max: 2.3, Diff: 1.3, Sum: 14.5]
         [Processed Buffers: Min: 1, Avg: 10.2, Max: 27, Diff: 26, Sum: 82]
      [Scan RS (ms): Min: 0.1, Avg: 0.3, Max: 0.3, Diff: 0.2, Sum: 2.0]
      [Code Root Scanning (ms): Min: 0.0, Avg: 0.0, Max: 0.0, Diff: 0.0, Sum: 0.1]
      [Object Copy (ms): Min: 5.3, Avg: 5.4, Max: 5.5, Diff: 0.2, Sum: 43.1]
      [Termination (ms): Min: 0.1, Avg: 0.1, Max: 0.1, Diff: 0.1, Sum: 0.8]
         [Termination Attempts: Min: 25, Avg: 39.1, Max: 48, Diff: 23, Sum: 313]
      [GC Worker Other (ms): Min: 0.0, Avg: 0.1, Max: 0.2, Diff: 0.2, Sum: 1.1]
      [GC Worker Total (ms): Min: 8.7, Avg: 9.2, Max: 9.4, Diff: 0.7, Sum: 73.4]
      [GC Worker End (ms): Min: 825935823.8, Avg: 825935823.9, Max: 825935824.0, Diff: 0.2]
   [Code Root Fixup: 0.1 ms]
   [Code Root Purge: 0.0 ms]
   [Clear CT: 0.6 ms]
   [Other: 6.1 ms]
      [Choose CSet: 0.0 ms]
      [Ref Proc: 4.0 ms]
      [Ref Enq: 0.0 ms]
      [Redirty Cards: 0.3 ms]
      [Humongous Register: 0.2 ms]
      [Humongous Reclaim: 0.0 ms]
      [Free CSet: 1.0 ms]
   [Eden: 1213.0M(1213.0M)->0.0B(1212.0M) Survivors: 15.0M->16.0M Heap: 1458.5M(2048.0M)->246.5M(2048.0M)]
 [Times: user=0.08 sys=0.00, real=0.02 secs] 
2019-07-19T00:09:05.095+0000: 830795.925: [GC pause (G1 Evacuation Pause) (young), 0.0168818 secs]
   [Parallel Time: 10.4 ms, GC Workers: 8]
      [GC Worker Start (ms): Min: 830795925.0, Avg: 830795925.2, Max: 830795925.5, Diff: 0.5]
      [Ext Root Scanning (ms): Min: 1.2, Avg: 2.3, Max: 7.4, Diff: 6.2, Sum: 18.4]
      [Update RS (ms): Min: 0.0, Avg: 2.2, Max: 3.2, Diff: 3.2, Sum: 17.7]
         [Processed Buffers: Min: 0, Avg: 9.8, Max: 44, Diff: 44, Sum: 78]
      [Scan RS (ms): Min: 0.1, Avg: 0.3, Max: 0.4, Diff: 0.3, Sum: 2.3]
      [Code Root Scanning (ms): Min: 0.0, Avg: 0.0, Max: 0.0, Diff: 0.0, Sum: 0.1]
      [Object Copy (ms): Min: 2.3, Avg: 4.9, Max: 5.6, Diff: 3.4, Sum: 39.5]
      [Termination (ms): Min: 0.1, Avg: 0.1, Max: 0.1, Diff: 0.1, Sum: 0.6]
         [Termination Attempts: Min: 36, Avg: 44.9, Max: 51, Diff: 15, Sum: 359]
      [GC Worker Other (ms): Min: 0.0, Avg: 0.1, Max: 0.1, Diff: 0.1, Sum: 0.7]
      [GC Worker Total (ms): Min: 9.6, Avg: 9.9, Max: 10.1, Diff: 0.5, Sum: 79.3]
      [GC Worker End (ms): Min: 830795935.0, Avg: 830795935.1, Max: 830795935.2, Diff: 0.1]
   [Code Root Fixup: 0.1 ms]
   [Code Root Purge: 0.0 ms]
   [Clear CT: 0.5 ms]
   [Other: 5.9 ms]
      [Choose CSet: 0.0 ms]
      [Ref Proc: 4.0 ms]
      [Ref Enq: 0.0 ms]
      [Redirty Cards: 0.3 ms]
      [Humongous Register: 0.2 ms]
      [Humongous Reclaim: 0.0 ms]
      [Free CSet: 1.0 ms]
   [Eden: 1212.0M(1212.0M)->0.0B(1212.0M) Survivors: 16.0M->16.0M Heap: 1458.5M(2048.0M)->247.1M(2048.0M)]
 [Times: user=0.08 sys=0.00, real=0.02 secs] 
2019-07-19T01:30:30.920+0000: 835681.749: [GC pause (G1 Evacuation Pause) (young), 0.1290603 secs]
   [Parallel Time: 9.4 ms, GC Workers: 8]
      [GC Worker Start (ms): Min: 835681862.8, Avg: 835681862.9, Max: 835681863.2, Diff: 0.4]
      [Ext Root Scanning (ms): Min: 0.8, Avg: 1.2, Max: 2.5, Diff: 1.7, Sum: 9.7]
      [Update RS (ms): Min: 0.9, Avg: 1.9, Max: 2.3, Diff: 1.4, Sum: 15.3]
         [Processed Buffers: Min: 2, Avg: 9.6, Max: 28, Diff: 26, Sum: 77]
      [Scan RS (ms): Min: 0.1, Avg: 0.3, Max: 0.3, Diff: 0.2, Sum: 2.1]
      [Code Root Scanning (ms): Min: 0.0, Avg: 0.0, Max: 0.0, Diff: 0.0, Sum: 0.1]
      [Object Copy (ms): Min: 5.2, Avg: 5.3, Max: 5.3, Diff: 0.1, Sum: 42.2]
      [Termination (ms): Min: 0.1, Avg: 0.1, Max: 0.1, Diff: 0.1, Sum: 0.7]
         [Termination Attempts: Min: 33, Avg: 40.9, Max: 48, Diff: 15, Sum: 327]
      [GC Worker Other (ms): Min: 0.0, Avg: 0.1, Max: 0.2, Diff: 0.2, Sum: 1.0]
      [GC Worker Total (ms): Min: 8.6, Avg: 8.9, Max: 9.1, Diff: 0.5, Sum: 71.1]
      [GC Worker End (ms): Min: 835681871.7, Avg: 835681871.8, Max: 835681871.9, Diff: 0.2]
   [Code Root Fixup: 0.1 ms]
   [Code Root Purge: 0.0 ms]
   [Clear CT: 0.6 ms]
   [Other: 118.9 ms]
      [Choose CSet: 0.0 ms]
      [Ref Proc: 4.1 ms]
      [Ref Enq: 0.0 ms]
      [Redirty Cards: 0.3 ms]
      [Humongous Register: 0.2 ms]
      [Humongous Reclaim: 0.0 ms]
      [Free CSet: 1.0 ms]
   [Eden: 1212.0M(1212.0M)->0.0B(1213.0M) Survivors: 16.0M->15.0M Heap: 1459.1M(2048.0M)->247.1M(2048.0M)]
 [Times: user=0.08 sys=0.00, real=0.14 secs] 
2019-07-19T02:52:40.427+0000: 840611.256: [GC pause (G1 Evacuation Pause) (young), 0.0192026 secs]
   [Parallel Time: 11.0 ms, GC Workers: 8]
      [GC Worker Start (ms): Min: 840611257.2, Avg: 840611257.5, Max: 840611257.7, Diff: 0.6]
      [Ext Root Scanning (ms): Min: 1.4, Avg: 2.3, Max: 3.1, Diff: 1.7, Sum: 18.2]
      [Update RS (ms): Min: 1.5, Avg: 2.5, Max: 3.8, Diff: 2.2, Sum: 20.0]
         [Processed Buffers: Min: 2, Avg: 10.0, Max: 18, Diff: 16, Sum: 80]
      [Scan RS (ms): Min: 0.2, Avg: 0.3, Max: 0.4, Diff: 0.1, Sum: 2.3]
      [Code Root Scanning (ms): Min: 0.0, Avg: 0.0, Max: 0.0, Diff: 0.0, Sum: 0.1]
      [Object Copy (ms): Min: 4.5, Avg: 5.2, Max: 5.5, Diff: 1.1, Sum: 41.6]
      [Termination (ms): Min: 0.1, Avg: 0.1, Max: 0.1, Diff: 0.1, Sum: 0.8]
         [Termination Attempts: Min: 37, Avg: 50.5, Max: 69, Diff: 32, Sum: 404]
      [GC Worker Other (ms): Min: 0.0, Avg: 0.1, Max: 0.3, Diff: 0.3, Sum: 0.9]
      [GC Worker Total (ms): Min: 10.2, Avg: 10.5, Max: 10.8, Diff: 0.6, Sum: 83.8]
      [GC Worker End (ms): Min: 840611267.9, Avg: 840611268.0, Max: 840611268.1, Diff: 0.2]
   [Code Root Fixup: 0.1 ms]
   [Code Root Purge: 0.0 ms]
   [Clear CT: 0.7 ms]
   [Other: 7.3 ms]
      [Choose CSet: 0.0 ms]
      [Ref Proc: 5.1 ms]
      [Ref Enq: 0.0 ms]
      [Redirty Cards: 0.4 ms]
      [Humongous Register: 0.3 ms]
      [Humongous Reclaim: 0.0 ms]
      [Free CSet: 0.9 ms]
   [Eden: 1213.0M(1213.0M)->0.0B(1212.0M) Survivors: 15.0M->16.0M Heap: 1460.1M(2048.0M)->248.7M(2048.0M)]
 [Times: user=0.09 sys=0.00, real=0.13 secs] 
2019-07-19T04:13:48.956+0000: 845479.785: [GC pause (G1 Evacuation Pause) (young), 0.0379208 secs]
   [Parallel Time: 8.4 ms, GC Workers: 8]
      [GC Worker Start (ms): Min: 845479808.4, Avg: 845479808.7, Max: 845479809.3, Diff: 0.9]
      [Ext Root Scanning (ms): Min: 0.2, Avg: 0.9, Max: 2.1, Diff: 1.9, Sum: 7.2]
      [Update RS (ms): Min: 0.6, Avg: 1.6, Max: 2.3, Diff: 1.7, Sum: 13.0]
         [Processed Buffers: Min: 2, Avg: 10.0, Max: 24, Diff: 22, Sum: 80]
      [Scan RS (ms): Min: 0.1, Avg: 0.2, Max: 0.3, Diff: 0.2, Sum: 1.7]
      [Code Root Scanning (ms): Min: 0.0, Avg: 0.0, Max: 0.0, Diff: 0.0, Sum: 0.1]
      [Object Copy (ms): Min: 4.2, Avg: 4.6, Max: 4.9, Diff: 0.6, Sum: 37.1]
      [Termination (ms): Min: 0.1, Avg: 0.3, Max: 0.4, Diff: 0.3, Sum: 2.5]
         [Termination Attempts: Min: 40, Avg: 46.2, Max: 55, Diff: 15, Sum: 370]
      [GC Worker Other (ms): Min: 0.0, Avg: 0.1, Max: 0.2, Diff: 0.2, Sum: 1.0]
      [GC Worker Total (ms): Min: 7.2, Avg: 7.8, Max: 8.2, Diff: 1.0, Sum: 62.6]
      [GC Worker End (ms): Min: 845479816.4, Avg: 845479816.5, Max: 845479816.6, Diff: 0.2]
   [Code Root Fixup: 0.1 ms]
   [Code Root Purge: 0.0 ms]
   [Clear CT: 0.6 ms]
   [Other: 28.8 ms]
      [Choose CSet: 0.0 ms]
      [Ref Proc: 4.1 ms]
      [Ref Enq: 0.0 ms]
      [Redirty Cards: 0.3 ms]
      [Humongous Register: 0.2 ms]
      [Humongous Reclaim: 0.0 ms]
      [Free CSet: 1.0 ms]
   [Eden: 1212.0M(1212.0M)->0.0B(1213.0M) Survivors: 16.0M->15.0M Heap: 1460.7M(2048.0M)->248.2M(2048.0M)]
 [Times: user=0.07 sys=0.00, real=0.07 secs] 
2019-07-19T05:35:28.946+0000: 850379.775: [GC pause (G1 Evacuation Pause) (young), 0.0166780 secs]
   [Parallel Time: 10.0 ms, GC Workers: 8]
      [GC Worker Start (ms): Min: 850379775.9, Avg: 850379776.0, Max: 850379776.1, Diff: 0.3]
      [Ext Root Scanning (ms): Min: 0.7, Avg: 1.1, Max: 2.1, Diff: 1.3, Sum: 8.5]
      [Update RS (ms): Min: 1.2, Avg: 2.8, Max: 8.5, Diff: 7.3, Sum: 22.4]
         [Processed Buffers: Min: 2, Avg: 10.1, Max: 29, Diff: 27, Sum: 81]
      [Scan RS (ms): Min: 0.1, Avg: 0.2, Max: 0.3, Diff: 0.2, Sum: 2.0]
      [Code Root Scanning (ms): Min: 0.0, Avg: 0.0, Max: 0.0, Diff: 0.0, Sum: 0.1]
      [Object Copy (ms): Min: 0.1, Avg: 4.8, Max: 5.6, Diff: 5.6, Sum: 38.8]
      [Termination (ms): Min: 0.0, Avg: 0.7, Max: 0.9, Diff: 0.9, Sum: 5.3]
         [Termination Attempts: Min: 1, Avg: 83.0, Max: 133, Diff: 132, Sum: 664]
      [GC Worker Other (ms): Min: 0.0, Avg: 0.0, Max: 0.1, Diff: 0.1, Sum: 0.4]
      [GC Worker Total (ms): Min: 9.6, Avg: 9.7, Max: 9.8, Diff: 0.2, Sum: 77.5]
      [GC Worker End (ms): Min: 850379785.7, Avg: 850379785.7, Max: 850379785.7, Diff: 0.1]
   [Code Root Fixup: 0.1 ms]
   [Code Root Purge: 0.0 ms]
   [Clear CT: 0.5 ms]
   [Other: 6.0 ms]
      [Choose CSet: 0.0 ms]
      [Ref Proc: 4.1 ms]
      [Ref Enq: 0.0 ms]
      [Redirty Cards: 0.3 ms]
      [Humongous Register: 0.2 ms]
      [Humongous Reclaim: 0.0 ms]
      [Free CSet: 1.0 ms]
   [Eden: 1213.0M(1213.0M)->0.0B(1212.0M) Survivors: 15.0M->16.0M Heap: 1461.2M(2048.0M)->249.3M(2048.0M)]
 [Times: user=0.08 sys=0.00, real=0.02 secs] 
2019-07-19T06:57:05.901+0000: 855276.730: [GC pause (G1 Evacuation Pause) (young), 0.0157927 secs]
   [Parallel Time: 9.5 ms, GC Workers: 8]
      [GC Worker Start (ms): Min: 855276730.9, Avg: 855276731.2, Max: 855276731.6, Diff: 0.7]
      [Ext Root Scanning (ms): Min: 0.4, Avg: 1.0, Max: 2.3, Diff: 1.9, Sum: 7.8]
      [Update RS (ms): Min: 0.8, Avg: 2.6, Max: 7.8, Diff: 7.0, Sum: 21.1]
         [Processed Buffers: Min: 2, Avg: 9.8, Max: 24, Diff: 22, Sum: 78]
      [Scan RS (ms): Min: 0.1, Avg: 0.2, Max: 0.3, Diff: 0.2, Sum: 1.9]
      [Code Root Scanning (ms): Min: 0.0, Avg: 0.0, Max: 0.0, Diff: 0.0, Sum: 0.1]
      [Object Copy (ms): Min: 0.1, Avg: 4.5, Max: 5.2, Diff: 5.1, Sum: 35.6]
      [Termination (ms): Min: 0.0, Avg: 0.6, Max: 0.7, Diff: 0.7, Sum: 4.6]
         [Termination Attempts: Min: 1, Avg: 53.1, Max: 101, Diff: 100, Sum: 425]
      [GC Worker Other (ms): Min: 0.0, Avg: 0.0, Max: 0.1, Diff: 0.0, Sum: 0.3]
      [GC Worker Total (ms): Min: 8.5, Avg: 8.9, Max: 9.2, Diff: 0.7, Sum: 71.2]
      [GC Worker End (ms): Min: 855276740.1, Avg: 855276740.1, Max: 855276740.2, Diff: 0.1]
   [Code Root Fixup: 0.1 ms]
   [Code Root Purge: 0.0 ms]
   [Clear CT: 0.5 ms]
   [Other: 5.7 ms]
      [Choose CSet: 0.0 ms]
      [Ref Proc: 3.7 ms]
      [Ref Enq: 0.0 ms]
      [Redirty Cards: 0.4 ms]
      [Humongous Register: 0.2 ms]
      [Humongous Reclaim: 0.0 ms]
      [Free CSet: 1.0 ms]
   [Eden: 1212.0M(1212.0M)->0.0B(1212.0M) Survivors: 16.0M->16.0M Heap: 1461.3M(2048.0M)->250.3M(2048.0M)]
 [Times: user=0.08 sys=0.00, real=0.05 secs] 
2019-07-19T08:18:27.370+0000: 860158.200: [GC pause (G1 Evacuation Pause) (young), 0.0192097 secs]
   [Parallel Time: 10.5 ms, GC Workers: 8]
      [GC Worker Start (ms): Min: 860158200.1, Avg: 860158200.3, Max: 860158200.4, Diff: 0.3]
      [Ext Root Scanning (ms): Min: 0.9, Avg: 1.3, Max: 2.0, Diff: 1.0, Sum: 10.5]
      [Update RS (ms): Min: 1.8, Avg: 2.5, Max: 3.7, Diff: 1.9, Sum: 19.7]
         [Processed Buffers: Min: 1, Avg: 9.6, Max: 31, Diff: 30, Sum: 77]
      [Scan RS (ms): Min: 0.1, Avg: 0.3, Max: 0.5, Diff: 0.4, Sum: 2.4]
      [Code Root Scanning (ms): Min: 0.0, Avg: 0.0, Max: 0.0, Diff: 0.0, Sum: 0.1]
      [Object Copy (ms): Min: 4.8, Avg: 5.8, Max: 6.1, Diff: 1.3, Sum: 46.1]
      [Termination (ms): Min: 0.1, Avg: 0.1, Max: 0.1, Diff: 0.0, Sum: 0.8]
         [Termination Attempts: Min: 46, Avg: 53.2, Max: 68, Diff: 22, Sum: 426]
      [GC Worker Other (ms): Min: 0.0, Avg: 0.1, Max: 0.2, Diff: 0.2, Sum: 0.9]
      [GC Worker Total (ms): Min: 9.9, Avg: 10.0, Max: 10.2, Diff: 0.3, Sum: 80.4]
      [GC Worker End (ms): Min: 860158210.2, Avg: 860158210.3, Max: 860158210.5, Diff: 0.2]
   [Code Root Fixup: 0.1 ms]
   [Code Root Purge: 0.0 ms]
   [Clear CT: 0.6 ms]
   [Other: 8.1 ms]
      [Choose CSet: 0.0 ms]
      [Ref Proc: 5.8 ms]
      [Ref Enq: 0.0 ms]
      [Redirty Cards: 0.3 ms]
      [Humongous Register: 0.2 ms]
      [Humongous Reclaim: 0.0 ms]
      [Free CSet: 1.2 ms]
   [Eden: 1212.0M(1212.0M)->0.0B(1212.0M) Survivors: 16.0M->16.0M Heap: 1462.3M(2048.0M)->250.4M(2048.0M)]
 [Times: user=0.09 sys=0.00, real=0.04 secs] 
2019-07-19T09:40:05.235+0000: 865056.065: [GC pause (G1 Evacuation Pause) (young), 0.0170782 secs]
   [Parallel Time: 9.8 ms, GC Workers: 8]
      [GC Worker Start (ms): Min: 865056065.1, Avg: 865056065.2, Max: 865056065.3, Diff: 0.2]
      [Ext Root Scanning (ms): Min: 0.9, Avg: 1.1, Max: 2.0, Diff: 1.1, Sum: 8.9]
      [Update RS (ms): Min: 1.5, Avg: 2.1, Max: 2.3, Diff: 0.7, Sum: 16.8]
         [Processed Buffers: Min: 2, Avg: 10.4, Max: 25, Diff: 23, Sum: 83]
      [Scan RS (ms): Min: 0.2, Avg: 0.3, Max: 0.4, Diff: 0.2, Sum: 2.3]
      [Code Root Scanning (ms): Min: 0.0, Avg: 0.0, Max: 0.0, Diff: 0.0, Sum: 0.1]
      [Object Copy (ms): Min: 5.5, Avg: 5.7, Max: 5.8, Diff: 0.2, Sum: 45.3]
      [Termination (ms): Min: 0.1, Avg: 0.2, Max: 0.4, Diff: 0.3, Sum: 1.7]
         [Termination Attempts: Min: 33, Avg: 43.0, Max: 56, Diff: 23, Sum: 344]
      [GC Worker Other (ms): Min: 0.0, Avg: 0.0, Max: 0.1, Diff: 0.1, Sum: 0.3]
      [GC Worker Total (ms): Min: 9.3, Avg: 9.4, Max: 9.7, Diff: 0.4, Sum: 75.3]
      [GC Worker End (ms): Min: 865056074.6, Avg: 865056074.6, Max: 865056074.8, Diff: 0.2]
   [Code Root Fixup: 0.2 ms]
   [Code Root Purge: 0.0 ms]
   [Clear CT: 0.7 ms]
   [Other: 6.4 ms]
      [Choose CSet: 0.0 ms]
      [Ref Proc: 4.5 ms]
      [Ref Enq: 0.0 ms]
      [Redirty Cards: 0.4 ms]
      [Humongous Register: 0.2 ms]
      [Humongous Reclaim: 0.0 ms]
      [Free CSet: 1.0 ms]
   [Eden: 1212.0M(1212.0M)->0.0B(1212.0M) Survivors: 16.0M->16.0M Heap: 1462.4M(2048.0M)->251.4M(2048.0M)]
 [Times: user=0.09 sys=0.00, real=0.02 secs] 
2019-07-19T11:01:24.044+0000: 869934.873: [GC pause (G1 Evacuation Pause) (young), 0.0146564 secs]
   [Parallel Time: 8.3 ms, GC Workers: 8]
      [GC Worker Start (ms): Min: 869934873.5, Avg: 869934873.7, Max: 869934873.9, Diff: 0.3]
      [Ext Root Scanning (ms): Min: 0.5, Avg: 0.9, Max: 2.0, Diff: 1.5, Sum: 7.3]
      [Update RS (ms): Min: 1.1, Avg: 1.9, Max: 2.1, Diff: 1.0, Sum: 15.2]
         [Processed Buffers: Min: 2, Avg: 9.9, Max: 25, Diff: 23, Sum: 79]
      [Scan RS (ms): Min: 0.2, Avg: 0.2, Max: 0.3, Diff: 0.1, Sum: 1.9]
      [Code Root Scanning (ms): Min: 0.0, Avg: 0.0, Max: 0.0, Diff: 0.0, Sum: 0.1]
      [Object Copy (ms): Min: 4.6, Avg: 4.7, Max: 4.8, Diff: 0.2, Sum: 37.6]
      [Termination (ms): Min: 0.1, Avg: 0.1, Max: 0.1, Diff: 0.0, Sum: 0.7]
         [Termination Attempts: Min: 41, Avg: 47.9, Max: 58, Diff: 17, Sum: 383]
      [GC Worker Other (ms): Min: 0.0, Avg: 0.1, Max: 0.2, Diff: 0.1, Sum: 0.7]
      [GC Worker Total (ms): Min: 7.8, Avg: 7.9, Max: 8.1, Diff: 0.3, Sum: 63.4]
      [GC Worker End (ms): Min: 869934881.5, Avg: 869934881.6, Max: 869934881.7, Diff: 0.1]
   [Code Root Fixup: 0.1 ms]
   [Code Root Purge: 0.0 ms]
   [Clear CT: 0.5 ms]
   [Other: 5.7 ms]
      [Choose CSet: 0.0 ms]
      [Ref Proc: 3.8 ms]
      [Ref Enq: 0.0 ms]
      [Redirty Cards: 0.3 ms]
      [Humongous Register: 0.2 ms]
      [Humongous Reclaim: 0.0 ms]
      [Free CSet: 1.0 ms]
   [Eden: 1212.0M(1212.0M)->0.0B(1213.0M) Survivors: 16.0M->15.0M Heap: 1463.4M(2048.0M)->251.0M(2048.0M)]
 [Times: user=0.08 sys=0.00, real=0.01 secs] 
2019-07-19T12:22:47.845+0000: 874818.674: [GC pause (G1 Evacuation Pause) (young), 0.0179008 secs]
   [Parallel Time: 11.2 ms, GC Workers: 8]
      [GC Worker Start (ms): Min: 874818674.6, Avg: 874818675.9, Max: 874818679.3, Diff: 4.7]
      [Ext Root Scanning (ms): Min: 0.0, Avg: 1.2, Max: 2.6, Diff: 2.6, Sum: 9.4]
      [Update RS (ms): Min: 0.0, Avg: 1.9, Max: 3.0, Diff: 3.0, Sum: 15.3]
         [Processed Buffers: Min: 0, Avg: 10.1, Max: 30, Diff: 30, Sum: 81]
      [Scan RS (ms): Min: 0.1, Avg: 1.0, Max: 6.6, Diff: 6.5, Sum: 8.2]
      [Code Root Scanning (ms): Min: 0.0, Avg: 0.0, Max: 0.0, Diff: 0.0, Sum: 0.1]
      [Object Copy (ms): Min: 0.0, Avg: 5.3, Max: 6.1, Diff: 6.1, Sum: 42.2]
      [Termination (ms): Min: 0.0, Avg: 0.3, Max: 0.4, Diff: 0.4, Sum: 2.1]
         [Termination Attempts: Min: 1, Avg: 37.0, Max: 54, Diff: 53, Sum: 296]
      [GC Worker Other (ms): Min: 0.0, Avg: 0.1, Max: 0.1, Diff: 0.1, Sum: 0.5]
      [GC Worker Total (ms): Min: 6.4, Avg: 9.7, Max: 11.0, Diff: 4.7, Sum: 77.8]
      [GC Worker End (ms): Min: 874818685.6, Avg: 874818685.7, Max: 874818685.7, Diff: 0.1]
   [Code Root Fixup: 0.1 ms]
   [Code Root Purge: 0.0 ms]
   [Clear CT: 0.6 ms]
   [Other: 6.0 ms]
      [Choose CSet: 0.0 ms]
      [Ref Proc: 4.2 ms]
      [Ref Enq: 0.0 ms]
      [Redirty Cards: 0.3 ms]
      [Humongous Register: 0.1 ms]
      [Humongous Reclaim: 0.0 ms]
      [Free CSet: 1.0 ms]
   [Eden: 1213.0M(1213.0M)->0.0B(1214.0M) Survivors: 15.0M->14.0M Heap: 1464.0M(2048.0M)->250.6M(2048.0M)]
 [Times: user=0.08 sys=0.00, real=0.02 secs] 
2019-07-19T13:44:54.358+0000: 879745.187: [GC pause (G1 Evacuation Pause) (young), 0.0162667 secs]
   [Parallel Time: 9.8 ms, GC Workers: 8]
      [GC Worker Start (ms): Min: 879745187.6, Avg: 879745187.8, Max: 879745188.0, Diff: 0.4]
      [Ext Root Scanning (ms): Min: 0.9, Avg: 1.5, Max: 2.3, Diff: 1.4, Sum: 11.9]
      [Update RS (ms): Min: 1.2, Avg: 3.0, Max: 7.5, Diff: 6.3, Sum: 23.8]
         [Processed Buffers: Min: 1, Avg: 10.1, Max: 27, Diff: 26, Sum: 81]
      [Scan RS (ms): Min: 0.1, Avg: 0.2, Max: 0.3, Diff: 0.2, Sum: 1.8]
      [Code Root Scanning (ms): Min: 0.0, Avg: 0.0, Max: 0.0, Diff: 0.0, Sum: 0.1]
      [Object Copy (ms): Min: 0.0, Avg: 4.4, Max: 5.4, Diff: 5.4, Sum: 35.1]
      [Termination (ms): Min: 0.0, Avg: 0.1, Max: 0.2, Diff: 0.2, Sum: 1.2]
         [Termination Attempts: Min: 1, Avg: 33.4, Max: 47, Diff: 46, Sum: 267]
      [GC Worker Other (ms): Min: 0.0, Avg: 0.1, Max: 0.2, Diff: 0.2, Sum: 0.5]
      [GC Worker Total (ms): Min: 9.1, Avg: 9.3, Max: 9.6, Diff: 0.5, Sum: 74.3]
      [GC Worker End (ms): Min: 879745197.0, Avg: 879745197.1, Max: 879745197.1, Diff: 0.1]
   [Code Root Fixup: 0.1 ms]
   [Code Root Purge: 0.0 ms]
   [Clear CT: 0.5 ms]
   [Other: 5.9 ms]
      [Choose CSet: 0.0 ms]
      [Ref Proc: 3.9 ms]
      [Ref Enq: 0.0 ms]
      [Redirty Cards: 0.3 ms]
      [Humongous Register: 0.3 ms]
      [Humongous Reclaim: 0.0 ms]
      [Free CSet: 1.0 ms]
   [Eden: 1214.0M(1214.0M)->0.0B(1212.0M) Survivors: 14.0M->16.0M Heap: 1464.6M(2048.0M)->252.7M(2048.0M)]
 [Times: user=0.07 sys=0.00, real=0.02 secs] 
2019-07-19T15:06:15.195+0000: 884626.024: [GC pause (G1 Evacuation Pause) (young), 0.0155392 secs]
   [Parallel Time: 8.9 ms, GC Workers: 8]
      [GC Worker Start (ms): Min: 884626024.6, Avg: 884626024.8, Max: 884626025.5, Diff: 0.9]
      [Ext Root Scanning (ms): Min: 0.1, Avg: 0.9, Max: 2.0, Diff: 1.9, Sum: 7.0]
      [Update RS (ms): Min: 1.2, Avg: 2.3, Max: 4.5, Diff: 3.3, Sum: 18.1]
         [Processed Buffers: Min: 2, Avg: 10.1, Max: 24, Diff: 22, Sum: 81]
      [Scan RS (ms): Min: 0.1, Avg: 0.2, Max: 0.3, Diff: 0.2, Sum: 1.9]
      [Code Root Scanning (ms): Min: 0.0, Avg: 0.0, Max: 0.0, Diff: 0.0, Sum: 0.1]
      [Object Copy (ms): Min: 0.0, Avg: 4.2, Max: 5.2, Diff: 5.2, Sum: 33.4]
      [Termination (ms): Min: 0.0, Avg: 0.7, Max: 2.6, Diff: 2.6, Sum: 5.7]
         [Termination Attempts: Min: 1, Avg: 34.8, Max: 49, Diff: 48, Sum: 278]
      [GC Worker Other (ms): Min: 0.0, Avg: 0.1, Max: 0.2, Diff: 0.1, Sum: 0.6]
      [GC Worker Total (ms): Min: 7.6, Avg: 8.4, Max: 8.7, Diff: 1.0, Sum: 66.8]
      [GC Worker End (ms): Min: 884626033.1, Avg: 884626033.2, Max: 884626033.3, Diff: 0.1]
   [Code Root Fixup: 0.1 ms]
   [Code Root Purge: 0.0 ms]
   [Clear CT: 0.5 ms]
   [Other: 6.1 ms]
      [Choose CSet: 0.0 ms]
      [Ref Proc: 4.0 ms]
      [Ref Enq: 0.0 ms]
      [Redirty Cards: 0.3 ms]
      [Humongous Register: 0.2 ms]
      [Humongous Reclaim: 0.0 ms]
      [Free CSet: 1.0 ms]
   [Eden: 1212.0M(1212.0M)->0.0B(1212.0M) Survivors: 16.0M->16.0M Heap: 1464.7M(2048.0M)->253.8M(2048.0M)]
 [Times: user=0.07 sys=0.00, real=0.01 secs] 
2019-07-19T16:27:05.218+0000: 889476.047: [GC pause (G1 Evacuation Pause) (young), 0.0179756 secs]
   [Parallel Time: 9.4 ms, GC Workers: 8]
      [GC Worker Start (ms): Min: 889476047.5, Avg: 889476048.5, Max: 889476049.4, Diff: 1.9]
      [Ext Root Scanning (ms): Min: 0.0, Avg: 0.8, Max: 2.0, Diff: 2.0, Sum: 6.6]
      [Update RS (ms): Min: 1.7, Avg: 1.9, Max: 2.1, Diff: 0.4, Sum: 15.3]
         [Processed Buffers: Min: 3, Avg: 10.4, Max: 34, Diff: 31, Sum: 83]
      [Scan RS (ms): Min: 0.2, Avg: 0.2, Max: 0.3, Diff: 0.1, Sum: 1.9]
      [Code Root Scanning (ms): Min: 0.0, Avg: 0.0, Max: 0.0, Diff: 0.0, Sum: 0.1]
      [Object Copy (ms): Min: 4.9, Avg: 5.0, Max: 5.1, Diff: 0.3, Sum: 39.8]
      [Termination (ms): Min: 0.1, Avg: 0.1, Max: 0.1, Diff: 0.0, Sum: 0.9]
         [Termination Attempts: Min: 47, Avg: 53.0, Max: 61, Diff: 14, Sum: 424]
      [GC Worker Other (ms): Min: 0.0, Avg: 0.1, Max: 0.2, Diff: 0.1, Sum: 0.8]
      [GC Worker Total (ms): Min: 7.2, Avg: 8.2, Max: 9.1, Diff: 1.9, Sum: 65.3]
      [GC Worker End (ms): Min: 889476056.6, Avg: 889476056.6, Max: 889476056.7, Diff: 0.1]
   [Code Root Fixup: 0.2 ms]
   [Code Root Purge: 0.0 ms]
   [Clear CT: 0.7 ms]
   [Other: 7.7 ms]
      [Choose CSet: 0.0 ms]
      [Ref Proc: 5.7 ms]
      [Ref Enq: 0.0 ms]
      [Redirty Cards: 0.4 ms]
      [Humongous Register: 0.2 ms]
      [Humongous Reclaim: 0.0 ms]
      [Free CSet: 1.0 ms]
   [Eden: 1212.0M(1212.0M)->0.0B(1213.0M) Survivors: 16.0M->15.0M Heap: 1465.8M(2048.0M)->253.3M(2048.0M)]
 [Times: user=0.08 sys=0.00, real=0.03 secs] 
2019-07-19T17:48:54.064+0000: 894384.894: [GC pause (G1 Evacuation Pause) (young), 0.0182372 secs]
   [Parallel Time: 11.4 ms, GC Workers: 8]
      [GC Worker Start (ms): Min: 894384894.1, Avg: 894384897.0, Max: 894384902.3, Diff: 8.2]
      [Ext Root Scanning (ms): Min: 0.0, Avg: 0.9, Max: 2.4, Diff: 2.4, Sum: 7.0]
      [Update RS (ms): Min: 0.0, Avg: 2.0, Max: 3.5, Diff: 3.5, Sum: 16.3]
         [Processed Buffers: Min: 0, Avg: 10.1, Max: 31, Diff: 31, Sum: 81]
      [Scan RS (ms): Min: 0.1, Avg: 0.2, Max: 0.3, Diff: 0.2, Sum: 1.7]
      [Code Root Scanning (ms): Min: 0.0, Avg: 0.0, Max: 0.0, Diff: 0.0, Sum: 0.1]
      [Object Copy (ms): Min: 1.5, Avg: 4.6, Max: 5.9, Diff: 4.3, Sum: 36.7]
      [Termination (ms): Min: 0.1, Avg: 0.5, Max: 1.3, Diff: 1.2, Sum: 3.7]
         [Termination Attempts: Min: 25, Avg: 34.8, Max: 40, Diff: 15, Sum: 278]
      [GC Worker Other (ms): Min: 0.0, Avg: 0.1, Max: 0.2, Diff: 0.2, Sum: 0.8]
      [GC Worker Total (ms): Min: 2.9, Avg: 8.3, Max: 11.1, Diff: 8.2, Sum: 66.4]
      [GC Worker End (ms): Min: 894384905.2, Avg: 894384905.3, Max: 894384905.4, Diff: 0.2]
   [Code Root Fixup: 0.1 ms]
   [Code Root Purge: 0.0 ms]
   [Clear CT: 0.6 ms]
   [Other: 6.2 ms]
      [Choose CSet: 0.0 ms]
      [Ref Proc: 4.2 ms]
      [Ref Enq: 0.0 ms]
      [Redirty Cards: 0.3 ms]
      [Humongous Register: 0.3 ms]
      [Humongous Reclaim: 0.0 ms]
      [Free CSet: 0.9 ms]
   [Eden: 1213.0M(1213.0M)->0.0B(1212.0M) Survivors: 15.0M->16.0M Heap: 1466.3M(2048.0M)->254.9M(2048.0M)]
 [Times: user=0.07 sys=0.00, real=0.02 secs] 
2019-07-19T19:10:05.336+0000: 899256.165: [GC pause (G1 Evacuation Pause) (young), 0.0145648 secs]
   [Parallel Time: 8.3 ms, GC Workers: 8]
      [GC Worker Start (ms): Min: 899256165.4, Avg: 899256165.9, Max: 899256166.7, Diff: 1.2]
      [Ext Root Scanning (ms): Min: 0.0, Avg: 0.8, Max: 1.9, Diff: 1.9, Sum: 6.7]
      [Update RS (ms): Min: 1.2, Avg: 1.9, Max: 2.4, Diff: 1.2, Sum: 15.0]
         [Processed Buffers: Min: 2, Avg: 10.1, Max: 35, Diff: 33, Sum: 81]
      [Scan RS (ms): Min: 0.2, Avg: 0.2, Max: 0.3, Diff: 0.1, Sum: 1.7]
      [Code Root Scanning (ms): Min: 0.0, Avg: 0.0, Max: 0.0, Diff: 0.0, Sum: 0.1]
      [Object Copy (ms): Min: 4.1, Avg: 4.5, Max: 4.6, Diff: 0.5, Sum: 35.6]
      [Termination (ms): Min: 0.0, Avg: 0.1, Max: 0.1, Diff: 0.0, Sum: 0.4]
         [Termination Attempts: Min: 28, Avg: 36.0, Max: 42, Diff: 14, Sum: 288]
      [GC Worker Other (ms): Min: 0.0, Avg: 0.1, Max: 0.2, Diff: 0.2, Sum: 0.8]
      [GC Worker Total (ms): Min: 6.7, Avg: 7.5, Max: 7.9, Diff: 1.2, Sum: 60.3]
      [GC Worker End (ms): Min: 899256173.3, Avg: 899256173.4, Max: 899256173.5, Diff: 0.2]
   [Code Root Fixup: 0.1 ms]
   [Code Root Purge: 0.0 ms]
   [Clear CT: 0.6 ms]
   [Other: 5.6 ms]
      [Choose CSet: 0.0 ms]
      [Ref Proc: 3.9 ms]
      [Ref Enq: 0.0 ms]
      [Redirty Cards: 0.3 ms]
      [Humongous Register: 0.1 ms]
      [Humongous Reclaim: 0.0 ms]
      [Free CSet: 0.9 ms]
   [Eden: 1212.0M(1212.0M)->0.0B(1212.0M) Survivors: 16.0M->16.0M Heap: 1466.9M(2048.0M)->255.4M(2048.0M)]
 [Times: user=0.07 sys=0.00, real=0.01 secs] 
2019-07-19T20:31:44.404+0000: 904155.233: [GC pause (G1 Evacuation Pause) (young), 0.0230234 secs]
   [Parallel Time: 14.8 ms, GC Workers: 8]
      [GC Worker Start (ms): Min: 904155234.5, Avg: 904155235.1, Max: 904155235.5, Diff: 1.0]
      [Ext Root Scanning (ms): Min: 1.3, Avg: 3.8, Max: 9.5, Diff: 8.2, Sum: 30.2]
      [Update RS (ms): Min: 0.0, Avg: 3.7, Max: 8.2, Diff: 8.2, Sum: 29.3]
         [Processed Buffers: Min: 0, Avg: 10.2, Max: 32, Diff: 32, Sum: 82]
      [Scan RS (ms): Min: 0.1, Avg: 0.2, Max: 0.4, Diff: 0.3, Sum: 1.7]
      [Code Root Scanning (ms): Min: 0.0, Avg: 0.0, Max: 0.0, Diff: 0.0, Sum: 0.1]
      [Object Copy (ms): Min: 3.3, Avg: 5.7, Max: 7.1, Diff: 3.8, Sum: 45.6]
      [Termination (ms): Min: 0.1, Avg: 0.4, Max: 0.6, Diff: 0.5, Sum: 3.6]
         [Termination Attempts: Min: 27, Avg: 35.9, Max: 48, Diff: 21, Sum: 287]
      [GC Worker Other (ms): Min: 0.0, Avg: 0.1, Max: 0.2, Diff: 0.1, Sum: 0.8]
      [GC Worker Total (ms): Min: 13.6, Avg: 13.9, Max: 14.5, Diff: 1.0, Sum: 111.3]
      [GC Worker End (ms): Min: 904155248.9, Avg: 904155249.0, Max: 904155249.1, Diff: 0.1]
   [Code Root Fixup: 0.1 ms]
   [Code Root Purge: 0.0 ms]
   [Clear CT: 0.6 ms]
   [Other: 7.5 ms]
      [Choose CSet: 0.0 ms]
      [Ref Proc: 4.7 ms]
      [Ref Enq: 0.0 ms]
      [Redirty Cards: 0.3 ms]
      [Humongous Register: 0.8 ms]
      [Humongous Reclaim: 0.0 ms]
      [Free CSet: 1.0 ms]
   [Eden: 1212.0M(1212.0M)->0.0B(1212.0M) Survivors: 16.0M->16.0M Heap: 1467.4M(2048.0M)->255.5M(2048.0M)]
 [Times: user=0.09 sys=0.00, real=0.02 secs] 
2019-07-19T21:53:36.714+0000: 909067.543: [GC pause (G1 Evacuation Pause) (young), 0.1187976 secs]
   [Parallel Time: 112.4 ms, GC Workers: 8]
      [GC Worker Start (ms): Min: 909067543.5, Avg: 909067543.6, Max: 909067543.7, Diff: 0.2]
      [Ext Root Scanning (ms): Min: 1.0, Avg: 15.1, Max: 111.7, Diff: 110.7, Sum: 120.9]
      [Update RS (ms): Min: 0.0, Avg: 1.9, Max: 2.6, Diff: 2.6, Sum: 15.4]
         [Processed Buffers: Min: 0, Avg: 10.4, Max: 22, Diff: 22, Sum: 83]
      [Scan RS (ms): Min: 0.1, Avg: 0.2, Max: 0.3, Diff: 0.2, Sum: 1.9]
      [Code Root Scanning (ms): Min: 0.0, Avg: 0.0, Max: 0.0, Diff: 0.0, Sum: 0.1]
      [Object Copy (ms): Min: 0.0, Avg: 4.3, Max: 5.0, Diff: 4.9, Sum: 34.3]
      [Termination (ms): Min: 0.0, Avg: 90.4, Max: 103.4, Diff: 103.4, Sum: 723.4]
         [Termination Attempts: Min: 1, Avg: 43.9, Max: 55, Diff: 54, Sum: 351]
      [GC Worker Other (ms): Min: 0.0, Avg: 0.0, Max: 0.1, Diff: 0.1, Sum: 0.4]
      [GC Worker Total (ms): Min: 111.9, Avg: 112.0, Max: 112.2, Diff: 0.3, Sum: 896.4]
      [GC Worker End (ms): Min: 909067655.6, Avg: 909067655.6, Max: 909067655.7, Diff: 0.1]
   [Code Root Fixup: 0.1 ms]
   [Code Root Purge: 0.0 ms]
   [Clear CT: 0.5 ms]
   [Other: 5.8 ms]
      [Choose CSet: 0.0 ms]
      [Ref Proc: 4.0 ms]
      [Ref Enq: 0.0 ms]
      [Redirty Cards: 0.3 ms]
      [Humongous Register: 0.3 ms]
      [Humongous Reclaim: 0.0 ms]
      [Free CSet: 0.9 ms]
   [Eden: 1212.0M(1212.0M)->0.0B(1212.0M) Survivors: 16.0M->16.0M Heap: 1467.5M(2048.0M)->256.0M(2048.0M)]
 [Times: user=0.77 sys=0.00, real=0.14 secs] 
2019-07-19T23:14:44.117+0000: 913934.946: [GC pause (G1 Evacuation Pause) (young), 0.0142643 secs]
   [Parallel Time: 8.1 ms, GC Workers: 8]
      [GC Worker Start (ms): Min: 913934946.4, Avg: 913934946.7, Max: 913934946.8, Diff: 0.4]
      [Ext Root Scanning (ms): Min: 0.6, Avg: 0.9, Max: 2.4, Diff: 1.9, Sum: 7.5]
      [Update RS (ms): Min: 0.7, Avg: 1.7, Max: 2.0, Diff: 1.2, Sum: 13.5]
         [Processed Buffers: Min: 2, Avg: 10.1, Max: 23, Diff: 21, Sum: 81]
      [Scan RS (ms): Min: 0.1, Avg: 0.2, Max: 0.3, Diff: 0.2, Sum: 1.8]
      [Code Root Scanning (ms): Min: 0.0, Avg: 0.0, Max: 0.0, Diff: 0.0, Sum: 0.1]
      [Object Copy (ms): Min: 4.4, Avg: 4.6, Max: 4.6, Diff: 0.2, Sum: 36.6]
      [Termination (ms): Min: 0.1, Avg: 0.1, Max: 0.1, Diff: 0.1, Sum: 1.0]
         [Termination Attempts: Min: 40, Avg: 46.4, Max: 53, Diff: 13, Sum: 371]
      [GC Worker Other (ms): Min: 0.0, Avg: 0.1, Max: 0.2, Diff: 0.2, Sum: 1.0]
      [GC Worker Total (ms): Min: 7.5, Avg: 7.7, Max: 7.9, Diff: 0.3, Sum: 61.4]
      [GC Worker End (ms): Min: 913934954.3, Avg: 913934954.3, Max: 913934954.4, Diff: 0.1]
   [Code Root Fixup: 0.1 ms]
   [Code Root Purge: 0.0 ms]
   [Clear CT: 0.6 ms]
   [Other: 5.5 ms]
      [Choose CSet: 0.0 ms]
      [Ref Proc: 3.7 ms]
      [Ref Enq: 0.0 ms]
      [Redirty Cards: 0.3 ms]
      [Humongous Register: 0.2 ms]
      [Humongous Reclaim: 0.0 ms]
      [Free CSet: 0.9 ms]
   [Eden: 1212.0M(1212.0M)->0.0B(1213.0M) Survivors: 16.0M->15.0M Heap: 1468.0M(2048.0M)->256.1M(2048.0M)]
 [Times: user=0.07 sys=0.00, real=0.02 secs] 
2019-07-20T00:36:14.276+0000: 918825.105: [GC pause (G1 Evacuation Pause) (young), 0.0151402 secs]
   [Parallel Time: 8.4 ms, GC Workers: 8]
      [GC Worker Start (ms): Min: 918825105.4, Avg: 918825105.5, Max: 918825105.7, Diff: 0.2]
      [Ext Root Scanning (ms): Min: 0.6, Avg: 1.0, Max: 2.4, Diff: 1.7, Sum: 7.9]
      [Update RS (ms): Min: 1.0, Avg: 1.9, Max: 2.1, Diff: 1.1, Sum: 15.3]
         [Processed Buffers: Min: 1, Avg: 10.2, Max: 33, Diff: 32, Sum: 82]
      [Scan RS (ms): Min: 0.1, Avg: 0.2, Max: 0.3, Diff: 0.2, Sum: 2.0]
      [Code Root Scanning (ms): Min: 0.0, Avg: 0.0, Max: 0.0, Diff: 0.0, Sum: 0.1]
      [Object Copy (ms): Min: 4.5, Avg: 4.7, Max: 4.8, Diff: 0.3, Sum: 37.3]
      [Termination (ms): Min: 0.1, Avg: 0.1, Max: 0.1, Diff: 0.0, Sum: 0.9]
         [Termination Attempts: Min: 36, Avg: 42.4, Max: 53, Diff: 17, Sum: 339]
      [GC Worker Other (ms): Min: 0.0, Avg: 0.1, Max: 0.2, Diff: 0.2, Sum: 0.8]
      [GC Worker Total (ms): Min: 8.0, Avg: 8.0, Max: 8.2, Diff: 0.2, Sum: 64.3]
      [GC Worker End (ms): Min: 918825113.5, Avg: 918825113.6, Max: 918825113.7, Diff: 0.2]
   [Code Root Fixup: 0.1 ms]
   [Code Root Purge: 0.0 ms]
   [Clear CT: 0.6 ms]
   [Other: 6.0 ms]
      [Choose CSet: 0.0 ms]
      [Ref Proc: 4.2 ms]
      [Ref Enq: 0.0 ms]
      [Redirty Cards: 0.3 ms]
      [Humongous Register: 0.2 ms]
      [Humongous Reclaim: 0.0 ms]
      [Free CSet: 1.0 ms]
   [Eden: 1213.0M(1213.0M)->0.0B(1213.0M) Survivors: 15.0M->15.0M Heap: 1469.1M(2048.0M)->256.6M(2048.0M)]
 [Times: user=0.07 sys=0.00, real=0.02 secs] 
2019-07-20T01:58:08.358+0000: 923739.187: [GC pause (G1 Evacuation Pause) (young), 0.0160444 secs]
   [Parallel Time: 9.0 ms, GC Workers: 8]
      [GC Worker Start (ms): Min: 923739187.7, Avg: 923739187.8, Max: 923739188.0, Diff: 0.3]
      [Ext Root Scanning (ms): Min: 0.7, Avg: 1.0, Max: 2.2, Diff: 1.5, Sum: 8.4]
      [Update RS (ms): Min: 1.2, Avg: 2.1, Max: 2.8, Diff: 1.6, Sum: 17.2]
         [Processed Buffers: Min: 3, Avg: 10.4, Max: 30, Diff: 27, Sum: 83]
      [Scan RS (ms): Min: 0.1, Avg: 0.2, Max: 0.3, Diff: 0.3, Sum: 1.9]
      [Code Root Scanning (ms): Min: 0.0, Avg: 0.0, Max: 0.0, Diff: 0.0, Sum: 0.1]
      [Object Copy (ms): Min: 4.8, Avg: 5.0, Max: 5.4, Diff: 0.6, Sum: 39.8]
      [Termination (ms): Min: 0.1, Avg: 0.1, Max: 0.2, Diff: 0.1, Sum: 0.7]
         [Termination Attempts: Min: 36, Avg: 45.1, Max: 54, Diff: 18, Sum: 361]
      [GC Worker Other (ms): Min: 0.0, Avg: 0.1, Max: 0.2, Diff: 0.2, Sum: 0.9]
      [GC Worker Total (ms): Min: 8.4, Avg: 8.6, Max: 8.7, Diff: 0.3, Sum: 69.0]
      [GC Worker End (ms): Min: 923739196.3, Avg: 923739196.4, Max: 923739196.5, Diff: 0.2]
   [Code Root Fixup: 0.1 ms]
   [Code Root Purge: 0.0 ms]
   [Clear CT: 0.4 ms]
   [Other: 6.5 ms]
      [Choose CSet: 0.0 ms]
      [Ref Proc: 4.4 ms]
      [Ref Enq: 0.0 ms]
      [Redirty Cards: 0.3 ms]
      [Humongous Register: 0.3 ms]
      [Humongous Reclaim: 0.0 ms]
      [Free CSet: 1.1 ms]
   [Eden: 1213.0M(1213.0M)->0.0B(1213.0M) Survivors: 15.0M->15.0M Heap: 1469.6M(2048.0M)->257.2M(2048.0M)]
 [Times: user=0.08 sys=0.00, real=0.02 secs] 
2019-07-20T03:19:35.307+0000: 928626.136: [GC pause (G1 Evacuation Pause) (young), 0.0164834 secs]
   [Parallel Time: 9.7 ms, GC Workers: 8]
      [GC Worker Start (ms): Min: 928626136.7, Avg: 928626136.9, Max: 928626137.0, Diff: 0.2]
      [Ext Root Scanning (ms): Min: 0.7, Avg: 1.0, Max: 2.0, Diff: 1.3, Sum: 7.7]
      [Update RS (ms): Min: 0.0, Avg: 1.9, Max: 2.6, Diff: 2.6, Sum: 15.4]
         [Processed Buffers: Min: 0, Avg: 10.0, Max: 36, Diff: 36, Sum: 80]
      [Scan RS (ms): Min: 0.1, Avg: 0.2, Max: 0.3, Diff: 0.2, Sum: 1.7]
      [Code Root Scanning (ms): Min: 0.0, Avg: 0.0, Max: 0.0, Diff: 0.0, Sum: 0.1]
      [Object Copy (ms): Min: 5.5, Avg: 5.8, Max: 7.7, Diff: 2.2, Sum: 46.8]
      [Termination (ms): Min: 0.0, Avg: 0.2, Max: 0.5, Diff: 0.5, Sum: 1.5]
         [Termination Attempts: Min: 7, Avg: 31.5, Max: 48, Diff: 41, Sum: 252]
      [GC Worker Other (ms): Min: 0.0, Avg: 0.1, Max: 0.1, Diff: 0.1, Sum: 0.5]
      [GC Worker Total (ms): Min: 9.1, Avg: 9.2, Max: 9.3, Diff: 0.3, Sum: 73.6]
      [GC Worker End (ms): Min: 928626146.0, Avg: 928626146.1, Max: 928626146.1, Diff: 0.1]
   [Code Root Fixup: 0.1 ms]
   [Code Root Purge: 0.0 ms]
   [Clear CT: 0.5 ms]
   [Other: 6.2 ms]
      [Choose CSet: 0.0 ms]
      [Ref Proc: 4.2 ms]
      [Ref Enq: 0.0 ms]
      [Redirty Cards: 0.4 ms]
      [Humongous Register: 0.2 ms]
      [Humongous Reclaim: 0.0 ms]
      [Free CSet: 1.0 ms]
   [Eden: 1213.0M(1213.0M)->0.0B(1212.0M) Survivors: 15.0M->16.0M Heap: 1470.2M(2048.0M)->258.2M(2048.0M)]
 [Times: user=0.07 sys=0.00, real=0.02 secs] 
2019-07-20T04:41:06.614+0000: 933517.443: [GC pause (G1 Evacuation Pause) (young), 0.0166065 secs]
   [Parallel Time: 10.1 ms, GC Workers: 8]
      [GC Worker Start (ms): Min: 933517443.7, Avg: 933517446.0, Max: 933517452.1, Diff: 8.3]
      [Ext Root Scanning (ms): Min: 0.0, Avg: 1.0, Max: 2.5, Diff: 2.5, Sum: 7.9]
      [Update RS (ms): Min: 0.0, Avg: 1.9, Max: 2.7, Diff: 2.7, Sum: 14.9]
         [Processed Buffers: Min: 0, Avg: 10.4, Max: 27, Diff: 27, Sum: 83]
      [Scan RS (ms): Min: 0.1, Avg: 0.2, Max: 0.3, Diff: 0.2, Sum: 1.7]
      [Code Root Scanning (ms): Min: 0.0, Avg: 0.0, Max: 0.0, Diff: 0.0, Sum: 0.1]
      [Object Copy (ms): Min: 1.1, Avg: 4.2, Max: 5.3, Diff: 4.2, Sum: 33.8]
      [Termination (ms): Min: 0.1, Avg: 0.1, Max: 0.1, Diff: 0.1, Sum: 0.7]
         [Termination Attempts: Min: 29, Avg: 35.2, Max: 47, Diff: 18, Sum: 282]
      [GC Worker Other (ms): Min: 0.0, Avg: 0.2, Max: 0.3, Diff: 0.3, Sum: 1.2]
      [GC Worker Total (ms): Min: 1.4, Avg: 7.5, Max: 9.9, Diff: 8.4, Sum: 60.4]
      [GC Worker End (ms): Min: 933517453.4, Avg: 933517453.6, Max: 933517453.7, Diff: 0.3]
   [Code Root Fixup: 0.1 ms]
   [Code Root Purge: 0.0 ms]
   [Clear CT: 0.5 ms]
   [Other: 5.9 ms]
      [Choose CSet: 0.0 ms]
      [Ref Proc: 3.9 ms]
      [Ref Enq: 0.0 ms]
      [Redirty Cards: 0.3 ms]
      [Humongous Register: 0.2 ms]
      [Humongous Reclaim: 0.0 ms]
      [Free CSet: 1.0 ms]
   [Eden: 1212.0M(1212.0M)->0.0B(1213.0M) Survivors: 16.0M->15.0M Heap: 1470.2M(2048.0M)->258.3M(2048.0M)]
 [Times: user=0.07 sys=0.00, real=0.01 secs] 
2019-07-20T06:02:43.433+0000: 938414.262: [GC pause (G1 Evacuation Pause) (young), 0.0190847 secs]
   [Parallel Time: 9.6 ms, GC Workers: 8]
      [GC Worker Start (ms): Min: 938414262.9, Avg: 938414263.0, Max: 938414263.1, Diff: 0.2]
      [Ext Root Scanning (ms): Min: 0.8, Avg: 2.4, Max: 6.1, Diff: 5.3, Sum: 19.1]
      [Update RS (ms): Min: 0.0, Avg: 1.8, Max: 2.9, Diff: 2.9, Sum: 14.4]
         [Processed Buffers: Min: 0, Avg: 10.0, Max: 25, Diff: 25, Sum: 80]
      [Scan RS (ms): Min: 0.1, Avg: 0.2, Max: 0.3, Diff: 0.2, Sum: 1.7]
      [Code Root Scanning (ms): Min: 0.0, Avg: 0.0, Max: 0.0, Diff: 0.0, Sum: 0.1]
      [Object Copy (ms): Min: 2.8, Avg: 4.6, Max: 5.3, Diff: 2.4, Sum: 37.0]
      [Termination (ms): Min: 0.1, Avg: 0.1, Max: 0.1, Diff: 0.1, Sum: 0.7]
         [Termination Attempts: Min: 36, Avg: 39.9, Max: 45, Diff: 9, Sum: 319]
      [GC Worker Other (ms): Min: 0.0, Avg: 0.1, Max: 0.2, Diff: 0.1, Sum: 0.8]
      [GC Worker Total (ms): Min: 9.1, Avg: 9.2, Max: 9.3, Diff: 0.2, Sum: 73.7]
      [GC Worker End (ms): Min: 938414272.1, Avg: 938414272.2, Max: 938414272.3, Diff: 0.2]
   [Code Root Fixup: 0.1 ms]
   [Code Root Purge: 0.0 ms]
   [Clear CT: 0.6 ms]
   [Other: 8.8 ms]
      [Choose CSet: 0.0 ms]
      [Ref Proc: 6.1 ms]
      [Ref Enq: 0.0 ms]
      [Redirty Cards: 0.3 ms]
      [Humongous Register: 0.4 ms]
      [Humongous Reclaim: 0.0 ms]
      [Free CSet: 1.4 ms]
   [Eden: 1213.0M(1213.0M)->0.0B(1213.0M) Survivors: 15.0M->15.0M Heap: 1471.3M(2048.0M)->258.3M(2048.0M)]
 [Times: user=0.07 sys=0.00, real=0.02 secs] 
2019-07-20T07:24:05.608+0000: 943296.438: [GC pause (G1 Evacuation Pause) (young), 0.0168088 secs]
   [Parallel Time: 10.0 ms, GC Workers: 8]
      [GC Worker Start (ms): Min: 943296437.8, Avg: 943296439.1, Max: 943296441.3, Diff: 3.4]
      [Ext Root Scanning (ms): Min: 0.0, Avg: 0.8, Max: 2.0, Diff: 2.0, Sum: 6.7]
      [Update RS (ms): Min: 1.0, Avg: 2.3, Max: 3.3, Diff: 2.3, Sum: 18.6]
         [Processed Buffers: Min: 3, Avg: 10.4, Max: 24, Diff: 21, Sum: 83]
      [Scan RS (ms): Min: 0.1, Avg: 0.2, Max: 0.3, Diff: 0.2, Sum: 1.9]
      [Code Root Scanning (ms): Min: 0.0, Avg: 0.0, Max: 0.0, Diff: 0.0, Sum: 0.1]
      [Object Copy (ms): Min: 4.7, Avg: 4.7, Max: 4.9, Diff: 0.3, Sum: 37.9]
      [Termination (ms): Min: 0.1, Avg: 0.2, Max: 0.3, Diff: 0.2, Sum: 2.0]
         [Termination Attempts: Min: 35, Avg: 40.6, Max: 48, Diff: 13, Sum: 325]
      [GC Worker Other (ms): Min: 0.0, Avg: 0.0, Max: 0.1, Diff: 0.1, Sum: 0.3]
      [GC Worker Total (ms): Min: 6.3, Avg: 8.4, Max: 9.7, Diff: 3.4, Sum: 67.5]
      [GC Worker End (ms): Min: 943296447.5, Avg: 943296447.6, Max: 943296447.6, Diff: 0.1]
   [Code Root Fixup: 0.2 ms]
   [Code Root Purge: 0.0 ms]
   [Clear CT: 0.6 ms]
   [Other: 6.1 ms]
      [Choose CSet: 0.0 ms]
      [Ref Proc: 4.1 ms]
      [Ref Enq: 0.0 ms]
      [Redirty Cards: 0.4 ms]
      [Humongous Register: 0.2 ms]
      [Humongous Reclaim: 0.0 ms]
      [Free CSet: 1.0 ms]
   [Eden: 1213.0M(1213.0M)->0.0B(1212.0M) Survivors: 15.0M->16.0M Heap: 1471.3M(2048.0M)->259.9M(2048.0M)]
 [Times: user=0.07 sys=0.00, real=0.02 secs] 
2019-07-20T08:46:07.203+0000: 948218.032: [GC pause (G1 Evacuation Pause) (young), 0.0155208 secs]
   [Parallel Time: 8.9 ms, GC Workers: 8]
      [GC Worker Start (ms): Min: 948218032.6, Avg: 948218032.7, Max: 948218032.9, Diff: 0.4]
      [Ext Root Scanning (ms): Min: 0.6, Avg: 1.0, Max: 2.1, Diff: 1.5, Sum: 7.7]
      [Update RS (ms): Min: 1.0, Avg: 2.0, Max: 2.9, Diff: 1.8, Sum: 15.7]
         [Processed Buffers: Min: 2, Avg: 10.0, Max: 24, Diff: 22, Sum: 80]
      [Scan RS (ms): Min: 0.1, Avg: 0.2, Max: 0.3, Diff: 0.2, Sum: 2.0]
      [Code Root Scanning (ms): Min: 0.0, Avg: 0.0, Max: 0.0, Diff: 0.0, Sum: 0.1]
      [Object Copy (ms): Min: 4.4, Avg: 5.0, Max: 5.1, Diff: 0.7, Sum: 39.7]
      [Termination (ms): Min: 0.1, Avg: 0.1, Max: 0.2, Diff: 0.1, Sum: 1.1]
         [Termination Attempts: Min: 49, Avg: 53.6, Max: 60, Diff: 11, Sum: 429]
      [GC Worker Other (ms): Min: 0.0, Avg: 0.1, Max: 0.2, Diff: 0.2, Sum: 0.9]
      [GC Worker Total (ms): Min: 8.2, Avg: 8.4, Max: 8.7, Diff: 0.5, Sum: 67.2]
      [GC Worker End (ms): Min: 948218041.1, Avg: 948218041.1, Max: 948218041.2, Diff: 0.2]
   [Code Root Fixup: 0.1 ms]
   [Code Root Purge: 0.0 ms]
   [Clear CT: 0.6 ms]
   [Other: 6.0 ms]
      [Choose CSet: 0.0 ms]
      [Ref Proc: 4.1 ms]
      [Ref Enq: 0.0 ms]
      [Redirty Cards: 0.3 ms]
      [Humongous Register: 0.2 ms]
      [Humongous Reclaim: 0.0 ms]
      [Free CSet: 1.0 ms]
   [Eden: 1212.0M(1212.0M)->0.0B(1212.0M) Survivors: 16.0M->16.0M Heap: 1471.9M(2048.0M)->260.4M(2048.0M)]
 [Times: user=0.08 sys=0.00, real=0.01 secs] 
2019-07-20T10:07:28.665+0000: 953099.494: [GC pause (G1 Evacuation Pause) (young), 0.0156144 secs]
   [Parallel Time: 8.1 ms, GC Workers: 8]
      [GC Worker Start (ms): Min: 953099494.8, Avg: 953099495.0, Max: 953099495.1, Diff: 0.3]
      [Ext Root Scanning (ms): Min: 0.6, Avg: 0.9, Max: 2.0, Diff: 1.4, Sum: 7.3]
      [Update RS (ms): Min: 0.8, Avg: 1.7, Max: 2.1, Diff: 1.3, Sum: 13.8]
         [Processed Buffers: Min: 3, Avg: 10.5, Max: 20, Diff: 17, Sum: 84]
      [Scan RS (ms): Min: 0.1, Avg: 0.2, Max: 0.3, Diff: 0.2, Sum: 1.8]
      [Code Root Scanning (ms): Min: 0.0, Avg: 0.0, Max: 0.0, Diff: 0.0, Sum: 0.1]
      [Object Copy (ms): Min: 4.5, Avg: 4.5, Max: 4.6, Diff: 0.1, Sum: 36.3]
      [Termination (ms): Min: 0.1, Avg: 0.1, Max: 0.1, Diff: 0.1, Sum: 0.7]
         [Termination Attempts: Min: 38, Avg: 42.6, Max: 46, Diff: 8, Sum: 341]
      [GC Worker Other (ms): Min: 0.0, Avg: 0.1, Max: 0.2, Diff: 0.2, Sum: 0.8]
      [GC Worker Total (ms): Min: 7.4, Avg: 7.6, Max: 7.7, Diff: 0.3, Sum: 60.8]
      [GC Worker End (ms): Min: 953099502.5, Avg: 953099502.5, Max: 953099502.6, Diff: 0.2]
   [Code Root Fixup: 0.1 ms]
   [Code Root Purge: 0.0 ms]
   [Clear CT: 1.4 ms]
   [Other: 6.1 ms]
      [Choose CSet: 0.0 ms]
      [Ref Proc: 4.3 ms]
      [Ref Enq: 0.0 ms]
      [Redirty Cards: 0.3 ms]
      [Humongous Register: 0.2 ms]
      [Humongous Reclaim: 0.0 ms]
      [Free CSet: 0.9 ms]
   [Eden: 1212.0M(1212.0M)->0.0B(1213.0M) Survivors: 16.0M->15.0M Heap: 1472.4M(2048.0M)->260.5M(2048.0M)]
 [Times: user=0.07 sys=0.00, real=0.01 secs] 
2019-07-20T11:28:58.395+0000: 957989.224: [GC pause (G1 Evacuation Pause) (young), 0.0182424 secs]
   [Parallel Time: 11.2 ms, GC Workers: 8]
      [GC Worker Start (ms): Min: 957989224.6, Avg: 957989225.1, Max: 957989225.7, Diff: 1.1]
      [Ext Root Scanning (ms): Min: 0.7, Avg: 2.3, Max: 6.7, Diff: 6.0, Sum: 18.6]
      [Update RS (ms): Min: 0.0, Avg: 1.9, Max: 2.6, Diff: 2.6, Sum: 15.5]
         [Processed Buffers: Min: 0, Avg: 10.1, Max: 21, Diff: 21, Sum: 81]
      [Scan RS (ms): Min: 0.1, Avg: 0.3, Max: 0.3, Diff: 0.2, Sum: 2.0]
      [Code Root Scanning (ms): Min: 0.0, Avg: 0.0, Max: 0.0, Diff: 0.0, Sum: 0.1]
      [Object Copy (ms): Min: 2.9, Avg: 5.3, Max: 6.2, Diff: 3.3, Sum: 42.7]
      [Termination (ms): Min: 0.1, Avg: 0.5, Max: 3.3, Diff: 3.2, Sum: 4.4]
         [Termination Attempts: Min: 3, Avg: 40.4, Max: 59, Diff: 56, Sum: 323]
      [GC Worker Other (ms): Min: 0.0, Avg: 0.1, Max: 0.2, Diff: 0.1, Sum: 0.6]
      [GC Worker Total (ms): Min: 9.9, Avg: 10.5, Max: 10.9, Diff: 1.0, Sum: 83.8]
      [GC Worker End (ms): Min: 957989235.5, Avg: 957989235.5, Max: 957989235.6, Diff: 0.1]
   [Code Root Fixup: 0.1 ms]
   [Code Root Purge: 0.0 ms]
   [Clear CT: 0.5 ms]
   [Other: 6.4 ms]
      [Choose CSet: 0.0 ms]
      [Ref Proc: 4.6 ms]
      [Ref Enq: 0.0 ms]
      [Redirty Cards: 0.3 ms]
      [Humongous Register: 0.2 ms]
      [Humongous Reclaim: 0.0 ms]
      [Free CSet: 1.0 ms]
   [Eden: 1213.0M(1213.0M)->0.0B(1212.0M) Survivors: 15.0M->16.0M Heap: 1473.5M(2048.0M)->261.5M(2048.0M)]
 [Times: user=0.09 sys=0.00, real=0.02 secs] 
2019-07-20T12:50:39.010+0000: 962889.839: [GC pause (G1 Evacuation Pause) (young), 0.0152504 secs]
   [Parallel Time: 8.8 ms, GC Workers: 8]
      [GC Worker Start (ms): Min: 962889839.8, Avg: 962889840.9, Max: 962889842.7, Diff: 2.9]
      [Ext Root Scanning (ms): Min: 0.0, Avg: 0.8, Max: 2.0, Diff: 2.0, Sum: 6.5]
      [Update RS (ms): Min: 0.7, Avg: 1.7, Max: 2.5, Diff: 1.8, Sum: 13.6]
         [Processed Buffers: Min: 3, Avg: 10.1, Max: 17, Diff: 14, Sum: 81]
      [Scan RS (ms): Min: 0.1, Avg: 0.2, Max: 0.3, Diff: 0.2, Sum: 1.8]
      [Code Root Scanning (ms): Min: 0.0, Avg: 0.0, Max: 0.0, Diff: 0.0, Sum: 0.1]
      [Object Copy (ms): Min: 4.4, Avg: 4.5, Max: 4.6, Diff: 0.2, Sum: 36.1]
      [Termination (ms): Min: 0.1, Avg: 0.1, Max: 0.2, Diff: 0.1, Sum: 1.1]
         [Termination Attempts: Min: 45, Avg: 51.4, Max: 57, Diff: 12, Sum: 411]
      [GC Worker Other (ms): Min: 0.0, Avg: 0.0, Max: 0.1, Diff: 0.1, Sum: 0.3]
      [GC Worker Total (ms): Min: 5.7, Avg: 7.4, Max: 8.5, Diff: 2.9, Sum: 59.5]
      [GC Worker End (ms): Min: 962889848.3, Avg: 962889848.3, Max: 962889848.4, Diff: 0.1]
   [Code Root Fixup: 0.1 ms]
   [Code Root Purge: 0.0 ms]
   [Clear CT: 0.5 ms]
   [Other: 5.8 ms]
      [Choose CSet: 0.0 ms]
      [Ref Proc: 3.9 ms]
      [Ref Enq: 0.0 ms]
      [Redirty Cards: 0.3 ms]
      [Humongous Register: 0.2 ms]
      [Humongous Reclaim: 0.0 ms]
      [Free CSet: 1.1 ms]
   [Eden: 1212.0M(1212.0M)->0.0B(1213.0M) Survivors: 16.0M->15.0M Heap: 1473.5M(2048.0M)->261.6M(2048.0M)]
 [Times: user=0.06 sys=0.00, real=0.02 secs] 
2019-07-20T14:11:54.026+0000: 967764.856: [GC pause (G1 Evacuation Pause) (young), 0.0165155 secs]
   [Parallel Time: 9.8 ms, GC Workers: 8]
      [GC Worker Start (ms): Min: 967764856.1, Avg: 967764856.2, Max: 967764856.4, Diff: 0.3]
      [Ext Root Scanning (ms): Min: 0.8, Avg: 1.7, Max: 3.2, Diff: 2.4, Sum: 13.5]
      [Update RS (ms): Min: 0.7, Avg: 2.2, Max: 3.1, Diff: 2.4, Sum: 17.6]
         [Processed Buffers: Min: 2, Avg: 10.6, Max: 35, Diff: 33, Sum: 85]
      [Scan RS (ms): Min: 0.1, Avg: 0.2, Max: 0.3, Diff: 0.2, Sum: 1.8]
      [Code Root Scanning (ms): Min: 0.0, Avg: 0.0, Max: 0.0, Diff: 0.0, Sum: 0.1]
      [Object Copy (ms): Min: 5.1, Avg: 5.2, Max: 5.2, Diff: 0.1, Sum: 41.2]
      [Termination (ms): Min: 0.1, Avg: 0.1, Max: 0.2, Diff: 0.1, Sum: 0.8]
         [Termination Attempts: Min: 39, Avg: 42.1, Max: 46, Diff: 7, Sum: 337]
      [GC Worker Other (ms): Min: 0.0, Avg: 0.1, Max: 0.2, Diff: 0.2, Sum: 1.0]
      [GC Worker Total (ms): Min: 9.4, Avg: 9.5, Max: 9.7, Diff: 0.3, Sum: 76.0]
      [GC Worker End (ms): Min: 967764865.6, Avg: 967764865.7, Max: 967764865.8, Diff: 0.2]
   [Code Root Fixup: 0.1 ms]
   [Code Root Purge: 0.0 ms]
   [Clear CT: 0.6 ms]
   [Other: 6.0 ms]
      [Choose CSet: 0.0 ms]
      [Ref Proc: 4.0 ms]
      [Ref Enq: 0.0 ms]
      [Redirty Cards: 0.3 ms]
      [Humongous Register: 0.2 ms]
      [Humongous Reclaim: 0.0 ms]
      [Free CSet: 1.2 ms]
   [Eden: 1213.0M(1213.0M)->0.0B(1212.0M) Survivors: 15.0M->16.0M Heap: 1474.6M(2048.0M)->262.6M(2048.0M)]
 [Times: user=0.08 sys=0.00, real=0.02 secs] 
2019-07-20T15:33:13.293+0000: 972644.122: [GC pause (G1 Evacuation Pause) (young), 0.0147245 secs]
   [Parallel Time: 8.1 ms, GC Workers: 8]
      [GC Worker Start (ms): Min: 972644122.4, Avg: 972644122.5, Max: 972644122.7, Diff: 0.2]
      [Ext Root Scanning (ms): Min: 0.7, Avg: 1.0, Max: 1.9, Diff: 1.2, Sum: 8.0]
      [Update RS (ms): Min: 1.3, Avg: 1.9, Max: 2.1, Diff: 0.8, Sum: 15.2]
         [Processed Buffers: Min: 2, Avg: 10.2, Max: 32, Diff: 30, Sum: 82]
      [Scan RS (ms): Min: 0.1, Avg: 0.2, Max: 0.3, Diff: 0.2, Sum: 1.8]
      [Code Root Scanning (ms): Min: 0.0, Avg: 0.0, Max: 0.0, Diff: 0.0, Sum: 0.1]
      [Object Copy (ms): Min: 4.4, Avg: 4.5, Max: 4.5, Diff: 0.1, Sum: 35.6]
      [Termination (ms): Min: 0.1, Avg: 0.2, Max: 0.2, Diff: 0.1, Sum: 1.3]
         [Termination Attempts: Min: 31, Avg: 36.9, Max: 42, Diff: 11, Sum: 295]
      [GC Worker Other (ms): Min: 0.0, Avg: 0.0, Max: 0.1, Diff: 0.1, Sum: 0.3]
      [GC Worker Total (ms): Min: 7.7, Avg: 7.8, Max: 7.9, Diff: 0.2, Sum: 62.4]
      [GC Worker End (ms): Min: 972644130.3, Avg: 972644130.4, Max: 972644130.4, Diff: 0.1]
   [Code Root Fixup: 0.1 ms]
   [Code Root Purge: 0.0 ms]
   [Clear CT: 0.6 ms]
   [Other: 5.9 ms]
      [Choose CSet: 0.0 ms]
      [Ref Proc: 4.1 ms]
      [Ref Enq: 0.0 ms]
      [Redirty Cards: 0.3 ms]
      [Humongous Register: 0.2 ms]
      [Humongous Reclaim: 0.0 ms]
      [Free CSet: 1.0 ms]
   [Eden: 1212.0M(1212.0M)->0.0B(1213.0M) Survivors: 16.0M->15.0M Heap: 1474.6M(2048.0M)->262.2M(2048.0M)]
 [Times: user=0.07 sys=0.00, real=0.01 secs] 
2019-07-20T16:54:57.975+0000: 977548.804: [GC pause (G1 Evacuation Pause) (young), 0.0172521 secs]
   [Parallel Time: 10.4 ms, GC Workers: 8]
      [GC Worker Start (ms): Min: 977548804.7, Avg: 977548805.1, Max: 977548805.5, Diff: 0.9]
      [Ext Root Scanning (ms): Min: 1.1, Avg: 1.9, Max: 3.4, Diff: 2.3, Sum: 14.9]
      [Update RS (ms): Min: 1.3, Avg: 2.2, Max: 2.4, Diff: 1.1, Sum: 17.3]
         [Processed Buffers: Min: 2, Avg: 11.1, Max: 27, Diff: 25, Sum: 89]
      [Scan RS (ms): Min: 0.1, Avg: 0.2, Max: 0.3, Diff: 0.2, Sum: 1.8]
      [Code Root Scanning (ms): Min: 0.0, Avg: 0.0, Max: 0.0, Diff: 0.0, Sum: 0.1]
      [Object Copy (ms): Min: 4.8, Avg: 4.9, Max: 5.0, Diff: 0.2, Sum: 39.5]
      [Termination (ms): Min: 0.1, Avg: 0.2, Max: 0.2, Diff: 0.1, Sum: 1.3]
         [Termination Attempts: Min: 39, Avg: 43.2, Max: 49, Diff: 10, Sum: 346]
      [GC Worker Other (ms): Min: 0.0, Avg: 0.4, Max: 1.0, Diff: 0.9, Sum: 3.2]
      [GC Worker Total (ms): Min: 9.3, Avg: 9.8, Max: 10.2, Diff: 0.8, Sum: 78.2]
      [GC Worker End (ms): Min: 977548814.7, Avg: 977548814.9, Max: 977548815.0, Diff: 0.3]
   [Code Root Fixup: 0.1 ms]
   [Code Root Purge: 0.0 ms]
   [Clear CT: 0.7 ms]
   [Other: 6.1 ms]
      [Choose CSet: 0.0 ms]
      [Ref Proc: 4.3 ms]
      [Ref Enq: 0.0 ms]
      [Redirty Cards: 0.3 ms]
      [Humongous Register: 0.1 ms]
      [Humongous Reclaim: 0.0 ms]
      [Free CSet: 0.9 ms]
   [Eden: 1213.0M(1213.0M)->0.0B(1212.0M) Survivors: 15.0M->16.0M Heap: 1475.2M(2048.0M)->264.2M(2048.0M)]
 [Times: user=0.08 sys=0.00, real=0.02 secs] 
2019-07-20T18:16:05.577+0000: 982416.406: [GC pause (G1 Evacuation Pause) (young), 0.0166232 secs]
   [Parallel Time: 10.1 ms, GC Workers: 8]
      [GC Worker Start (ms): Min: 982416406.6, Avg: 982416406.8, Max: 982416407.0, Diff: 0.4]
      [Ext Root Scanning (ms): Min: 0.8, Avg: 1.5, Max: 3.0, Diff: 2.1, Sum: 12.4]
      [Update RS (ms): Min: 1.2, Avg: 2.7, Max: 4.0, Diff: 2.8, Sum: 21.5]
         [Processed Buffers: Min: 2, Avg: 10.2, Max: 25, Diff: 23, Sum: 82]
      [Scan RS (ms): Min: 0.1, Avg: 0.2, Max: 0.3, Diff: 0.2, Sum: 1.8]
      [Code Root Scanning (ms): Min: 0.0, Avg: 0.0, Max: 0.0, Diff: 0.0, Sum: 0.1]
      [Object Copy (ms): Min: 4.2, Avg: 5.0, Max: 5.3, Diff: 1.2, Sum: 39.7]
      [Termination (ms): Min: 0.1, Avg: 0.1, Max: 0.1, Diff: 0.1, Sum: 0.9]
         [Termination Attempts: Min: 37, Avg: 43.0, Max: 50, Diff: 13, Sum: 344]
      [GC Worker Other (ms): Min: 0.0, Avg: 0.1, Max: 0.2, Diff: 0.1, Sum: 0.8]
      [GC Worker Total (ms): Min: 9.4, Avg: 9.6, Max: 9.8, Diff: 0.4, Sum: 77.1]
      [GC Worker End (ms): Min: 982416416.3, Avg: 982416416.4, Max: 982416416.5, Diff: 0.1]
   [Code Root Fixup: 0.1 ms]
   [Code Root Purge: 0.0 ms]
   [Clear CT: 0.5 ms]
   [Other: 5.9 ms]
      [Choose CSet: 0.0 ms]
      [Ref Proc: 4.1 ms]
      [Ref Enq: 0.0 ms]
      [Redirty Cards: 0.3 ms]
      [Humongous Register: 0.1 ms]
      [Humongous Reclaim: 0.0 ms]
      [Free CSet: 1.0 ms]
   [Eden: 1212.0M(1212.0M)->0.0B(1212.0M) Survivors: 16.0M->16.0M Heap: 1476.2M(2048.0M)->264.3M(2048.0M)]
 [Times: user=0.08 sys=0.00, real=0.03 secs] 
2019-07-20T19:37:45.290+0000: 987316.119: [GC pause (G1 Evacuation Pause) (young), 0.0178463 secs]
   [Parallel Time: 10.9 ms, GC Workers: 8]
      [GC Worker Start (ms): Min: 987316119.5, Avg: 987316121.5, Max: 987316123.4, Diff: 3.9]
      [Ext Root Scanning (ms): Min: 0.0, Avg: 0.9, Max: 2.5, Diff: 2.5, Sum: 7.0]
      [Update RS (ms): Min: 1.3, Avg: 2.4, Max: 3.9, Diff: 2.6, Sum: 19.1]
         [Processed Buffers: Min: 1, Avg: 10.1, Max: 26, Diff: 25, Sum: 81]
      [Scan RS (ms): Min: 0.1, Avg: 0.3, Max: 0.3, Diff: 0.2, Sum: 2.1]
      [Code Root Scanning (ms): Min: 0.0, Avg: 0.0, Max: 0.0, Diff: 0.0, Sum: 0.1]
      [Object Copy (ms): Min: 4.8, Avg: 4.9, Max: 4.9, Diff: 0.1, Sum: 38.9]
      [Termination (ms): Min: 0.0, Avg: 0.1, Max: 0.1, Diff: 0.1, Sum: 0.5]
         [Termination Attempts: Min: 34, Avg: 36.6, Max: 39, Diff: 5, Sum: 293]
      [GC Worker Other (ms): Min: 0.0, Avg: 0.1, Max: 0.2, Diff: 0.2, Sum: 0.8]
      [GC Worker Total (ms): Min: 6.6, Avg: 8.6, Max: 10.5, Diff: 3.9, Sum: 68.5]
      [GC Worker End (ms): Min: 987316130.0, Avg: 987316130.0, Max: 987316130.1, Diff: 0.2]
   [Code Root Fixup: 0.1 ms]
   [Code Root Purge: 0.0 ms]
   [Clear CT: 0.6 ms]
   [Other: 6.2 ms]
      [Choose CSet: 0.0 ms]
      [Ref Proc: 4.1 ms]
      [Ref Enq: 0.1 ms]
      [Redirty Cards: 0.4 ms]
      [Humongous Register: 0.3 ms]
      [Humongous Reclaim: 0.0 ms]
      [Free CSet: 1.0 ms]
   [Eden: 1212.0M(1212.0M)->0.0B(1212.0M) Survivors: 16.0M->16.0M Heap: 1476.3M(2048.0M)->265.3M(2048.0M)]
 [Times: user=0.08 sys=0.00, real=0.02 secs] 
2019-07-20T20:59:25.715+0000: 992216.544: [GC pause (G1 Evacuation Pause) (young), 0.0154695 secs]
   [Parallel Time: 8.6 ms, GC Workers: 8]
      [GC Worker Start (ms): Min: 992216544.7, Avg: 992216544.8, Max: 992216544.9, Diff: 0.2]
      [Ext Root Scanning (ms): Min: 0.8, Avg: 1.3, Max: 2.3, Diff: 1.5, Sum: 10.2]
      [Update RS (ms): Min: 1.2, Avg: 2.0, Max: 2.7, Diff: 1.5, Sum: 16.4]
         [Processed Buffers: Min: 2, Avg: 10.8, Max: 30, Diff: 28, Sum: 86]
      [Scan RS (ms): Min: 0.1, Avg: 0.2, Max: 0.3, Diff: 0.2, Sum: 1.9]
      [Code Root Scanning (ms): Min: 0.0, Avg: 0.0, Max: 0.0, Diff: 0.0, Sum: 0.1]
      [Object Copy (ms): Min: 4.4, Avg: 4.5, Max: 4.6, Diff: 0.2, Sum: 36.0]
      [Termination (ms): Min: 0.0, Avg: 0.1, Max: 0.1, Diff: 0.0, Sum: 0.5]
         [Termination Attempts: Min: 32, Avg: 38.0, Max: 45, Diff: 13, Sum: 304]
      [GC Worker Other (ms): Min: 0.0, Avg: 0.1, Max: 0.2, Diff: 0.1, Sum: 0.7]
      [GC Worker Total (ms): Min: 8.0, Avg: 8.2, Max: 8.3, Diff: 0.3, Sum: 65.8]
      [GC Worker End (ms): Min: 992216553.0, Avg: 992216553.0, Max: 992216553.1, Diff: 0.1]
   [Code Root Fixup: 0.1 ms]
   [Code Root Purge: 0.0 ms]
   [Clear CT: 0.6 ms]
   [Other: 6.3 ms]
      [Choose CSet: 0.0 ms]
      [Ref Proc: 4.2 ms]
      [Ref Enq: 0.0 ms]
      [Redirty Cards: 0.3 ms]
      [Humongous Register: 0.3 ms]
      [Humongous Reclaim: 0.0 ms]
      [Free CSet: 1.0 ms]
   [Eden: 1212.0M(1212.0M)->0.0B(1212.0M) Survivors: 16.0M->16.0M Heap: 1477.3M(2048.0M)->265.4M(2048.0M)]
 [Times: user=0.07 sys=0.00, real=0.01 secs] 
2019-07-20T22:20:35.333+0000: 997086.162: [GC pause (G1 Evacuation Pause) (young), 0.0172076 secs]
   [Parallel Time: 10.3 ms, GC Workers: 8]
      [GC Worker Start (ms): Min: 997086162.8, Avg: 997086163.0, Max: 997086163.1, Diff: 0.3]
      [Ext Root Scanning (ms): Min: 0.8, Avg: 1.8, Max: 6.4, Diff: 5.6, Sum: 14.3]
      [Update RS (ms): Min: 0.0, Avg: 2.3, Max: 3.1, Diff: 3.1, Sum: 18.4]
         [Processed Buffers: Min: 0, Avg: 10.0, Max: 27, Diff: 27, Sum: 80]
      [Scan RS (ms): Min: 0.1, Avg: 0.2, Max: 0.3, Diff: 0.2, Sum: 1.8]
      [Code Root Scanning (ms): Min: 0.0, Avg: 0.0, Max: 0.0, Diff: 0.0, Sum: 0.1]
      [Object Copy (ms): Min: 0.0, Avg: 4.7, Max: 5.7, Diff: 5.7, Sum: 37.8]
      [Termination (ms): Min: 0.1, Avg: 0.8, Max: 3.4, Diff: 3.3, Sum: 6.1]
         [Termination Attempts: Min: 1, Avg: 34.2, Max: 52, Diff: 51, Sum: 274]
      [GC Worker Other (ms): Min: 0.0, Avg: 0.1, Max: 0.2, Diff: 0.1, Sum: 0.7]
      [GC Worker Total (ms): Min: 9.8, Avg: 9.9, Max: 10.0, Diff: 0.3, Sum: 79.1]
      [GC Worker End (ms): Min: 997086172.8, Avg: 997086172.9, Max: 997086172.9, Diff: 0.1]
   [Code Root Fixup: 0.1 ms]
   [Code Root Purge: 0.0 ms]
   [Clear CT: 0.5 ms]
   [Other: 6.2 ms]
      [Choose CSet: 0.0 ms]
      [Ref Proc: 4.1 ms]
      [Ref Enq: 0.0 ms]
      [Redirty Cards: 0.3 ms]
      [Humongous Register: 0.3 ms]
      [Humongous Reclaim: 0.0 ms]
      [Free CSet: 1.0 ms]
   [Eden: 1212.0M(1212.0M)->0.0B(1212.0M) Survivors: 16.0M->16.0M Heap: 1477.4M(2048.0M)->265.9M(2048.0M)]
 [Times: user=0.08 sys=0.00, real=0.01 secs] 
2019-07-20T23:42:08.268+0000: 1001979.097: [GC pause (G1 Evacuation Pause) (young), 0.0186225 secs]
   [Parallel Time: 11.6 ms, GC Workers: 8]
      [GC Worker Start (ms): Min: 1001979097.1, Avg: 1001979097.4, Max: 1001979097.7, Diff: 0.6]
      [Ext Root Scanning (ms): Min: 0.7, Avg: 2.5, Max: 10.7, Diff: 10.0, Sum: 19.6]
      [Update RS (ms): Min: 0.0, Avg: 2.6, Max: 3.2, Diff: 3.2, Sum: 20.8]
         [Processed Buffers: Min: 0, Avg: 10.1, Max: 30, Diff: 30, Sum: 81]
      [Scan RS (ms): Min: 0.2, Avg: 0.3, Max: 0.3, Diff: 0.1, Sum: 2.2]
      [Code Root Scanning (ms): Min: 0.0, Avg: 0.0, Max: 0.0, Diff: 0.0, Sum: 0.1]
      [Object Copy (ms): Min: 0.0, Avg: 5.4, Max: 6.2, Diff: 6.2, Sum: 43.1]
      [Termination (ms): Min: 0.0, Avg: 0.3, Max: 0.3, Diff: 0.3, Sum: 2.0]
         [Termination Attempts: Min: 1, Avg: 52.5, Max: 76, Diff: 75, Sum: 420]
      [GC Worker Other (ms): Min: 0.0, Avg: 0.1, Max: 0.1, Diff: 0.1, Sum: 0.4]
      [GC Worker Total (ms): Min: 10.7, Avg: 11.0, Max: 11.3, Diff: 0.6, Sum: 88.3]
      [GC Worker End (ms): Min: 1001979108.4, Avg: 1001979108.4, Max: 1001979108.5, Diff: 0.1]
   [Code Root Fixup: 0.1 ms]
   [Code Root Purge: 0.0 ms]
   [Clear CT: 0.6 ms]
   [Other: 6.3 ms]
      [Choose CSet: 0.0 ms]
      [Ref Proc: 4.3 ms]
      [Ref Enq: 0.0 ms]
      [Redirty Cards: 0.5 ms]
      [Humongous Register: 0.1 ms]
      [Humongous Reclaim: 0.0 ms]
      [Free CSet: 1.0 ms]
   [Eden: 1212.0M(1212.0M)->0.0B(1213.0M) Survivors: 16.0M->15.0M Heap: 1477.9M(2048.0M)->266.0M(2048.0M)]
 [Times: user=0.09 sys=0.00, real=0.02 secs] 
2019-07-21T01:03:45.795+0000: 1006876.624: [GC pause (G1 Evacuation Pause) (young), 0.0167120 secs]
   [Parallel Time: 10.3 ms, GC Workers: 8]
      [GC Worker Start (ms): Min: 1006876624.5, Avg: 1006876624.8, Max: 1006876625.2, Diff: 0.6]
      [Ext Root Scanning (ms): Min: 0.6, Avg: 1.1, Max: 2.0, Diff: 1.4, Sum: 8.7]
      [Update RS (ms): Min: 2.1, Avg: 2.7, Max: 3.3, Diff: 1.3, Sum: 21.3]
         [Processed Buffers: Min: 2, Avg: 10.6, Max: 39, Diff: 37, Sum: 85]
      [Scan RS (ms): Min: 0.2, Avg: 0.3, Max: 0.4, Diff: 0.2, Sum: 2.4]
      [Code Root Scanning (ms): Min: 0.0, Avg: 0.0, Max: 0.0, Diff: 0.0, Sum: 0.1]
      [Object Copy (ms): Min: 5.2, Avg: 5.6, Max: 5.7, Diff: 0.5, Sum: 44.5]
      [Termination (ms): Min: 0.0, Avg: 0.1, Max: 0.1, Diff: 0.0, Sum: 0.4]
         [Termination Attempts: Min: 30, Avg: 40.5, Max: 49, Diff: 19, Sum: 324]
      [GC Worker Other (ms): Min: 0.0, Avg: 0.1, Max: 0.1, Diff: 0.1, Sum: 0.8]
      [GC Worker Total (ms): Min: 9.4, Avg: 9.8, Max: 10.0, Diff: 0.6, Sum: 78.2]
      [GC Worker End (ms): Min: 1006876634.5, Avg: 1006876634.6, Max: 1006876634.7, Diff: 0.1]
   [Code Root Fixup: 0.1 ms]
   [Code Root Purge: 0.0 ms]
   [Clear CT: 0.6 ms]
   [Other: 5.7 ms]
      [Choose CSet: 0.0 ms]
      [Ref Proc: 3.9 ms]
      [Ref Enq: 0.0 ms]
      [Redirty Cards: 0.3 ms]
      [Humongous Register: 0.2 ms]
      [Humongous Reclaim: 0.0 ms]
      [Free CSet: 0.9 ms]
   [Eden: 1213.0M(1213.0M)->0.0B(1213.0M) Survivors: 15.0M->15.0M Heap: 1479.0M(2048.0M)->266.6M(2048.0M)]
 [Times: user=0.08 sys=0.00, real=0.02 secs] 
2019-07-21T02:25:10.198+0000: 1011761.028: [GC pause (G1 Evacuation Pause) (young), 0.0229124 secs]
   [Parallel Time: 15.8 ms, GC Workers: 8]
      [GC Worker Start (ms): Min: 1011761028.4, Avg: 1011761034.3, Max: 1011761037.3, Diff: 9.0]
      [Ext Root Scanning (ms): Min: 0.0, Avg: 1.0, Max: 4.0, Diff: 4.0, Sum: 8.1]
      [Update RS (ms): Min: 0.0, Avg: 2.1, Max: 4.6, Diff: 4.6, Sum: 16.8]
         [Processed Buffers: Min: 0, Avg: 10.4, Max: 44, Diff: 44, Sum: 83]
      [Scan RS (ms): Min: 0.1, Avg: 0.3, Max: 0.4, Diff: 0.2, Sum: 2.2]
      [Code Root Scanning (ms): Min: 0.0, Avg: 0.0, Max: 0.0, Diff: 0.0, Sum: 0.1]
      [Object Copy (ms): Min: 5.2, Avg: 5.9, Max: 6.4, Diff: 1.2, Sum: 47.2]
      [Termination (ms): Min: 0.0, Avg: 0.1, Max: 0.1, Diff: 0.0, Sum: 0.5]
         [Termination Attempts: Min: 31, Avg: 35.8, Max: 43, Diff: 12, Sum: 286]
      [GC Worker Other (ms): Min: 0.0, Avg: 0.1, Max: 0.2, Diff: 0.2, Sum: 1.0]
      [GC Worker Total (ms): Min: 6.5, Avg: 9.5, Max: 15.5, Diff: 9.0, Sum: 75.9]
      [GC Worker End (ms): Min: 1011761043.7, Avg: 1011761043.8, Max: 1011761043.9, Diff: 0.2]
   [Code Root Fixup: 0.1 ms]
   [Code Root Purge: 0.0 ms]
   [Clear CT: 0.6 ms]
   [Other: 6.4 ms]
      [Choose CSet: 0.0 ms]
      [Ref Proc: 4.4 ms]
      [Ref Enq: 0.0 ms]
      [Redirty Cards: 0.3 ms]
      [Humongous Register: 0.3 ms]
      [Humongous Reclaim: 0.0 ms]
      [Free CSet: 0.9 ms]
   [Eden: 1213.0M(1213.0M)->0.0B(1213.0M) Survivors: 15.0M->15.0M Heap: 1479.6M(2048.0M)->267.1M(2048.0M)]
 [Times: user=0.09 sys=0.00, real=0.03 secs] 
2019-07-21T03:47:28.819+0000: 1016699.649: [GC pause (G1 Evacuation Pause) (young), 0.0153314 secs]
   [Parallel Time: 9.0 ms, GC Workers: 8]
      [GC Worker Start (ms): Min: 1016699649.1, Avg: 1016699649.2, Max: 1016699649.3, Diff: 0.2]
      [Ext Root Scanning (ms): Min: 1.0, Avg: 1.2, Max: 2.2, Diff: 1.2, Sum: 9.9]
      [Update RS (ms): Min: 1.3, Avg: 2.0, Max: 2.2, Diff: 0.9, Sum: 16.4]
         [Processed Buffers: Min: 3, Avg: 10.5, Max: 38, Diff: 35, Sum: 84]
      [Scan RS (ms): Min: 0.2, Avg: 0.2, Max: 0.3, Diff: 0.1, Sum: 2.0]
      [Code Root Scanning (ms): Min: 0.0, Avg: 0.0, Max: 0.0, Diff: 0.0, Sum: 0.1]
      [Object Copy (ms): Min: 4.8, Avg: 4.9, Max: 5.0, Diff: 0.2, Sum: 39.3]
      [Termination (ms): Min: 0.1, Avg: 0.1, Max: 0.1, Diff: 0.0, Sum: 0.5]
         [Termination Attempts: Min: 31, Avg: 36.5, Max: 42, Diff: 11, Sum: 292]
      [GC Worker Other (ms): Min: 0.0, Avg: 0.1, Max: 0.2, Diff: 0.2, Sum: 1.0]
      [GC Worker Total (ms): Min: 8.5, Avg: 8.6, Max: 8.8, Diff: 0.3, Sum: 69.1]
      [GC Worker End (ms): Min: 1016699657.7, Avg: 1016699657.8, Max: 1016699657.9, Diff: 0.2]
   [Code Root Fixup: 0.1 ms]
   [Code Root Purge: 0.0 ms]
   [Clear CT: 0.6 ms]
   [Other: 5.6 ms]
      [Choose CSet: 0.0 ms]
      [Ref Proc: 3.8 ms]
      [Ref Enq: 0.0 ms]
      [Redirty Cards: 0.4 ms]
      [Humongous Register: 0.1 ms]
      [Humongous Reclaim: 0.0 ms]
      [Free CSet: 0.9 ms]
   [Eden: 1213.0M(1213.0M)->0.0B(1212.0M) Survivors: 15.0M->16.0M Heap: 1480.1M(2048.0M)->268.2M(2048.0M)]
 [Times: user=0.08 sys=0.00, real=0.02 secs] 
2019-07-21T05:08:35.584+0000: 1021566.414: [GC pause (G1 Evacuation Pause) (young), 0.0169290 secs]
   [Parallel Time: 9.8 ms, GC Workers: 8]
      [GC Worker Start (ms): Min: 1021566414.2, Avg: 1021566414.5, Max: 1021566415.4, Diff: 1.2]
      [Ext Root Scanning (ms): Min: 0.0, Avg: 1.0, Max: 2.2, Diff: 2.2, Sum: 7.7]
      [Update RS (ms): Min: 1.6, Avg: 2.5, Max: 2.8, Diff: 1.3, Sum: 19.7]
         [Processed Buffers: Min: 2, Avg: 10.5, Max: 26, Diff: 24, Sum: 84]
      [Scan RS (ms): Min: 0.1, Avg: 0.2, Max: 0.3, Diff: 0.2, Sum: 1.8]
      [Code Root Scanning (ms): Min: 0.0, Avg: 0.0, Max: 0.0, Diff: 0.0, Sum: 0.1]
      [Object Copy (ms): Min: 4.8, Avg: 5.2, Max: 5.4, Diff: 0.6, Sum: 42.0]
      [Termination (ms): Min: 0.1, Avg: 0.1, Max: 0.2, Diff: 0.1, Sum: 1.1]
         [Termination Attempts: Min: 45, Avg: 49.4, Max: 63, Diff: 18, Sum: 395]
      [GC Worker Other (ms): Min: 0.0, Avg: 0.1, Max: 0.2, Diff: 0.2, Sum: 0.8]
      [GC Worker Total (ms): Min: 8.3, Avg: 9.1, Max: 9.5, Diff: 1.2, Sum: 73.1]
      [GC Worker End (ms): Min: 1021566423.6, Avg: 1021566423.7, Max: 1021566423.8, Diff: 0.2]
   [Code Root Fixup: 0.1 ms]
   [Code Root Purge: 0.0 ms]
   [Clear CT: 0.6 ms]
   [Other: 6.4 ms]
      [Choose CSet: 0.0 ms]
      [Ref Proc: 4.2 ms]
      [Ref Enq: 0.0 ms]
      [Redirty Cards: 0.3 ms]
      [Humongous Register: 0.3 ms]
      [Humongous Reclaim: 0.0 ms]
      [Free CSet: 1.1 ms]
   [Eden: 1212.0M(1212.0M)->0.0B(1213.0M) Survivors: 16.0M->15.0M Heap: 1480.2M(2048.0M)->268.2M(2048.0M)]
 [Times: user=0.09 sys=0.00, real=0.02 secs] 
2019-07-21T06:30:05.905+0000: 1026456.734: [GC pause (G1 Evacuation Pause) (young), 0.0188343 secs]
   [Parallel Time: 10.4 ms, GC Workers: 8]
      [GC Worker Start (ms): Min: 1026456735.3, Avg: 1026456735.7, Max: 1026456736.1, Diff: 0.8]
      [Ext Root Scanning (ms): Min: 0.7, Avg: 1.2, Max: 2.6, Diff: 1.9, Sum: 9.8]
      [Update RS (ms): Min: 1.6, Avg: 2.6, Max: 3.1, Diff: 1.5, Sum: 20.4]
         [Processed Buffers: Min: 2, Avg: 10.0, Max: 30, Diff: 28, Sum: 80]
      [Scan RS (ms): Min: 0.1, Avg: 0.2, Max: 0.3, Diff: 0.2, Sum: 1.8]
      [Code Root Scanning (ms): Min: 0.0, Avg: 0.0, Max: 0.0, Diff: 0.0, Sum: 0.1]
      [Object Copy (ms): Min: 5.0, Avg: 5.2, Max: 5.4, Diff: 0.4, Sum: 42.0]
      [Termination (ms): Min: 0.2, Avg: 0.3, Max: 0.4, Diff: 0.1, Sum: 2.6]
         [Termination Attempts: Min: 41, Avg: 51.4, Max: 63, Diff: 22, Sum: 411]
      [GC Worker Other (ms): Min: 0.0, Avg: 0.1, Max: 0.2, Diff: 0.2, Sum: 0.6]
      [GC Worker Total (ms): Min: 9.3, Avg: 9.7, Max: 10.1, Diff: 0.9, Sum: 77.3]
      [GC Worker End (ms): Min: 1026456745.3, Avg: 1026456745.3, Max: 1026456745.4, Diff: 0.1]
   [Code Root Fixup: 0.2 ms]
   [Code Root Purge: 0.0 ms]
   [Clear CT: 0.6 ms]
   [Other: 7.6 ms]
      [Choose CSet: 0.0 ms]
      [Ref Proc: 4.6 ms]
      [Ref Enq: 0.0 ms]
      [Redirty Cards: 0.5 ms]
      [Humongous Register: 0.9 ms]
      [Humongous Reclaim: 0.0 ms]
      [Free CSet: 1.1 ms]
   [Eden: 1213.0M(1213.0M)->0.0B(1212.0M) Survivors: 15.0M->16.0M Heap: 1481.2M(2048.0M)->269.8M(2048.0M)]
 [Times: user=0.09 sys=0.00, real=0.02 secs] 
2019-07-21T07:52:01.149+0000: 1031371.978: [GC pause (G1 Evacuation Pause) (young), 0.0172437 secs]
   [Parallel Time: 10.5 ms, GC Workers: 8]
      [GC Worker Start (ms): Min: 1031371979.1, Avg: 1031371979.3, Max: 1031371979.6, Diff: 0.5]
      [Ext Root Scanning (ms): Min: 0.8, Avg: 1.4, Max: 2.8, Diff: 2.1, Sum: 10.9]
      [Update RS (ms): Min: 1.7, Avg: 2.8, Max: 3.1, Diff: 1.4, Sum: 22.2]
         [Processed Buffers: Min: 2, Avg: 10.5, Max: 31, Diff: 29, Sum: 84]
      [Scan RS (ms): Min: 0.2, Avg: 0.3, Max: 0.4, Diff: 0.2, Sum: 2.6]
      [Code Root Scanning (ms): Min: 0.0, Avg: 0.0, Max: 0.0, Diff: 0.0, Sum: 0.1]
      [Object Copy (ms): Min: 5.1, Avg: 5.2, Max: 5.3, Diff: 0.2, Sum: 41.9]
      [Termination (ms): Min: 0.0, Avg: 0.1, Max: 0.1, Diff: 0.0, Sum: 0.4]
         [Termination Attempts: Min: 26, Avg: 29.4, Max: 34, Diff: 8, Sum: 235]
      [GC Worker Other (ms): Min: 0.0, Avg: 0.1, Max: 0.3, Diff: 0.2, Sum: 1.0]
      [GC Worker Total (ms): Min: 9.6, Avg: 9.9, Max: 10.2, Diff: 0.5, Sum: 79.1]
      [GC Worker End (ms): Min: 1031371989.1, Avg: 1031371989.2, Max: 1031371989.3, Diff: 0.1]
   [Code Root Fixup: 0.1 ms]
   [Code Root Purge: 0.0 ms]
   [Clear CT: 0.5 ms]
   [Other: 6.1 ms]
      [Choose CSet: 0.0 ms]
      [Ref Proc: 4.1 ms]
      [Ref Enq: 0.0 ms]
      [Redirty Cards: 0.2 ms]
      [Humongous Register: 0.3 ms]
      [Humongous Reclaim: 0.0 ms]
      [Free CSet: 1.0 ms]
   [Eden: 1212.0M(1212.0M)->0.0B(1212.0M) Survivors: 16.0M->16.0M Heap: 1481.8M(2048.0M)->269.8M(2048.0M)]
 [Times: user=0.09 sys=0.00, real=0.02 secs] 
2019-07-21T09:13:18.359+0000: 1036249.188: [GC pause (G1 Evacuation Pause) (young), 0.0190915 secs]
   [Parallel Time: 12.2 ms, GC Workers: 8]
      [GC Worker Start (ms): Min: 1036249188.7, Avg: 1036249188.9, Max: 1036249189.1, Diff: 0.3]
      [Ext Root Scanning (ms): Min: 0.7, Avg: 1.2, Max: 2.8, Diff: 2.1, Sum: 9.4]
      [Update RS (ms): Min: 2.0, Avg: 3.6, Max: 5.5, Diff: 3.5, Sum: 28.6]
         [Processed Buffers: Min: 2, Avg: 10.6, Max: 34, Diff: 32, Sum: 85]
      [Scan RS (ms): Min: 0.1, Avg: 0.3, Max: 0.4, Diff: 0.3, Sum: 2.4]
      [Code Root Scanning (ms): Min: 0.0, Avg: 0.0, Max: 0.0, Diff: 0.0, Sum: 0.1]
      [Object Copy (ms): Min: 4.9, Avg: 6.5, Max: 7.2, Diff: 2.3, Sum: 51.6]
      [Termination (ms): Min: 0.1, Avg: 0.1, Max: 0.3, Diff: 0.2, Sum: 1.1]
         [Termination Attempts: Min: 37, Avg: 47.6, Max: 64, Diff: 27, Sum: 381]
      [GC Worker Other (ms): Min: 0.0, Avg: 0.1, Max: 0.2, Diff: 0.2, Sum: 1.1]
      [GC Worker Total (ms): Min: 11.5, Avg: 11.8, Max: 12.0, Diff: 0.5, Sum: 94.3]
      [GC Worker End (ms): Min: 1036249200.6, Avg: 1036249200.7, Max: 1036249200.8, Diff: 0.2]
   [Code Root Fixup: 0.1 ms]
   [Code Root Purge: 0.0 ms]
   [Clear CT: 0.6 ms]
   [Other: 6.1 ms]
      [Choose CSet: 0.0 ms]
      [Ref Proc: 4.1 ms]
      [Ref Enq: 0.0 ms]
      [Redirty Cards: 0.3 ms]
      [Humongous Register: 0.3 ms]
      [Humongous Reclaim: 0.0 ms]
      [Free CSet: 0.9 ms]
   [Eden: 1212.0M(1212.0M)->0.0B(1212.0M) Survivors: 16.0M->16.0M Heap: 1481.8M(2048.0M)->270.9M(2048.0M)]
 [Times: user=0.09 sys=0.00, real=0.02 secs] 
2019-07-21T10:34:55.933+0000: 1041146.763: [GC pause (G1 Evacuation Pause) (young), 0.0179537 secs]
   [Parallel Time: 10.5 ms, GC Workers: 8]
      [GC Worker Start (ms): Min: 1041146763.3, Avg: 1041146763.5, Max: 1041146763.6, Diff: 0.3]
      [Ext Root Scanning (ms): Min: 0.8, Avg: 1.2, Max: 2.4, Diff: 1.6, Sum: 9.2]
      [Update RS (ms): Min: 1.5, Avg: 2.5, Max: 2.7, Diff: 1.2, Sum: 19.8]
         [Processed Buffers: Min: 2, Avg: 10.1, Max: 31, Diff: 29, Sum: 81]
      [Scan RS (ms): Min: 0.2, Avg: 0.3, Max: 0.4, Diff: 0.1, Sum: 2.3]
      [Code Root Scanning (ms): Min: 0.0, Avg: 0.0, Max: 0.0, Diff: 0.0, Sum: 0.1]
      [Object Copy (ms): Min: 5.7, Avg: 5.8, Max: 5.9, Diff: 0.2, Sum: 46.6]
      [Termination (ms): Min: 0.1, Avg: 0.1, Max: 0.2, Diff: 0.1, Sum: 1.1]
         [Termination Attempts: Min: 39, Avg: 49.1, Max: 58, Diff: 19, Sum: 393]
      [GC Worker Other (ms): Min: 0.0, Avg: 0.1, Max: 0.3, Diff: 0.2, Sum: 1.1]
      [GC Worker Total (ms): Min: 9.8, Avg: 10.0, Max: 10.2, Diff: 0.4, Sum: 80.2]
      [GC Worker End (ms): Min: 1041146773.4, Avg: 1041146773.5, Max: 1041146773.6, Diff: 0.2]
   [Code Root Fixup: 0.1 ms]
   [Code Root Purge: 0.0 ms]
   [Clear CT: 0.6 ms]
   [Other: 6.7 ms]
      [Choose CSet: 0.0 ms]
      [Ref Proc: 4.5 ms]
      [Ref Enq: 0.0 ms]
      [Redirty Cards: 0.4 ms]
      [Humongous Register: 0.3 ms]
      [Humongous Reclaim: 0.0 ms]
      [Free CSet: 1.1 ms]
   [Eden: 1212.0M(1212.0M)->0.0B(1212.0M) Survivors: 16.0M->16.0M Heap: 1482.9M(2048.0M)->271.4M(2048.0M)]
 [Times: user=0.09 sys=0.00, real=0.02 secs] 
2019-07-21T11:56:47.104+0000: 1046057.933: [GC pause (G1 Evacuation Pause) (young), 0.0177570 secs]
   [Parallel Time: 11.0 ms, GC Workers: 8]
      [GC Worker Start (ms): Min: 1046057933.9, Avg: 1046057934.3, Max: 1046057934.5, Diff: 0.7]
      [Ext Root Scanning (ms): Min: 0.7, Avg: 1.3, Max: 2.6, Diff: 1.9, Sum: 10.5]
      [Update RS (ms): Min: 2.2, Avg: 3.1, Max: 3.3, Diff: 1.0, Sum: 24.9]
         [Processed Buffers: Min: 2, Avg: 10.4, Max: 27, Diff: 25, Sum: 83]
      [Scan RS (ms): Min: 0.2, Avg: 0.3, Max: 0.4, Diff: 0.2, Sum: 2.4]
      [Code Root Scanning (ms): Min: 0.0, Avg: 0.0, Max: 0.0, Diff: 0.0, Sum: 0.1]
      [Object Copy (ms): Min: 5.2, Avg: 5.4, Max: 5.5, Diff: 0.3, Sum: 43.3]
      [Termination (ms): Min: 0.1, Avg: 0.1, Max: 0.1, Diff: 0.1, Sum: 0.8]
         [Termination Attempts: Min: 44, Avg: 53.4, Max: 65, Diff: 21, Sum: 427]
      [GC Worker Other (ms): Min: 0.0, Avg: 0.1, Max: 0.2, Diff: 0.1, Sum: 0.8]
      [GC Worker Total (ms): Min: 10.0, Avg: 10.3, Max: 10.7, Diff: 0.7, Sum: 82.8]
      [GC Worker End (ms): Min: 1046057944.5, Avg: 1046057944.6, Max: 1046057944.7, Diff: 0.1]
   [Code Root Fixup: 0.1 ms]
   [Code Root Purge: 0.0 ms]
   [Clear CT: 0.6 ms]
   [Other: 6.1 ms]
      [Choose CSet: 0.0 ms]
      [Ref Proc: 4.1 ms]
      [Ref Enq: 0.0 ms]
      [Redirty Cards: 0.3 ms]
      [Humongous Register: 0.3 ms]
      [Humongous Reclaim: 0.0 ms]
      [Free CSet: 0.9 ms]
   [Eden: 1212.0M(1212.0M)->0.0B(1212.0M) Survivors: 16.0M->16.0M Heap: 1483.4M(2048.0M)->271.5M(2048.0M)]
 [Times: user=0.09 sys=0.00, real=0.02 secs] 
2019-07-21T13:17:55.138+0000: 1050925.968: [GC pause (G1 Evacuation Pause) (young), 0.0164765 secs]
   [Parallel Time: 9.2 ms, GC Workers: 8]
      [GC Worker Start (ms): Min: 1050925968.1, Avg: 1050925968.4, Max: 1050925968.8, Diff: 0.7]
      [Ext Root Scanning (ms): Min: 0.2, Avg: 0.8, Max: 2.0, Diff: 1.7, Sum: 6.6]
      [Update RS (ms): Min: 1.4, Avg: 2.2, Max: 2.8, Diff: 1.4, Sum: 18.0]
         [Processed Buffers: Min: 3, Avg: 10.1, Max: 21, Diff: 18, Sum: 81]
      [Scan RS (ms): Min: 0.1, Avg: 0.2, Max: 0.3, Diff: 0.2, Sum: 1.9]
      [Code Root Scanning (ms): Min: 0.0, Avg: 0.0, Max: 0.0, Diff: 0.0, Sum: 0.1]
      [Object Copy (ms): Min: 4.8, Avg: 5.0, Max: 5.2, Diff: 0.4, Sum: 40.2]
      [Termination (ms): Min: 0.1, Avg: 0.1, Max: 0.1, Diff: 0.0, Sum: 0.9]
         [Termination Attempts: Min: 36, Avg: 44.1, Max: 48, Diff: 12, Sum: 353]
      [GC Worker Other (ms): Min: 0.0, Avg: 0.1, Max: 0.2, Diff: 0.2, Sum: 0.7]
      [GC Worker Total (ms): Min: 8.0, Avg: 8.6, Max: 8.9, Diff: 0.8, Sum: 68.4]
      [GC Worker End (ms): Min: 1050925976.9, Avg: 1050925976.9, Max: 1050925977.0, Diff: 0.1]
   [Code Root Fixup: 0.1 ms]
   [Code Root Purge: 0.0 ms]
   [Clear CT: 0.6 ms]
   [Other: 6.6 ms]
      [Choose CSet: 0.0 ms]
      [Ref Proc: 4.7 ms]
      [Ref Enq: 0.0 ms]
      [Redirty Cards: 0.3 ms]
      [Humongous Register: 0.3 ms]
      [Humongous Reclaim: 0.0 ms]
      [Free CSet: 0.9 ms]
   [Eden: 1212.0M(1212.0M)->0.0B(1212.0M) Survivors: 16.0M->16.0M Heap: 1483.5M(2048.0M)->272.1M(2048.0M)]
 [Times: user=0.08 sys=0.00, real=0.02 secs] 
2019-07-21T14:39:32.492+0000: 1055823.321: [GC pause (G1 Evacuation Pause) (young), 0.0170618 secs]
   [Parallel Time: 10.5 ms, GC Workers: 8]
      [GC Worker Start (ms): Min: 1055823321.4, Avg: 1055823321.8, Max: 1055823323.8, Diff: 2.4]
      [Ext Root Scanning (ms): Min: 0.0, Avg: 1.4, Max: 2.8, Diff: 2.8, Sum: 11.0]
      [Update RS (ms): Min: 1.8, Avg: 3.1, Max: 4.1, Diff: 2.3, Sum: 24.6]
         [Processed Buffers: Min: 1, Avg: 10.0, Max: 35, Diff: 34, Sum: 80]
      [Scan RS (ms): Min: 0.1, Avg: 0.2, Max: 0.3, Diff: 0.2, Sum: 1.7]
      [Code Root Scanning (ms): Min: 0.0, Avg: 0.0, Max: 0.0, Diff: 0.0, Sum: 0.1]
      [Object Copy (ms): Min: 4.1, Avg: 4.8, Max: 5.1, Diff: 1.0, Sum: 38.3]
      [Termination (ms): Min: 0.1, Avg: 0.1, Max: 0.2, Diff: 0.1, Sum: 1.0]
         [Termination Attempts: Min: 42, Avg: 45.8, Max: 51, Diff: 9, Sum: 366]
      [GC Worker Other (ms): Min: 0.0, Avg: 0.2, Max: 0.7, Diff: 0.6, Sum: 1.9]
      [GC Worker Total (ms): Min: 8.0, Avg: 9.8, Max: 10.3, Diff: 2.4, Sum: 78.7]
      [GC Worker End (ms): Min: 1055823331.5, Avg: 1055823331.6, Max: 1055823331.8, Diff: 0.3]
   [Code Root Fixup: 0.1 ms]
   [Code Root Purge: 0.0 ms]
   [Clear CT: 0.6 ms]
   [Other: 5.9 ms]
      [Choose CSet: 0.0 ms]
      [Ref Proc: 4.0 ms]
      [Ref Enq: 0.0 ms]
      [Redirty Cards: 0.3 ms]
      [Humongous Register: 0.2 ms]
      [Humongous Reclaim: 0.0 ms]
      [Free CSet: 0.9 ms]
   [Eden: 1212.0M(1212.0M)->0.0B(1213.0M) Survivors: 16.0M->15.0M Heap: 1484.1M(2048.0M)->272.2M(2048.0M)]
 [Times: user=0.08 sys=0.00, real=0.01 secs] 
2019-07-21T16:00:20.164+0000: 1060670.993: [GC pause (G1 Evacuation Pause) (young), 0.0151678 secs]
   [Parallel Time: 8.8 ms, GC Workers: 8]
      [GC Worker Start (ms): Min: 1060670993.5, Avg: 1060670993.6, Max: 1060670993.7, Diff: 0.2]
      [Ext Root Scanning (ms): Min: 0.6, Avg: 0.9, Max: 2.2, Diff: 1.7, Sum: 7.1]
      [Update RS (ms): Min: 0.9, Avg: 2.0, Max: 2.8, Diff: 1.9, Sum: 16.3]
         [Processed Buffers: Min: 3, Avg: 10.5, Max: 19, Diff: 16, Sum: 84]
      [Scan RS (ms): Min: 0.1, Avg: 0.2, Max: 0.3, Diff: 0.1, Sum: 1.8]
      [Code Root Scanning (ms): Min: 0.0, Avg: 0.0, Max: 0.0, Diff: 0.0, Sum: 0.1]
      [Object Copy (ms): Min: 4.6, Avg: 5.0, Max: 5.2, Diff: 0.6, Sum: 40.1]
      [Termination (ms): Min: 0.1, Avg: 0.1, Max: 0.1, Diff: 0.1, Sum: 0.8]
         [Termination Attempts: Min: 34, Avg: 37.6, Max: 42, Diff: 8, Sum: 301]
      [GC Worker Other (ms): Min: 0.0, Avg: 0.1, Max: 0.2, Diff: 0.2, Sum: 1.0]
      [GC Worker Total (ms): Min: 8.3, Avg: 8.4, Max: 8.6, Diff: 0.3, Sum: 67.0]
      [GC Worker End (ms): Min: 1060671001.9, Avg: 1060671002.0, Max: 1060671002.0, Diff: 0.2]
   [Code Root Fixup: 0.1 ms]
   [Code Root Purge: 0.0 ms]
   [Clear CT: 0.6 ms]
   [Other: 5.7 ms]
      [Choose CSet: 0.0 ms]
      [Ref Proc: 3.8 ms]
      [Ref Enq: 0.0 ms]
      [Redirty Cards: 0.3 ms]
      [Humongous Register: 0.2 ms]
      [Humongous Reclaim: 0.0 ms]
      [Free CSet: 1.0 ms]
   [Eden: 1213.0M(1213.0M)->0.0B(1213.0M) Survivors: 15.0M->15.0M Heap: 1485.2M(2048.0M)->272.7M(2048.0M)]
 [Times: user=0.08 sys=0.00, real=0.01 secs] 
2019-07-21T17:22:08.262+0000: 1065579.091: [GC pause (G1 Evacuation Pause) (young), 0.0164105 secs]
   [Parallel Time: 9.6 ms, GC Workers: 8]
      [GC Worker Start (ms): Min: 1065579091.8, Avg: 1065579092.0, Max: 1065579092.1, Diff: 0.3]
      [Ext Root Scanning (ms): Min: 0.7, Avg: 1.0, Max: 2.0, Diff: 1.3, Sum: 8.3]
      [Update RS (ms): Min: 2.3, Avg: 2.7, Max: 3.9, Diff: 1.6, Sum: 22.0]
         [Processed Buffers: Min: 1, Avg: 10.4, Max: 39, Diff: 38, Sum: 83]
      [Scan RS (ms): Min: 0.1, Avg: 0.2, Max: 0.3, Diff: 0.2, Sum: 1.8]
      [Code Root Scanning (ms): Min: 0.0, Avg: 0.0, Max: 0.0, Diff: 0.0, Sum: 0.1]
      [Object Copy (ms): Min: 4.1, Avg: 4.9, Max: 5.3, Diff: 1.2, Sum: 39.5]
      [Termination (ms): Min: 0.0, Avg: 0.1, Max: 0.1, Diff: 0.1, Sum: 0.6]
         [Termination Attempts: Min: 41, Avg: 49.5, Max: 56, Diff: 15, Sum: 396]
      [GC Worker Other (ms): Min: 0.0, Avg: 0.1, Max: 0.3, Diff: 0.3, Sum: 1.2]
      [GC Worker Total (ms): Min: 8.9, Avg: 9.2, Max: 9.5, Diff: 0.5, Sum: 73.4]
      [GC Worker End (ms): Min: 1065579101.0, Avg: 1065579101.2, Max: 1065579101.3, Diff: 0.3]
   [Code Root Fixup: 0.1 ms]
   [Code Root Purge: 0.0 ms]
   [Clear CT: 0.7 ms]
   [Other: 6.1 ms]
      [Choose CSet: 0.0 ms]
      [Ref Proc: 4.1 ms]
      [Ref Enq: 0.0 ms]
      [Redirty Cards: 0.4 ms]
      [Humongous Register: 0.2 ms]
      [Humongous Reclaim: 0.0 ms]
      [Free CSet: 1.0 ms]
   [Eden: 1213.0M(1213.0M)->0.0B(1213.0M) Survivors: 15.0M->15.0M Heap: 1485.7M(2048.0M)->272.8M(2048.0M)]
 [Times: user=0.08 sys=0.00, real=0.01 secs] 
2019-07-21T18:43:51.293+0000: 1070482.122: [GC pause (G1 Evacuation Pause) (young), 0.0157814 secs]
   [Parallel Time: 8.8 ms, GC Workers: 8]
      [GC Worker Start (ms): Min: 1070482122.3, Avg: 1070482122.5, Max: 1070482122.6, Diff: 0.3]
      [Ext Root Scanning (ms): Min: 0.7, Avg: 1.0, Max: 2.1, Diff: 1.4, Sum: 7.7]
      [Update RS (ms): Min: 1.3, Avg: 2.2, Max: 2.7, Diff: 1.4, Sum: 17.9]
         [Processed Buffers: Min: 2, Avg: 10.1, Max: 34, Diff: 32, Sum: 81]
      [Scan RS (ms): Min: 0.1, Avg: 0.2, Max: 0.3, Diff: 0.2, Sum: 1.8]
      [Code Root Scanning (ms): Min: 0.0, Avg: 0.0, Max: 0.0, Diff: 0.0, Sum: 0.1]
      [Object Copy (ms): Min: 4.5, Avg: 4.7, Max: 4.7, Diff: 0.3, Sum: 37.4]
      [Termination (ms): Min: 0.2, Avg: 0.2, Max: 0.3, Diff: 0.1, Sum: 1.9]
         [Termination Attempts: Min: 39, Avg: 43.9, Max: 50, Diff: 11, Sum: 351]
      [GC Worker Other (ms): Min: 0.0, Avg: 0.1, Max: 0.2, Diff: 0.2, Sum: 0.9]
      [GC Worker Total (ms): Min: 8.3, Avg: 8.5, Max: 8.7, Diff: 0.4, Sum: 67.6]
      [GC Worker End (ms): Min: 1070482130.8, Avg: 1070482130.9, Max: 1070482131.0, Diff: 0.2]
   [Code Root Fixup: 0.1 ms]
   [Code Root Purge: 0.0 ms]
   [Clear CT: 0.7 ms]
   [Other: 6.2 ms]
      [Choose CSet: 0.0 ms]
      [Ref Proc: 4.2 ms]
      [Ref Enq: 0.0 ms]
      [Redirty Cards: 0.4 ms]
      [Humongous Register: 0.3 ms]
      [Humongous Reclaim: 0.0 ms]
      [Free CSet: 0.9 ms]
   [Eden: 1213.0M(1213.0M)->0.0B(1213.0M) Survivors: 15.0M->15.0M Heap: 1485.8M(2048.0M)->273.8M(2048.0M)]
 [Times: user=0.07 sys=0.00, real=0.01 secs] 
2019-07-21T20:05:29.358+0000: 1075380.187: [GC pause (G1 Evacuation Pause) (young), 0.0173817 secs]
   [Parallel Time: 10.3 ms, GC Workers: 8]
      [GC Worker Start (ms): Min: 1075380187.6, Avg: 1075380187.8, Max: 1075380188.5, Diff: 0.9]
      [Ext Root Scanning (ms): Min: 1.3, Avg: 2.0, Max: 3.5, Diff: 2.2, Sum: 15.8]
      [Update RS (ms): Min: 1.1, Avg: 2.2, Max: 2.6, Diff: 1.5, Sum: 17.4]
         [Processed Buffers: Min: 1, Avg: 10.8, Max: 38, Diff: 37, Sum: 86]
      [Scan RS (ms): Min: 0.1, Avg: 0.2, Max: 0.3, Diff: 0.2, Sum: 1.9]
      [Code Root Scanning (ms): Min: 0.0, Avg: 0.0, Max: 0.0, Diff: 0.0, Sum: 0.1]
      [Object Copy (ms): Min: 4.8, Avg: 4.9, Max: 5.0, Diff: 0.2, Sum: 38.9]
      [Termination (ms): Min: 0.1, Avg: 0.2, Max: 0.3, Diff: 0.2, Sum: 1.8]
         [Termination Attempts: Min: 42, Avg: 46.8, Max: 55, Diff: 13, Sum: 374]
      [GC Worker Other (ms): Min: 0.1, Avg: 0.3, Max: 0.7, Diff: 0.7, Sum: 2.0]
      [GC Worker Total (ms): Min: 9.2, Avg: 9.7, Max: 9.9, Diff: 0.8, Sum: 77.9]
      [GC Worker End (ms): Min: 1075380197.5, Avg: 1075380197.6, Max: 1075380197.7, Diff: 0.2]
   [Code Root Fixup: 0.1 ms]
   [Code Root Purge: 0.0 ms]
   [Clear CT: 0.6 ms]
   [Other: 6.5 ms]
      [Choose CSet: 0.0 ms]
      [Ref Proc: 4.6 ms]
      [Ref Enq: 0.0 ms]
      [Redirty Cards: 0.3 ms]
      [Humongous Register: 0.1 ms]
      [Humongous Reclaim: 0.0 ms]
      [Free CSet: 1.0 ms]
   [Eden: 1213.0M(1213.0M)->0.0B(1213.0M) Survivors: 15.0M->15.0M Heap: 1486.8M(2048.0M)->274.4M(2048.0M)]
 [Times: user=0.09 sys=0.00, real=0.02 secs] 
2019-07-21T21:26:48.347+0000: 1080259.177: [GC pause (G1 Evacuation Pause) (young), 0.0182020 secs]
   [Parallel Time: 11.9 ms, GC Workers: 8]
      [GC Worker Start (ms): Min: 1080259176.9, Avg: 1080259178.8, Max: 1080259182.1, Diff: 5.2]
      [Ext Root Scanning (ms): Min: 0.0, Avg: 0.9, Max: 2.8, Diff: 2.8, Sum: 7.2]
      [Update RS (ms): Min: 0.2, Avg: 3.7, Max: 9.5, Diff: 9.3, Sum: 29.2]
         [Processed Buffers: Min: 3, Avg: 10.5, Max: 29, Diff: 26, Sum: 84]
      [Scan RS (ms): Min: 0.1, Avg: 0.2, Max: 0.3, Diff: 0.2, Sum: 1.9]
      [Code Root Scanning (ms): Min: 0.0, Avg: 0.0, Max: 0.0, Diff: 0.0, Sum: 0.1]
      [Object Copy (ms): Min: 0.1, Avg: 4.6, Max: 5.7, Diff: 5.7, Sum: 37.2]
      [Termination (ms): Min: 0.0, Avg: 0.2, Max: 0.3, Diff: 0.3, Sum: 1.5]
         [Termination Attempts: Min: 1, Avg: 35.1, Max: 45, Diff: 44, Sum: 281]
      [GC Worker Other (ms): Min: 0.0, Avg: 0.1, Max: 0.2, Diff: 0.2, Sum: 0.7]
      [GC Worker Total (ms): Min: 6.3, Avg: 9.7, Max: 11.7, Diff: 5.3, Sum: 77.8]
      [GC Worker End (ms): Min: 1080259188.5, Avg: 1080259188.5, Max: 1080259188.6, Diff: 0.2]
   [Code Root Fixup: 0.1 ms]
   [Code Root Purge: 0.0 ms]
   [Clear CT: 0.5 ms]
   [Other: 5.7 ms]
      [Choose CSet: 0.0 ms]
      [Ref Proc: 3.9 ms]
      [Ref Enq: 0.0 ms]
      [Redirty Cards: 0.3 ms]
      [Humongous Register: 0.2 ms]
      [Humongous Reclaim: 0.0 ms]
      [Free CSet: 1.0 ms]
   [Eden: 1213.0M(1213.0M)->0.0B(1213.0M) Survivors: 15.0M->15.0M Heap: 1487.4M(2048.0M)->274.9M(2048.0M)]
 [Times: user=0.08 sys=0.00, real=0.02 secs] 
2019-07-21T22:48:37.897+0000: 1085168.727: [GC pause (G1 Evacuation Pause) (young), 0.0155989 secs]
   [Parallel Time: 9.1 ms, GC Workers: 8]
      [GC Worker Start (ms): Min: 1085168727.0, Avg: 1085168727.1, Max: 1085168727.3, Diff: 0.3]
      [Ext Root Scanning (ms): Min: 0.8, Avg: 1.1, Max: 2.1, Diff: 1.3, Sum: 8.7]
      [Update RS (ms): Min: 1.6, Avg: 2.5, Max: 3.0, Diff: 1.4, Sum: 20.0]
         [Processed Buffers: Min: 2, Avg: 10.1, Max: 26, Diff: 24, Sum: 81]
      [Scan RS (ms): Min: 0.1, Avg: 0.3, Max: 0.3, Diff: 0.2, Sum: 2.1]
      [Code Root Scanning (ms): Min: 0.0, Avg: 0.0, Max: 0.0, Diff: 0.0, Sum: 0.1]
      [Object Copy (ms): Min: 4.5, Avg: 4.7, Max: 4.9, Diff: 0.4, Sum: 38.0]
      [Termination (ms): Min: 0.1, Avg: 0.1, Max: 0.2, Diff: 0.2, Sum: 1.2]
         [Termination Attempts: Min: 28, Avg: 33.4, Max: 41, Diff: 13, Sum: 267]
      [GC Worker Other (ms): Min: 0.0, Avg: 0.1, Max: 0.2, Diff: 0.1, Sum: 0.7]
      [GC Worker Total (ms): Min: 8.7, Avg: 8.8, Max: 9.0, Diff: 0.3, Sum: 70.7]
      [GC Worker End (ms): Min: 1085168735.9, Avg: 1085168736.0, Max: 1085168736.1, Diff: 0.1]
   [Code Root Fixup: 0.1 ms]
   [Code Root Purge: 0.0 ms]
   [Clear CT: 0.5 ms]
   [Other: 5.9 ms]
      [Choose CSet: 0.0 ms]
      [Ref Proc: 4.1 ms]
      [Ref Enq: 0.0 ms]
      [Redirty Cards: 0.3 ms]
      [Humongous Register: 0.2 ms]
      [Humongous Reclaim: 0.0 ms]
      [Free CSet: 1.0 ms]
   [Eden: 1213.0M(1213.0M)->0.0B(1212.0M) Survivors: 15.0M->16.0M Heap: 1487.9M(2048.0M)->276.0M(2048.0M)]
 [Times: user=0.08 sys=0.00, real=0.02 secs] 
2019-07-22T00:09:50.666+0000: 1090041.495: [GC pause (G1 Evacuation Pause) (young), 0.0175777 secs]
   [Parallel Time: 10.8 ms, GC Workers: 8]
      [GC Worker Start (ms): Min: 1090041495.5, Avg: 1090041495.6, Max: 1090041495.7, Diff: 0.3]
      [Ext Root Scanning (ms): Min: 1.2, Avg: 2.0, Max: 2.8, Diff: 1.7, Sum: 16.0]
      [Update RS (ms): Min: 1.6, Avg: 2.4, Max: 3.1, Diff: 1.5, Sum: 19.6]
         [Processed Buffers: Min: 3, Avg: 10.2, Max: 21, Diff: 18, Sum: 82]
      [Scan RS (ms): Min: 0.1, Avg: 0.2, Max: 0.3, Diff: 0.2, Sum: 2.0]
      [Code Root Scanning (ms): Min: 0.0, Avg: 0.0, Max: 0.0, Diff: 0.0, Sum: 0.1]
      [Object Copy (ms): Min: 5.0, Avg: 5.1, Max: 5.2, Diff: 0.2, Sum: 40.5]
      [Termination (ms): Min: 0.1, Avg: 0.1, Max: 0.1, Diff: 0.0, Sum: 0.5]
         [Termination Attempts: Min: 34, Avg: 38.9, Max: 46, Diff: 12, Sum: 311]
      [GC Worker Other (ms): Min: 0.0, Avg: 0.3, Max: 0.5, Diff: 0.5, Sum: 2.3]
      [GC Worker Total (ms): Min: 9.9, Avg: 10.1, Max: 10.4, Diff: 0.5, Sum: 80.9]
      [GC Worker End (ms): Min: 1090041505.5, Avg: 1090041505.7, Max: 1090041505.9, Diff: 0.5]
   [Code Root Fixup: 0.1 ms]
   [Code Root Purge: 0.0 ms]
   [Clear CT: 0.6 ms]
   [Other: 6.2 ms]
      [Choose CSet: 0.0 ms]
      [Ref Proc: 4.1 ms]
      [Ref Enq: 0.0 ms]
      [Redirty Cards: 0.3 ms]
      [Humongous Register: 0.3 ms]
      [Humongous Reclaim: 0.0 ms]
      [Free CSet: 1.0 ms]
   [Eden: 1212.0M(1212.0M)->0.0B(1212.0M) Survivors: 16.0M->16.0M Heap: 1488.0M(2048.0M)->276.6M(2048.0M)]
 [Times: user=0.08 sys=0.00, real=0.13 secs] 
2019-07-22T01:31:31.115+0000: 1094941.944: [GC pause (G1 Evacuation Pause) (young), 0.0158591 secs]
   [Parallel Time: 9.7 ms, GC Workers: 8]
      [GC Worker Start (ms): Min: 1094941944.7, Avg: 1094941944.8, Max: 1094941945.0, Diff: 0.3]
      [Ext Root Scanning (ms): Min: 0.8, Avg: 1.2, Max: 2.4, Diff: 1.5, Sum: 9.6]
      [Update RS (ms): Min: 2.5, Avg: 3.4, Max: 6.0, Diff: 3.6, Sum: 27.4]
         [Processed Buffers: Min: 1, Avg: 10.6, Max: 36, Diff: 35, Sum: 85]
      [Scan RS (ms): Min: 0.1, Avg: 0.2, Max: 0.3, Diff: 0.2, Sum: 1.6]
      [Code Root Scanning (ms): Min: 0.0, Avg: 0.0, Max: 0.0, Diff: 0.0, Sum: 0.0]
      [Object Copy (ms): Min: 2.0, Avg: 4.2, Max: 5.2, Diff: 3.2, Sum: 33.7]
      [Termination (ms): Min: 0.1, Avg: 0.1, Max: 0.1, Diff: 0.1, Sum: 0.7]
         [Termination Attempts: Min: 35, Avg: 42.8, Max: 49, Diff: 14, Sum: 342]
      [GC Worker Other (ms): Min: 0.0, Avg: 0.1, Max: 0.2, Diff: 0.2, Sum: 0.8]
      [GC Worker Total (ms): Min: 9.0, Avg: 9.2, Max: 9.3, Diff: 0.3, Sum: 73.7]
      [GC Worker End (ms): Min: 1094941954.0, Avg: 1094941954.0, Max: 1094941954.1, Diff: 0.2]
   [Code Root Fixup: 0.1 ms]
   [Code Root Purge: 0.0 ms]
   [Clear CT: 0.6 ms]
   [Other: 5.5 ms]
      [Choose CSet: 0.0 ms]
      [Ref Proc: 3.8 ms]
      [Ref Enq: 0.0 ms]
      [Redirty Cards: 0.3 ms]
      [Humongous Register: 0.2 ms]
      [Humongous Reclaim: 0.0 ms]
      [Free CSet: 0.9 ms]
   [Eden: 1212.0M(1212.0M)->0.0B(1212.0M) Survivors: 16.0M->16.0M Heap: 1488.6M(2048.0M)->277.1M(2048.0M)]
 [Times: user=0.06 sys=0.00, real=0.02 secs] 
2019-07-22T02:53:22.013+0000: 1099852.843: [GC pause (G1 Evacuation Pause) (young), 0.0180045 secs]
   [Parallel Time: 11.6 ms, GC Workers: 8]
      [GC Worker Start (ms): Min: 1099852843.0, Avg: 1099852844.0, Max: 1099852847.3, Diff: 4.3]
      [Ext Root Scanning (ms): Min: 0.0, Avg: 0.8, Max: 2.0, Diff: 2.0, Sum: 6.6]
      [Update RS (ms): Min: 0.0, Avg: 2.0, Max: 2.5, Diff: 2.5, Sum: 15.9]
         [Processed Buffers: Min: 0, Avg: 10.5, Max: 32, Diff: 32, Sum: 84]
      [Scan RS (ms): Min: 0.1, Avg: 0.2, Max: 0.3, Diff: 0.2, Sum: 1.8]
      [Code Root Scanning (ms): Min: 0.0, Avg: 0.0, Max: 0.0, Diff: 0.0, Sum: 0.1]
      [Object Copy (ms): Min: 4.6, Avg: 4.8, Max: 4.9, Diff: 0.3, Sum: 38.0]
      [Termination (ms): Min: 0.0, Avg: 0.5, Max: 2.5, Diff: 2.5, Sum: 3.9]
         [Termination Attempts: Min: 17, Avg: 27.1, Max: 34, Diff: 17, Sum: 217]
      [GC Worker Other (ms): Min: 0.0, Avg: 0.0, Max: 0.1, Diff: 0.0, Sum: 0.3]
      [GC Worker Total (ms): Min: 4.7, Avg: 8.3, Max: 11.4, Diff: 6.7, Sum: 66.6]
      [GC Worker End (ms): Min: 1099852852.0, Avg: 1099852852.3, Max: 1099852854.4, Diff: 2.4]
   [Code Root Fixup: 0.1 ms]
   [Code Root Purge: 0.0 ms]
   [Clear CT: 0.5 ms]
   [Other: 5.8 ms]
      [Choose CSet: 0.0 ms]
      [Ref Proc: 4.0 ms]
      [Ref Enq: 0.0 ms]
      [Redirty Cards: 0.3 ms]
      [Humongous Register: 0.2 ms]
      [Humongous Reclaim: 0.0 ms]
      [Free CSet: 0.9 ms]
   [Eden: 1212.0M(1212.0M)->0.0B(1212.0M) Survivors: 16.0M->16.0M Heap: 1489.1M(2048.0M)->277.7M(2048.0M)]
 [Times: user=0.07 sys=0.00, real=0.02 secs] 
2019-07-22T04:14:38.393+0000: 1104729.222: [GC pause (G1 Evacuation Pause) (young), 0.0183327 secs]
   [Parallel Time: 11.6 ms, GC Workers: 8]
      [GC Worker Start (ms): Min: 1104729222.6, Avg: 1104729225.6, Max: 1104729228.6, Diff: 6.0]
      [Ext Root Scanning (ms): Min: 0.0, Avg: 0.8, Max: 2.3, Diff: 2.2, Sum: 6.3]
      [Update RS (ms): Min: 0.0, Avg: 1.8, Max: 3.9, Diff: 3.9, Sum: 14.6]
         [Processed Buffers: Min: 0, Avg: 10.5, Max: 39, Diff: 39, Sum: 84]
      [Scan RS (ms): Min: 0.1, Avg: 0.2, Max: 0.3, Diff: 0.2, Sum: 1.6]
      [Code Root Scanning (ms): Min: 0.0, Avg: 0.0, Max: 0.0, Diff: 0.0, Sum: 0.0]
      [Object Copy (ms): Min: 5.0, Avg: 5.3, Max: 5.7, Diff: 0.7, Sum: 42.7]
      [Termination (ms): Min: 0.1, Avg: 0.1, Max: 0.1, Diff: 0.0, Sum: 0.8]
         [Termination Attempts: Min: 49, Avg: 52.0, Max: 54, Diff: 5, Sum: 416]
      [GC Worker Other (ms): Min: 0.0, Avg: 0.1, Max: 0.2, Diff: 0.2, Sum: 0.8]
      [GC Worker Total (ms): Min: 5.4, Avg: 8.4, Max: 11.4, Diff: 6.0, Sum: 66.8]
      [GC Worker End (ms): Min: 1104729233.9, Avg: 1104729233.9, Max: 1104729234.0, Diff: 0.2]
   [Code Root Fixup: 0.1 ms]
   [Code Root Purge: 0.0 ms]
   [Clear CT: 0.8 ms]
   [Other: 5.8 ms]
      [Choose CSet: 0.0 ms]
      [Ref Proc: 3.8 ms]
      [Ref Enq: 0.0 ms]
      [Redirty Cards: 0.4 ms]
      [Humongous Register: 0.2 ms]
      [Humongous Reclaim: 0.0 ms]
      [Free CSet: 1.0 ms]
   [Eden: 1212.0M(1212.0M)->0.0B(1212.0M) Survivors: 16.0M->16.0M Heap: 1489.7M(2048.0M)->278.3M(2048.0M)]
 [Times: user=0.07 sys=0.00, real=0.02 secs] 
2019-07-22T05:36:06.138+0000: 1109616.967: [GC pause (G1 Evacuation Pause) (young), 0.0156491 secs]
   [Parallel Time: 9.1 ms, GC Workers: 8]
      [GC Worker Start (ms): Min: 1109616967.4, Avg: 1109616967.6, Max: 1109616968.1, Diff: 0.7]
      [Ext Root Scanning (ms): Min: 0.3, Avg: 1.0, Max: 1.9, Diff: 1.6, Sum: 7.6]
      [Update RS (ms): Min: 1.7, Avg: 2.3, Max: 2.7, Diff: 1.1, Sum: 18.1]
         [Processed Buffers: Min: 2, Avg: 10.5, Max: 23, Diff: 21, Sum: 84]
      [Scan RS (ms): Min: 0.1, Avg: 0.2, Max: 0.3, Diff: 0.2, Sum: 2.0]
      [Code Root Scanning (ms): Min: 0.0, Avg: 0.0, Max: 0.0, Diff: 0.0, Sum: 0.1]
      [Object Copy (ms): Min: 4.7, Avg: 4.9, Max: 5.0, Diff: 0.3, Sum: 39.3]
      [Termination (ms): Min: 0.1, Avg: 0.2, Max: 0.2, Diff: 0.0, Sum: 1.2]
         [Termination Attempts: Min: 38, Avg: 45.8, Max: 52, Diff: 14, Sum: 366]
      [GC Worker Other (ms): Min: 0.0, Avg: 0.1, Max: 0.2, Diff: 0.2, Sum: 0.8]
      [GC Worker Total (ms): Min: 8.2, Avg: 8.6, Max: 8.8, Diff: 0.7, Sum: 69.1]
      [GC Worker End (ms): Min: 1109616976.2, Avg: 1109616976.2, Max: 1109616976.3, Diff: 0.2]
   [Code Root Fixup: 0.1 ms]
   [Code Root Purge: 0.0 ms]
   [Clear CT: 0.5 ms]
   [Other: 5.9 ms]
      [Choose CSet: 0.0 ms]
      [Ref Proc: 4.0 ms]
      [Ref Enq: 0.0 ms]
      [Redirty Cards: 0.3 ms]
      [Humongous Register: 0.2 ms]
      [Humongous Reclaim: 0.0 ms]
      [Free CSet: 0.9 ms]
   [Eden: 1212.0M(1212.0M)->0.0B(1212.0M) Survivors: 16.0M->16.0M Heap: 1490.3M(2048.0M)->278.8M(2048.0M)]
 [Times: user=0.08 sys=0.00, real=0.02 secs] 
2019-07-22T06:57:56.016+0000: 1114526.845: [GC pause (G1 Evacuation Pause) (young), 0.0263548 secs]
   [Parallel Time: 10.1 ms, GC Workers: 8]
      [GC Worker Start (ms): Min: 1114526855.6, Avg: 1114526855.8, Max: 1114526855.9, Diff: 0.3]
      [Ext Root Scanning (ms): Min: 0.7, Avg: 1.5, Max: 2.9, Diff: 2.2, Sum: 12.3]
      [Update RS (ms): Min: 1.2, Avg: 2.5, Max: 3.1, Diff: 1.9, Sum: 20.2]
         [Processed Buffers: Min: 2, Avg: 10.0, Max: 22, Diff: 20, Sum: 80]
      [Scan RS (ms): Min: 0.1, Avg: 0.3, Max: 0.4, Diff: 0.3, Sum: 2.1]
      [Code Root Scanning (ms): Min: 0.0, Avg: 0.0, Max: 0.0, Diff: 0.0, Sum: 0.1]
      [Object Copy (ms): Min: 4.8, Avg: 5.1, Max: 5.3, Diff: 0.5, Sum: 41.0]
      [Termination (ms): Min: 0.1, Avg: 0.1, Max: 0.2, Diff: 0.1, Sum: 0.8]
         [Termination Attempts: Min: 37, Avg: 43.6, Max: 53, Diff: 16, Sum: 349]
      [GC Worker Other (ms): Min: 0.0, Avg: 0.1, Max: 0.2, Diff: 0.2, Sum: 0.9]
      [GC Worker Total (ms): Min: 9.6, Avg: 9.7, Max: 9.8, Diff: 0.2, Sum: 77.3]
      [GC Worker End (ms): Min: 1114526865.4, Avg: 1114526865.4, Max: 1114526865.5, Diff: 0.2]
   [Code Root Fixup: 0.1 ms]
   [Code Root Purge: 0.0 ms]
   [Clear CT: 0.6 ms]
   [Other: 15.6 ms]
      [Choose CSet: 0.0 ms]
      [Ref Proc: 3.9 ms]
      [Ref Enq: 0.0 ms]
      [Redirty Cards: 0.3 ms]
      [Humongous Register: 0.2 ms]
      [Humongous Reclaim: 0.0 ms]
      [Free CSet: 1.0 ms]
   [Eden: 1212.0M(1212.0M)->0.0B(1212.0M) Survivors: 16.0M->16.0M Heap: 1490.8M(2048.0M)->279.4M(2048.0M)]
 [Times: user=0.08 sys=0.00, real=0.03 secs] 
2019-07-22T08:19:23.251+0000: 1119414.080: [GC pause (G1 Evacuation Pause) (young), 0.0154931 secs]
   [Parallel Time: 8.5 ms, GC Workers: 8]
      [GC Worker Start (ms): Min: 1119414080.8, Avg: 1119414081.0, Max: 1119414081.1, Diff: 0.2]
      [Ext Root Scanning (ms): Min: 0.6, Avg: 0.9, Max: 2.0, Diff: 1.4, Sum: 7.4]
      [Update RS (ms): Min: 1.3, Avg: 2.1, Max: 2.3, Diff: 1.0, Sum: 16.6]
         [Processed Buffers: Min: 2, Avg: 9.8, Max: 30, Diff: 28, Sum: 78]
      [Scan RS (ms): Min: 0.1, Avg: 0.2, Max: 0.4, Diff: 0.3, Sum: 1.9]
      [Code Root Scanning (ms): Min: 0.0, Avg: 0.0, Max: 0.0, Diff: 0.0, Sum: 0.1]
      [Object Copy (ms): Min: 4.6, Avg: 4.7, Max: 4.7, Diff: 0.2, Sum: 37.5]
      [Termination (ms): Min: 0.1, Avg: 0.1, Max: 0.1, Diff: 0.1, Sum: 0.8]
         [Termination Attempts: Min: 31, Avg: 38.9, Max: 50, Diff: 19, Sum: 311]
      [GC Worker Other (ms): Min: 0.0, Avg: 0.1, Max: 0.2, Diff: 0.1, Sum: 0.8]
      [GC Worker Total (ms): Min: 8.0, Avg: 8.1, Max: 8.3, Diff: 0.3, Sum: 65.0]
      [GC Worker End (ms): Min: 1119414089.0, Avg: 1119414089.1, Max: 1119414089.2, Diff: 0.1]
   [Code Root Fixup: 0.1 ms]
   [Code Root Purge: 0.0 ms]
   [Clear CT: 0.6 ms]
   [Other: 6.3 ms]
      [Choose CSet: 0.0 ms]
      [Ref Proc: 3.7 ms]
      [Ref Enq: 0.0 ms]
      [Redirty Cards: 1.0 ms]
      [Humongous Register: 0.2 ms]
      [Humongous Reclaim: 0.0 ms]
      [Free CSet: 1.0 ms]
   [Eden: 1212.0M(1212.0M)->0.0B(1213.0M) Survivors: 16.0M->15.0M Heap: 1491.4M(2048.0M)->279.4M(2048.0M)]
 [Times: user=0.07 sys=0.00, real=0.01 secs] 
2019-07-22T09:40:55.415+0000: 1124306.244: [GC pause (G1 Evacuation Pause) (young), 0.0161526 secs]
   [Parallel Time: 9.4 ms, GC Workers: 8]
      [GC Worker Start (ms): Min: 1124306244.7, Avg: 1124306245.1, Max: 1124306246.8, Diff: 2.1]
      [Ext Root Scanning (ms): Min: 0.0, Avg: 0.8, Max: 2.0, Diff: 2.0, Sum: 6.5]
      [Update RS (ms): Min: 1.2, Avg: 2.8, Max: 6.8, Diff: 5.6, Sum: 22.3]
         [Processed Buffers: Min: 1, Avg: 10.5, Max: 27, Diff: 26, Sum: 84]
      [Scan RS (ms): Min: 0.1, Avg: 0.2, Max: 0.3, Diff: 0.2, Sum: 1.9]
      [Code Root Scanning (ms): Min: 0.0, Avg: 0.0, Max: 0.0, Diff: 0.0, Sum: 0.1]
      [Object Copy (ms): Min: 0.0, Avg: 4.2, Max: 4.9, Diff: 4.9, Sum: 33.7]
      [Termination (ms): Min: 0.0, Avg: 0.5, Max: 0.7, Diff: 0.7, Sum: 4.4]
         [Termination Attempts: Min: 1, Avg: 65.9, Max: 106, Diff: 105, Sum: 527]
      [GC Worker Other (ms): Min: 0.0, Avg: 0.1, Max: 0.1, Diff: 0.1, Sum: 0.5]
      [GC Worker Total (ms): Min: 7.0, Avg: 8.7, Max: 9.0, Diff: 2.0, Sum: 69.3]
      [GC Worker End (ms): Min: 1124306253.7, Avg: 1124306253.8, Max: 1124306253.8, Diff: 0.1]
   [Code Root Fixup: 0.1 ms]
   [Code Root Purge: 0.0 ms]
   [Clear CT: 0.5 ms]
   [Other: 6.2 ms]
      [Choose CSet: 0.0 ms]
      [Ref Proc: 4.3 ms]
      [Ref Enq: 0.0 ms]
      [Redirty Cards: 0.3 ms]
      [Humongous Register: 0.2 ms]
      [Humongous Reclaim: 0.0 ms]
      [Free CSet: 1.0 ms]
   [Eden: 1213.0M(1213.0M)->0.0B(1213.0M) Survivors: 15.0M->15.0M Heap: 1492.4M(2048.0M)->280.0M(2048.0M)]
 [Times: user=0.07 sys=0.00, real=0.02 secs] 
2019-07-22T11:02:33.434+0000: 1129204.263: [GC pause (G1 Evacuation Pause) (young), 0.0183826 secs]
   [Parallel Time: 12.3 ms, GC Workers: 8]
      [GC Worker Start (ms): Min: 1129204263.6, Avg: 1129204263.8, Max: 1129204263.9, Diff: 0.3]
      [Ext Root Scanning (ms): Min: 1.4, Avg: 4.5, Max: 7.0, Diff: 5.5, Sum: 36.0]
      [Update RS (ms): Min: 0.0, Avg: 2.0, Max: 4.7, Diff: 4.7, Sum: 15.8]
         [Processed Buffers: Min: 0, Avg: 10.1, Max: 40, Diff: 40, Sum: 81]
      [Scan RS (ms): Min: 0.1, Avg: 0.2, Max: 0.3, Diff: 0.2, Sum: 1.7]
      [Code Root Scanning (ms): Min: 0.0, Avg: 0.0, Max: 0.0, Diff: 0.0, Sum: 0.1]
      [Object Copy (ms): Min: 4.7, Avg: 5.0, Max: 5.3, Diff: 0.6, Sum: 40.3]
      [Termination (ms): Min: 0.0, Avg: 0.0, Max: 0.1, Diff: 0.0, Sum: 0.4]
         [Termination Attempts: Min: 22, Avg: 26.6, Max: 30, Diff: 8, Sum: 213]
      [GC Worker Other (ms): Min: 0.0, Avg: 0.1, Max: 0.2, Diff: 0.1, Sum: 0.8]
      [GC Worker Total (ms): Min: 11.7, Avg: 11.9, Max: 12.1, Diff: 0.4, Sum: 95.0]
      [GC Worker End (ms): Min: 1129204275.6, Avg: 1129204275.7, Max: 1129204275.7, Diff: 0.1]
   [Code Root Fixup: 0.1 ms]
   [Code Root Purge: 0.0 ms]
   [Clear CT: 0.5 ms]
   [Other: 5.5 ms]
      [Choose CSet: 0.0 ms]
      [Ref Proc: 3.7 ms]
      [Ref Enq: 0.0 ms]
      [Redirty Cards: 0.3 ms]
      [Humongous Register: 0.2 ms]
      [Humongous Reclaim: 0.0 ms]
      [Free CSet: 0.9 ms]
   [Eden: 1213.0M(1213.0M)->0.0B(1212.0M) Survivors: 15.0M->16.0M Heap: 1493.0M(2048.0M)->281.5M(2048.0M)]
 [Times: user=0.07 sys=0.00, real=0.03 secs] 
2019-07-22T12:23:56.248+0000: 1134087.077: [GC pause (G1 Evacuation Pause) (young), 0.0337221 secs]
   [Parallel Time: 10.0 ms, GC Workers: 8]
      [GC Worker Start (ms): Min: 1134087090.4, Avg: 1134087090.5, Max: 1134087090.7, Diff: 0.3]
      [Ext Root Scanning (ms): Min: 1.4, Avg: 1.8, Max: 2.5, Diff: 1.1, Sum: 14.1]
      [Update RS (ms): Min: 1.6, Avg: 2.3, Max: 3.3, Diff: 1.7, Sum: 18.3]
         [Processed Buffers: Min: 2, Avg: 10.2, Max: 24, Diff: 22, Sum: 82]
      [Scan RS (ms): Min: 0.1, Avg: 0.2, Max: 0.3, Diff: 0.2, Sum: 1.8]
      [Code Root Scanning (ms): Min: 0.0, Avg: 0.0, Max: 0.0, Diff: 0.0, Sum: 0.1]
      [Object Copy (ms): Min: 4.3, Avg: 5.1, Max: 5.2, Diff: 0.9, Sum: 40.6]
      [Termination (ms): Min: 0.1, Avg: 0.1, Max: 0.1, Diff: 0.0, Sum: 0.6]
         [Termination Attempts: Min: 36, Avg: 44.8, Max: 55, Diff: 19, Sum: 358]
      [GC Worker Other (ms): Min: 0.0, Avg: 0.1, Max: 0.2, Diff: 0.1, Sum: 0.7]
      [GC Worker Total (ms): Min: 9.4, Avg: 9.5, Max: 9.8, Diff: 0.4, Sum: 76.1]
      [GC Worker End (ms): Min: 1134087100.0, Avg: 1134087100.0, Max: 1134087100.1, Diff: 0.1]
   [Code Root Fixup: 0.1 ms]
   [Code Root Purge: 0.0 ms]
   [Clear CT: 0.5 ms]
   [Other: 23.1 ms]
      [Choose CSet: 0.0 ms]
      [Ref Proc: 4.0 ms]
      [Ref Enq: 0.0 ms]
      [Redirty Cards: 0.3 ms]
      [Humongous Register: 0.4 ms]
      [Humongous Reclaim: 0.0 ms]
      [Free CSet: 1.1 ms]
   [Eden: 1212.0M(1212.0M)->0.0B(1212.0M) Survivors: 16.0M->16.0M Heap: 1493.5M(2048.0M)->281.6M(2048.0M)]
 [Times: user=0.08 sys=0.00, real=0.07 secs] 
2019-07-22T13:45:48.499+0000: 1138999.328: [GC pause (G1 Evacuation Pause) (young), 0.0514195 secs]
   [Parallel Time: 28.9 ms, GC Workers: 8]
      [GC Worker Start (ms): Min: 1138999344.0, Avg: 1138999344.1, Max: 1138999344.3, Diff: 0.4]
      [Ext Root Scanning (ms): Min: 5.1, Avg: 20.5, Max: 22.8, Diff: 17.7, Sum: 163.9]
      [Update RS (ms): Min: 0.0, Avg: 1.9, Max: 15.5, Diff: 15.5, Sum: 15.5]
         [Processed Buffers: Min: 0, Avg: 11.2, Max: 90, Diff: 90, Sum: 90]
      [Scan RS (ms): Min: 0.1, Avg: 0.2, Max: 0.6, Diff: 0.5, Sum: 1.2]
      [Code Root Scanning (ms): Min: 0.0, Avg: 0.0, Max: 0.1, Diff: 0.1, Sum: 0.1]
      [Object Copy (ms): Min: 5.4, Avg: 5.7, Max: 7.0, Diff: 1.7, Sum: 45.4]
      [Termination (ms): Min: 0.1, Avg: 0.2, Max: 0.2, Diff: 0.2, Sum: 1.7]
         [Termination Attempts: Min: 32, Avg: 38.5, Max: 45, Diff: 13, Sum: 308]
      [GC Worker Other (ms): Min: 0.0, Avg: 0.1, Max: 0.2, Diff: 0.1, Sum: 0.7]
      [GC Worker Total (ms): Min: 28.3, Avg: 28.6, Max: 28.7, Diff: 0.4, Sum: 228.5]
      [GC Worker End (ms): Min: 1138999372.6, Avg: 1138999372.7, Max: 1138999372.8, Diff: 0.1]
   [Code Root Fixup: 0.1 ms]
   [Code Root Purge: 0.0 ms]
   [Clear CT: 0.8 ms]
   [Other: 21.6 ms]
      [Choose CSet: 0.0 ms]
      [Ref Proc: 4.3 ms]
      [Ref Enq: 0.0 ms]
      [Redirty Cards: 0.4 ms]
      [Humongous Register: 0.2 ms]
      [Humongous Reclaim: 0.0 ms]
      [Free CSet: 1.0 ms]
   [Eden: 1212.0M(1212.0M)->0.0B(1212.0M) Survivors: 16.0M->16.0M Heap: 1493.6M(2048.0M)->282.7M(2048.0M)]
 [Times: user=0.08 sys=0.00, real=0.06 secs] 
2019-07-22T15:07:10.271+0000: 1143881.100: [GC pause (G1 Evacuation Pause) (young), 0.0194906 secs]
   [Parallel Time: 12.0 ms, GC Workers: 8]
      [GC Worker Start (ms): Min: 1143881100.9, Avg: 1143881102.6, Max: 1143881107.4, Diff: 6.5]
      [Ext Root Scanning (ms): Min: 0.0, Avg: 0.8, Max: 2.0, Diff: 2.0, Sum: 6.7]
      [Update RS (ms): Min: 0.0, Avg: 2.8, Max: 4.2, Diff: 4.2, Sum: 22.7]
         [Processed Buffers: Min: 0, Avg: 10.4, Max: 42, Diff: 42, Sum: 83]
      [Scan RS (ms): Min: 0.1, Avg: 0.2, Max: 0.3, Diff: 0.2, Sum: 1.6]
      [Code Root Scanning (ms): Min: 0.0, Avg: 0.0, Max: 0.0, Diff: 0.0, Sum: 0.1]
      [Object Copy (ms): Min: 1.9, Avg: 5.3, Max: 6.0, Diff: 4.1, Sum: 42.2]
      [Termination (ms): Min: 0.1, Avg: 0.6, Max: 3.0, Diff: 2.9, Sum: 4.4]
         [Termination Attempts: Min: 27, Avg: 42.0, Max: 66, Diff: 39, Sum: 336]
      [GC Worker Other (ms): Min: 0.0, Avg: 0.1, Max: 0.3, Diff: 0.2, Sum: 1.0]
      [GC Worker Total (ms): Min: 5.1, Avg: 9.8, Max: 11.7, Diff: 6.6, Sum: 78.7]
      [GC Worker End (ms): Min: 1143881112.3, Avg: 1143881112.5, Max: 1143881112.6, Diff: 0.2]
   [Code Root Fixup: 0.1 ms]
   [Code Root Purge: 0.0 ms]
   [Clear CT: 0.7 ms]
   [Other: 6.7 ms]
      [Choose CSet: 0.0 ms]
      [Ref Proc: 4.5 ms]
      [Ref Enq: 0.1 ms]
      [Redirty Cards: 0.4 ms]
      [Humongous Register: 0.2 ms]
      [Humongous Reclaim: 0.0 ms]
      [Free CSet: 1.0 ms]
   [Eden: 1212.0M(1212.0M)->0.0B(1212.0M) Survivors: 16.0M->16.0M Heap: 1494.7M(2048.0M)->282.8M(2048.0M)]
 [Times: user=0.08 sys=0.00, real=0.02 secs] 
2019-07-22T16:28:07.611+0000: 1148738.441: [GC pause (G1 Evacuation Pause) (young), 0.0275625 secs]
   [Parallel Time: 20.2 ms, GC Workers: 8]
      [GC Worker Start (ms): Min: 1148738441.1, Avg: 1148738441.3, Max: 1148738441.4, Diff: 0.2]
      [Ext Root Scanning (ms): Min: 1.0, Avg: 3.1, Max: 6.1, Diff: 5.1, Sum: 24.7]
      [Update RS (ms): Min: 0.0, Avg: 2.3, Max: 3.9, Diff: 3.9, Sum: 18.5]
         [Processed Buffers: Min: 0, Avg: 10.8, Max: 31, Diff: 31, Sum: 86]
      [Scan RS (ms): Min: 0.1, Avg: 0.2, Max: 0.3, Diff: 0.2, Sum: 1.7]
      [Code Root Scanning (ms): Min: 0.0, Avg: 0.0, Max: 0.0, Diff: 0.0, Sum: 0.1]
      [Object Copy (ms): Min: 13.4, Avg: 14.0, Max: 14.4, Diff: 1.0, Sum: 111.6]
      [Termination (ms): Min: 0.1, Avg: 0.1, Max: 0.2, Diff: 0.1, Sum: 1.1]
         [Termination Attempts: Min: 47, Avg: 55.4, Max: 63, Diff: 16, Sum: 443]
      [GC Worker Other (ms): Min: 0.0, Avg: 0.1, Max: 0.2, Diff: 0.1, Sum: 0.8]
      [GC Worker Total (ms): Min: 19.6, Avg: 19.8, Max: 20.0, Diff: 0.3, Sum: 158.5]
      [GC Worker End (ms): Min: 1148738461.0, Avg: 1148738461.1, Max: 1148738461.1, Diff: 0.1]
   [Code Root Fixup: 0.1 ms]
   [Code Root Purge: 0.0 ms]
   [Clear CT: 0.6 ms]
   [Other: 6.6 ms]
      [Choose CSet: 0.0 ms]
      [Ref Proc: 4.8 ms]
      [Ref Enq: 0.0 ms]
      [Redirty Cards: 0.3 ms]
      [Humongous Register: 0.2 ms]
      [Humongous Reclaim: 0.0 ms]
      [Free CSet: 1.0 ms]
   [Eden: 1212.0M(1212.0M)->0.0B(1211.0M) Survivors: 16.0M->17.0M Heap: 1494.8M(2048.0M)->284.4M(2048.0M)]
 [Times: user=0.08 sys=0.00, real=0.02 secs] 
2019-07-22T17:49:59.113+0000: 1153649.942: [GC pause (G1 Evacuation Pause) (young), 0.0176928 secs]
   [Parallel Time: 10.2 ms, GC Workers: 8]
      [GC Worker Start (ms): Min: 1153649942.7, Avg: 1153649942.8, Max: 1153649942.9, Diff: 0.2]
      [Ext Root Scanning (ms): Min: 1.5, Avg: 2.6, Max: 3.5, Diff: 2.0, Sum: 20.7]
      [Update RS (ms): Min: 1.3, Avg: 2.2, Max: 3.4, Diff: 2.1, Sum: 17.6]
         [Processed Buffers: Min: 2, Avg: 10.6, Max: 23, Diff: 21, Sum: 85]
      [Scan RS (ms): Min: 0.1, Avg: 0.2, Max: 0.3, Diff: 0.2, Sum: 1.9]
      [Code Root Scanning (ms): Min: 0.0, Avg: 0.0, Max: 0.0, Diff: 0.0, Sum: 0.1]
      [Object Copy (ms): Min: 4.5, Avg: 4.6, Max: 4.8, Diff: 0.3, Sum: 36.6]
      [Termination (ms): Min: 0.0, Avg: 0.1, Max: 0.1, Diff: 0.0, Sum: 0.5]
         [Termination Attempts: Min: 33, Avg: 39.4, Max: 49, Diff: 16, Sum: 315]
      [GC Worker Other (ms): Min: 0.0, Avg: 0.1, Max: 0.2, Diff: 0.1, Sum: 0.8]
      [GC Worker Total (ms): Min: 9.6, Avg: 9.8, Max: 9.9, Diff: 0.3, Sum: 78.2]
      [GC Worker End (ms): Min: 1153649952.5, Avg: 1153649952.6, Max: 1153649952.7, Diff: 0.2]
   [Code Root Fixup: 0.1 ms]
   [Code Root Purge: 0.0 ms]
   [Clear CT: 0.6 ms]
   [Other: 6.9 ms]
      [Choose CSet: 0.0 ms]
      [Ref Proc: 4.4 ms]
      [Ref Enq: 0.0 ms]
      [Redirty Cards: 0.5 ms]
      [Humongous Register: 0.3 ms]
      [Humongous Reclaim: 0.0 ms]
      [Free CSet: 1.1 ms]
   [Eden: 1211.0M(1211.0M)->0.0B(1212.0M) Survivors: 17.0M->16.0M Heap: 1495.4M(2048.0M)->284.5M(2048.0M)]
 [Times: user=0.07 sys=0.00, real=0.01 secs] 
2019-07-22T19:10:52.262+0000: 1158503.091: [GC pause (G1 Evacuation Pause) (young), 0.0152252 secs]
   [Parallel Time: 8.7 ms, GC Workers: 8]
      [GC Worker Start (ms): Min: 1158503091.3, Avg: 1158503091.4, Max: 1158503091.6, Diff: 0.3]
      [Ext Root Scanning (ms): Min: 0.6, Avg: 0.9, Max: 2.0, Diff: 1.4, Sum: 7.6]
      [Update RS (ms): Min: 1.5, Avg: 2.2, Max: 2.4, Diff: 0.9, Sum: 17.7]
         [Processed Buffers: Min: 5, Avg: 10.5, Max: 33, Diff: 28, Sum: 84]
      [Scan RS (ms): Min: 0.1, Avg: 0.2, Max: 0.3, Diff: 0.1, Sum: 1.9]
      [Code Root Scanning (ms): Min: 0.0, Avg: 0.0, Max: 0.0, Diff: 0.0, Sum: 0.1]
      [Object Copy (ms): Min: 4.5, Avg: 4.6, Max: 4.7, Diff: 0.2, Sum: 37.2]
      [Termination (ms): Min: 0.1, Avg: 0.1, Max: 0.1, Diff: 0.1, Sum: 0.7]
         [Termination Attempts: Min: 35, Avg: 45.0, Max: 52, Diff: 17, Sum: 360]
      [GC Worker Other (ms): Min: 0.0, Avg: 0.1, Max: 0.2, Diff: 0.2, Sum: 0.7]
      [GC Worker Total (ms): Min: 8.0, Avg: 8.2, Max: 8.4, Diff: 0.4, Sum: 65.8]
      [GC Worker End (ms): Min: 1158503099.6, Avg: 1158503099.6, Max: 1158503099.7, Diff: 0.1]
   [Code Root Fixup: 0.1 ms]
   [Code Root Purge: 0.0 ms]
   [Clear CT: 0.6 ms]
   [Other: 5.9 ms]
      [Choose CSet: 0.0 ms]
      [Ref Proc: 4.1 ms]
      [Ref Enq: 0.0 ms]
      [Redirty Cards: 0.3 ms]
      [Humongous Register: 0.2 ms]
      [Humongous Reclaim: 0.0 ms]
      [Free CSet: 1.0 ms]
   [Eden: 1212.0M(1212.0M)->0.0B(1212.0M) Survivors: 16.0M->16.0M Heap: 1496.5M(2048.0M)->285.0M(2048.0M)]
 [Times: user=0.08 sys=0.00, real=0.01 secs] 
2019-07-22T20:32:31.885+0000: 1163402.714: [GC pause (G1 Evacuation Pause) (young), 0.0160749 secs]
   [Parallel Time: 9.4 ms, GC Workers: 8]
      [GC Worker Start (ms): Min: 1163402714.2, Avg: 1163402714.3, Max: 1163402714.5, Diff: 0.3]
      [Ext Root Scanning (ms): Min: 0.7, Avg: 1.3, Max: 2.9, Diff: 2.2, Sum: 10.4]
      [Update RS (ms): Min: 0.8, Avg: 2.3, Max: 2.8, Diff: 2.0, Sum: 18.1]
         [Processed Buffers: Min: 3, Avg: 10.8, Max: 22, Diff: 19, Sum: 86]
      [Scan RS (ms): Min: 0.1, Avg: 0.2, Max: 0.3, Diff: 0.1, Sum: 1.9]
      [Code Root Scanning (ms): Min: 0.0, Avg: 0.0, Max: 0.0, Diff: 0.0, Sum: 0.1]
      [Object Copy (ms): Min: 4.8, Avg: 4.9, Max: 5.0, Diff: 0.2, Sum: 39.2]
      [Termination (ms): Min: 0.1, Avg: 0.2, Max: 0.2, Diff: 0.1, Sum: 1.5]
         [Termination Attempts: Min: 40, Avg: 46.5, Max: 52, Diff: 12, Sum: 372]
      [GC Worker Other (ms): Min: 0.0, Avg: 0.1, Max: 0.1, Diff: 0.1, Sum: 0.6]
      [GC Worker Total (ms): Min: 8.9, Avg: 9.0, Max: 9.1, Diff: 0.3, Sum: 71.8]
      [GC Worker End (ms): Min: 1163402723.3, Avg: 1163402723.3, Max: 1163402723.4, Diff: 0.1]
   [Code Root Fixup: 0.1 ms]
   [Code Root Purge: 0.0 ms]
   [Clear CT: 0.6 ms]
   [Other: 6.0 ms]
      [Choose CSet: 0.0 ms]
      [Ref Proc: 4.2 ms]
      [Ref Enq: 0.0 ms]
      [Redirty Cards: 0.3 ms]
      [Humongous Register: 0.1 ms]
      [Humongous Reclaim: 0.0 ms]
      [Free CSet: 0.9 ms]
   [Eden: 1212.0M(1212.0M)->0.0B(1213.0M) Survivors: 16.0M->15.0M Heap: 1497.0M(2048.0M)->284.6M(2048.0M)]
 [Times: user=0.08 sys=0.00, real=0.01 secs] 
2019-07-22T21:54:23.461+0000: 1168314.291: [GC pause (G1 Evacuation Pause) (young), 0.0155468 secs]
   [Parallel Time: 8.6 ms, GC Workers: 8]
      [GC Worker Start (ms): Min: 1168314291.3, Avg: 1168314291.4, Max: 1168314291.6, Diff: 0.3]
      [Ext Root Scanning (ms): Min: 0.8, Avg: 1.1, Max: 2.0, Diff: 1.1, Sum: 9.1]
      [Update RS (ms): Min: 1.5, Avg: 2.2, Max: 2.9, Diff: 1.4, Sum: 17.9]
         [Processed Buffers: Min: 2, Avg: 10.6, Max: 31, Diff: 29, Sum: 85]
      [Scan RS (ms): Min: 0.1, Avg: 0.2, Max: 0.3, Diff: 0.2, Sum: 1.8]
      [Code Root Scanning (ms): Min: 0.0, Avg: 0.0, Max: 0.0, Diff: 0.0, Sum: 0.1]
      [Object Copy (ms): Min: 4.0, Avg: 4.4, Max: 4.5, Diff: 0.5, Sum: 35.4]
      [Termination (ms): Min: 0.0, Avg: 0.0, Max: 0.1, Diff: 0.0, Sum: 0.3]
         [Termination Attempts: Min: 22, Avg: 30.9, Max: 38, Diff: 16, Sum: 247]
      [GC Worker Other (ms): Min: 0.0, Avg: 0.1, Max: 0.2, Diff: 0.1, Sum: 0.7]
      [GC Worker Total (ms): Min: 8.0, Avg: 8.2, Max: 8.3, Diff: 0.3, Sum: 65.2]
      [GC Worker End (ms): Min: 1168314299.5, Avg: 1168314299.5, Max: 1168314299.6, Diff: 0.1]
   [Code Root Fixup: 0.1 ms]
   [Code Root Purge: 0.0 ms]
   [Clear CT: 0.5 ms]
   [Other: 6.4 ms]
      [Choose CSet: 0.0 ms]
      [Ref Proc: 4.2 ms]
      [Ref Enq: 0.0 ms]
      [Redirty Cards: 0.3 ms]
      [Humongous Register: 0.2 ms]
      [Humongous Reclaim: 0.0 ms]
      [Free CSet: 1.1 ms]
   [Eden: 1213.0M(1213.0M)->0.0B(1212.0M) Survivors: 15.0M->16.0M Heap: 1497.6M(2048.0M)->285.6M(2048.0M)]
 [Times: user=0.08 sys=0.00, real=0.01 secs] 
2019-07-22T23:15:37.898+0000: 1173188.727: [GC pause (G1 Evacuation Pause) (young), 0.0167999 secs]
   [Parallel Time: 10.0 ms, GC Workers: 8]
      [GC Worker Start (ms): Min: 1173188727.4, Avg: 1173188727.5, Max: 1173188727.9, Diff: 0.5]
      [Ext Root Scanning (ms): Min: 0.8, Avg: 1.3, Max: 2.1, Diff: 1.4, Sum: 10.0]
      [Update RS (ms): Min: 1.8, Avg: 2.9, Max: 5.1, Diff: 3.4, Sum: 23.5]
         [Processed Buffers: Min: 1, Avg: 10.2, Max: 22, Diff: 21, Sum: 82]
      [Scan RS (ms): Min: 0.1, Avg: 0.2, Max: 0.3, Diff: 0.2, Sum: 1.7]
      [Code Root Scanning (ms): Min: 0.0, Avg: 0.0, Max: 0.0, Diff: 0.0, Sum: 0.1]
      [Object Copy (ms): Min: 2.9, Avg: 4.9, Max: 5.6, Diff: 2.7, Sum: 39.3]
      [Termination (ms): Min: 0.0, Avg: 0.2, Max: 0.2, Diff: 0.2, Sum: 1.3]
         [Termination Attempts: Min: 1, Avg: 27.9, Max: 37, Diff: 36, Sum: 223]
      [GC Worker Other (ms): Min: 0.0, Avg: 0.1, Max: 0.2, Diff: 0.2, Sum: 0.4]
      [GC Worker Total (ms): Min: 9.2, Avg: 9.6, Max: 9.7, Diff: 0.5, Sum: 76.4]
      [GC Worker End (ms): Min: 1173188737.1, Avg: 1173188737.1, Max: 1173188737.2, Diff: 0.1]
   [Code Root Fixup: 0.1 ms]
   [Code Root Purge: 0.0 ms]
   [Clear CT: 0.6 ms]
   [Other: 6.1 ms]
      [Choose CSet: 0.0 ms]
      [Ref Proc: 4.0 ms]
      [Ref Enq: 0.0 ms]
      [Redirty Cards: 0.5 ms]
      [Humongous Register: 0.2 ms]
      [Humongous Reclaim: 0.0 ms]
      [Free CSet: 0.9 ms]
   [Eden: 1212.0M(1212.0M)->0.0B(1213.0M) Survivors: 16.0M->15.0M Heap: 1497.6M(2048.0M)->285.7M(2048.0M)]
 [Times: user=0.08 sys=0.00, real=0.02 secs] 
2019-07-23T00:37:20.496+0000: 1178091.325: [GC pause (G1 Evacuation Pause) (young), 0.0159444 secs]
   [Parallel Time: 9.4 ms, GC Workers: 8]
      [GC Worker Start (ms): Min: 1178091325.8, Avg: 1178091326.0, Max: 1178091326.2, Diff: 0.4]
      [Ext Root Scanning (ms): Min: 0.7, Avg: 1.2, Max: 2.5, Diff: 1.8, Sum: 9.9]
      [Update RS (ms): Min: 1.3, Avg: 2.3, Max: 3.0, Diff: 1.7, Sum: 18.8]
         [Processed Buffers: Min: 3, Avg: 10.6, Max: 32, Diff: 29, Sum: 85]
      [Scan RS (ms): Min: 0.1, Avg: 0.3, Max: 0.4, Diff: 0.3, Sum: 2.0]
      [Code Root Scanning (ms): Min: 0.0, Avg: 0.0, Max: 0.0, Diff: 0.0, Sum: 0.1]
      [Object Copy (ms): Min: 4.8, Avg: 4.9, Max: 5.0, Diff: 0.1, Sum: 39.2]
      [Termination (ms): Min: 0.1, Avg: 0.1, Max: 0.1, Diff: 0.0, Sum: 0.7]
         [Termination Attempts: Min: 31, Avg: 42.4, Max: 48, Diff: 17, Sum: 339]
      [GC Worker Other (ms): Min: 0.0, Avg: 0.2, Max: 0.3, Diff: 0.2, Sum: 1.4]
      [GC Worker Total (ms): Min: 8.8, Avg: 9.0, Max: 9.1, Diff: 0.3, Sum: 72.0]
      [GC Worker End (ms): Min: 1178091334.9, Avg: 1178091335.0, Max: 1178091335.1, Diff: 0.2]
   [Code Root Fixup: 0.1 ms]
   [Code Root Purge: 0.0 ms]
   [Clear CT: 0.6 ms]
   [Other: 5.9 ms]
      [Choose CSet: 0.0 ms]
      [Ref Proc: 4.0 ms]
      [Ref Enq: 0.0 ms]
      [Redirty Cards: 0.3 ms]
      [Humongous Register: 0.2 ms]
      [Humongous Reclaim: 0.0 ms]
      [Free CSet: 0.9 ms]
   [Eden: 1213.0M(1213.0M)->0.0B(1213.0M) Survivors: 15.0M->15.0M Heap: 1498.7M(2048.0M)->286.2M(2048.0M)]
 [Times: user=0.08 sys=0.00, real=0.02 secs] 
2019-07-23T01:59:15.148+0000: 1183005.977: [GC pause (G1 Evacuation Pause) (young), 0.0155381 secs]
   [Parallel Time: 8.8 ms, GC Workers: 8]
      [GC Worker Start (ms): Min: 1183005977.2, Avg: 1183005978.0, Max: 1183005979.1, Diff: 1.9]
      [Ext Root Scanning (ms): Min: 0.0, Avg: 0.7, Max: 1.9, Diff: 1.9, Sum: 5.8]
      [Update RS (ms): Min: 1.7, Avg: 2.1, Max: 2.5, Diff: 0.9, Sum: 17.2]
         [Processed Buffers: Min: 2, Avg: 10.5, Max: 27, Diff: 25, Sum: 84]
      [Scan RS (ms): Min: 0.1, Avg: 0.2, Max: 0.3, Diff: 0.2, Sum: 1.8]
      [Code Root Scanning (ms): Min: 0.0, Avg: 0.0, Max: 0.0, Diff: 0.0, Sum: 0.0]
      [Object Copy (ms): Min: 4.4, Avg: 4.5, Max: 4.6, Diff: 0.3, Sum: 36.1]
      [Termination (ms): Min: 0.1, Avg: 0.1, Max: 0.1, Diff: 0.0, Sum: 0.5]
         [Termination Attempts: Min: 31, Avg: 38.2, Max: 46, Diff: 15, Sum: 306]
      [GC Worker Other (ms): Min: 0.0, Avg: 0.1, Max: 0.2, Diff: 0.1, Sum: 0.9]
      [GC Worker Total (ms): Min: 6.6, Avg: 7.8, Max: 8.5, Diff: 1.9, Sum: 62.3]
      [GC Worker End (ms): Min: 1183005985.7, Avg: 1183005985.7, Max: 1183005985.8, Diff: 0.2]
   [Code Root Fixup: 0.1 ms]
   [Code Root Purge: 0.0 ms]
   [Clear CT: 0.7 ms]
   [Other: 6.0 ms]
      [Choose CSet: 0.0 ms]
      [Ref Proc: 4.1 ms]
      [Ref Enq: 0.0 ms]
      [Redirty Cards: 0.3 ms]
      [Humongous Register: 0.2 ms]
      [Humongous Reclaim: 0.0 ms]
      [Free CSet: 1.1 ms]
   [Eden: 1213.0M(1213.0M)->0.0B(1213.0M) Survivors: 15.0M->15.0M Heap: 1499.2M(2048.0M)->286.8M(2048.0M)]
 [Times: user=0.07 sys=0.00, real=0.02 secs] 
2019-07-23T03:20:32.099+0000: 1187882.928: [GC pause (G1 Evacuation Pause) (young), 0.0196326 secs]
   [Parallel Time: 11.7 ms, GC Workers: 8]
      [GC Worker Start (ms): Min: 1187882928.3, Avg: 1187882928.5, Max: 1187882928.7, Diff: 0.4]
      [Ext Root Scanning (ms): Min: 1.4, Avg: 2.1, Max: 3.4, Diff: 2.0, Sum: 16.5]
      [Update RS (ms): Min: 2.2, Avg: 3.2, Max: 3.5, Diff: 1.3, Sum: 25.8]
         [Processed Buffers: Min: 2, Avg: 10.4, Max: 26, Diff: 24, Sum: 83]
      [Scan RS (ms): Min: 0.1, Avg: 0.2, Max: 0.3, Diff: 0.2, Sum: 1.8]
      [Code Root Scanning (ms): Min: 0.0, Avg: 0.0, Max: 0.0, Diff: 0.0, Sum: 0.1]
      [Object Copy (ms): Min: 5.1, Avg: 5.5, Max: 6.1, Diff: 1.1, Sum: 44.0]
      [Termination (ms): Min: 0.1, Avg: 0.1, Max: 0.1, Diff: 0.0, Sum: 0.9]
         [Termination Attempts: Min: 48, Avg: 51.6, Max: 54, Diff: 6, Sum: 413]
      [GC Worker Other (ms): Min: 0.0, Avg: 0.2, Max: 0.3, Diff: 0.2, Sum: 1.3]
      [GC Worker Total (ms): Min: 11.2, Avg: 11.3, Max: 11.5, Diff: 0.4, Sum: 90.4]
      [GC Worker End (ms): Min: 1187882939.6, Avg: 1187882939.8, Max: 1187882939.9, Diff: 0.2]
   [Code Root Fixup: 0.1 ms]
   [Code Root Purge: 0.0 ms]
   [Clear CT: 0.7 ms]
   [Other: 7.2 ms]
      [Choose CSet: 0.0 ms]
      [Ref Proc: 5.3 ms]
      [Ref Enq: 0.0 ms]
      [Redirty Cards: 0.3 ms]
      [Humongous Register: 0.2 ms]
      [Humongous Reclaim: 0.0 ms]
      [Free CSet: 1.0 ms]
   [Eden: 1213.0M(1213.0M)->0.0B(1213.0M) Survivors: 15.0M->15.0M Heap: 1499.8M(2048.0M)->287.3M(2048.0M)]
 [Times: user=0.10 sys=0.00, real=0.02 secs] 
2019-07-23T04:42:07.831+0000: 1192778.660: [GC pause (G1 Evacuation Pause) (young), 0.0528531 secs]
   [Parallel Time: 45.9 ms, GC Workers: 8]
      [GC Worker Start (ms): Min: 1192778660.5, Avg: 1192778660.6, Max: 1192778660.7, Diff: 0.3]
      [Ext Root Scanning (ms): Min: 0.6, Avg: 0.9, Max: 2.0, Diff: 1.4, Sum: 7.3]
      [Update RS (ms): Min: 2.3, Avg: 2.8, Max: 3.7, Diff: 1.4, Sum: 22.0]
         [Processed Buffers: Min: 1, Avg: 10.9, Max: 37, Diff: 36, Sum: 87]
      [Scan RS (ms): Min: 0.1, Avg: 5.4, Max: 41.8, Diff: 41.7, Sum: 43.4]
      [Code Root Scanning (ms): Min: 0.0, Avg: 0.0, Max: 0.0, Diff: 0.0, Sum: 0.0]
      [Object Copy (ms): Min: 0.1, Avg: 4.8, Max: 5.9, Diff: 5.8, Sum: 38.7]
      [Termination (ms): Min: 0.0, Avg: 31.3, Max: 36.1, Diff: 36.1, Sum: 250.7]
         [Termination Attempts: Min: 1, Avg: 32.4, Max: 44, Diff: 43, Sum: 259]
      [GC Worker Other (ms): Min: 0.0, Avg: 0.0, Max: 0.0, Diff: 0.0, Sum: 0.3]
      [GC Worker Total (ms): Min: 45.1, Avg: 45.3, Max: 45.6, Diff: 0.5, Sum: 362.4]
      [GC Worker End (ms): Min: 1192778705.8, Avg: 1192778705.9, Max: 1192778706.2, Diff: 0.4]
   [Code Root Fixup: 0.1 ms]
   [Code Root Purge: 0.0 ms]
   [Clear CT: 0.5 ms]
   [Other: 6.4 ms]
      [Choose CSet: 0.0 ms]
      [Ref Proc: 4.2 ms]
      [Ref Enq: 0.0 ms]
      [Redirty Cards: 0.3 ms]
      [Humongous Register: 0.2 ms]
      [Humongous Reclaim: 0.0 ms]
      [Free CSet: 0.9 ms]
   [Eden: 1213.0M(1213.0M)->0.0B(1212.0M) Survivors: 15.0M->16.0M Heap: 1500.3M(2048.0M)->288.4M(2048.0M)]
 [Times: user=0.32 sys=0.00, real=0.06 secs] 
2019-07-23T06:03:39.619+0000: 1197670.448: [GC pause (G1 Evacuation Pause) (young), 0.0164888 secs]
   [Parallel Time: 9.5 ms, GC Workers: 8]
      [GC Worker Start (ms): Min: 1197670448.7, Avg: 1197670448.9, Max: 1197670449.3, Diff: 0.6]
      [Ext Root Scanning (ms): Min: 0.3, Avg: 0.9, Max: 2.6, Diff: 2.3, Sum: 7.6]
      [Update RS (ms): Min: 1.1, Avg: 2.4, Max: 2.9, Diff: 1.8, Sum: 19.5]
         [Processed Buffers: Min: 3, Avg: 10.4, Max: 24, Diff: 21, Sum: 83]
      [Scan RS (ms): Min: 0.1, Avg: 0.2, Max: 0.3, Diff: 0.2, Sum: 1.9]
      [Code Root Scanning (ms): Min: 0.0, Avg: 0.0, Max: 0.0, Diff: 0.0, Sum: 0.1]
      [Object Copy (ms): Min: 5.1, Avg: 5.2, Max: 5.3, Diff: 0.1, Sum: 41.5]
      [Termination (ms): Min: 0.1, Avg: 0.1, Max: 0.2, Diff: 0.1, Sum: 1.0]
         [Termination Attempts: Min: 32, Avg: 42.6, Max: 51, Diff: 19, Sum: 341]
      [GC Worker Other (ms): Min: 0.0, Avg: 0.1, Max: 0.2, Diff: 0.1, Sum: 0.7]
      [GC Worker Total (ms): Min: 8.7, Avg: 9.0, Max: 9.2, Diff: 0.5, Sum: 72.3]
      [GC Worker End (ms): Min: 1197670457.9, Avg: 1197670457.9, Max: 1197670458.0, Diff: 0.1]
   [Code Root Fixup: 0.1 ms]
   [Code Root Purge: 0.0 ms]
   [Clear CT: 0.6 ms]
   [Other: 6.3 ms]
      [Choose CSet: 0.0 ms]
      [Ref Proc: 4.5 ms]
      [Ref Enq: 0.0 ms]
      [Redirty Cards: 0.3 ms]
      [Humongous Register: 0.2 ms]
      [Humongous Reclaim: 0.0 ms]
      [Free CSet: 1.0 ms]
   [Eden: 1212.0M(1212.0M)->0.0B(1212.0M) Survivors: 16.0M->16.0M Heap: 1500.4M(2048.0M)->289.0M(2048.0M)]
 [Times: user=0.09 sys=0.00, real=0.02 secs] 
2019-07-23T07:24:59.420+0000: 1202550.260: [GC pause (G1 Evacuation Pause) (young), 0.0892926 secs]
   [Parallel Time: 25.1 ms, GC Workers: 8]
      [GC Worker Start (ms): Min: 1202550306.4, Avg: 1202550306.5, Max: 1202550306.9, Diff: 0.6]
      [Ext Root Scanning (ms): Min: 0.9, Avg: 1.6, Max: 2.8, Diff: 1.9, Sum: 12.6]
      [Update RS (ms): Min: 1.2, Avg: 2.2, Max: 2.8, Diff: 1.5, Sum: 17.9]
         [Processed Buffers: Min: 3, Avg: 10.1, Max: 21, Diff: 18, Sum: 81]
      [Scan RS (ms): Min: 0.1, Avg: 0.2, Max: 0.3, Diff: 0.2, Sum: 1.8]
      [Code Root Scanning (ms): Min: 0.0, Avg: 0.0, Max: 0.0, Diff: 0.0, Sum: 0.1]
      [Object Copy (ms): Min: 20.0, Avg: 20.2, Max: 20.3, Diff: 0.3, Sum: 161.4]
      [Termination (ms): Min: 0.1, Avg: 0.2, Max: 0.3, Diff: 0.2, Sum: 1.8]
         [Termination Attempts: Min: 37, Avg: 45.5, Max: 54, Diff: 17, Sum: 364]
      [GC Worker Other (ms): Min: 0.0, Avg: 0.1, Max: 0.2, Diff: 0.1, Sum: 0.8]
      [GC Worker Total (ms): Min: 24.2, Avg: 24.5, Max: 24.7, Diff: 0.6, Sum: 196.3]
      [GC Worker End (ms): Min: 1202550331.0, Avg: 1202550331.1, Max: 1202550331.2, Diff: 0.1]
   [Code Root Fixup: 0.1 ms]
   [Code Root Purge: 0.0 ms]
   [Clear CT: 0.6 ms]
   [Other: 63.5 ms]
      [Choose CSet: 0.0 ms]
      [Ref Proc: 4.4 ms]
      [Ref Enq: 0.0 ms]
      [Redirty Cards: 0.3 ms]
      [Humongous Register: 0.2 ms]
      [Humongous Reclaim: 0.0 ms]
      [Free CSet: 1.1 ms]
   [Eden: 1212.0M(1212.0M)->0.0B(1211.0M) Survivors: 16.0M->17.0M Heap: 1501.0M(2048.0M)->290.5M(2048.0M)]
 [Times: user=0.08 sys=0.00, real=0.10 secs] 
2019-07-23T08:47:12.271+0000: 1207483.100: [GC pause (G1 Evacuation Pause) (young), 0.1634730 secs]
   [Parallel Time: 18.3 ms, GC Workers: 8]
      [GC Worker Start (ms): Min: 1207483236.7, Avg: 1207483236.9, Max: 1207483237.0, Diff: 0.3]
      [Ext Root Scanning (ms): Min: 2.8, Avg: 4.3, Max: 4.9, Diff: 2.1, Sum: 34.2]
      [Update RS (ms): Min: 3.9, Avg: 4.6, Max: 5.9, Diff: 2.0, Sum: 37.2]
         [Processed Buffers: Min: 2, Avg: 10.5, Max: 26, Diff: 24, Sum: 84]
      [Scan RS (ms): Min: 0.1, Avg: 0.4, Max: 0.5, Diff: 0.4, Sum: 3.0]
      [Code Root Scanning (ms): Min: 0.0, Avg: 0.0, Max: 0.0, Diff: 0.0, Sum: 0.1]
      [Object Copy (ms): Min: 7.7, Avg: 8.1, Max: 8.3, Diff: 0.5, Sum: 64.4]
      [Termination (ms): Min: 0.1, Avg: 0.2, Max: 0.3, Diff: 0.1, Sum: 1.4]
         [Termination Attempts: Min: 65, Avg: 70.8, Max: 79, Diff: 14, Sum: 566]
      [GC Worker Other (ms): Min: 0.0, Avg: 0.2, Max: 0.3, Diff: 0.2, Sum: 1.2]
      [GC Worker Total (ms): Min: 17.4, Avg: 17.7, Max: 18.0, Diff: 0.5, Sum: 141.5]
      [GC Worker End (ms): Min: 1207483254.5, Avg: 1207483254.6, Max: 1207483254.7, Diff: 0.2]
   [Code Root Fixup: 0.1 ms]
   [Code Root Purge: 0.0 ms]
   [Clear CT: 0.8 ms]
   [Other: 144.3 ms]
      [Choose CSet: 0.0 ms]
      [Ref Proc: 5.1 ms]
      [Ref Enq: 0.0 ms]
      [Redirty Cards: 0.3 ms]
      [Humongous Register: 0.2 ms]
      [Humongous Reclaim: 0.0 ms]
      [Free CSet: 2.0 ms]
   [Eden: 1211.0M(1211.0M)->0.0B(1213.0M) Survivors: 17.0M->15.0M Heap: 1501.5M(2048.0M)->289.6M(2048.0M)]
 [Times: user=0.13 sys=0.00, real=0.42 secs] 
2019-07-23T10:08:19.815+0000: 1212350.644: [GC pause (G1 Evacuation Pause) (young), 0.0180413 secs]
   [Parallel Time: 10.3 ms, GC Workers: 8]
      [GC Worker Start (ms): Min: 1212350644.8, Avg: 1212350647.6, Max: 1212350652.7, Diff: 7.9]
      [Ext Root Scanning (ms): Min: 0.0, Avg: 0.8, Max: 2.1, Diff: 2.0, Sum: 6.3]
      [Update RS (ms): Min: 0.0, Avg: 2.0, Max: 3.4, Diff: 3.4, Sum: 16.1]
         [Processed Buffers: Min: 0, Avg: 10.6, Max: 38, Diff: 38, Sum: 85]
      [Scan RS (ms): Min: 0.1, Avg: 0.2, Max: 0.3, Diff: 0.2, Sum: 1.6]
      [Code Root Scanning (ms): Min: 0.0, Avg: 0.0, Max: 0.0, Diff: 0.0, Sum: 0.0]
      [Object Copy (ms): Min: 2.0, Avg: 4.1, Max: 5.1, Diff: 3.2, Sum: 32.9]
      [Termination (ms): Min: 0.1, Avg: 0.1, Max: 0.1, Diff: 0.1, Sum: 0.7]
         [Termination Attempts: Min: 33, Avg: 39.2, Max: 45, Diff: 12, Sum: 314]
      [GC Worker Other (ms): Min: 0.0, Avg: 0.1, Max: 0.2, Diff: 0.1, Sum: 0.7]
      [GC Worker Total (ms): Min: 2.2, Avg: 7.3, Max: 10.1, Diff: 7.9, Sum: 58.4]
      [GC Worker End (ms): Min: 1212350654.8, Avg: 1212350654.9, Max: 1212350654.9, Diff: 0.1]
   [Code Root Fixup: 0.1 ms]
   [Code Root Purge: 0.0 ms]
   [Clear CT: 0.6 ms]
   [Other: 7.1 ms]
      [Choose CSet: 0.0 ms]
      [Ref Proc: 5.2 ms]
      [Ref Enq: 0.0 ms]
      [Redirty Cards: 0.3 ms]
      [Humongous Register: 0.2 ms]
      [Humongous Reclaim: 0.0 ms]
      [Free CSet: 1.0 ms]
   [Eden: 1213.0M(1213.0M)->0.0B(1213.0M) Survivors: 15.0M->15.0M Heap: 1502.6M(2048.0M)->290.2M(2048.0M)]
 [Times: user=0.07 sys=0.00, real=0.02 secs] 
2019-07-23T11:29:59.581+0000: 1217250.410: [GC pause (G1 Evacuation Pause) (young), 0.0154177 secs]
   [Parallel Time: 8.9 ms, GC Workers: 8]
      [GC Worker Start (ms): Min: 1217250410.8, Avg: 1217250410.9, Max: 1217250411.0, Diff: 0.3]
      [Ext Root Scanning (ms): Min: 0.6, Avg: 0.9, Max: 1.9, Diff: 1.3, Sum: 7.3]
      [Update RS (ms): Min: 0.9, Avg: 2.3, Max: 2.7, Diff: 1.9, Sum: 18.2]
         [Processed Buffers: Min: 1, Avg: 10.1, Max: 26, Diff: 25, Sum: 81]
      [Scan RS (ms): Min: 0.1, Avg: 0.2, Max: 0.3, Diff: 0.2, Sum: 1.7]
      [Code Root Scanning (ms): Min: 0.0, Avg: 0.0, Max: 0.0, Diff: 0.0, Sum: 0.1]
      [Object Copy (ms): Min: 4.1, Avg: 4.9, Max: 6.4, Diff: 2.2, Sum: 39.2]
      [Termination (ms): Min: 0.1, Avg: 0.1, Max: 0.1, Diff: 0.0, Sum: 0.5]
         [Termination Attempts: Min: 33, Avg: 40.1, Max: 46, Diff: 13, Sum: 321]
      [GC Worker Other (ms): Min: 0.0, Avg: 0.1, Max: 0.1, Diff: 0.1, Sum: 0.7]
      [GC Worker Total (ms): Min: 8.3, Avg: 8.5, Max: 8.6, Diff: 0.3, Sum: 67.6]
      [GC Worker End (ms): Min: 1217250419.3, Avg: 1217250419.4, Max: 1217250419.4, Diff: 0.1]
   [Code Root Fixup: 0.1 ms]
   [Code Root Purge: 0.0 ms]
   [Clear CT: 0.4 ms]
   [Other: 6.0 ms]
      [Choose CSet: 0.0 ms]
      [Ref Proc: 4.2 ms]
      [Ref Enq: 0.0 ms]
      [Redirty Cards: 0.3 ms]
      [Humongous Register: 0.2 ms]
      [Humongous Reclaim: 0.0 ms]
      [Free CSet: 1.0 ms]
   [Eden: 1213.0M(1213.0M)->0.0B(1212.0M) Survivors: 15.0M->16.0M Heap: 1503.2M(2048.0M)->291.3M(2048.0M)]
 [Times: user=0.07 sys=0.00, real=0.01 secs] 
2019-07-23T12:51:35.117+0000: 1222145.946: [GC pause (G1 Evacuation Pause) (young), 0.0193983 secs]
   [Parallel Time: 10.4 ms, GC Workers: 8]
      [GC Worker Start (ms): Min: 1222145946.7, Avg: 1222145946.9, Max: 1222145947.0, Diff: 0.3]
      [Ext Root Scanning (ms): Min: 0.6, Avg: 1.0, Max: 2.3, Diff: 1.7, Sum: 8.1]
      [Update RS (ms): Min: 2.6, Avg: 3.3, Max: 5.0, Diff: 2.3, Sum: 26.5]
         [Processed Buffers: Min: 1, Avg: 10.6, Max: 22, Diff: 21, Sum: 85]
      [Scan RS (ms): Min: 0.1, Avg: 0.2, Max: 0.3, Diff: 0.2, Sum: 1.9]
      [Code Root Scanning (ms): Min: 0.0, Avg: 0.0, Max: 0.0, Diff: 0.0, Sum: 0.1]
      [Object Copy (ms): Min: 3.7, Avg: 5.0, Max: 5.6, Diff: 1.9, Sum: 40.4]
      [Termination (ms): Min: 0.2, Avg: 0.3, Max: 0.4, Diff: 0.2, Sum: 2.6]
         [Termination Attempts: Min: 49, Avg: 54.4, Max: 61, Diff: 12, Sum: 435]
      [GC Worker Other (ms): Min: 0.0, Avg: 0.1, Max: 0.2, Diff: 0.2, Sum: 1.2]
      [GC Worker Total (ms): Min: 9.9, Avg: 10.1, Max: 10.3, Diff: 0.4, Sum: 80.6]
      [GC Worker End (ms): Min: 1222145956.8, Avg: 1222145956.9, Max: 1222145957.1, Diff: 0.2]
   [Code Root Fixup: 0.1 ms]
   [Code Root Purge: 0.0 ms]
   [Clear CT: 0.4 ms]
   [Other: 8.4 ms]
      [Choose CSet: 0.0 ms]
      [Ref Proc: 5.8 ms]
      [Ref Enq: 0.0 ms]
      [Redirty Cards: 0.7 ms]
      [Humongous Register: 0.2 ms]
      [Humongous Reclaim: 0.0 ms]
      [Free CSet: 1.3 ms]
   [Eden: 1212.0M(1212.0M)->0.0B(1212.0M) Survivors: 16.0M->16.0M Heap: 1503.3M(2048.0M)->291.9M(2048.0M)]
 [Times: user=0.08 sys=0.00, real=0.02 secs] 
2019-07-23T14:12:46.535+0000: 1227017.364: [GC pause (G1 Evacuation Pause) (young), 0.0162832 secs]
   [Parallel Time: 9.7 ms, GC Workers: 8]
      [GC Worker Start (ms): Min: 1227017364.7, Avg: 1227017365.0, Max: 1227017365.2, Diff: 0.4]
      [Ext Root Scanning (ms): Min: 1.0, Avg: 1.9, Max: 3.2, Diff: 2.1, Sum: 15.2]
      [Update RS (ms): Min: 1.3, Avg: 2.3, Max: 3.1, Diff: 1.8, Sum: 18.5]
         [Processed Buffers: Min: 3, Avg: 11.0, Max: 27, Diff: 24, Sum: 88]
      [Scan RS (ms): Min: 0.1, Avg: 0.2, Max: 0.3, Diff: 0.2, Sum: 1.7]
      [Code Root Scanning (ms): Min: 0.0, Avg: 0.0, Max: 0.0, Diff: 0.0, Sum: 0.1]
      [Object Copy (ms): Min: 4.4, Avg: 4.6, Max: 4.7, Diff: 0.3, Sum: 36.8]
      [Termination (ms): Min: 0.0, Avg: 0.0, Max: 0.1, Diff: 0.0, Sum: 0.4]
         [Termination Attempts: Min: 27, Avg: 32.6, Max: 42, Diff: 15, Sum: 261]
      [GC Worker Other (ms): Min: 0.0, Avg: 0.1, Max: 0.2, Diff: 0.2, Sum: 1.0]
      [GC Worker Total (ms): Min: 9.0, Avg: 9.2, Max: 9.5, Diff: 0.6, Sum: 73.7]
      [GC Worker End (ms): Min: 1227017374.1, Avg: 1227017374.2, Max: 1227017374.3, Diff: 0.2]
   [Code Root Fixup: 0.1 ms]
   [Code Root Purge: 0.0 ms]
   [Clear CT: 0.6 ms]
   [Other: 5.9 ms]
      [Choose CSet: 0.0 ms]
      [Ref Proc: 3.9 ms]
      [Ref Enq: 0.0 ms]
      [Redirty Cards: 0.3 ms]
      [Humongous Register: 0.3 ms]
      [Humongous Reclaim: 0.0 ms]
      [Free CSet: 1.0 ms]
   [Eden: 1212.0M(1212.0M)->0.0B(1212.0M) Survivors: 16.0M->16.0M Heap: 1503.9M(2048.0M)->293.0M(2048.0M)]
 [Times: user=0.08 sys=0.00, real=0.02 secs] 
2019-07-23T15:34:18.250+0000: 1231909.079: [GC pause (G1 Evacuation Pause) (young), 0.0151023 secs]
   [Parallel Time: 8.5 ms, GC Workers: 8]
      [GC Worker Start (ms): Min: 1231909079.3, Avg: 1231909079.3, Max: 1231909079.4, Diff: 0.2]
      [Ext Root Scanning (ms): Min: 0.5, Avg: 0.9, Max: 2.4, Diff: 1.8, Sum: 7.2]
      [Update RS (ms): Min: 0.8, Avg: 2.1, Max: 2.4, Diff: 1.7, Sum: 16.9]
         [Processed Buffers: Min: 4, Avg: 10.2, Max: 32, Diff: 28, Sum: 82]
      [Scan RS (ms): Min: 0.2, Avg: 0.2, Max: 0.3, Diff: 0.1, Sum: 1.8]
      [Code Root Scanning (ms): Min: 0.0, Avg: 0.0, Max: 0.0, Diff: 0.0, Sum: 0.0]
      [Object Copy (ms): Min: 4.6, Avg: 4.7, Max: 4.9, Diff: 0.3, Sum: 37.8]
      [Termination (ms): Min: 0.0, Avg: 0.2, Max: 0.2, Diff: 0.2, Sum: 1.4]
         [Termination Attempts: Min: 1, Avg: 41.1, Max: 62, Diff: 61, Sum: 329]
      [GC Worker Other (ms): Min: 0.0, Avg: 0.1, Max: 0.1, Diff: 0.1, Sum: 0.5]
      [GC Worker Total (ms): Min: 8.1, Avg: 8.2, Max: 8.3, Diff: 0.2, Sum: 65.6]
      [GC Worker End (ms): Min: 1231909087.5, Avg: 1231909087.5, Max: 1231909087.6, Diff: 0.1]
   [Code Root Fixup: 0.1 ms]
   [Code Root Purge: 0.0 ms]
   [Clear CT: 0.8 ms]
   [Other: 5.8 ms]
      [Choose CSet: 0.0 ms]
      [Ref Proc: 4.0 ms]
      [Ref Enq: 0.0 ms]
      [Redirty Cards: 0.3 ms]
      [Humongous Register: 0.1 ms]
      [Humongous Reclaim: 0.0 ms]
      [Free CSet: 1.0 ms]
   [Eden: 1212.0M(1212.0M)->0.0B(1213.0M) Survivors: 16.0M->15.0M Heap: 1505.0M(2048.0M)->292.5M(2048.0M)]
 [Times: user=0.07 sys=0.00, real=0.02 secs] 
2019-07-23T16:56:03.462+0000: 1236814.291: [GC pause (G1 Evacuation Pause) (young), 0.0188243 secs]
   [Parallel Time: 11.8 ms, GC Workers: 8]
      [GC Worker Start (ms): Min: 1236814291.6, Avg: 1236814291.8, Max: 1236814292.5, Diff: 0.8]
      [Ext Root Scanning (ms): Min: 1.1, Avg: 1.7, Max: 2.7, Diff: 1.6, Sum: 13.7]
      [Update RS (ms): Min: 2.5, Avg: 3.7, Max: 9.0, Diff: 6.5, Sum: 29.9]
         [Processed Buffers: Min: 1, Avg: 11.6, Max: 27, Diff: 26, Sum: 93]
      [Scan RS (ms): Min: 0.1, Avg: 0.2, Max: 0.3, Diff: 0.3, Sum: 1.8]
      [Code Root Scanning (ms): Min: 0.0, Avg: 0.0, Max: 0.0, Diff: 0.0, Sum: 0.1]
      [Object Copy (ms): Min: 0.3, Avg: 5.3, Max: 6.1, Diff: 5.8, Sum: 42.8]
      [Termination (ms): Min: 0.0, Avg: 0.1, Max: 0.1, Diff: 0.1, Sum: 0.8]
         [Termination Attempts: Min: 6, Avg: 40.0, Max: 53, Diff: 47, Sum: 320]
      [GC Worker Other (ms): Min: 0.0, Avg: 0.2, Max: 0.8, Diff: 0.8, Sum: 1.7]
      [GC Worker Total (ms): Min: 10.7, Avg: 11.3, Max: 11.6, Diff: 0.9, Sum: 90.8]
      [GC Worker End (ms): Min: 1236814303.1, Avg: 1236814303.2, Max: 1236814303.3, Diff: 0.2]
   [Code Root Fixup: 0.1 ms]
   [Code Root Purge: 0.0 ms]
   [Clear CT: 0.4 ms]
   [Other: 6.5 ms]
      [Choose CSet: 0.0 ms]
      [Ref Proc: 4.2 ms]
      [Ref Enq: 0.0 ms]
      [Redirty Cards: 0.4 ms]
      [Humongous Register: 0.4 ms]
      [Humongous Reclaim: 0.0 ms]
      [Free CSet: 1.1 ms]
   [Eden: 1213.0M(1213.0M)->0.0B(1212.0M) Survivors: 15.0M->16.0M Heap: 1505.5M(2048.0M)->293.6M(2048.0M)]
 [Times: user=0.09 sys=0.00, real=0.01 secs] 
2019-07-23T18:16:55.227+0000: 1241666.057: [GC pause (G1 Evacuation Pause) (young), 0.0218897 secs]
   [Parallel Time: 14.2 ms, GC Workers: 8]
      [GC Worker Start (ms): Min: 1241666057.7, Avg: 1241666057.9, Max: 1241666058.0, Diff: 0.2]
      [Ext Root Scanning (ms): Min: 0.6, Avg: 1.0, Max: 2.3, Diff: 1.7, Sum: 7.7]
      [Update RS (ms): Min: 2.6, Avg: 3.8, Max: 4.3, Diff: 1.7, Sum: 30.3]
         [Processed Buffers: Min: 4, Avg: 11.5, Max: 31, Diff: 27, Sum: 92]
      [Scan RS (ms): Min: 0.1, Avg: 0.2, Max: 0.3, Diff: 0.2, Sum: 1.7]
      [Code Root Scanning (ms): Min: 0.0, Avg: 0.0, Max: 0.0, Diff: 0.0, Sum: 0.1]
      [Object Copy (ms): Min: 8.4, Avg: 8.5, Max: 8.7, Diff: 0.2, Sum: 68.3]
      [Termination (ms): Min: 0.1, Avg: 0.2, Max: 0.2, Diff: 0.1, Sum: 1.4]
         [Termination Attempts: Min: 49, Avg: 170.6, Max: 209, Diff: 160, Sum: 1365]
      [GC Worker Other (ms): Min: 0.0, Avg: 0.1, Max: 0.2, Diff: 0.2, Sum: 0.9]
      [GC Worker Total (ms): Min: 13.6, Avg: 13.8, Max: 14.0, Diff: 0.3, Sum: 110.5]
      [GC Worker End (ms): Min: 1241666071.6, Avg: 1241666071.7, Max: 1241666071.8, Diff: 0.2]
   [Code Root Fixup: 0.1 ms]
   [Code Root Purge: 0.0 ms]
   [Clear CT: 0.6 ms]
   [Other: 7.0 ms]
      [Choose CSet: 0.0 ms]
      [Ref Proc: 4.4 ms]
      [Ref Enq: 0.0 ms]
      [Redirty Cards: 0.3 ms]
      [Humongous Register: 0.8 ms]
      [Humongous Reclaim: 0.0 ms]
      [Free CSet: 1.0 ms]
   [Eden: 1212.0M(1212.0M)->0.0B(1211.0M) Survivors: 16.0M->17.0M Heap: 1506.6M(2048.0M)->296.6M(2048.0M)]
 [Times: user=0.12 sys=0.00, real=0.02 secs] 
2019-07-23T19:38:33.688+0000: 1246564.517: [GC pause (G1 Evacuation Pause) (young), 0.0182045 secs]
   [Parallel Time: 11.7 ms, GC Workers: 8]
      [GC Worker Start (ms): Min: 1246564517.5, Avg: 1246564517.6, Max: 1246564517.7, Diff: 0.2]
      [Ext Root Scanning (ms): Min: 0.6, Avg: 0.8, Max: 1.9, Diff: 1.4, Sum: 6.8]
      [Update RS (ms): Min: 1.5, Avg: 2.5, Max: 3.0, Diff: 1.5, Sum: 20.0]
         [Processed Buffers: Min: 4, Avg: 11.6, Max: 28, Diff: 24, Sum: 93]
      [Scan RS (ms): Min: 0.1, Avg: 0.2, Max: 0.3, Diff: 0.2, Sum: 1.7]
      [Code Root Scanning (ms): Min: 0.0, Avg: 0.0, Max: 0.0, Diff: 0.0, Sum: 0.0]
      [Object Copy (ms): Min: 7.5, Avg: 7.5, Max: 7.6, Diff: 0.1, Sum: 60.2]
      [Termination (ms): Min: 0.1, Avg: 0.2, Max: 0.2, Diff: 0.1, Sum: 1.3]
         [Termination Attempts: Min: 50, Avg: 276.0, Max: 340, Diff: 290, Sum: 2208]
      [GC Worker Other (ms): Min: 0.0, Avg: 0.1, Max: 0.2, Diff: 0.1, Sum: 0.7]
      [GC Worker Total (ms): Min: 11.3, Avg: 11.3, Max: 11.4, Diff: 0.1, Sum: 90.7]
      [GC Worker End (ms): Min: 1246564528.9, Avg: 1246564528.9, Max: 1246564529.0, Diff: 0.1]
   [Code Root Fixup: 0.1 ms]
   [Code Root Purge: 0.0 ms]
   [Clear CT: 0.5 ms]
   [Other: 5.9 ms]
      [Choose CSet: 0.0 ms]
      [Ref Proc: 4.0 ms]
      [Ref Enq: 0.0 ms]
      [Redirty Cards: 0.3 ms]
      [Humongous Register: 0.2 ms]
      [Humongous Reclaim: 0.0 ms]
      [Free CSet: 1.0 ms]
   [Eden: 1211.0M(1211.0M)->0.0B(1212.0M) Survivors: 17.0M->16.0M Heap: 1507.6M(2048.0M)->296.2M(2048.0M)]
 [Times: user=0.10 sys=0.00, real=0.02 secs] 
2019-07-23T21:00:07.938+0000: 1251458.767: [GC pause (G1 Evacuation Pause) (young), 0.0197820 secs]
   [Parallel Time: 13.1 ms, GC Workers: 8]
      [GC Worker Start (ms): Min: 1251458767.1, Avg: 1251458767.4, Max: 1251458767.9, Diff: 0.8]
      [Ext Root Scanning (ms): Min: 0.2, Avg: 0.9, Max: 2.0, Diff: 1.9, Sum: 7.0]
      [Update RS (ms): Min: 2.2, Avg: 3.0, Max: 3.4, Diff: 1.2, Sum: 24.2]
         [Processed Buffers: Min: 4, Avg: 11.8, Max: 24, Diff: 20, Sum: 94]
      [Scan RS (ms): Min: 0.1, Avg: 0.2, Max: 0.3, Diff: 0.2, Sum: 1.8]
      [Code Root Scanning (ms): Min: 0.0, Avg: 0.0, Max: 0.0, Diff: 0.0, Sum: 0.1]
      [Object Copy (ms): Min: 8.3, Avg: 8.4, Max: 8.4, Diff: 0.2, Sum: 66.8]
      [Termination (ms): Min: 0.1, Avg: 0.1, Max: 0.2, Diff: 0.1, Sum: 1.1]
         [Termination Attempts: Min: 45, Avg: 229.2, Max: 266, Diff: 221, Sum: 1834]
      [GC Worker Other (ms): Min: 0.0, Avg: 0.1, Max: 0.2, Diff: 0.1, Sum: 0.7]
      [GC Worker Total (ms): Min: 12.2, Avg: 12.7, Max: 12.9, Diff: 0.7, Sum: 101.7]
      [GC Worker End (ms): Min: 1251458780.0, Avg: 1251458780.1, Max: 1251458780.2, Diff: 0.1]
   [Code Root Fixup: 0.2 ms]
   [Code Root Purge: 0.0 ms]
   [Clear CT: 0.6 ms]
   [Other: 5.9 ms]
      [Choose CSet: 0.0 ms]
      [Ref Proc: 3.9 ms]
      [Ref Enq: 0.0 ms]
      [Redirty Cards: 0.5 ms]
      [Humongous Register: 0.1 ms]
      [Humongous Reclaim: 0.0 ms]
      [Free CSet: 1.0 ms]
   [Eden: 1212.0M(1212.0M)->0.0B(1211.0M) Survivors: 16.0M->17.0M Heap: 1508.2M(2048.0M)->297.7M(2048.0M)]
 [Times: user=0.11 sys=0.00, real=0.02 secs] 
2019-07-23T22:21:08.365+0000: 1256319.194: [GC pause (G1 Evacuation Pause) (young), 0.0216812 secs]
   [Parallel Time: 12.1 ms, GC Workers: 8]
      [GC Worker Start (ms): Min: 1256319194.6, Avg: 1256319194.7, Max: 1256319194.8, Diff: 0.2]
      [Ext Root Scanning (ms): Min: 0.9, Avg: 1.4, Max: 2.2, Diff: 1.3, Sum: 11.3]
      [Update RS (ms): Min: 2.0, Avg: 2.5, Max: 2.8, Diff: 0.8, Sum: 20.0]
         [Processed Buffers: Min: 3, Avg: 11.4, Max: 22, Diff: 19, Sum: 91]
      [Scan RS (ms): Min: 0.1, Avg: 0.2, Max: 0.3, Diff: 0.2, Sum: 1.7]
      [Code Root Scanning (ms): Min: 0.0, Avg: 0.0, Max: 0.0, Diff: 0.0, Sum: 0.0]
      [Object Copy (ms): Min: 7.1, Avg: 7.4, Max: 7.6, Diff: 0.5, Sum: 59.2]
      [Termination (ms): Min: 0.1, Avg: 0.2, Max: 0.2, Diff: 0.2, Sum: 1.3]
         [Termination Attempts: Min: 42, Avg: 214.8, Max: 255, Diff: 213, Sum: 1718]
      [GC Worker Other (ms): Min: 0.0, Avg: 0.1, Max: 0.2, Diff: 0.1, Sum: 0.7]
      [GC Worker Total (ms): Min: 11.6, Avg: 11.8, Max: 11.9, Diff: 0.3, Sum: 94.2]
      [GC Worker End (ms): Min: 1256319206.4, Avg: 1256319206.5, Max: 1256319206.6, Diff: 0.1]
   [Code Root Fixup: 0.1 ms]
   [Code Root Purge: 0.0 ms]
   [Clear CT: 0.6 ms]
   [Other: 8.8 ms]
      [Choose CSet: 0.0 ms]
      [Ref Proc: 5.8 ms]
      [Ref Enq: 0.1 ms]
      [Redirty Cards: 1.2 ms]
      [Humongous Register: 0.1 ms]
      [Humongous Reclaim: 0.0 ms]
      [Free CSet: 1.3 ms]
   [Eden: 1211.0M(1211.0M)->0.0B(1211.0M) Survivors: 17.0M->17.0M Heap: 1508.7M(2048.0M)->297.8M(2048.0M)]
 [Times: user=0.10 sys=0.00, real=0.02 secs] 
2019-07-23T23:42:38.510+0000: 1261209.340: [GC pause (G1 Evacuation Pause) (young), 0.0216082 secs]
   [Parallel Time: 15.3 ms, GC Workers: 8]
      [GC Worker Start (ms): Min: 1261209339.9, Avg: 1261209340.1, Max: 1261209340.3, Diff: 0.3]
      [Ext Root Scanning (ms): Min: 0.5, Avg: 1.8, Max: 7.6, Diff: 7.2, Sum: 14.1]
      [Update RS (ms): Min: 0.0, Avg: 2.7, Max: 3.4, Diff: 3.4, Sum: 21.3]
         [Processed Buffers: Min: 0, Avg: 11.5, Max: 28, Diff: 28, Sum: 92]
      [Scan RS (ms): Min: 0.1, Avg: 0.2, Max: 0.3, Diff: 0.1, Sum: 1.8]
      [Code Root Scanning (ms): Min: 0.0, Avg: 0.0, Max: 0.0, Diff: 0.0, Sum: 0.1]
      [Object Copy (ms): Min: 7.0, Avg: 10.1, Max: 10.7, Diff: 3.7, Sum: 80.4]
      [Termination (ms): Min: 0.1, Avg: 0.2, Max: 0.2, Diff: 0.2, Sum: 1.6]
         [Termination Attempts: Min: 38, Avg: 422.9, Max: 522, Diff: 484, Sum: 3383]
      [GC Worker Other (ms): Min: 0.0, Avg: 0.1, Max: 0.1, Diff: 0.1, Sum: 0.7]
      [GC Worker Total (ms): Min: 14.8, Avg: 15.0, Max: 15.1, Diff: 0.2, Sum: 119.8]
      [GC Worker End (ms): Min: 1261209355.0, Avg: 1261209355.0, Max: 1261209355.1, Diff: 0.1]
   [Code Root Fixup: 0.1 ms]
   [Code Root Purge: 0.0 ms]
   [Clear CT: 0.6 ms]
   [Other: 5.6 ms]
      [Choose CSet: 0.0 ms]
      [Ref Proc: 3.9 ms]
      [Ref Enq: 0.0 ms]
      [Redirty Cards: 0.3 ms]
      [Humongous Register: 0.2 ms]
      [Humongous Reclaim: 0.0 ms]
      [Free CSet: 0.9 ms]
   [Eden: 1211.0M(1211.0M)->0.0B(1212.0M) Survivors: 17.0M->16.0M Heap: 1508.8M(2048.0M)->297.8M(2048.0M)]
 [Times: user=0.12 sys=0.00, real=0.03 secs] 
2019-07-24T01:04:10.047+0000: 1266100.876: [GC pause (G1 Evacuation Pause) (young), 0.0225918 secs]
   [Parallel Time: 16.4 ms, GC Workers: 8]
      [GC Worker Start (ms): Min: 1266100876.7, Avg: 1266100876.8, Max: 1266100877.0, Diff: 0.3]
      [Ext Root Scanning (ms): Min: 1.1, Avg: 1.8, Max: 3.1, Diff: 2.0, Sum: 14.5]
      [Update RS (ms): Min: 2.6, Avg: 4.5, Max: 8.1, Diff: 5.5, Sum: 36.1]
         [Processed Buffers: Min: 1, Avg: 11.4, Max: 34, Diff: 33, Sum: 91]
      [Scan RS (ms): Min: 0.1, Avg: 0.2, Max: 0.4, Diff: 0.3, Sum: 1.8]
      [Code Root Scanning (ms): Min: 0.0, Avg: 0.0, Max: 0.0, Diff: 0.0, Sum: 0.1]
      [Object Copy (ms): Min: 6.0, Avg: 8.9, Max: 10.1, Diff: 4.1, Sum: 71.5]
      [Termination (ms): Min: 0.1, Avg: 0.2, Max: 0.3, Diff: 0.2, Sum: 1.6]
         [Termination Attempts: Min: 41, Avg: 322.0, Max: 400, Diff: 359, Sum: 2576]
      [GC Worker Other (ms): Min: 0.0, Avg: 0.1, Max: 0.2, Diff: 0.1, Sum: 0.7]
      [GC Worker Total (ms): Min: 15.6, Avg: 15.8, Max: 16.0, Diff: 0.4, Sum: 126.3]
      [GC Worker End (ms): Min: 1266100892.6, Avg: 1266100892.6, Max: 1266100892.7, Diff: 0.1]
   [Code Root Fixup: 0.1 ms]
   [Code Root Purge: 0.0 ms]
   [Clear CT: 0.5 ms]
   [Other: 5.6 ms]
      [Choose CSet: 0.0 ms]
      [Ref Proc: 3.9 ms]
      [Ref Enq: 0.0 ms]
      [Redirty Cards: 0.3 ms]
      [Humongous Register: 0.2 ms]
      [Humongous Reclaim: 0.0 ms]
      [Free CSet: 0.9 ms]
   [Eden: 1212.0M(1212.0M)->0.0B(1211.0M) Survivors: 16.0M->17.0M Heap: 1509.8M(2048.0M)->299.4M(2048.0M)]
 [Times: user=0.12 sys=0.00, real=0.02 secs] 
2019-07-24T02:25:18.419+0000: 1270969.248: [GC pause (G1 Evacuation Pause) (young), 0.0168015 secs]
   [Parallel Time: 10.5 ms, GC Workers: 8]
      [GC Worker Start (ms): Min: 1270969248.6, Avg: 1270969249.2, Max: 1270969252.1, Diff: 3.5]
      [Ext Root Scanning (ms): Min: 0.0, Avg: 0.9, Max: 2.7, Diff: 2.7, Sum: 7.3]
      [Update RS (ms): Min: 0.8, Avg: 2.8, Max: 3.6, Diff: 2.8, Sum: 22.3]
         [Processed Buffers: Min: 1, Avg: 11.1, Max: 35, Diff: 34, Sum: 89]
      [Scan RS (ms): Min: 0.1, Avg: 0.2, Max: 0.3, Diff: 0.2, Sum: 1.9]
      [Code Root Scanning (ms): Min: 0.0, Avg: 0.0, Max: 0.0, Diff: 0.0, Sum: 0.1]
      [Object Copy (ms): Min: 5.5, Avg: 5.6, Max: 5.7, Diff: 0.2, Sum: 45.1]
      [Termination (ms): Min: 0.1, Avg: 0.1, Max: 0.1, Diff: 0.1, Sum: 0.8]
         [Termination Attempts: Min: 34, Avg: 38.4, Max: 41, Diff: 7, Sum: 307]
      [GC Worker Other (ms): Min: 0.0, Avg: 0.1, Max: 0.2, Diff: 0.1, Sum: 0.7]
      [GC Worker Total (ms): Min: 6.9, Avg: 9.8, Max: 10.3, Diff: 3.4, Sum: 78.1]
      [GC Worker End (ms): Min: 1270969258.9, Avg: 1270969258.9, Max: 1270969259.0, Diff: 0.1]
   [Code Root Fixup: 0.1 ms]
   [Code Root Purge: 0.0 ms]
   [Clear CT: 0.5 ms]
   [Other: 5.6 ms]
      [Choose CSet: 0.0 ms]
      [Ref Proc: 3.8 ms]
      [Ref Enq: 0.0 ms]
      [Redirty Cards: 0.3 ms]
      [Humongous Register: 0.2 ms]
      [Humongous Reclaim: 0.0 ms]
      [Free CSet: 1.0 ms]
   [Eden: 1211.0M(1211.0M)->0.0B(1211.0M) Survivors: 17.0M->17.0M Heap: 1510.4M(2048.0M)->299.4M(2048.0M)]
 [Times: user=0.09 sys=0.00, real=0.02 secs] 
2019-07-24T03:47:31.652+0000: 1275902.481: [GC pause (G1 Evacuation Pause) (young), 0.0219801 secs]
   [Parallel Time: 15.3 ms, GC Workers: 8]
      [GC Worker Start (ms): Min: 1275902481.4, Avg: 1275902484.0, Max: 1275902487.9, Diff: 6.5]
      [Ext Root Scanning (ms): Min: 0.0, Avg: 1.1, Max: 2.8, Diff: 2.8, Sum: 8.9]
      [Update RS (ms): Min: 0.0, Avg: 2.4, Max: 4.0, Diff: 4.0, Sum: 19.0]
         [Processed Buffers: Min: 0, Avg: 11.2, Max: 38, Diff: 38, Sum: 90]
      [Scan RS (ms): Min: 0.1, Avg: 0.2, Max: 0.3, Diff: 0.2, Sum: 1.5]
      [Code Root Scanning (ms): Min: 0.0, Avg: 0.0, Max: 0.0, Diff: 0.0, Sum: 0.0]
      [Object Copy (ms): Min: 8.3, Avg: 8.6, Max: 8.8, Diff: 0.5, Sum: 68.9]
      [Termination (ms): Min: 0.1, Avg: 0.1, Max: 0.2, Diff: 0.1, Sum: 1.1]
         [Termination Attempts: Min: 42, Avg: 92.1, Max: 114, Diff: 72, Sum: 737]
      [GC Worker Other (ms): Min: 0.0, Avg: 0.1, Max: 0.2, Diff: 0.1, Sum: 0.7]
      [GC Worker Total (ms): Min: 8.6, Avg: 12.5, Max: 15.1, Diff: 6.4, Sum: 100.1]
      [GC Worker End (ms): Min: 1275902496.4, Avg: 1275902496.5, Max: 1275902496.6, Diff: 0.1]
   [Code Root Fixup: 0.1 ms]
   [Code Root Purge: 0.0 ms]
   [Clear CT: 0.7 ms]
   [Other: 5.9 ms]
      [Choose CSet: 0.0 ms]
      [Ref Proc: 4.1 ms]
      [Ref Enq: 0.0 ms]
      [Redirty Cards: 0.3 ms]
      [Humongous Register: 0.2 ms]
      [Humongous Reclaim: 0.0 ms]
      [Free CSet: 1.0 ms]
   [Eden: 1211.0M(1211.0M)->0.0B(1211.0M) Survivors: 17.0M->17.0M Heap: 1510.4M(2048.0M)->300.5M(2048.0M)]
 [Times: user=0.11 sys=0.00, real=0.02 secs] 
2019-07-24T05:08:34.030+0000: 1280764.859: [GC pause (G1 Evacuation Pause) (young), 0.0183035 secs]
   [Parallel Time: 11.5 ms, GC Workers: 8]
      [GC Worker Start (ms): Min: 1280764859.2, Avg: 1280764859.7, Max: 1280764860.5, Diff: 1.3]
      [Ext Root Scanning (ms): Min: 0.0, Avg: 0.8, Max: 2.0, Diff: 2.0, Sum: 6.1]
      [Update RS (ms): Min: 2.1, Avg: 2.8, Max: 3.0, Diff: 0.9, Sum: 22.3]
         [Processed Buffers: Min: 4, Avg: 11.4, Max: 20, Diff: 16, Sum: 91]
      [Scan RS (ms): Min: 0.2, Avg: 0.2, Max: 0.3, Diff: 0.1, Sum: 2.0]
      [Code Root Scanning (ms): Min: 0.0, Avg: 0.0, Max: 0.0, Diff: 0.0, Sum: 0.1]
      [Object Copy (ms): Min: 6.7, Avg: 6.8, Max: 7.0, Diff: 0.2, Sum: 54.7]
      [Termination (ms): Min: 0.0, Avg: 0.1, Max: 0.1, Diff: 0.0, Sum: 0.5]
         [Termination Attempts: Min: 27, Avg: 52.0, Max: 70, Diff: 43, Sum: 416]
      [GC Worker Other (ms): Min: 0.0, Avg: 0.1, Max: 0.2, Diff: 0.2, Sum: 0.9]
      [GC Worker Total (ms): Min: 10.0, Avg: 10.8, Max: 11.4, Diff: 1.4, Sum: 86.5]
      [GC Worker End (ms): Min: 1280764870.5, Avg: 1280764870.5, Max: 1280764870.6, Diff: 0.2]
   [Code Root Fixup: 0.1 ms]
   [Code Root Purge: 0.0 ms]
   [Clear CT: 0.5 ms]
   [Other: 6.2 ms]
      [Choose CSet: 0.0 ms]
      [Ref Proc: 4.0 ms]
      [Ref Enq: 0.1 ms]
      [Redirty Cards: 0.3 ms]
      [Humongous Register: 0.2 ms]
      [Humongous Reclaim: 0.0 ms]
      [Free CSet: 1.2 ms]
   [Eden: 1211.0M(1211.0M)->0.0B(1211.0M) Survivors: 17.0M->17.0M Heap: 1511.5M(2048.0M)->300.5M(2048.0M)]
 [Times: user=0.10 sys=0.00, real=0.02 secs] 
2019-07-24T06:30:08.052+0000: 1285658.881: [GC pause (G1 Evacuation Pause) (young), 0.0309039 secs]
   [Parallel Time: 24.0 ms, GC Workers: 8]
      [GC Worker Start (ms): Min: 1285658881.7, Avg: 1285658881.8, Max: 1285658882.0, Diff: 0.3]
      [Ext Root Scanning (ms): Min: 0.6, Avg: 1.0, Max: 2.0, Diff: 1.4, Sum: 7.9]
      [Update RS (ms): Min: 1.9, Avg: 2.6, Max: 3.0, Diff: 1.1, Sum: 21.1]
         [Processed Buffers: Min: 3, Avg: 11.1, Max: 28, Diff: 25, Sum: 89]
      [Scan RS (ms): Min: 0.1, Avg: 0.2, Max: 0.3, Diff: 0.2, Sum: 1.8]
      [Code Root Scanning (ms): Min: 0.0, Avg: 0.0, Max: 0.0, Diff: 0.0, Sum: 0.1]
      [Object Copy (ms): Min: 19.3, Avg: 19.5, Max: 20.3, Diff: 1.0, Sum: 156.0]
      [Termination (ms): Min: 0.1, Avg: 0.2, Max: 0.3, Diff: 0.1, Sum: 1.8]
         [Termination Attempts: Min: 51, Avg: 305.8, Max: 367, Diff: 316, Sum: 2446]
      [GC Worker Other (ms): Min: 0.0, Avg: 0.1, Max: 0.2, Diff: 0.1, Sum: 0.7]
      [GC Worker Total (ms): Min: 23.4, Avg: 23.7, Max: 23.8, Diff: 0.4, Sum: 189.4]
      [GC Worker End (ms): Min: 1285658905.4, Avg: 1285658905.5, Max: 1285658905.6, Diff: 0.1]
   [Code Root Fixup: 0.1 ms]
   [Code Root Purge: 0.0 ms]
   [Clear CT: 0.6 ms]
   [Other: 6.2 ms]
      [Choose CSet: 0.0 ms]
      [Ref Proc: 4.3 ms]
      [Ref Enq: 0.0 ms]
      [Redirty Cards: 0.3 ms]
      [Humongous Register: 0.2 ms]
      [Humongous Reclaim: 0.0 ms]
      [Free CSet: 1.0 ms]
   [Eden: 1211.0M(1211.0M)->0.0B(1212.0M) Survivors: 17.0M->16.0M Heap: 1511.5M(2048.0M)->300.7M(2048.0M)]
 [Times: user=0.11 sys=0.00, real=0.03 secs] 
2019-07-24T07:51:45.130+0000: 1290555.960: [GC pause (G1 Evacuation Pause) (young), 0.0197103 secs]
   [Parallel Time: 12.8 ms, GC Workers: 8]
      [GC Worker Start (ms): Min: 1290555960.1, Avg: 1290555960.2, Max: 1290555960.3, Diff: 0.2]
      [Ext Root Scanning (ms): Min: 0.6, Avg: 0.9, Max: 1.9, Diff: 1.3, Sum: 7.4]
      [Update RS (ms): Min: 2.0, Avg: 2.9, Max: 3.2, Diff: 1.2, Sum: 23.1]
         [Processed Buffers: Min: 3, Avg: 10.9, Max: 39, Diff: 36, Sum: 87]
      [Scan RS (ms): Min: 0.1, Avg: 0.2, Max: 0.3, Diff: 0.2, Sum: 1.8]
      [Code Root Scanning (ms): Min: 0.0, Avg: 0.0, Max: 0.0, Diff: 0.0, Sum: 0.1]
      [Object Copy (ms): Min: 7.8, Avg: 8.1, Max: 8.2, Diff: 0.3, Sum: 64.5]
      [Termination (ms): Min: 0.1, Avg: 0.1, Max: 0.2, Diff: 0.1, Sum: 1.0]
         [Termination Attempts: Min: 32, Avg: 203.0, Max: 245, Diff: 213, Sum: 1624]
      [GC Worker Other (ms): Min: 0.0, Avg: 0.1, Max: 0.2, Diff: 0.2, Sum: 0.9]
      [GC Worker Total (ms): Min: 12.2, Avg: 12.3, Max: 12.5, Diff: 0.4, Sum: 98.7]
      [GC Worker End (ms): Min: 1290555972.4, Avg: 1290555972.5, Max: 1290555972.6, Diff: 0.2]
   [Code Root Fixup: 0.1 ms]
   [Code Root Purge: 0.0 ms]
   [Clear CT: 0.6 ms]
   [Other: 6.2 ms]
      [Choose CSet: 0.0 ms]
      [Ref Proc: 4.4 ms]
      [Ref Enq: 0.0 ms]
      [Redirty Cards: 0.4 ms]
      [Humongous Register: 0.2 ms]
      [Humongous Reclaim: 0.0 ms]
      [Free CSet: 0.9 ms]
   [Eden: 1212.0M(1212.0M)->0.0B(1212.0M) Survivors: 16.0M->16.0M Heap: 1512.7M(2048.0M)->301.2M(2048.0M)]
 [Times: user=0.11 sys=0.00, real=0.02 secs] 
2019-07-24T09:13:00.447+0000: 1295431.276: [GC pause (G1 Evacuation Pause) (young), 0.0211448 secs]
   [Parallel Time: 14.3 ms, GC Workers: 8]
      [GC Worker Start (ms): Min: 1295431276.4, Avg: 1295431277.0, Max: 1295431278.7, Diff: 2.3]
      [Ext Root Scanning (ms): Min: 0.0, Avg: 0.8, Max: 2.0, Diff: 2.0, Sum: 6.4]
      [Update RS (ms): Min: 1.6, Avg: 2.6, Max: 3.4, Diff: 1.8, Sum: 20.7]
         [Processed Buffers: Min: 3, Avg: 11.1, Max: 27, Diff: 24, Sum: 89]
      [Scan RS (ms): Min: 0.1, Avg: 0.2, Max: 0.4, Diff: 0.3, Sum: 1.7]
      [Code Root Scanning (ms): Min: 0.0, Avg: 0.0, Max: 0.0, Diff: 0.0, Sum: 0.0]
      [Object Copy (ms): Min: 7.3, Avg: 9.2, Max: 9.6, Diff: 2.3, Sum: 73.8]
      [Termination (ms): Min: 0.1, Avg: 0.2, Max: 0.2, Diff: 0.2, Sum: 1.4]
         [Termination Attempts: Min: 46, Avg: 346.1, Max: 420, Diff: 374, Sum: 2769]
      [GC Worker Other (ms): Min: 0.0, Avg: 0.4, Max: 2.4, Diff: 2.4, Sum: 3.2]
      [GC Worker Total (ms): Min: 11.7, Avg: 13.4, Max: 14.1, Diff: 2.3, Sum: 107.3]
      [GC Worker End (ms): Min: 1295431290.4, Avg: 1295431290.4, Max: 1295431290.5, Diff: 0.2]
   [Code Root Fixup: 0.1 ms]
   [Code Root Purge: 0.0 ms]
   [Clear CT: 0.6 ms]
   [Other: 6.1 ms]
      [Choose CSet: 0.0 ms]
      [Ref Proc: 4.1 ms]
      [Ref Enq: 0.0 ms]
      [Redirty Cards: 0.4 ms]
      [Humongous Register: 0.2 ms]
      [Humongous Reclaim: 0.0 ms]
      [Free CSet: 1.1 ms]
   [Eden: 1212.0M(1212.0M)->0.0B(1212.0M) Survivors: 16.0M->16.0M Heap: 1513.2M(2048.0M)->301.8M(2048.0M)]
 [Times: user=0.12 sys=0.00, real=0.02 secs] 
2019-07-24T10:34:34.299+0000: 1300325.128: [GC pause (G1 Evacuation Pause) (young), 0.0221740 secs]
   [Parallel Time: 15.5 ms, GC Workers: 8]
      [GC Worker Start (ms): Min: 1300325128.7, Avg: 1300325128.9, Max: 1300325129.0, Diff: 0.3]
      [Ext Root Scanning (ms): Min: 0.6, Avg: 2.9, Max: 8.5, Diff: 7.9, Sum: 23.2]
      [Update RS (ms): Min: 0.0, Avg: 2.6, Max: 3.9, Diff: 3.9, Sum: 20.7]
         [Processed Buffers: Min: 0, Avg: 10.6, Max: 28, Diff: 28, Sum: 85]
      [Scan RS (ms): Min: 0.1, Avg: 0.2, Max: 0.3, Diff: 0.3, Sum: 1.6]
      [Code Root Scanning (ms): Min: 0.0, Avg: 0.0, Max: 0.0, Diff: 0.0, Sum: 0.0]
      [Object Copy (ms): Min: 6.3, Avg: 9.2, Max: 10.2, Diff: 4.0, Sum: 73.5]
      [Termination (ms): Min: 0.1, Avg: 0.1, Max: 0.2, Diff: 0.1, Sum: 1.2]
         [Termination Attempts: Min: 46, Avg: 269.2, Max: 321, Diff: 275, Sum: 2154]
      [GC Worker Other (ms): Min: 0.0, Avg: 0.1, Max: 0.2, Diff: 0.2, Sum: 0.8]
      [GC Worker Total (ms): Min: 14.9, Avg: 15.1, Max: 15.2, Diff: 0.4, Sum: 121.0]
      [GC Worker End (ms): Min: 1300325143.9, Avg: 1300325144.0, Max: 1300325144.1, Diff: 0.2]
   [Code Root Fixup: 0.1 ms]
   [Code Root Purge: 0.0 ms]
   [Clear CT: 0.6 ms]
   [Other: 6.1 ms]
      [Choose CSet: 0.0 ms]
      [Ref Proc: 4.1 ms]
      [Ref Enq: 0.0 ms]
      [Redirty Cards: 0.3 ms]
      [Humongous Register: 0.2 ms]
      [Humongous Reclaim: 0.0 ms]
      [Free CSet: 1.1 ms]
   [Eden: 1212.0M(1212.0M)->0.0B(1211.0M) Survivors: 16.0M->17.0M Heap: 1513.8M(2048.0M)->302.8M(2048.0M)]
 [Times: user=0.11 sys=0.00, real=0.03 secs] 
2019-07-24T11:56:22.503+0000: 1305233.332: [GC pause (G1 Evacuation Pause) (young), 0.0287488 secs]
   [Parallel Time: 20.6 ms, GC Workers: 8]
      [GC Worker Start (ms): Min: 1305233332.4, Avg: 1305233332.9, Max: 1305233333.7, Diff: 1.2]
      [Ext Root Scanning (ms): Min: 1.5, Avg: 2.4, Max: 4.3, Diff: 2.8, Sum: 19.0]
      [Update RS (ms): Min: 3.7, Avg: 4.6, Max: 8.8, Diff: 5.0, Sum: 36.7]
         [Processed Buffers: Min: 1, Avg: 10.8, Max: 42, Diff: 41, Sum: 86]
      [Scan RS (ms): Min: 0.1, Avg: 0.2, Max: 0.4, Diff: 0.3, Sum: 1.9]
      [Code Root Scanning (ms): Min: 0.0, Avg: 0.0, Max: 0.0, Diff: 0.0, Sum: 0.1]
      [Object Copy (ms): Min: 8.5, Avg: 12.2, Max: 13.2, Diff: 4.7, Sum: 97.9]
      [Termination (ms): Min: 0.2, Avg: 0.3, Max: 0.3, Diff: 0.1, Sum: 2.0]
         [Termination Attempts: Min: 70, Avg: 311.1, Max: 381, Diff: 311, Sum: 2489]
      [GC Worker Other (ms): Min: 0.0, Avg: 0.1, Max: 0.2, Diff: 0.2, Sum: 0.9]
      [GC Worker Total (ms): Min: 19.2, Avg: 19.8, Max: 20.3, Diff: 1.1, Sum: 158.5]
      [GC Worker End (ms): Min: 1305233352.6, Avg: 1305233352.7, Max: 1305233352.8, Diff: 0.2]
   [Code Root Fixup: 0.1 ms]
   [Code Root Purge: 0.0 ms]
   [Clear CT: 0.6 ms]
   [Other: 7.4 ms]
      [Choose CSet: 0.0 ms]
      [Ref Proc: 5.4 ms]
      [Ref Enq: 0.0 ms]
      [Redirty Cards: 0.4 ms]
      [Humongous Register: 0.3 ms]
      [Humongous Reclaim: 0.0 ms]
      [Free CSet: 0.9 ms]
   [Eden: 1211.0M(1211.0M)->0.0B(1211.0M) Survivors: 17.0M->17.0M Heap: 1513.8M(2048.0M)->303.4M(2048.0M)]
 [Times: user=0.17 sys=0.00, real=0.03 secs] 
2019-07-24T13:17:26.322+0000: 1310097.151: [GC pause (G1 Evacuation Pause) (young), 0.0201983 secs]
   [Parallel Time: 13.8 ms, GC Workers: 8]
      [GC Worker Start (ms): Min: 1310097151.8, Avg: 1310097152.3, Max: 1310097153.3, Diff: 1.6]
      [Ext Root Scanning (ms): Min: 0.0, Avg: 0.8, Max: 2.1, Diff: 2.1, Sum: 6.4]
      [Update RS (ms): Min: 2.0, Avg: 2.6, Max: 3.0, Diff: 0.9, Sum: 20.6]
         [Processed Buffers: Min: 2, Avg: 11.2, Max: 34, Diff: 32, Sum: 90]
      [Scan RS (ms): Min: 0.1, Avg: 0.2, Max: 0.3, Diff: 0.2, Sum: 1.8]
      [Code Root Scanning (ms): Min: 0.0, Avg: 0.0, Max: 0.0, Diff: 0.0, Sum: 0.1]
      [Object Copy (ms): Min: 9.0, Avg: 9.1, Max: 9.2, Diff: 0.2, Sum: 72.7]
      [Termination (ms): Min: 0.1, Avg: 0.2, Max: 0.2, Diff: 0.1, Sum: 1.3]
         [Termination Attempts: Min: 46, Avg: 260.5, Max: 313, Diff: 267, Sum: 2084]
      [GC Worker Other (ms): Min: 0.0, Avg: 0.1, Max: 0.2, Diff: 0.2, Sum: 1.0]
      [GC Worker Total (ms): Min: 11.9, Avg: 13.0, Max: 13.5, Diff: 1.6, Sum: 103.9]
      [GC Worker End (ms): Min: 1310097165.2, Avg: 1310097165.3, Max: 1310097165.4, Diff: 0.2]
   [Code Root Fixup: 0.1 ms]
   [Code Root Purge: 0.0 ms]
   [Clear CT: 0.6 ms]
   [Other: 5.7 ms]
      [Choose CSet: 0.0 ms]
      [Ref Proc: 3.9 ms]
      [Ref Enq: 0.0 ms]
      [Redirty Cards: 0.3 ms]
      [Humongous Register: 0.2 ms]
      [Humongous Reclaim: 0.0 ms]
      [Free CSet: 1.0 ms]
   [Eden: 1211.0M(1211.0M)->0.0B(1212.0M) Survivors: 17.0M->16.0M Heap: 1514.4M(2048.0M)->303.4M(2048.0M)]
 [Times: user=0.12 sys=0.00, real=0.02 secs] 
2019-07-24T14:39:08.183+0000: 1314999.012: [GC pause (G1 Evacuation Pause) (young), 0.0204895 secs]
   [Parallel Time: 13.7 ms, GC Workers: 8]
      [GC Worker Start (ms): Min: 1314999012.2, Avg: 1314999012.5, Max: 1314999013.8, Diff: 1.7]
      [Ext Root Scanning (ms): Min: 0.0, Avg: 0.9, Max: 2.0, Diff: 2.0, Sum: 6.9]
      [Update RS (ms): Min: 2.3, Avg: 3.0, Max: 3.5, Diff: 1.2, Sum: 23.8]
         [Processed Buffers: Min: 3, Avg: 11.4, Max: 29, Diff: 26, Sum: 91]
      [Scan RS (ms): Min: 0.1, Avg: 0.2, Max: 0.3, Diff: 0.2, Sum: 1.8]
      [Code Root Scanning (ms): Min: 0.0, Avg: 0.0, Max: 0.0, Diff: 0.0, Sum: 0.1]
      [Object Copy (ms): Min: 8.5, Avg: 8.7, Max: 8.8, Diff: 0.3, Sum: 69.3]
      [Termination (ms): Min: 0.1, Avg: 0.2, Max: 0.3, Diff: 0.1, Sum: 1.8]
         [Termination Attempts: Min: 44, Avg: 381.1, Max: 463, Diff: 419, Sum: 3049]
      [GC Worker Other (ms): Min: 0.0, Avg: 0.1, Max: 0.2, Diff: 0.2, Sum: 0.8]
      [GC Worker Total (ms): Min: 11.7, Avg: 13.1, Max: 13.3, Diff: 1.7, Sum: 104.5]
      [GC Worker End (ms): Min: 1314999025.5, Avg: 1314999025.5, Max: 1314999025.6, Diff: 0.2]
   [Code Root Fixup: 0.2 ms]
   [Code Root Purge: 0.0 ms]
   [Clear CT: 0.5 ms]
   [Other: 6.1 ms]
      [Choose CSet: 0.0 ms]
      [Ref Proc: 4.1 ms]
      [Ref Enq: 0.0 ms]
      [Redirty Cards: 0.3 ms]
      [Humongous Register: 0.2 ms]
      [Humongous Reclaim: 0.0 ms]
      [Free CSet: 1.1 ms]
   [Eden: 1212.0M(1212.0M)->0.0B(1213.0M) Survivors: 16.0M->15.0M Heap: 1515.4M(2048.0M)->304.0M(2048.0M)]
 [Times: user=0.12 sys=0.00, real=0.02 secs] 
2019-07-24T16:00:08.756+0000: 1319859.585: [GC pause (G1 Evacuation Pause) (young), 0.0179784 secs]
   [Parallel Time: 10.9 ms, GC Workers: 8]
      [GC Worker Start (ms): Min: 1319859585.7, Avg: 1319859586.8, Max: 1319859592.3, Diff: 6.5]
      [Ext Root Scanning (ms): Min: 0.0, Avg: 0.8, Max: 2.2, Diff: 2.2, Sum: 6.8]
      [Update RS (ms): Min: 0.0, Avg: 3.1, Max: 3.8, Diff: 3.8, Sum: 24.9]
         [Processed Buffers: Min: 0, Avg: 11.4, Max: 37, Diff: 37, Sum: 91]
      [Scan RS (ms): Min: 0.1, Avg: 0.2, Max: 0.3, Diff: 0.2, Sum: 1.7]
      [Code Root Scanning (ms): Min: 0.0, Avg: 0.0, Max: 0.0, Diff: 0.0, Sum: 0.0]
      [Object Copy (ms): Min: 3.5, Avg: 4.8, Max: 5.3, Diff: 1.8, Sum: 38.7]
      [Termination (ms): Min: 0.0, Avg: 0.3, Max: 0.5, Diff: 0.5, Sum: 2.4]
         [Termination Attempts: Min: 1, Avg: 42.8, Max: 54, Diff: 53, Sum: 342]
      [GC Worker Other (ms): Min: 0.0, Avg: 0.1, Max: 0.1, Diff: 0.1, Sum: 0.4]
      [GC Worker Total (ms): Min: 4.0, Avg: 9.4, Max: 10.5, Diff: 6.6, Sum: 75.0]
      [GC Worker End (ms): Min: 1319859596.2, Avg: 1319859596.2, Max: 1319859596.3, Diff: 0.1]
   [Code Root Fixup: 0.1 ms]
   [Code Root Purge: 0.0 ms]
   [Clear CT: 0.6 ms]
   [Other: 6.4 ms]
      [Choose CSet: 0.0 ms]
      [Ref Proc: 4.3 ms]
      [Ref Enq: 0.1 ms]
      [Redirty Cards: 0.3 ms]
      [Humongous Register: 0.2 ms]
      [Humongous Reclaim: 0.0 ms]
      [Free CSet: 1.3 ms]
   [Eden: 1213.0M(1213.0M)->0.0B(1213.0M) Survivors: 15.0M->15.0M Heap: 1517.0M(2048.0M)->305.0M(2048.0M)]
 [Times: user=0.08 sys=0.00, real=0.02 secs] 
2019-07-24T17:21:37.777+0000: 1324748.607: [GC pause (G1 Evacuation Pause) (young), 0.0156824 secs]
   [Parallel Time: 8.9 ms, GC Workers: 8]
      [GC Worker Start (ms): Min: 1324748607.0, Avg: 1324748607.1, Max: 1324748607.3, Diff: 0.3]
      [Ext Root Scanning (ms): Min: 0.9, Avg: 1.3, Max: 1.9, Diff: 1.0, Sum: 10.4]
      [Update RS (ms): Min: 1.6, Avg: 2.1, Max: 2.5, Diff: 0.9, Sum: 17.0]
         [Processed Buffers: Min: 3, Avg: 10.6, Max: 30, Diff: 27, Sum: 85]
      [Scan RS (ms): Min: 0.1, Avg: 0.2, Max: 0.3, Diff: 0.2, Sum: 1.8]
      [Code Root Scanning (ms): Min: 0.0, Avg: 0.0, Max: 0.0, Diff: 0.0, Sum: 0.1]
      [Object Copy (ms): Min: 4.5, Avg: 4.7, Max: 4.8, Diff: 0.3, Sum: 37.4]
      [Termination (ms): Min: 0.0, Avg: 0.1, Max: 0.2, Diff: 0.1, Sum: 0.6]
         [Termination Attempts: Min: 26, Avg: 34.4, Max: 44, Diff: 18, Sum: 275]
      [GC Worker Other (ms): Min: 0.0, Avg: 0.1, Max: 0.2, Diff: 0.2, Sum: 0.8]
      [GC Worker Total (ms): Min: 8.4, Avg: 8.5, Max: 8.6, Diff: 0.2, Sum: 68.1]
      [GC Worker End (ms): Min: 1324748615.5, Avg: 1324748615.6, Max: 1324748615.7, Diff: 0.2]
   [Code Root Fixup: 0.1 ms]
   [Code Root Purge: 0.0 ms]
   [Clear CT: 0.6 ms]
   [Other: 6.0 ms]
      [Choose CSet: 0.0 ms]
      [Ref Proc: 3.7 ms]
      [Ref Enq: 0.0 ms]
      [Redirty Cards: 0.3 ms]
      [Humongous Register: 0.1 ms]
      [Humongous Reclaim: 0.0 ms]
      [Free CSet: 1.0 ms]
   [Eden: 1213.0M(1213.0M)->0.0B(1212.0M) Survivors: 15.0M->16.0M Heap: 1518.0M(2048.0M)->306.2M(2048.0M)]
 [Times: user=0.07 sys=0.00, real=0.02 secs] 
2019-07-24T18:43:07.248+0000: 1329638.077: [GC pause (G1 Evacuation Pause) (young), 0.0150105 secs]
   [Parallel Time: 8.7 ms, GC Workers: 8]
      [GC Worker Start (ms): Min: 1329638077.3, Avg: 1329638077.6, Max: 1329638077.8, Diff: 0.5]
      [Ext Root Scanning (ms): Min: 0.4, Avg: 0.9, Max: 2.2, Diff: 1.7, Sum: 7.0]
      [Update RS (ms): Min: 1.2, Avg: 2.1, Max: 2.4, Diff: 1.2, Sum: 16.9]
         [Processed Buffers: Min: 2, Avg: 10.5, Max: 38, Diff: 36, Sum: 84]
      [Scan RS (ms): Min: 0.2, Avg: 0.2, Max: 0.3, Diff: 0.1, Sum: 1.8]
      [Code Root Scanning (ms): Min: 0.0, Avg: 0.0, Max: 0.0, Diff: 0.0, Sum: 0.1]
      [Object Copy (ms): Min: 4.5, Avg: 4.6, Max: 4.7, Diff: 0.3, Sum: 36.8]
      [Termination (ms): Min: 0.1, Avg: 0.2, Max: 0.3, Diff: 0.2, Sum: 1.8]
         [Termination Attempts: Min: 36, Avg: 43.1, Max: 49, Diff: 13, Sum: 345]
      [GC Worker Other (ms): Min: 0.0, Avg: 0.1, Max: 0.2, Diff: 0.1, Sum: 0.7]
      [GC Worker Total (ms): Min: 7.8, Avg: 8.1, Max: 8.4, Diff: 0.6, Sum: 64.9]
      [GC Worker End (ms): Min: 1329638085.6, Avg: 1329638085.7, Max: 1329638085.8, Diff: 0.1]
   [Code Root Fixup: 0.1 ms]
   [Code Root Purge: 0.0 ms]
   [Clear CT: 0.5 ms]
   [Other: 5.7 ms]
      [Choose CSet: 0.0 ms]
      [Ref Proc: 3.9 ms]
      [Ref Enq: 0.0 ms]
      [Redirty Cards: 0.3 ms]
      [Humongous Register: 0.2 ms]
      [Humongous Reclaim: 0.0 ms]
      [Free CSet: 1.0 ms]
   [Eden: 1212.0M(1212.0M)->0.0B(1212.0M) Survivors: 16.0M->16.0M Heap: 1518.2M(2048.0M)->306.8M(2048.0M)]
 [Times: user=0.07 sys=0.00, real=0.02 secs] 
2019-07-24T20:04:41.752+0000: 1334532.581: [GC pause (G1 Evacuation Pause) (young), 0.0148411 secs]
   [Parallel Time: 8.5 ms, GC Workers: 8]
      [GC Worker Start (ms): Min: 1334532581.6, Avg: 1334532581.7, Max: 1334532581.8, Diff: 0.2]
      [Ext Root Scanning (ms): Min: 0.5, Avg: 0.9, Max: 1.9, Diff: 1.4, Sum: 6.8]
      [Update RS (ms): Min: 1.2, Avg: 2.4, Max: 3.3, Diff: 2.1, Sum: 18.8]
         [Processed Buffers: Min: 2, Avg: 10.6, Max: 25, Diff: 23, Sum: 85]
      [Scan RS (ms): Min: 0.1, Avg: 0.2, Max: 0.3, Diff: 0.2, Sum: 1.6]
      [Code Root Scanning (ms): Min: 0.0, Avg: 0.0, Max: 0.0, Diff: 0.0, Sum: 0.0]
      [Object Copy (ms): Min: 3.4, Avg: 4.5, Max: 4.7, Diff: 1.3, Sum: 35.9]
      [Termination (ms): Min: 0.1, Avg: 0.1, Max: 0.1, Diff: 0.0, Sum: 0.7]
         [Termination Attempts: Min: 38, Avg: 51.5, Max: 63, Diff: 25, Sum: 412]
      [GC Worker Other (ms): Min: 0.0, Avg: 0.1, Max: 0.2, Diff: 0.2, Sum: 0.7]
      [GC Worker Total (ms): Min: 8.0, Avg: 8.1, Max: 8.3, Diff: 0.3, Sum: 64.7]
      [GC Worker End (ms): Min: 1334532589.7, Avg: 1334532589.8, Max: 1334532589.9, Diff: 0.2]
   [Code Root Fixup: 0.1 ms]
   [Code Root Purge: 0.0 ms]
   [Clear CT: 0.6 ms]
   [Other: 5.7 ms]
      [Choose CSet: 0.0 ms]
      [Ref Proc: 3.9 ms]
      [Ref Enq: 0.0 ms]
      [Redirty Cards: 0.3 ms]
      [Humongous Register: 0.2 ms]
      [Humongous Reclaim: 0.0 ms]
      [Free CSet: 1.0 ms]
   [Eden: 1212.0M(1212.0M)->0.0B(1213.0M) Survivors: 16.0M->15.0M Heap: 1518.8M(2048.0M)->306.9M(2048.0M)]
 [Times: user=0.08 sys=0.00, real=0.01 secs] 
2019-07-24T21:25:57.410+0000: 1339408.239: [GC pause (G1 Evacuation Pause) (young), 0.0168043 secs]
   [Parallel Time: 9.6 ms, GC Workers: 8]
      [GC Worker Start (ms): Min: 1339408239.7, Avg: 1339408239.9, Max: 1339408240.0, Diff: 0.3]
      [Ext Root Scanning (ms): Min: 0.6, Avg: 1.0, Max: 2.4, Diff: 1.7, Sum: 7.7]
      [Update RS (ms): Min: 1.7, Avg: 2.6, Max: 3.1, Diff: 1.4, Sum: 21.0]
         [Processed Buffers: Min: 2, Avg: 10.5, Max: 32, Diff: 30, Sum: 84]
      [Scan RS (ms): Min: 0.1, Avg: 0.2, Max: 0.3, Diff: 0.3, Sum: 1.8]
      [Code Root Scanning (ms): Min: 0.0, Avg: 0.0, Max: 0.0, Diff: 0.0, Sum: 0.1]
      [Object Copy (ms): Min: 4.8, Avg: 4.9, Max: 5.1, Diff: 0.2, Sum: 39.4]
      [Termination (ms): Min: 0.2, Avg: 0.3, Max: 0.4, Diff: 0.2, Sum: 2.5]
         [Termination Attempts: Min: 39, Avg: 51.0, Max: 58, Diff: 19, Sum: 408]
      [GC Worker Other (ms): Min: 0.0, Avg: 0.1, Max: 0.2, Diff: 0.1, Sum: 0.8]
      [GC Worker Total (ms): Min: 9.1, Avg: 9.2, Max: 9.3, Diff: 0.2, Sum: 73.4]
      [GC Worker End (ms): Min: 1339408249.0, Avg: 1339408249.1, Max: 1339408249.1, Diff: 0.2]
   [Code Root Fixup: 0.1 ms]
   [Code Root Purge: 0.0 ms]
   [Clear CT: 0.7 ms]
   [Other: 6.4 ms]
      [Choose CSet: 0.0 ms]
      [Ref Proc: 4.6 ms]
      [Ref Enq: 0.0 ms]
      [Redirty Cards: 0.3 ms]
      [Humongous Register: 0.1 ms]
      [Humongous Reclaim: 0.0 ms]
      [Free CSet: 1.0 ms]
   [Eden: 1213.0M(1213.0M)->0.0B(1212.0M) Survivors: 15.0M->16.0M Heap: 1519.9M(2048.0M)->307.9M(2048.0M)]
 [Times: user=0.08 sys=0.00, real=0.02 secs] 
2019-07-24T22:47:59.213+0000: 1344330.042: [GC pause (G1 Evacuation Pause) (young), 0.0276967 secs]
   [Parallel Time: 20.6 ms, GC Workers: 8]
      [GC Worker Start (ms): Min: 1344330042.4, Avg: 1344330042.5, Max: 1344330042.6, Diff: 0.3]
      [Ext Root Scanning (ms): Min: 0.6, Avg: 0.9, Max: 2.1, Diff: 1.5, Sum: 7.3]
      [Update RS (ms): Min: 1.7, Avg: 2.6, Max: 3.0, Diff: 1.3, Sum: 21.1]
         [Processed Buffers: Min: 2, Avg: 10.8, Max: 32, Diff: 30, Sum: 86]
      [Scan RS (ms): Min: 0.1, Avg: 0.2, Max: 0.3, Diff: 0.2, Sum: 1.8]
      [Code Root Scanning (ms): Min: 0.0, Avg: 0.0, Max: 0.0, Diff: 0.0, Sum: 0.1]
      [Object Copy (ms): Min: 15.9, Avg: 16.0, Max: 16.1, Diff: 0.2, Sum: 128.0]
      [Termination (ms): Min: 0.1, Avg: 0.2, Max: 0.4, Diff: 0.3, Sum: 1.6]
         [Termination Attempts: Min: 1, Avg: 41.8, Max: 66, Diff: 65, Sum: 334]
      [GC Worker Other (ms): Min: 0.0, Avg: 0.0, Max: 0.1, Diff: 0.1, Sum: 0.3]
      [GC Worker Total (ms): Min: 19.9, Avg: 20.0, Max: 20.2, Diff: 0.3, Sum: 160.1]
      [GC Worker End (ms): Min: 1344330062.5, Avg: 1344330062.5, Max: 1344330062.7, Diff: 0.2]
   [Code Root Fixup: 0.1 ms]
   [Code Root Purge: 0.0 ms]
   [Clear CT: 0.5 ms]
   [Other: 6.5 ms]
      [Choose CSet: 0.0 ms]
      [Ref Proc: 4.5 ms]
      [Ref Enq: 0.0 ms]
      [Redirty Cards: 0.3 ms]
      [Humongous Register: 0.3 ms]
      [Humongous Reclaim: 0.0 ms]
      [Free CSet: 1.0 ms]
   [Eden: 1212.0M(1212.0M)->0.0B(1212.0M) Survivors: 16.0M->16.0M Heap: 1519.9M(2048.0M)->308.5M(2048.0M)]
 [Times: user=0.08 sys=0.00, real=0.02 secs] 
2019-07-25T00:09:07.431+0000: 1349198.260: [GC pause (G1 Evacuation Pause) (young), 0.0169221 secs]
   [Parallel Time: 9.9 ms, GC Workers: 8]
      [GC Worker Start (ms): Min: 1349198260.7, Avg: 1349198260.8, Max: 1349198260.9, Diff: 0.3]
      [Ext Root Scanning (ms): Min: 1.2, Avg: 2.1, Max: 6.0, Diff: 4.8, Sum: 16.8]
      [Update RS (ms): Min: 0.0, Avg: 2.2, Max: 3.1, Diff: 3.1, Sum: 17.3]
         [Processed Buffers: Min: 0, Avg: 10.5, Max: 28, Diff: 28, Sum: 84]
      [Scan RS (ms): Min: 0.1, Avg: 0.2, Max: 0.3, Diff: 0.2, Sum: 1.7]
      [Code Root Scanning (ms): Min: 0.0, Avg: 0.0, Max: 0.0, Diff: 0.0, Sum: 0.1]
      [Object Copy (ms): Min: 3.2, Avg: 4.9, Max: 5.3, Diff: 2.1, Sum: 39.1]
      [Termination (ms): Min: 0.0, Avg: 0.2, Max: 0.3, Diff: 0.3, Sum: 1.5]
         [Termination Attempts: Min: 1, Avg: 23.8, Max: 29, Diff: 28, Sum: 190]
      [GC Worker Other (ms): Min: 0.0, Avg: 0.1, Max: 0.1, Diff: 0.1, Sum: 0.4]
      [GC Worker Total (ms): Min: 9.5, Avg: 9.6, Max: 9.7, Diff: 0.2, Sum: 76.9]
      [GC Worker End (ms): Min: 1349198270.4, Avg: 1349198270.4, Max: 1349198270.5, Diff: 0.1]
   [Code Root Fixup: 0.1 ms]
   [Code Root Purge: 0.0 ms]
   [Clear CT: 0.6 ms]
   [Other: 6.3 ms]
      [Choose CSet: 0.0 ms]
      [Ref Proc: 4.1 ms]
      [Ref Enq: 0.0 ms]
      [Redirty Cards: 0.5 ms]
      [Humongous Register: 0.2 ms]
      [Humongous Reclaim: 0.0 ms]
      [Free CSet: 1.1 ms]
   [Eden: 1212.0M(1212.0M)->0.0B(1213.0M) Survivors: 16.0M->15.0M Heap: 1520.5M(2048.0M)->308.6M(2048.0M)]
 [Times: user=0.07 sys=0.00, real=0.01 secs] 
2019-07-25T01:30:31.708+0000: 1354082.537: [GC pause (G1 Evacuation Pause) (young), 0.0160537 secs]
   [Parallel Time: 8.9 ms, GC Workers: 8]
      [GC Worker Start (ms): Min: 1354082537.6, Avg: 1354082537.8, Max: 1354082538.0, Diff: 0.3]
      [Ext Root Scanning (ms): Min: 0.7, Avg: 1.3, Max: 2.0, Diff: 1.3, Sum: 10.6]
      [Update RS (ms): Min: 1.4, Avg: 2.1, Max: 2.7, Diff: 1.3, Sum: 17.1]
         [Processed Buffers: Min: 3, Avg: 10.6, Max: 20, Diff: 17, Sum: 85]
      [Scan RS (ms): Min: 0.1, Avg: 0.2, Max: 0.3, Diff: 0.2, Sum: 1.7]
      [Code Root Scanning (ms): Min: 0.0, Avg: 0.0, Max: 0.0, Diff: 0.0, Sum: 0.1]
      [Object Copy (ms): Min: 4.6, Avg: 4.7, Max: 4.8, Diff: 0.2, Sum: 37.3]
      [Termination (ms): Min: 0.1, Avg: 0.1, Max: 0.1, Diff: 0.0, Sum: 0.8]
         [Termination Attempts: Min: 40, Avg: 42.9, Max: 46, Diff: 6, Sum: 343]
      [GC Worker Other (ms): Min: 0.0, Avg: 0.1, Max: 0.2, Diff: 0.1, Sum: 0.5]
      [GC Worker Total (ms): Min: 8.4, Avg: 8.5, Max: 8.6, Diff: 0.3, Sum: 68.2]
      [GC Worker End (ms): Min: 1354082546.3, Avg: 1354082546.3, Max: 1354082546.4, Diff: 0.1]
   [Code Root Fixup: 0.1 ms]
   [Code Root Purge: 0.0 ms]
   [Clear CT: 0.7 ms]
   [Other: 6.3 ms]
      [Choose CSet: 0.0 ms]
      [Ref Proc: 4.2 ms]
      [Ref Enq: 0.0 ms]
      [Redirty Cards: 0.3 ms]
      [Humongous Register: 0.4 ms]
      [Humongous Reclaim: 0.0 ms]
      [Free CSet: 0.9 ms]
   [Eden: 1213.0M(1213.0M)->0.0B(1213.0M) Survivors: 15.0M->15.0M Heap: 1521.6M(2048.0M)->308.6M(2048.0M)]
 [Times: user=0.08 sys=0.00, real=0.02 secs] 
2019-07-25T02:52:32.335+0000: 1359003.164: [GC pause (G1 Evacuation Pause) (young), 0.0180937 secs]
   [Parallel Time: 10.8 ms, GC Workers: 8]
      [GC Worker Start (ms): Min: 1359003164.3, Avg: 1359003165.2, Max: 1359003167.4, Diff: 3.1]
      [Ext Root Scanning (ms): Min: 0.0, Avg: 0.9, Max: 2.2, Diff: 2.2, Sum: 7.0]
      [Update RS (ms): Min: 1.4, Avg: 3.6, Max: 7.6, Diff: 6.2, Sum: 29.1]
         [Processed Buffers: Min: 2, Avg: 10.4, Max: 29, Diff: 27, Sum: 83]
      [Scan RS (ms): Min: 0.1, Avg: 0.2, Max: 0.3, Diff: 0.2, Sum: 1.8]
      [Code Root Scanning (ms): Min: 0.0, Avg: 0.0, Max: 0.0, Diff: 0.0, Sum: 0.1]
      [Object Copy (ms): Min: 0.7, Avg: 4.7, Max: 5.7, Diff: 5.0, Sum: 37.7]
      [Termination (ms): Min: 0.0, Avg: 0.2, Max: 0.2, Diff: 0.2, Sum: 1.2]
         [Termination Attempts: Min: 2, Avg: 29.4, Max: 39, Diff: 37, Sum: 235]
      [GC Worker Other (ms): Min: 0.0, Avg: 0.1, Max: 0.2, Diff: 0.1, Sum: 0.5]
      [GC Worker Total (ms): Min: 7.4, Avg: 9.7, Max: 10.7, Diff: 3.2, Sum: 77.3]
      [GC Worker End (ms): Min: 1359003174.8, Avg: 1359003174.9, Max: 1359003175.0, Diff: 0.1]
   [Code Root Fixup: 0.1 ms]
   [Code Root Purge: 0.0 ms]
   [Clear CT: 0.6 ms]
   [Other: 6.6 ms]
      [Choose CSet: 0.0 ms]
      [Ref Proc: 4.4 ms]
      [Ref Enq: 0.0 ms]
      [Redirty Cards: 0.3 ms]
      [Humongous Register: 0.2 ms]
      [Humongous Reclaim: 0.0 ms]
      [Free CSet: 1.3 ms]
   [Eden: 1213.0M(1213.0M)->0.0B(1213.0M) Survivors: 15.0M->15.0M Heap: 1521.6M(2048.0M)->309.7M(2048.0M)]
 [Times: user=0.08 sys=0.00, real=0.02 secs] 
2019-07-25T04:13:43.636+0000: 1363874.466: [GC pause (G1 Evacuation Pause) (young), 0.0152074 secs]
   [Parallel Time: 8.6 ms, GC Workers: 8]
      [GC Worker Start (ms): Min: 1363874466.0, Avg: 1363874466.1, Max: 1363874466.2, Diff: 0.2]
      [Ext Root Scanning (ms): Min: 0.8, Avg: 1.1, Max: 2.1, Diff: 1.3, Sum: 9.1]
      [Update RS (ms): Min: 1.3, Avg: 2.2, Max: 2.5, Diff: 1.1, Sum: 17.5]
         [Processed Buffers: Min: 3, Avg: 10.4, Max: 34, Diff: 31, Sum: 83]
      [Scan RS (ms): Min: 0.1, Avg: 0.2, Max: 0.3, Diff: 0.1, Sum: 1.8]
      [Code Root Scanning (ms): Min: 0.0, Avg: 0.0, Max: 0.0, Diff: 0.0, Sum: 0.1]
      [Object Copy (ms): Min: 4.4, Avg: 4.5, Max: 4.6, Diff: 0.2, Sum: 35.8]
      [Termination (ms): Min: 0.1, Avg: 0.1, Max: 0.1, Diff: 0.1, Sum: 0.9]
         [Termination Attempts: Min: 33, Avg: 40.5, Max: 47, Diff: 14, Sum: 324]
      [GC Worker Other (ms): Min: 0.0, Avg: 0.0, Max: 0.1, Diff: 0.1, Sum: 0.3]
      [GC Worker Total (ms): Min: 8.1, Avg: 8.2, Max: 8.3, Diff: 0.2, Sum: 65.6]
      [GC Worker End (ms): Min: 1363874474.3, Avg: 1363874474.3, Max: 1363874474.3, Diff: 0.1]
   [Code Root Fixup: 0.1 ms]
   [Code Root Purge: 0.0 ms]
   [Clear CT: 0.6 ms]
   [Other: 5.8 ms]
      [Choose CSet: 0.0 ms]
      [Ref Proc: 3.9 ms]
      [Ref Enq: 0.0 ms]
      [Redirty Cards: 0.3 ms]
      [Humongous Register: 0.2 ms]
      [Humongous Reclaim: 0.0 ms]
      [Free CSet: 1.0 ms]
   [Eden: 1213.0M(1213.0M)->0.0B(1212.0M) Survivors: 15.0M->16.0M Heap: 1522.7M(2048.0M)->310.7M(2048.0M)]
 [Times: user=0.07 sys=0.00, real=0.02 secs] 
2019-07-25T05:35:20.493+0000: 1368771.322: [GC pause (G1 Evacuation Pause) (young), 0.0150563 secs]
   [Parallel Time: 8.6 ms, GC Workers: 8]
      [GC Worker Start (ms): Min: 1368771322.7, Avg: 1368771322.9, Max: 1368771323.1, Diff: 0.4]
      [Ext Root Scanning (ms): Min: 0.5, Avg: 0.9, Max: 1.9, Diff: 1.4, Sum: 6.9]
      [Update RS (ms): Min: 1.4, Avg: 2.3, Max: 2.7, Diff: 1.3, Sum: 18.8]
         [Processed Buffers: Min: 3, Avg: 10.5, Max: 22, Diff: 19, Sum: 84]
      [Scan RS (ms): Min: 0.1, Avg: 0.2, Max: 0.3, Diff: 0.3, Sum: 1.7]
      [Code Root Scanning (ms): Min: 0.0, Avg: 0.0, Max: 0.0, Diff: 0.0, Sum: 0.1]
      [Object Copy (ms): Min: 4.5, Avg: 4.5, Max: 4.6, Diff: 0.1, Sum: 35.9]
      [Termination (ms): Min: 0.0, Avg: 0.1, Max: 0.1, Diff: 0.1, Sum: 0.8]
         [Termination Attempts: Min: 25, Avg: 34.6, Max: 43, Diff: 18, Sum: 277]
      [GC Worker Other (ms): Min: 0.0, Avg: 0.1, Max: 0.2, Diff: 0.1, Sum: 0.7]
      [GC Worker Total (ms): Min: 8.0, Avg: 8.1, Max: 8.3, Diff: 0.4, Sum: 65.0]
      [GC Worker End (ms): Min: 1368771330.9, Avg: 1368771331.0, Max: 1368771331.1, Diff: 0.1]
   [Code Root Fixup: 0.1 ms]
   [Code Root Purge: 0.0 ms]
   [Clear CT: 0.5 ms]
   [Other: 5.8 ms]
      [Choose CSet: 0.0 ms]
      [Ref Proc: 4.1 ms]
      [Ref Enq: 0.0 ms]
      [Redirty Cards: 0.3 ms]
      [Humongous Register: 0.2 ms]
      [Humongous Reclaim: 0.0 ms]
      [Free CSet: 0.9 ms]
   [Eden: 1212.0M(1212.0M)->0.0B(1211.0M) Survivors: 16.0M->17.0M Heap: 1522.7M(2048.0M)->312.3M(2048.0M)]
 [Times: user=0.08 sys=0.00, real=0.01 secs] 
2019-07-25T06:57:08.345+0000: 1373679.175: [GC pause (G1 Evacuation Pause) (young), 0.0163607 secs]
   [Parallel Time: 9.8 ms, GC Workers: 8]
      [GC Worker Start (ms): Min: 1373679175.1, Avg: 1373679175.2, Max: 1373679175.3, Diff: 0.2]
      [Ext Root Scanning (ms): Min: 0.6, Avg: 0.9, Max: 2.2, Diff: 1.6, Sum: 7.2]
      [Update RS (ms): Min: 1.2, Avg: 2.4, Max: 2.7, Diff: 1.5, Sum: 19.2]
         [Processed Buffers: Min: 3, Avg: 10.4, Max: 30, Diff: 27, Sum: 83]
      [Scan RS (ms): Min: 0.1, Avg: 0.2, Max: 0.3, Diff: 0.1, Sum: 1.8]
      [Code Root Scanning (ms): Min: 0.0, Avg: 0.0, Max: 0.0, Diff: 0.0, Sum: 0.1]
      [Object Copy (ms): Min: 5.2, Avg: 5.5, Max: 5.7, Diff: 0.4, Sum: 43.8]
      [Termination (ms): Min: 0.1, Avg: 0.3, Max: 0.5, Diff: 0.4, Sum: 2.1]
         [Termination Attempts: Min: 41, Avg: 797.9, Max: 1103, Diff: 1062, Sum: 6383]
      [GC Worker Other (ms): Min: 0.0, Avg: 0.1, Max: 0.2, Diff: 0.1, Sum: 0.6]
      [GC Worker Total (ms): Min: 9.2, Avg: 9.4, Max: 9.5, Diff: 0.3, Sum: 74.8]
      [GC Worker End (ms): Min: 1373679184.5, Avg: 1373679184.5, Max: 1373679184.6, Diff: 0.1]
   [Code Root Fixup: 0.1 ms]
   [Code Root Purge: 0.0 ms]
   [Clear CT: 0.5 ms]
   [Other: 5.9 ms]
      [Choose CSet: 0.0 ms]
      [Ref Proc: 4.2 ms]
      [Ref Enq: 0.0 ms]
      [Redirty Cards: 0.3 ms]
      [Humongous Register: 0.2 ms]
      [Humongous Reclaim: 0.0 ms]
      [Free CSet: 0.9 ms]
   [Eden: 1211.0M(1211.0M)->0.0B(1212.0M) Survivors: 17.0M->16.0M Heap: 1523.3M(2048.0M)->311.8M(2048.0M)]
 [Times: user=0.08 sys=0.00, real=0.02 secs] 
2019-07-25T08:18:12.053+0000: 1378542.882: [GC pause (G1 Evacuation Pause) (young), 0.0190915 secs]
   [Parallel Time: 12.6 ms, GC Workers: 8]
      [GC Worker Start (ms): Min: 1378542882.4, Avg: 1378542887.1, Max: 1378542892.9, Diff: 10.5]
      [Ext Root Scanning (ms): Min: 0.0, Avg: 0.7, Max: 2.0, Diff: 2.0, Sum: 5.8]
      [Update RS (ms): Min: 0.0, Avg: 2.0, Max: 4.1, Diff: 4.1, Sum: 15.9]
         [Processed Buffers: Min: 0, Avg: 10.2, Max: 34, Diff: 34, Sum: 82]
      [Scan RS (ms): Min: 0.1, Avg: 0.2, Max: 0.3, Diff: 0.2, Sum: 1.6]
      [Code Root Scanning (ms): Min: 0.0, Avg: 0.0, Max: 0.0, Diff: 0.0, Sum: 0.1]
      [Object Copy (ms): Min: 1.4, Avg: 4.3, Max: 6.3, Diff: 4.9, Sum: 34.5]
      [Termination (ms): Min: 0.0, Avg: 0.1, Max: 0.1, Diff: 0.1, Sum: 0.5]
         [Termination Attempts: Min: 19, Avg: 33.6, Max: 41, Diff: 22, Sum: 269]
      [GC Worker Other (ms): Min: 0.0, Avg: 0.1, Max: 0.2, Diff: 0.1, Sum: 0.7]
      [GC Worker Total (ms): Min: 1.6, Avg: 7.4, Max: 12.2, Diff: 10.6, Sum: 59.0]
      [GC Worker End (ms): Min: 1378542894.4, Avg: 1378542894.5, Max: 1378542894.6, Diff: 0.1]
   [Code Root Fixup: 0.1 ms]
   [Code Root Purge: 0.0 ms]
   [Clear CT: 0.5 ms]
   [Other: 5.9 ms]
      [Choose CSet: 0.0 ms]
      [Ref Proc: 3.9 ms]
      [Ref Enq: 0.0 ms]
      [Redirty Cards: 0.3 ms]
      [Humongous Register: 0.2 ms]
      [Humongous Reclaim: 0.0 ms]
      [Free CSet: 1.2 ms]
   [Eden: 1212.0M(1212.0M)->0.0B(1213.0M) Survivors: 16.0M->15.0M Heap: 1523.8M(2048.0M)->311.9M(2048.0M)]
 [Times: user=0.07 sys=0.00, real=0.02 secs] 
2019-07-25T09:40:08.373+0000: 1383459.203: [GC pause (G1 Evacuation Pause) (young), 0.0183771 secs]
   [Parallel Time: 10.5 ms, GC Workers: 8]
      [GC Worker Start (ms): Min: 1383459203.1, Avg: 1383459203.4, Max: 1383459203.8, Diff: 0.8]
      [Ext Root Scanning (ms): Min: 0.6, Avg: 1.2, Max: 2.7, Diff: 2.1, Sum: 9.6]
      [Update RS (ms): Min: 1.8, Avg: 2.9, Max: 3.2, Diff: 1.5, Sum: 22.8]
         [Processed Buffers: Min: 3, Avg: 10.5, Max: 41, Diff: 38, Sum: 84]
      [Scan RS (ms): Min: 0.1, Avg: 0.2, Max: 0.3, Diff: 0.2, Sum: 1.8]
      [Code Root Scanning (ms): Min: 0.0, Avg: 0.0, Max: 0.1, Diff: 0.1, Sum: 0.1]
      [Object Copy (ms): Min: 5.3, Avg: 5.3, Max: 5.5, Diff: 0.2, Sum: 42.8]
      [Termination (ms): Min: 0.1, Avg: 0.2, Max: 0.3, Diff: 0.1, Sum: 1.5]
         [Termination Attempts: Min: 36, Avg: 41.4, Max: 48, Diff: 12, Sum: 331]
      [GC Worker Other (ms): Min: 0.0, Avg: 0.1, Max: 0.2, Diff: 0.2, Sum: 1.1]
      [GC Worker Total (ms): Min: 9.6, Avg: 10.0, Max: 10.4, Diff: 0.8, Sum: 79.7]
      [GC Worker End (ms): Min: 1383459213.3, Avg: 1383459213.4, Max: 1383459213.5, Diff: 0.2]
   [Code Root Fixup: 0.2 ms]
   [Code Root Purge: 0.0 ms]
   [Clear CT: 0.8 ms]
   [Other: 6.9 ms]
      [Choose CSet: 0.0 ms]
      [Ref Proc: 4.8 ms]
      [Ref Enq: 0.0 ms]
      [Redirty Cards: 0.4 ms]
      [Humongous Register: 0.2 ms]
      [Humongous Reclaim: 0.0 ms]
      [Free CSet: 1.0 ms]
   [Eden: 1213.0M(1213.0M)->0.0B(1213.0M) Survivors: 15.0M->15.0M Heap: 1524.9M(2048.0M)->312.4M(2048.0M)]
 [Times: user=0.10 sys=0.00, real=0.02 secs] 
2019-07-25T11:01:27.732+0000: 1388338.561: [GC pause (G1 Evacuation Pause) (young), 0.0171072 secs]
   [Parallel Time: 8.7 ms, GC Workers: 8]
      [GC Worker Start (ms): Min: 1388338561.9, Avg: 1388338562.0, Max: 1388338562.1, Diff: 0.2]
      [Ext Root Scanning (ms): Min: 0.6, Avg: 0.9, Max: 2.0, Diff: 1.4, Sum: 7.5]
      [Update RS (ms): Min: 1.4, Avg: 2.4, Max: 2.9, Diff: 1.5, Sum: 19.2]
         [Processed Buffers: Min: 3, Avg: 10.5, Max: 38, Diff: 35, Sum: 84]
      [Scan RS (ms): Min: 0.1, Avg: 0.2, Max: 0.3, Diff: 0.2, Sum: 1.8]
      [Code Root Scanning (ms): Min: 0.0, Avg: 0.0, Max: 0.0, Diff: 0.0, Sum: 0.1]
      [Object Copy (ms): Min: 4.4, Avg: 4.5, Max: 4.6, Diff: 0.2, Sum: 36.1]
      [Termination (ms): Min: 0.0, Avg: 0.1, Max: 0.1, Diff: 0.0, Sum: 0.4]
         [Termination Attempts: Min: 21, Avg: 34.1, Max: 39, Diff: 18, Sum: 273]
      [GC Worker Other (ms): Min: 0.0, Avg: 0.1, Max: 0.2, Diff: 0.2, Sum: 0.8]
      [GC Worker Total (ms): Min: 8.1, Avg: 8.2, Max: 8.3, Diff: 0.2, Sum: 66.0]
      [GC Worker End (ms): Min: 1388338570.2, Avg: 1388338570.2, Max: 1388338570.3, Diff: 0.2]
   [Code Root Fixup: 0.1 ms]
   [Code Root Purge: 0.0 ms]
   [Clear CT: 0.6 ms]
   [Other: 7.7 ms]
      [Choose CSet: 0.0 ms]
      [Ref Proc: 5.5 ms]
      [Ref Enq: 0.0 ms]
      [Redirty Cards: 0.3 ms]
      [Humongous Register: 0.3 ms]
      [Humongous Reclaim: 0.0 ms]
      [Free CSet: 1.2 ms]
   [Eden: 1213.0M(1213.0M)->0.0B(1212.0M) Survivors: 15.0M->16.0M Heap: 1525.4M(2048.0M)->313.5M(2048.0M)]
 [Times: user=0.07 sys=0.00, real=0.01 secs] 
2019-07-25T12:22:52.374+0000: 1393223.203: [GC pause (G1 Evacuation Pause) (young), 0.0214817 secs]
   [Parallel Time: 14.1 ms, GC Workers: 8]
      [GC Worker Start (ms): Min: 1393223203.5, Avg: 1393223203.7, Max: 1393223203.8, Diff: 0.3]
      [Ext Root Scanning (ms): Min: 0.6, Avg: 1.1, Max: 3.1, Diff: 2.5, Sum: 8.6]
      [Update RS (ms): Min: 0.9, Avg: 2.6, Max: 3.2, Diff: 2.2, Sum: 20.5]
         [Processed Buffers: Min: 1, Avg: 10.5, Max: 35, Diff: 34, Sum: 84]
      [Scan RS (ms): Min: 0.1, Avg: 0.2, Max: 0.3, Diff: 0.2, Sum: 1.9]
      [Code Root Scanning (ms): Min: 0.0, Avg: 0.0, Max: 0.1, Diff: 0.1, Sum: 0.2]
      [Object Copy (ms): Min: 9.5, Avg: 9.7, Max: 9.8, Diff: 0.3, Sum: 77.4]
      [Termination (ms): Min: 0.1, Avg: 0.1, Max: 0.1, Diff: 0.0, Sum: 0.6]
         [Termination Attempts: Min: 43, Avg: 46.8, Max: 52, Diff: 9, Sum: 374]
      [GC Worker Other (ms): Min: 0.0, Avg: 0.1, Max: 0.2, Diff: 0.1, Sum: 0.7]
      [GC Worker Total (ms): Min: 13.5, Avg: 13.7, Max: 13.9, Diff: 0.4, Sum: 109.9]
      [GC Worker End (ms): Min: 1393223217.3, Avg: 1393223217.4, Max: 1393223217.5, Diff: 0.1]
   [Code Root Fixup: 0.1 ms]
   [Code Root Purge: 0.0 ms]
   [Clear CT: 1.1 ms]
   [Other: 6.2 ms]
      [Choose CSet: 0.0 ms]
      [Ref Proc: 4.1 ms]
      [Ref Enq: 0.0 ms]
      [Redirty Cards: 0.4 ms]
      [Humongous Register: 0.2 ms]
      [Humongous Reclaim: 0.0 ms]
      [Free CSet: 1.0 ms]
   [Eden: 1212.0M(1212.0M)->0.0B(1212.0M) Survivors: 16.0M->16.0M Heap: 1525.5M(2048.0M)->314.1M(2048.0M)]
 [Times: user=0.08 sys=0.00, real=0.02 secs] 
2019-07-25T13:44:46.925+0000: 1398137.754: [GC pause (G1 Evacuation Pause) (young), 0.0156769 secs]
   [Parallel Time: 9.1 ms, GC Workers: 8]
      [GC Worker Start (ms): Min: 1398137754.7, Avg: 1398137754.8, Max: 1398137755.0, Diff: 0.2]
      [Ext Root Scanning (ms): Min: 0.7, Avg: 0.9, Max: 2.0, Diff: 1.3, Sum: 7.4]
      [Update RS (ms): Min: 1.6, Avg: 2.5, Max: 2.7, Diff: 1.1, Sum: 19.9]
         [Processed Buffers: Min: 3, Avg: 10.6, Max: 32, Diff: 29, Sum: 85]
      [Scan RS (ms): Min: 0.2, Avg: 0.2, Max: 0.3, Diff: 0.1, Sum: 1.9]
      [Code Root Scanning (ms): Min: 0.0, Avg: 0.0, Max: 0.0, Diff: 0.0, Sum: 0.1]
      [Object Copy (ms): Min: 4.8, Avg: 4.9, Max: 5.0, Diff: 0.2, Sum: 39.0]
      [Termination (ms): Min: 0.0, Avg: 0.1, Max: 0.2, Diff: 0.1, Sum: 1.0]
         [Termination Attempts: Min: 37, Avg: 43.0, Max: 51, Diff: 14, Sum: 344]
      [GC Worker Other (ms): Min: 0.0, Avg: 0.1, Max: 0.2, Diff: 0.1, Sum: 0.7]
      [GC Worker Total (ms): Min: 8.5, Avg: 8.8, Max: 8.9, Diff: 0.4, Sum: 70.0]
      [GC Worker End (ms): Min: 1398137763.5, Avg: 1398137763.6, Max: 1398137763.6, Diff: 0.1]
   [Code Root Fixup: 0.1 ms]
   [Code Root Purge: 0.0 ms]
   [Clear CT: 0.7 ms]
   [Other: 5.8 ms]
      [Choose CSet: 0.0 ms]
      [Ref Proc: 4.0 ms]
      [Ref Enq: 0.0 ms]
      [Redirty Cards: 0.3 ms]
      [Humongous Register: 0.2 ms]
      [Humongous Reclaim: 0.0 ms]
      [Free CSet: 0.9 ms]
   [Eden: 1212.0M(1212.0M)->0.0B(1212.0M) Survivors: 16.0M->16.0M Heap: 1526.1M(2048.0M)->314.7M(2048.0M)]
 [Times: user=0.08 sys=0.00, real=0.01 secs] 
2019-07-25T15:06:08.485+0000: 1403019.314: [GC pause (G1 Evacuation Pause) (young), 0.0195491 secs]
   [Parallel Time: 10.6 ms, GC Workers: 8]
      [GC Worker Start (ms): Min: 1403019314.9, Avg: 1403019315.1, Max: 1403019315.2, Diff: 0.3]
      [Ext Root Scanning (ms): Min: 0.7, Avg: 1.0, Max: 2.3, Diff: 1.7, Sum: 8.3]
      [Update RS (ms): Min: 1.6, Avg: 2.7, Max: 3.1, Diff: 1.5, Sum: 22.0]
         [Processed Buffers: Min: 3, Avg: 10.9, Max: 22, Diff: 19, Sum: 87]
      [Scan RS (ms): Min: 0.1, Avg: 0.2, Max: 0.4, Diff: 0.2, Sum: 2.0]
      [Code Root Scanning (ms): Min: 0.0, Avg: 0.2, Max: 1.5, Diff: 1.5, Sum: 1.6]
      [Object Copy (ms): Min: 4.2, Avg: 5.5, Max: 6.1, Diff: 2.0, Sum: 44.2]
      [Termination (ms): Min: 0.0, Avg: 0.4, Max: 0.5, Diff: 0.5, Sum: 3.4]
         [Termination Attempts: Min: 1, Avg: 44.2, Max: 58, Diff: 57, Sum: 354]
      [GC Worker Other (ms): Min: 0.0, Avg: 0.0, Max: 0.0, Diff: 0.0, Sum: 0.3]
      [GC Worker Total (ms): Min: 10.1, Avg: 10.2, Max: 10.4, Diff: 0.3, Sum: 81.8]
      [GC Worker End (ms): Min: 1403019325.3, Avg: 1403019325.3, Max: 1403019325.3, Diff: 0.0]
   [Code Root Fixup: 0.2 ms]
   [Code Root Purge: 0.0 ms]
   [Clear CT: 0.6 ms]
   [Other: 8.2 ms]
      [Choose CSet: 0.0 ms]
      [Ref Proc: 6.0 ms]
      [Ref Enq: 0.0 ms]
      [Redirty Cards: 0.4 ms]
      [Humongous Register: 0.3 ms]
      [Humongous Reclaim: 0.0 ms]
      [Free CSet: 1.0 ms]
   [Eden: 1212.0M(1212.0M)->0.0B(1213.0M) Survivors: 16.0M->15.0M Heap: 1526.7M(2048.0M)->314.7M(2048.0M)]
 [Times: user=0.08 sys=0.00, real=0.02 secs] 
2019-07-25T16:27:04.912+0000: 1407875.742: [GC pause (G1 Evacuation Pause) (young), 0.0189356 secs]
   [Parallel Time: 10.6 ms, GC Workers: 8]
      [GC Worker Start (ms): Min: 1407875742.2, Avg: 1407875743.1, Max: 1407875745.7, Diff: 3.5]
      [Ext Root Scanning (ms): Min: 0.0, Avg: 0.9, Max: 2.3, Diff: 2.3, Sum: 6.9]
      [Update RS (ms): Min: 0.9, Avg: 2.5, Max: 3.5, Diff: 2.6, Sum: 20.4]
         [Processed Buffers: Min: 1, Avg: 10.8, Max: 32, Diff: 31, Sum: 86]
      [Scan RS (ms): Min: 0.1, Avg: 0.2, Max: 0.3, Diff: 0.2, Sum: 1.9]
      [Code Root Scanning (ms): Min: 0.0, Avg: 0.0, Max: 0.0, Diff: 0.0, Sum: 0.1]
      [Object Copy (ms): Min: 5.4, Avg: 5.5, Max: 5.6, Diff: 0.2, Sum: 43.9]
      [Termination (ms): Min: 0.1, Avg: 0.1, Max: 0.1, Diff: 0.0, Sum: 0.8]
         [Termination Attempts: Min: 40, Avg: 43.2, Max: 46, Diff: 6, Sum: 346]
      [GC Worker Other (ms): Min: 0.0, Avg: 0.1, Max: 0.2, Diff: 0.2, Sum: 0.8]
      [GC Worker Total (ms): Min: 6.8, Avg: 9.4, Max: 10.4, Diff: 3.6, Sum: 74.8]
      [GC Worker End (ms): Min: 1407875752.4, Avg: 1407875752.5, Max: 1407875752.6, Diff: 0.2]
   [Code Root Fixup: 0.1 ms]
   [Code Root Purge: 0.0 ms]
   [Clear CT: 0.7 ms]
   [Other: 7.5 ms]
      [Choose CSet: 0.0 ms]
      [Ref Proc: 5.2 ms]
      [Ref Enq: 0.0 ms]
      [Redirty Cards: 0.4 ms]
      [Humongous Register: 0.3 ms]
      [Humongous Reclaim: 0.0 ms]
      [Free CSet: 1.0 ms]
   [Eden: 1213.0M(1213.0M)->0.0B(1212.0M) Survivors: 15.0M->16.0M Heap: 1527.7M(2048.0M)->315.8M(2048.0M)]
 [Times: user=0.08 sys=0.00, real=0.02 secs] 
2019-07-25T17:48:53.467+0000: 1412784.296: [GC pause (G1 Evacuation Pause) (young), 0.0153276 secs]
   [Parallel Time: 8.5 ms, GC Workers: 8]
      [GC Worker Start (ms): Min: 1412784296.8, Avg: 1412784297.1, Max: 1412784297.6, Diff: 0.8]
      [Ext Root Scanning (ms): Min: 0.1, Avg: 0.8, Max: 2.1, Diff: 2.0, Sum: 6.3]
      [Update RS (ms): Min: 1.2, Avg: 2.2, Max: 2.4, Diff: 1.2, Sum: 17.4]
         [Processed Buffers: Min: 4, Avg: 10.9, Max: 22, Diff: 18, Sum: 87]
      [Scan RS (ms): Min: 0.2, Avg: 0.2, Max: 0.3, Diff: 0.1, Sum: 1.9]
      [Code Root Scanning (ms): Min: 0.0, Avg: 0.0, Max: 0.0, Diff: 0.0, Sum: 0.1]
      [Object Copy (ms): Min: 4.4, Avg: 4.5, Max: 4.6, Diff: 0.2, Sum: 36.1]
      [Termination (ms): Min: 0.1, Avg: 0.1, Max: 0.1, Diff: 0.1, Sum: 0.7]
         [Termination Attempts: Min: 38, Avg: 46.1, Max: 51, Diff: 13, Sum: 369]
      [GC Worker Other (ms): Min: 0.0, Avg: 0.1, Max: 0.2, Diff: 0.2, Sum: 0.9]
      [GC Worker Total (ms): Min: 7.3, Avg: 7.9, Max: 8.2, Diff: 0.8, Sum: 63.4]
      [GC Worker End (ms): Min: 1412784304.9, Avg: 1412784305.0, Max: 1412784305.1, Diff: 0.2]
   [Code Root Fixup: 0.1 ms]
   [Code Root Purge: 0.0 ms]
   [Clear CT: 0.6 ms]
   [Other: 6.1 ms]
      [Choose CSet: 0.0 ms]
      [Ref Proc: 4.3 ms]
      [Ref Enq: 0.0 ms]
      [Redirty Cards: 0.3 ms]
      [Humongous Register: 0.2 ms]
      [Humongous Reclaim: 0.0 ms]
      [Free CSet: 1.0 ms]
   [Eden: 1212.0M(1212.0M)->0.0B(1212.0M) Survivors: 16.0M->16.0M Heap: 1527.8M(2048.0M)->316.8M(2048.0M)]
 [Times: user=0.08 sys=0.00, real=0.02 secs] 
2019-07-25T19:10:05.808+0000: 1417656.637: [GC pause (G1 Evacuation Pause) (young), 0.0161247 secs]
   [Parallel Time: 9.7 ms, GC Workers: 8]
      [GC Worker Start (ms): Min: 1417656637.7, Avg: 1417656637.8, Max: 1417656638.0, Diff: 0.3]
      [Ext Root Scanning (ms): Min: 0.9, Avg: 2.4, Max: 5.5, Diff: 4.7, Sum: 19.0]
      [Update RS (ms): Min: 0.0, Avg: 2.2, Max: 3.3, Diff: 3.3, Sum: 17.3]
         [Processed Buffers: Min: 0, Avg: 10.6, Max: 30, Diff: 30, Sum: 85]
      [Scan RS (ms): Min: 0.1, Avg: 0.2, Max: 0.3, Diff: 0.2, Sum: 1.7]
      [Code Root Scanning (ms): Min: 0.0, Avg: 0.0, Max: 0.0, Diff: 0.0, Sum: 0.1]
      [Object Copy (ms): Min: 3.4, Avg: 4.3, Max: 4.6, Diff: 1.2, Sum: 34.8]
      [Termination (ms): Min: 0.1, Avg: 0.1, Max: 0.1, Diff: 0.0, Sum: 0.7]
         [Termination Attempts: Min: 40, Avg: 45.1, Max: 52, Diff: 12, Sum: 361]
      [GC Worker Other (ms): Min: 0.0, Avg: 0.1, Max: 0.2, Diff: 0.2, Sum: 0.9]
      [GC Worker Total (ms): Min: 9.2, Avg: 9.3, Max: 9.5, Diff: 0.3, Sum: 74.5]
      [GC Worker End (ms): Min: 1417656647.1, Avg: 1417656647.2, Max: 1417656647.2, Diff: 0.2]
   [Code Root Fixup: 0.1 ms]
   [Code Root Purge: 0.0 ms]
   [Clear CT: 0.5 ms]
   [Other: 5.7 ms]
      [Choose CSet: 0.0 ms]
      [Ref Proc: 3.8 ms]
      [Ref Enq: 0.0 ms]
      [Redirty Cards: 0.3 ms]
      [Humongous Register: 0.2 ms]
      [Humongous Reclaim: 0.0 ms]
      [Free CSet: 1.1 ms]
   [Eden: 1212.0M(1212.0M)->0.0B(1212.0M) Survivors: 16.0M->16.0M Heap: 1528.8M(2048.0M)->317.4M(2048.0M)]
 [Times: user=0.07 sys=0.00, real=0.02 secs] 
2019-07-25T20:31:42.584+0000: 1422553.414: [GC pause (G1 Evacuation Pause) (young), 0.0170974 secs]
   [Parallel Time: 9.2 ms, GC Workers: 8]
      [GC Worker Start (ms): Min: 1422553414.0, Avg: 1422553415.2, Max: 1422553422.3, Diff: 8.3]
      [Ext Root Scanning (ms): Min: 0.0, Avg: 0.8, Max: 1.9, Diff: 1.9, Sum: 6.4]
      [Update RS (ms): Min: 0.0, Avg: 2.2, Max: 3.0, Diff: 3.0, Sum: 17.8]
         [Processed Buffers: Min: 0, Avg: 11.0, Max: 23, Diff: 23, Sum: 88]
      [Scan RS (ms): Min: 0.1, Avg: 0.2, Max: 0.3, Diff: 0.2, Sum: 1.8]
      [Code Root Scanning (ms): Min: 0.0, Avg: 0.0, Max: 0.0, Diff: 0.0, Sum: 0.1]
      [Object Copy (ms): Min: 0.3, Avg: 4.3, Max: 5.0, Diff: 4.7, Sum: 34.6]
      [Termination (ms): Min: 0.0, Avg: 0.1, Max: 0.1, Diff: 0.1, Sum: 0.5]
         [Termination Attempts: Min: 12, Avg: 42.5, Max: 61, Diff: 49, Sum: 340]
      [GC Worker Other (ms): Min: 0.0, Avg: 0.1, Max: 0.2, Diff: 0.2, Sum: 0.8]
      [GC Worker Total (ms): Min: 0.6, Avg: 7.8, Max: 8.9, Diff: 8.3, Sum: 62.0]
      [GC Worker End (ms): Min: 1422553422.9, Avg: 1422553422.9, Max: 1422553423.0, Diff: 0.2]
   [Code Root Fixup: 0.1 ms]
   [Code Root Purge: 0.0 ms]
   [Clear CT: 1.2 ms]
   [Other: 6.7 ms]
      [Choose CSet: 0.0 ms]
      [Ref Proc: 4.7 ms]
      [Ref Enq: 0.0 ms]
      [Redirty Cards: 0.3 ms]
      [Humongous Register: 0.2 ms]
      [Humongous Reclaim: 0.0 ms]
      [Free CSet: 1.1 ms]
   [Eden: 1212.0M(1212.0M)->0.0B(1213.0M) Survivors: 16.0M->15.0M Heap: 1529.4M(2048.0M)->317.0M(2048.0M)]
 [Times: user=0.08 sys=0.00, real=0.02 secs] 
2019-07-25T21:53:35.948+0000: 1427466.777: [GC pause (G1 Evacuation Pause) (young), 0.0161399 secs]
   [Parallel Time: 9.7 ms, GC Workers: 8]
      [GC Worker Start (ms): Min: 1427466777.9, Avg: 1427466778.1, Max: 1427466778.4, Diff: 0.5]
      [Ext Root Scanning (ms): Min: 1.0, Avg: 1.8, Max: 3.3, Diff: 2.3, Sum: 14.7]
      [Update RS (ms): Min: 0.9, Avg: 2.3, Max: 3.0, Diff: 2.1, Sum: 18.3]
         [Processed Buffers: Min: 3, Avg: 10.4, Max: 30, Diff: 27, Sum: 83]
      [Scan RS (ms): Min: 0.1, Avg: 0.2, Max: 0.3, Diff: 0.2, Sum: 1.7]
      [Code Root Scanning (ms): Min: 0.0, Avg: 0.0, Max: 0.0, Diff: 0.0, Sum: 0.1]
      [Object Copy (ms): Min: 4.5, Avg: 4.6, Max: 4.8, Diff: 0.2, Sum: 36.9]
      [Termination (ms): Min: 0.1, Avg: 0.1, Max: 0.1, Diff: 0.0, Sum: 0.7]
         [Termination Attempts: Min: 38, Avg: 45.1, Max: 56, Diff: 18, Sum: 361]
      [GC Worker Other (ms): Min: 0.0, Avg: 0.1, Max: 0.2, Diff: 0.2, Sum: 0.8]
      [GC Worker Total (ms): Min: 8.8, Avg: 9.2, Max: 9.5, Diff: 0.7, Sum: 73.3]
      [GC Worker End (ms): Min: 1427466787.2, Avg: 1427466787.2, Max: 1427466787.3, Diff: 0.2]
   [Code Root Fixup: 0.1 ms]
   [Code Root Purge: 0.0 ms]
   [Clear CT: 0.5 ms]
   [Other: 5.8 ms]
      [Choose CSet: 0.0 ms]
      [Ref Proc: 3.9 ms]
      [Ref Enq: 0.0 ms]
      [Redirty Cards: 0.3 ms]
      [Humongous Register: 0.2 ms]
      [Humongous Reclaim: 0.0 ms]
      [Free CSet: 1.0 ms]
   [Eden: 1213.0M(1213.0M)->0.0B(1212.0M) Survivors: 15.0M->16.0M Heap: 1530.0M(2048.0M)->318.0M(2048.0M)]
 [Times: user=0.08 sys=0.00, real=0.02 secs] 
2019-07-25T23:14:48.593+0000: 1432339.423: [GC pause (G1 Evacuation Pause) (young), 0.0157448 secs]
   [Parallel Time: 8.8 ms, GC Workers: 8]
      [GC Worker Start (ms): Min: 1432339423.0, Avg: 1432339423.1, Max: 1432339423.3, Diff: 0.2]
      [Ext Root Scanning (ms): Min: 0.6, Avg: 0.9, Max: 2.0, Diff: 1.4, Sum: 7.1]
      [Update RS (ms): Min: 1.5, Avg: 2.4, Max: 2.6, Diff: 1.1, Sum: 19.0]
         [Processed Buffers: Min: 4, Avg: 10.6, Max: 26, Diff: 22, Sum: 85]
      [Scan RS (ms): Min: 0.2, Avg: 0.3, Max: 0.3, Diff: 0.1, Sum: 2.1]
      [Code Root Scanning (ms): Min: 0.0, Avg: 0.0, Max: 0.0, Diff: 0.0, Sum: 0.1]
      [Object Copy (ms): Min: 4.6, Avg: 4.6, Max: 4.6, Diff: 0.1, Sum: 36.8]
      [Termination (ms): Min: 0.1, Avg: 0.1, Max: 0.1, Diff: 0.0, Sum: 0.7]
         [Termination Attempts: Min: 45, Avg: 52.5, Max: 56, Diff: 11, Sum: 420]
      [GC Worker Other (ms): Min: 0.0, Avg: 0.1, Max: 0.2, Diff: 0.1, Sum: 0.8]
      [GC Worker Total (ms): Min: 8.2, Avg: 8.3, Max: 8.5, Diff: 0.3, Sum: 66.4]
      [GC Worker End (ms): Min: 1432339431.4, Avg: 1432339431.4, Max: 1432339431.5, Diff: 0.2]
   [Code Root Fixup: 0.1 ms]
   [Code Root Purge: 0.0 ms]
   [Clear CT: 0.6 ms]
   [Other: 6.3 ms]
      [Choose CSet: 0.0 ms]
      [Ref Proc: 4.4 ms]
      [Ref Enq: 0.0 ms]
      [Redirty Cards: 0.3 ms]
      [Humongous Register: 0.2 ms]
      [Humongous Reclaim: 0.0 ms]
      [Free CSet: 1.0 ms]
   [Eden: 1212.0M(1212.0M)->0.0B(1213.0M) Survivors: 16.0M->15.0M Heap: 1530.0M(2048.0M)->318.1M(2048.0M)]
 [Times: user=0.08 sys=0.00, real=0.01 secs] 
2019-07-26T00:36:21.991+0000: 1437232.820: [GC pause (G1 Evacuation Pause) (young), 0.0166133 secs]
   [Parallel Time: 9.4 ms, GC Workers: 8]
      [GC Worker Start (ms): Min: 1437232820.5, Avg: 1437232820.9, Max: 1437232821.3, Diff: 0.7]
      [Ext Root Scanning (ms): Min: 0.6, Avg: 1.7, Max: 5.1, Diff: 4.6, Sum: 13.3]
      [Update RS (ms): Min: 0.0, Avg: 2.2, Max: 2.9, Diff: 2.9, Sum: 17.4]
         [Processed Buffers: Min: 0, Avg: 10.5, Max: 23, Diff: 23, Sum: 84]
      [Scan RS (ms): Min: 0.1, Avg: 0.2, Max: 0.3, Diff: 0.2, Sum: 1.6]
      [Code Root Scanning (ms): Min: 0.0, Avg: 0.0, Max: 0.0, Diff: 0.0, Sum: 0.1]
      [Object Copy (ms): Min: 3.1, Avg: 4.6, Max: 4.9, Diff: 1.8, Sum: 36.6]
      [Termination (ms): Min: 0.0, Avg: 0.1, Max: 0.2, Diff: 0.1, Sum: 1.2]
         [Termination Attempts: Min: 27, Avg: 39.9, Max: 48, Diff: 21, Sum: 319]
      [GC Worker Other (ms): Min: 0.0, Avg: 0.0, Max: 0.1, Diff: 0.1, Sum: 0.4]
      [GC Worker Total (ms): Min: 8.4, Avg: 8.8, Max: 9.2, Diff: 0.8, Sum: 70.5]
      [GC Worker End (ms): Min: 1437232829.7, Avg: 1437232829.7, Max: 1437232829.7, Diff: 0.1]
   [Code Root Fixup: 0.1 ms]
   [Code Root Purge: 0.0 ms]
   [Clear CT: 0.6 ms]
   [Other: 6.5 ms]
      [Choose CSet: 0.0 ms]
      [Ref Proc: 4.6 ms]
      [Ref Enq: 0.0 ms]
      [Redirty Cards: 0.3 ms]
      [Humongous Register: 0.2 ms]
      [Humongous Reclaim: 0.0 ms]
      [Free CSet: 1.0 ms]
   [Eden: 1213.0M(1213.0M)->0.0B(1213.0M) Survivors: 15.0M->15.0M Heap: 1531.1M(2048.0M)->318.1M(2048.0M)]
 [Times: user=0.07 sys=0.00, real=0.02 secs] 
2019-07-26T01:58:12.145+0000: 1442142.974: [GC pause (G1 Evacuation Pause) (young), 0.0158941 secs]
   [Parallel Time: 9.2 ms, GC Workers: 8]
      [GC Worker Start (ms): Min: 1442142974.4, Avg: 1442142974.5, Max: 1442142974.7, Diff: 0.3]
      [Ext Root Scanning (ms): Min: 0.7, Avg: 1.5, Max: 2.9, Diff: 2.2, Sum: 12.0]
      [Update RS (ms): Min: 0.9, Avg: 2.4, Max: 4.5, Diff: 3.6, Sum: 19.5]
         [Processed Buffers: Min: 3, Avg: 10.8, Max: 26, Diff: 23, Sum: 86]
      [Scan RS (ms): Min: 0.1, Avg: 0.2, Max: 0.3, Diff: 0.2, Sum: 1.6]
      [Code Root Scanning (ms): Min: 0.0, Avg: 0.0, Max: 0.0, Diff: 0.0, Sum: 0.1]
      [Object Copy (ms): Min: 3.1, Avg: 4.4, Max: 4.7, Diff: 1.6, Sum: 35.5]
      [Termination (ms): Min: 0.0, Avg: 0.0, Max: 0.1, Diff: 0.0, Sum: 0.4]
         [Termination Attempts: Min: 24, Avg: 33.8, Max: 44, Diff: 20, Sum: 270]
      [GC Worker Other (ms): Min: 0.0, Avg: 0.1, Max: 0.2, Diff: 0.2, Sum: 0.9]
      [GC Worker Total (ms): Min: 8.6, Avg: 8.8, Max: 8.9, Diff: 0.4, Sum: 70.0]
      [GC Worker End (ms): Min: 1442142983.2, Avg: 1442142983.3, Max: 1442142983.4, Diff: 0.2]
   [Code Root Fixup: 0.1 ms]
   [Code Root Purge: 0.0 ms]
   [Clear CT: 0.6 ms]
   [Other: 6.0 ms]
      [Choose CSet: 0.0 ms]
      [Ref Proc: 4.2 ms]
      [Ref Enq: 0.0 ms]
      [Redirty Cards: 0.3 ms]
      [Humongous Register: 0.2 ms]
      [Humongous Reclaim: 0.0 ms]
      [Free CSet: 1.0 ms]
   [Eden: 1213.0M(1213.0M)->0.0B(1213.0M) Survivors: 15.0M->15.0M Heap: 1531.1M(2048.0M)->319.2M(2048.0M)]
 [Times: user=0.07 sys=0.00, real=0.01 secs] 
2019-07-26T03:19:39.144+0000: 1447029.973: [GC pause (G1 Evacuation Pause) (young), 0.0156530 secs]
   [Parallel Time: 9.0 ms, GC Workers: 8]
      [GC Worker Start (ms): Min: 1447029974.0, Avg: 1447029974.1, Max: 1447029974.3, Diff: 0.3]
      [Ext Root Scanning (ms): Min: 0.6, Avg: 0.9, Max: 2.2, Diff: 1.6, Sum: 7.4]
      [Update RS (ms): Min: 1.2, Avg: 2.4, Max: 2.9, Diff: 1.7, Sum: 19.2]
         [Processed Buffers: Min: 4, Avg: 10.5, Max: 25, Diff: 21, Sum: 84]
      [Scan RS (ms): Min: 0.1, Avg: 0.2, Max: 0.3, Diff: 0.2, Sum: 1.7]
      [Code Root Scanning (ms): Min: 0.0, Avg: 0.0, Max: 0.0, Diff: 0.0, Sum: 0.1]
      [Object Copy (ms): Min: 4.7, Avg: 4.9, Max: 4.9, Diff: 0.2, Sum: 39.0]
      [Termination (ms): Min: 0.0, Avg: 0.1, Max: 0.1, Diff: 0.0, Sum: 0.5]
         [Termination Attempts: Min: 29, Avg: 35.9, Max: 41, Diff: 12, Sum: 287]
      [GC Worker Other (ms): Min: 0.0, Avg: 0.1, Max: 0.2, Diff: 0.1, Sum: 0.9]
      [GC Worker Total (ms): Min: 8.4, Avg: 8.6, Max: 8.8, Diff: 0.4, Sum: 68.8]
      [GC Worker End (ms): Min: 1447029982.6, Avg: 1447029982.7, Max: 1447029982.8, Diff: 0.2]
   [Code Root Fixup: 0.1 ms]
   [Code Root Purge: 0.0 ms]
   [Clear CT: 0.7 ms]
   [Other: 5.9 ms]
      [Choose CSet: 0.0 ms]
      [Ref Proc: 3.8 ms]
      [Ref Enq: 0.1 ms]
      [Redirty Cards: 0.4 ms]
      [Humongous Register: 0.3 ms]
      [Humongous Reclaim: 0.0 ms]
      [Free CSet: 1.0 ms]
   [Eden: 1213.0M(1213.0M)->0.0B(1212.0M) Survivors: 15.0M->16.0M Heap: 1532.2M(2048.0M)->320.2M(2048.0M)]
 [Times: user=0.07 sys=0.01, real=0.01 secs] 
2019-07-26T04:41:08.756+0000: 1451919.585: [GC pause (G1 Evacuation Pause) (young), 0.0167725 secs]
   [Parallel Time: 10.2 ms, GC Workers: 8]
      [GC Worker Start (ms): Min: 1451919585.2, Avg: 1451919585.4, Max: 1451919585.5, Diff: 0.4]
      [Ext Root Scanning (ms): Min: 0.7, Avg: 1.1, Max: 2.4, Diff: 1.7, Sum: 8.5]
      [Update RS (ms): Min: 1.6, Avg: 2.8, Max: 3.4, Diff: 1.8, Sum: 22.7]
         [Processed Buffers: Min: 3, Avg: 10.5, Max: 26, Diff: 23, Sum: 84]
      [Scan RS (ms): Min: 0.1, Avg: 0.2, Max: 0.3, Diff: 0.2, Sum: 1.8]
      [Code Root Scanning (ms): Min: 0.0, Avg: 0.0, Max: 0.0, Diff: 0.0, Sum: 0.1]
      [Object Copy (ms): Min: 5.1, Avg: 5.3, Max: 5.4, Diff: 0.3, Sum: 42.7]
      [Termination (ms): Min: 0.1, Avg: 0.1, Max: 0.1, Diff: 0.0, Sum: 0.9]
         [Termination Attempts: Min: 45, Avg: 54.0, Max: 68, Diff: 23, Sum: 432]
      [GC Worker Other (ms): Min: 0.0, Avg: 0.1, Max: 0.2, Diff: 0.2, Sum: 1.0]
      [GC Worker Total (ms): Min: 9.5, Avg: 9.7, Max: 10.0, Diff: 0.4, Sum: 77.7]
      [GC Worker End (ms): Min: 1451919595.0, Avg: 1451919595.1, Max: 1451919595.1, Diff: 0.1]
   [Code Root Fixup: 0.1 ms]
   [Code Root Purge: 0.0 ms]
   [Clear CT: 0.6 ms]
   [Other: 5.9 ms]
      [Choose CSet: 0.0 ms]
      [Ref Proc: 4.1 ms]
      [Ref Enq: 0.0 ms]
      [Redirty Cards: 0.3 ms]
      [Humongous Register: 0.2 ms]
      [Humongous Reclaim: 0.0 ms]
      [Free CSet: 0.9 ms]
   [Eden: 1212.0M(1212.0M)->0.0B(1213.0M) Survivors: 16.0M->15.0M Heap: 1532.2M(2048.0M)->320.3M(2048.0M)]
 [Times: user=0.09 sys=0.00, real=0.02 secs] 
2019-07-26T06:02:44.902+0000: 1456815.732: [GC pause (G1 Evacuation Pause) (young), 0.0217665 secs]
   [Parallel Time: 11.9 ms, GC Workers: 8]
      [GC Worker Start (ms): Min: 1456815732.1, Avg: 1456815732.3, Max: 1456815732.5, Diff: 0.4]
      [Ext Root Scanning (ms): Min: 0.8, Avg: 1.1, Max: 2.3, Diff: 1.5, Sum: 8.8]
      [Update RS (ms): Min: 2.0, Avg: 3.0, Max: 3.5, Diff: 1.6, Sum: 24.3]
         [Processed Buffers: Min: 3, Avg: 10.4, Max: 30, Diff: 27, Sum: 83]
      [Scan RS (ms): Min: 0.1, Avg: 0.2, Max: 0.3, Diff: 0.2, Sum: 1.9]
      [Code Root Scanning (ms): Min: 0.0, Avg: 0.0, Max: 0.0, Diff: 0.0, Sum: 0.1]
      [Object Copy (ms): Min: 5.6, Avg: 6.1, Max: 6.6, Diff: 1.0, Sum: 48.5]
      [Termination (ms): Min: 0.3, Avg: 0.7, Max: 1.1, Diff: 0.8, Sum: 5.4]
         [Termination Attempts: Min: 12, Avg: 36.2, Max: 46, Diff: 34, Sum: 290]
      [GC Worker Other (ms): Min: 0.1, Avg: 0.2, Max: 0.4, Diff: 0.3, Sum: 1.7]
      [GC Worker Total (ms): Min: 11.1, Avg: 11.3, Max: 11.6, Diff: 0.6, Sum: 90.7]
      [GC Worker End (ms): Min: 1456815743.4, Avg: 1456815743.6, Max: 1456815743.7, Diff: 0.3]
   [Code Root Fixup: 0.1 ms]
   [Code Root Purge: 0.0 ms]
   [Clear CT: 0.8 ms]
   [Other: 9.0 ms]
      [Choose CSet: 0.0 ms]
      [Ref Proc: 6.5 ms]
      [Ref Enq: 0.1 ms]
      [Redirty Cards: 0.5 ms]
      [Humongous Register: 0.2 ms]
      [Humongous Reclaim: 0.0 ms]
      [Free CSet: 1.3 ms]
   [Eden: 1213.0M(1213.0M)->0.0B(1213.0M) Survivors: 15.0M->15.0M Heap: 1533.3M(2048.0M)->320.8M(2048.0M)]
 [Times: user=0.11 sys=0.00, real=0.02 secs] 
2019-07-26T07:24:14.202+0000: 1461705.031: [GC pause (G1 Evacuation Pause) (young), 0.0179639 secs]
   [Parallel Time: 9.6 ms, GC Workers: 8]
      [GC Worker Start (ms): Min: 1461705031.2, Avg: 1461705031.3, Max: 1461705031.4, Diff: 0.2]
      [Ext Root Scanning (ms): Min: 0.7, Avg: 1.4, Max: 4.1, Diff: 3.4, Sum: 11.5]
      [Update RS (ms): Min: 0.0, Avg: 2.3, Max: 3.1, Diff: 3.1, Sum: 18.4]
         [Processed Buffers: Min: 0, Avg: 10.6, Max: 23, Diff: 23, Sum: 85]
      [Scan RS (ms): Min: 0.1, Avg: 0.2, Max: 0.3, Diff: 0.2, Sum: 1.8]
      [Code Root Scanning (ms): Min: 0.0, Avg: 0.0, Max: 0.0, Diff: 0.0, Sum: 0.0]
      [Object Copy (ms): Min: 4.7, Avg: 4.8, Max: 4.9, Diff: 0.2, Sum: 38.4]
      [Termination (ms): Min: 0.1, Avg: 0.1, Max: 0.1, Diff: 0.1, Sum: 0.7]
         [Termination Attempts: Min: 37, Avg: 48.1, Max: 55, Diff: 18, Sum: 385]
      [GC Worker Other (ms): Min: 0.0, Avg: 0.3, Max: 0.5, Diff: 0.5, Sum: 2.4]
      [GC Worker Total (ms): Min: 8.8, Avg: 9.1, Max: 9.4, Diff: 0.6, Sum: 73.2]
      [GC Worker End (ms): Min: 1461705040.1, Avg: 1461705040.4, Max: 1461705040.6, Diff: 0.5]
   [Code Root Fixup: 0.1 ms]
   [Code Root Purge: 0.0 ms]
   [Clear CT: 0.5 ms]
   [Other: 7.7 ms]
      [Choose CSet: 0.0 ms]
      [Ref Proc: 5.4 ms]
      [Ref Enq: 0.1 ms]
      [Redirty Cards: 0.3 ms]
      [Humongous Register: 0.2 ms]
      [Humongous Reclaim: 0.0 ms]
      [Free CSet: 1.3 ms]
   [Eden: 1213.0M(1213.0M)->0.0B(1212.0M) Survivors: 15.0M->16.0M Heap: 1533.8M(2048.0M)->321.9M(2048.0M)]
 [Times: user=0.08 sys=0.00, real=0.01 secs] 
2019-07-26T08:46:04.016+0000: 1466614.845: [GC pause (G1 Evacuation Pause) (young), 0.0169566 secs]
   [Parallel Time: 9.7 ms, GC Workers: 8]
      [GC Worker Start (ms): Min: 1466614845.8, Avg: 1466614846.0, Max: 1466614846.2, Diff: 0.4]
      [Ext Root Scanning (ms): Min: 0.5, Avg: 1.0, Max: 2.8, Diff: 2.3, Sum: 7.9]
      [Update RS (ms): Min: 1.5, Avg: 3.0, Max: 3.6, Diff: 2.1, Sum: 24.1]
         [Processed Buffers: Min: 3, Avg: 10.4, Max: 19, Diff: 16, Sum: 83]
      [Scan RS (ms): Min: 0.1, Avg: 0.3, Max: 0.3, Diff: 0.2, Sum: 2.1]
      [Code Root Scanning (ms): Min: 0.0, Avg: 0.0, Max: 0.0, Diff: 0.0, Sum: 0.1]
      [Object Copy (ms): Min: 4.6, Avg: 4.8, Max: 4.9, Diff: 0.3, Sum: 38.6]
      [Termination (ms): Min: 0.1, Avg: 0.1, Max: 0.1, Diff: 0.0, Sum: 0.6]
         [Termination Attempts: Min: 28, Avg: 31.1, Max: 35, Diff: 7, Sum: 249]
      [GC Worker Other (ms): Min: 0.0, Avg: 0.1, Max: 0.2, Diff: 0.1, Sum: 0.8]
      [GC Worker Total (ms): Min: 9.0, Avg: 9.3, Max: 9.5, Diff: 0.5, Sum: 74.0]
      [GC Worker End (ms): Min: 1466614855.2, Avg: 1466614855.3, Max: 1466614855.4, Diff: 0.1]
   [Code Root Fixup: 0.1 ms]
   [Code Root Purge: 0.0 ms]
   [Clear CT: 0.5 ms]
   [Other: 6.6 ms]
      [Choose CSet: 0.0 ms]
      [Ref Proc: 4.7 ms]
      [Ref Enq: 0.0 ms]
      [Redirty Cards: 0.3 ms]
      [Humongous Register: 0.2 ms]
      [Humongous Reclaim: 0.0 ms]
      [Free CSet: 1.0 ms]
   [Eden: 1212.0M(1212.0M)->0.0B(1213.0M) Survivors: 16.0M->15.0M Heap: 1533.9M(2048.0M)->322.0M(2048.0M)]
 [Times: user=0.09 sys=0.00, real=0.02 secs] 
2019-07-26T10:07:36.454+0000: 1471507.284: [GC pause (G1 Evacuation Pause) (young), 0.0159390 secs]
   [Parallel Time: 9.4 ms, GC Workers: 8]
      [GC Worker Start (ms): Min: 1471507284.1, Avg: 1471507284.2, Max: 1471507284.4, Diff: 0.3]
      [Ext Root Scanning (ms): Min: 0.6, Avg: 1.0, Max: 1.9, Diff: 1.3, Sum: 7.7]
      [Update RS (ms): Min: 2.1, Avg: 3.0, Max: 3.6, Diff: 1.5, Sum: 24.1]
         [Processed Buffers: Min: 2, Avg: 10.9, Max: 32, Diff: 30, Sum: 87]
      [Scan RS (ms): Min: 0.1, Avg: 0.2, Max: 0.3, Diff: 0.2, Sum: 1.8]
      [Code Root Scanning (ms): Min: 0.0, Avg: 0.0, Max: 0.0, Diff: 0.0, Sum: 0.1]
      [Object Copy (ms): Min: 4.2, Avg: 4.6, Max: 4.9, Diff: 0.7, Sum: 37.1]
      [Termination (ms): Min: 0.0, Avg: 0.0, Max: 0.1, Diff: 0.0, Sum: 0.4]
         [Termination Attempts: Min: 31, Avg: 36.0, Max: 41, Diff: 10, Sum: 288]
      [GC Worker Other (ms): Min: 0.0, Avg: 0.1, Max: 0.2, Diff: 0.2, Sum: 0.7]
      [GC Worker Total (ms): Min: 8.8, Avg: 9.0, Max: 9.1, Diff: 0.3, Sum: 71.9]
      [GC Worker End (ms): Min: 1471507293.1, Avg: 1471507293.2, Max: 1471507293.3, Diff: 0.2]
   [Code Root Fixup: 0.1 ms]
   [Code Root Purge: 0.0 ms]
   [Clear CT: 0.4 ms]
   [Other: 6.1 ms]
      [Choose CSet: 0.0 ms]
      [Ref Proc: 3.9 ms]
      [Ref Enq: 0.0 ms]
      [Redirty Cards: 0.3 ms]
      [Humongous Register: 0.2 ms]
      [Humongous Reclaim: 0.0 ms]
      [Free CSet: 1.3 ms]
   [Eden: 1213.0M(1213.0M)->0.0B(1213.0M) Survivors: 15.0M->15.0M Heap: 1535.0M(2048.0M)->322.5M(2048.0M)]
 [Times: user=0.08 sys=0.00, real=0.01 secs] 
2019-07-26T11:29:05.529+0000: 1476396.358: [GC pause (G1 Evacuation Pause) (young), 0.0155783 secs]
   [Parallel Time: 9.2 ms, GC Workers: 8]
      [GC Worker Start (ms): Min: 1476396358.7, Avg: 1476396358.8, Max: 1476396358.9, Diff: 0.3]
      [Ext Root Scanning (ms): Min: 0.7, Avg: 1.9, Max: 8.1, Diff: 7.4, Sum: 15.4]
      [Update RS (ms): Min: 0.0, Avg: 2.3, Max: 2.9, Diff: 2.9, Sum: 18.3]
         [Processed Buffers: Min: 0, Avg: 10.6, Max: 32, Diff: 32, Sum: 85]
      [Scan RS (ms): Min: 0.1, Avg: 0.2, Max: 0.3, Diff: 0.2, Sum: 1.8]
      [Code Root Scanning (ms): Min: 0.0, Avg: 0.0, Max: 0.0, Diff: 0.0, Sum: 0.1]
      [Object Copy (ms): Min: 0.4, Avg: 4.2, Max: 4.8, Diff: 4.4, Sum: 33.6]
      [Termination (ms): Min: 0.0, Avg: 0.0, Max: 0.1, Diff: 0.0, Sum: 0.3]
         [Termination Attempts: Min: 6, Avg: 24.6, Max: 32, Diff: 26, Sum: 197]
      [GC Worker Other (ms): Min: 0.0, Avg: 0.2, Max: 0.3, Diff: 0.2, Sum: 1.4]
      [GC Worker Total (ms): Min: 8.6, Avg: 8.9, Max: 9.0, Diff: 0.4, Sum: 70.8]
      [GC Worker End (ms): Min: 1476396367.5, Avg: 1476396367.6, Max: 1476396367.7, Diff: 0.2]
   [Code Root Fixup: 0.1 ms]
   [Code Root Purge: 0.0 ms]
   [Clear CT: 0.6 ms]
   [Other: 5.7 ms]
      [Choose CSet: 0.0 ms]
      [Ref Proc: 3.9 ms]
      [Ref Enq: 0.0 ms]
      [Redirty Cards: 0.3 ms]
      [Humongous Register: 0.2 ms]
      [Humongous Reclaim: 0.0 ms]
      [Free CSet: 1.0 ms]
   [Eden: 1213.0M(1213.0M)->0.0B(1211.0M) Survivors: 15.0M->17.0M Heap: 1535.5M(2048.0M)->324.5M(2048.0M)]
 [Times: user=0.07 sys=0.00, real=0.02 secs] 
2019-07-26T12:50:48.130+0000: 1481298.959: [GC pause (G1 Evacuation Pause) (young), 0.0269555 secs]
   [Parallel Time: 20.7 ms, GC Workers: 8]
      [GC Worker Start (ms): Min: 1481298959.5, Avg: 1481298959.6, Max: 1481298959.7, Diff: 0.3]
      [Ext Root Scanning (ms): Min: 0.8, Avg: 1.2, Max: 2.3, Diff: 1.5, Sum: 9.8]
      [Update RS (ms): Min: 1.7, Avg: 2.5, Max: 2.8, Diff: 1.1, Sum: 19.7]
         [Processed Buffers: Min: 2, Avg: 10.6, Max: 35, Diff: 33, Sum: 85]
      [Scan RS (ms): Min: 0.1, Avg: 0.2, Max: 0.3, Diff: 0.3, Sum: 1.9]
      [Code Root Scanning (ms): Min: 0.0, Avg: 0.0, Max: 0.0, Diff: 0.0, Sum: 0.1]
      [Object Copy (ms): Min: 15.9, Avg: 16.1, Max: 17.0, Diff: 1.1, Sum: 128.9]
      [Termination (ms): Min: 0.1, Avg: 0.1, Max: 0.1, Diff: 0.0, Sum: 0.9]
         [Termination Attempts: Min: 43, Avg: 48.2, Max: 52, Diff: 9, Sum: 386]
      [GC Worker Other (ms): Min: 0.0, Avg: 0.1, Max: 0.2, Diff: 0.2, Sum: 1.0]
      [GC Worker Total (ms): Min: 20.1, Avg: 20.3, Max: 20.4, Diff: 0.3, Sum: 162.2]
      [GC Worker End (ms): Min: 1481298979.8, Avg: 1481298979.9, Max: 1481298979.9, Diff: 0.2]
   [Code Root Fixup: 0.1 ms]
   [Code Root Purge: 0.0 ms]
   [Clear CT: 0.6 ms]
   [Other: 5.6 ms]
      [Choose CSet: 0.0 ms]
      [Ref Proc: 3.8 ms]
      [Ref Enq: 0.0 ms]
      [Redirty Cards: 0.3 ms]
      [Humongous Register: 0.2 ms]
      [Humongous Reclaim: 0.0 ms]
      [Free CSet: 1.0 ms]
   [Eden: 1211.0M(1211.0M)->0.0B(1213.0M) Survivors: 17.0M->15.0M Heap: 1535.5M(2048.0M)->323.8M(2048.0M)]
 [Times: user=0.08 sys=0.00, real=0.03 secs] 
2019-07-26T14:11:59.592+0000: 1486170.421: [GC pause (G1 Evacuation Pause) (young), 0.0184721 secs]
   [Parallel Time: 10.7 ms, GC Workers: 8]
      [GC Worker Start (ms): Min: 1486170421.7, Avg: 1486170421.9, Max: 1486170422.3, Diff: 0.6]
      [Ext Root Scanning (ms): Min: 1.3, Avg: 1.9, Max: 3.1, Diff: 1.9, Sum: 15.5]
      [Update RS (ms): Min: 1.8, Avg: 2.7, Max: 3.0, Diff: 1.2, Sum: 21.9]
         [Processed Buffers: Min: 3, Avg: 10.8, Max: 23, Diff: 20, Sum: 86]
      [Scan RS (ms): Min: 0.1, Avg: 0.2, Max: 0.3, Diff: 0.2, Sum: 1.9]
      [Code Root Scanning (ms): Min: 0.0, Avg: 0.0, Max: 0.0, Diff: 0.0, Sum: 0.1]
      [Object Copy (ms): Min: 4.8, Avg: 5.1, Max: 5.3, Diff: 0.5, Sum: 40.7]
      [Termination (ms): Min: 0.1, Avg: 0.2, Max: 0.2, Diff: 0.1, Sum: 1.4]
         [Termination Attempts: Min: 49, Avg: 54.0, Max: 59, Diff: 10, Sum: 432]
      [GC Worker Other (ms): Min: 0.0, Avg: 0.1, Max: 0.4, Diff: 0.3, Sum: 1.1]
      [GC Worker Total (ms): Min: 10.0, Avg: 10.3, Max: 10.6, Diff: 0.6, Sum: 82.6]
      [GC Worker End (ms): Min: 1486170432.2, Avg: 1486170432.3, Max: 1486170432.4, Diff: 0.2]
   [Code Root Fixup: 0.1 ms]
   [Code Root Purge: 0.0 ms]
   [Clear CT: 0.6 ms]
   [Other: 7.0 ms]
      [Choose CSet: 0.0 ms]
      [Ref Proc: 4.5 ms]
      [Ref Enq: 0.0 ms]
      [Redirty Cards: 0.3 ms]
      [Humongous Register: 0.2 ms]
      [Humongous Reclaim: 0.0 ms]
      [Free CSet: 1.6 ms]
   [Eden: 1213.0M(1213.0M)->0.0B(1211.0M) Survivors: 15.0M->17.0M Heap: 1536.8M(2048.0M)->325.8M(2048.0M)]
 [Times: user=0.09 sys=0.00, real=0.01 secs] 
2019-07-26T15:33:18.759+0000: 1491049.589: [GC pause (G1 Evacuation Pause) (young), 0.0163777 secs]
   [Parallel Time: 9.6 ms, GC Workers: 8]
      [GC Worker Start (ms): Min: 1491049589.0, Avg: 1491049589.1, Max: 1491049589.2, Diff: 0.3]
      [Ext Root Scanning (ms): Min: 0.6, Avg: 1.0, Max: 2.9, Diff: 2.3, Sum: 8.0]
      [Update RS (ms): Min: 0.8, Avg: 2.5, Max: 2.8, Diff: 2.0, Sum: 19.7]
         [Processed Buffers: Min: 1, Avg: 10.5, Max: 24, Diff: 23, Sum: 84]
      [Scan RS (ms): Min: 0.2, Avg: 0.2, Max: 0.3, Diff: 0.1, Sum: 2.0]
      [Code Root Scanning (ms): Min: 0.0, Avg: 0.0, Max: 0.0, Diff: 0.0, Sum: 0.1]
      [Object Copy (ms): Min: 5.0, Avg: 5.1, Max: 5.2, Diff: 0.2, Sum: 40.7]
      [Termination (ms): Min: 0.2, Avg: 0.2, Max: 0.3, Diff: 0.1, Sum: 1.8]
         [Termination Attempts: Min: 40, Avg: 47.4, Max: 62, Diff: 22, Sum: 379]
      [GC Worker Other (ms): Min: 0.0, Avg: 0.1, Max: 0.2, Diff: 0.2, Sum: 0.8]
      [GC Worker Total (ms): Min: 9.0, Avg: 9.1, Max: 9.3, Diff: 0.3, Sum: 73.0]
      [GC Worker End (ms): Min: 1491049598.2, Avg: 1491049598.2, Max: 1491049598.3, Diff: 0.1]
   [Code Root Fixup: 0.1 ms]
   [Code Root Purge: 0.0 ms]
   [Clear CT: 0.7 ms]
   [Other: 5.9 ms]
      [Choose CSet: 0.0 ms]
      [Ref Proc: 4.0 ms]
      [Ref Enq: 0.0 ms]
      [Redirty Cards: 0.4 ms]
      [Humongous Register: 0.1 ms]
      [Humongous Reclaim: 0.0 ms]
      [Free CSet: 1.0 ms]
   [Eden: 1211.0M(1211.0M)->0.0B(1213.0M) Survivors: 17.0M->15.0M Heap: 1536.8M(2048.0M)->324.9M(2048.0M)]
 [Times: user=0.09 sys=0.00, real=0.02 secs] 
2019-07-26T16:55:08.689+0000: 1495959.518: [GC pause (G1 Evacuation Pause) (young), 0.0174830 secs]
   [Parallel Time: 10.5 ms, GC Workers: 8]
      [GC Worker Start (ms): Min: 1495959518.3, Avg: 1495959520.5, Max: 1495959524.1, Diff: 5.8]
      [Ext Root Scanning (ms): Min: 0.0, Avg: 0.8, Max: 2.0, Diff: 2.0, Sum: 6.4]
      [Update RS (ms): Min: 0.0, Avg: 2.4, Max: 4.0, Diff: 4.0, Sum: 19.1]
         [Processed Buffers: Min: 0, Avg: 11.1, Max: 26, Diff: 26, Sum: 89]
      [Scan RS (ms): Min: 0.1, Avg: 0.2, Max: 0.3, Diff: 0.2, Sum: 1.6]
      [Code Root Scanning (ms): Min: 0.0, Avg: 0.0, Max: 0.0, Diff: 0.0, Sum: 0.0]
      [Object Copy (ms): Min: 4.3, Avg: 4.6, Max: 4.9, Diff: 0.6, Sum: 37.1]
      [Termination (ms): Min: 0.0, Avg: 0.1, Max: 0.1, Diff: 0.0, Sum: 0.5]
         [Termination Attempts: Min: 34, Avg: 40.6, Max: 47, Diff: 13, Sum: 325]
      [GC Worker Other (ms): Min: 0.0, Avg: 0.1, Max: 0.2, Diff: 0.1, Sum: 0.7]
      [GC Worker Total (ms): Min: 4.6, Avg: 8.2, Max: 10.5, Diff: 5.9, Sum: 65.5]
      [GC Worker End (ms): Min: 1495959528.6, Avg: 1495959528.7, Max: 1495959528.8, Diff: 0.1]
   [Code Root Fixup: 0.1 ms]
   [Code Root Purge: 0.0 ms]
   [Clear CT: 0.6 ms]
   [Other: 6.2 ms]
      [Choose CSet: 0.0 ms]
      [Ref Proc: 4.2 ms]
      [Ref Enq: 0.0 ms]
      [Redirty Cards: 0.3 ms]
      [Humongous Register: 0.2 ms]
      [Humongous Reclaim: 0.0 ms]
      [Free CSet: 1.0 ms]
   [Eden: 1213.0M(1213.0M)->0.0B(1212.0M) Survivors: 15.0M->16.0M Heap: 1537.9M(2048.0M)->326.4M(2048.0M)]
 [Times: user=0.08 sys=0.00, real=0.02 secs] 
2019-07-26T18:16:14.335+0000: 1500825.164: [GC pause (G1 Evacuation Pause) (young), 0.0174212 secs]
   [Parallel Time: 10.6 ms, GC Workers: 8]
      [GC Worker Start (ms): Min: 1500825164.1, Avg: 1500825165.8, Max: 1500825170.6, Diff: 6.5]
      [Ext Root Scanning (ms): Min: 0.0, Avg: 1.0, Max: 2.8, Diff: 2.7, Sum: 7.9]
      [Update RS (ms): Min: 0.0, Avg: 2.8, Max: 4.1, Diff: 4.1, Sum: 22.7]
         [Processed Buffers: Min: 0, Avg: 10.5, Max: 31, Diff: 31, Sum: 84]
      [Scan RS (ms): Min: 0.1, Avg: 0.2, Max: 0.3, Diff: 0.2, Sum: 1.7]
      [Code Root Scanning (ms): Min: 0.0, Avg: 0.0, Max: 0.0, Diff: 0.0, Sum: 0.1]
      [Object Copy (ms): Min: 3.6, Avg: 4.5, Max: 4.8, Diff: 1.2, Sum: 35.8]
      [Termination (ms): Min: 0.0, Avg: 0.1, Max: 0.1, Diff: 0.0, Sum: 0.5]
         [Termination Attempts: Min: 33, Avg: 42.4, Max: 51, Diff: 18, Sum: 339]
      [GC Worker Other (ms): Min: 0.0, Avg: 0.1, Max: 0.2, Diff: 0.2, Sum: 0.8]
      [GC Worker Total (ms): Min: 3.9, Avg: 8.7, Max: 10.4, Diff: 6.6, Sum: 69.4]
      [GC Worker End (ms): Min: 1500825174.4, Avg: 1500825174.5, Max: 1500825174.6, Diff: 0.2]
   [Code Root Fixup: 0.1 ms]
   [Code Root Purge: 0.0 ms]
   [Clear CT: 0.6 ms]
   [Other: 6.1 ms]
      [Choose CSet: 0.0 ms]
      [Ref Proc: 4.3 ms]
      [Ref Enq: 0.0 ms]
      [Redirty Cards: 0.3 ms]
      [Humongous Register: 0.2 ms]
      [Humongous Reclaim: 0.0 ms]
      [Free CSet: 1.0 ms]
   [Eden: 1212.0M(1212.0M)->0.0B(1212.0M) Survivors: 16.0M->16.0M Heap: 1538.4M(2048.0M)->326.4M(2048.0M)]
 [Times: user=0.08 sys=0.00, real=0.02 secs] 
2019-07-26T19:37:51.285+0000: 1505722.115: [GC pause (G1 Evacuation Pause) (young), 0.0145835 secs]
   [Parallel Time: 8.2 ms, GC Workers: 8]
      [GC Worker Start (ms): Min: 1505722115.2, Avg: 1505722115.3, Max: 1505722115.4, Diff: 0.2]
      [Ext Root Scanning (ms): Min: 0.6, Avg: 0.9, Max: 2.0, Diff: 1.5, Sum: 7.0]
      [Update RS (ms): Min: 1.3, Avg: 2.2, Max: 2.5, Diff: 1.2, Sum: 17.8]
         [Processed Buffers: Min: 3, Avg: 10.2, Max: 20, Diff: 17, Sum: 82]
      [Scan RS (ms): Min: 0.1, Avg: 0.2, Max: 0.3, Diff: 0.1, Sum: 1.8]
      [Code Root Scanning (ms): Min: 0.0, Avg: 0.0, Max: 0.0, Diff: 0.0, Sum: 0.0]
      [Object Copy (ms): Min: 4.3, Avg: 4.4, Max: 4.5, Diff: 0.1, Sum: 35.1]
      [Termination (ms): Min: 0.0, Avg: 0.1, Max: 0.1, Diff: 0.0, Sum: 0.5]
         [Termination Attempts: Min: 34, Avg: 40.0, Max: 45, Diff: 11, Sum: 320]
      [GC Worker Other (ms): Min: 0.0, Avg: 0.1, Max: 0.2, Diff: 0.2, Sum: 0.8]
      [GC Worker Total (ms): Min: 7.8, Avg: 7.9, Max: 8.1, Diff: 0.3, Sum: 63.1]
      [GC Worker End (ms): Min: 1505722123.1, Avg: 1505722123.2, Max: 1505722123.3, Diff: 0.2]
   [Code Root Fixup: 0.1 ms]
   [Code Root Purge: 0.0 ms]
   [Clear CT: 0.5 ms]
   [Other: 5.7 ms]
      [Choose CSet: 0.0 ms]
      [Ref Proc: 3.9 ms]
      [Ref Enq: 0.0 ms]
      [Redirty Cards: 0.3 ms]
      [Humongous Register: 0.2 ms]
      [Humongous Reclaim: 0.0 ms]
      [Free CSet: 1.0 ms]
   [Eden: 1212.0M(1212.0M)->0.0B(1212.0M) Survivors: 16.0M->16.0M Heap: 1538.4M(2048.0M)->327.0M(2048.0M)]
 [Times: user=0.07 sys=0.00, real=0.01 secs] 
2019-07-26T20:59:30.992+0000: 1510621.821: [GC pause (G1 Evacuation Pause) (young), 0.0163529 secs]
   [Parallel Time: 9.8 ms, GC Workers: 8]
      [GC Worker Start (ms): Min: 1510621821.3, Avg: 1510621821.5, Max: 1510621822.9, Diff: 1.7]
      [Ext Root Scanning (ms): Min: 0.0, Avg: 1.0, Max: 3.0, Diff: 2.9, Sum: 8.1]
      [Update RS (ms): Min: 1.8, Avg: 2.8, Max: 3.2, Diff: 1.4, Sum: 22.8]
         [Processed Buffers: Min: 1, Avg: 11.0, Max: 20, Diff: 19, Sum: 88]
      [Scan RS (ms): Min: 0.1, Avg: 0.2, Max: 0.3, Diff: 0.2, Sum: 1.9]
      [Code Root Scanning (ms): Min: 0.0, Avg: 0.0, Max: 0.0, Diff: 0.0, Sum: 0.1]
      [Object Copy (ms): Min: 4.5, Avg: 4.9, Max: 5.0, Diff: 0.5, Sum: 39.2]
      [Termination (ms): Min: 0.1, Avg: 0.1, Max: 0.1, Diff: 0.0, Sum: 0.5]
         [Termination Attempts: Min: 32, Avg: 42.4, Max: 53, Diff: 21, Sum: 339]
      [GC Worker Other (ms): Min: 0.0, Avg: 0.1, Max: 0.2, Diff: 0.1, Sum: 0.7]
      [GC Worker Total (ms): Min: 7.8, Avg: 9.1, Max: 9.5, Diff: 1.7, Sum: 73.2]
      [GC Worker End (ms): Min: 1510621830.6, Avg: 1510621830.7, Max: 1510621830.8, Diff: 0.1]
   [Code Root Fixup: 0.1 ms]
   [Code Root Purge: 0.0 ms]
   [Clear CT: 0.6 ms]
   [Other: 5.9 ms]
      [Choose CSet: 0.0 ms]
      [Ref Proc: 4.1 ms]
      [Ref Enq: 0.0 ms]
      [Redirty Cards: 0.3 ms]
      [Humongous Register: 0.2 ms]
      [Humongous Reclaim: 0.0 ms]
      [Free CSet: 1.0 ms]
   [Eden: 1212.0M(1212.0M)->0.0B(1212.0M) Survivors: 16.0M->16.0M Heap: 1539.0M(2048.0M)->327.6M(2048.0M)]
 [Times: user=0.08 sys=0.00, real=0.01 secs] 
2019-07-26T22:20:40.756+0000: 1515491.585: [GC pause (G1 Evacuation Pause) (young), 0.0158654 secs]
   [Parallel Time: 9.1 ms, GC Workers: 8]
      [GC Worker Start (ms): Min: 1515491585.4, Avg: 1515491585.6, Max: 1515491586.0, Diff: 0.6]
      [Ext Root Scanning (ms): Min: 0.4, Avg: 0.9, Max: 2.0, Diff: 1.6, Sum: 7.4]
      [Update RS (ms): Min: 1.8, Avg: 2.6, Max: 3.1, Diff: 1.3, Sum: 21.1]
         [Processed Buffers: Min: 2, Avg: 10.5, Max: 30, Diff: 28, Sum: 84]
      [Scan RS (ms): Min: 0.1, Avg: 0.2, Max: 0.3, Diff: 0.3, Sum: 1.9]
      [Code Root Scanning (ms): Min: 0.0, Avg: 0.0, Max: 0.0, Diff: 0.0, Sum: 0.1]
      [Object Copy (ms): Min: 4.5, Avg: 4.6, Max: 4.7, Diff: 0.2, Sum: 37.0]
      [Termination (ms): Min: 0.1, Avg: 0.1, Max: 0.1, Diff: 0.1, Sum: 0.6]
         [Termination Attempts: Min: 31, Avg: 39.2, Max: 45, Diff: 14, Sum: 314]
      [GC Worker Other (ms): Min: 0.0, Avg: 0.1, Max: 0.2, Diff: 0.2, Sum: 1.0]
      [GC Worker Total (ms): Min: 8.3, Avg: 8.6, Max: 8.8, Diff: 0.5, Sum: 69.0]
      [GC Worker End (ms): Min: 1515491594.1, Avg: 1515491594.2, Max: 1515491594.3, Diff: 0.2]
   [Code Root Fixup: 0.1 ms]
   [Code Root Purge: 0.0 ms]
   [Clear CT: 0.6 ms]
   [Other: 6.1 ms]
      [Choose CSet: 0.0 ms]
      [Ref Proc: 4.1 ms]
      [Ref Enq: 0.0 ms]
      [Redirty Cards: 0.4 ms]
      [Humongous Register: 0.2 ms]
      [Humongous Reclaim: 0.0 ms]
      [Free CSet: 1.0 ms]
   [Eden: 1212.0M(1212.0M)->0.0B(1212.0M) Survivors: 16.0M->16.0M Heap: 1539.6M(2048.0M)->328.7M(2048.0M)]
 [Times: user=0.08 sys=0.00, real=0.02 secs] 
2019-07-26T23:42:14.440+0000: 1520385.269: [GC pause (G1 Evacuation Pause) (young), 0.0161891 secs]
   [Parallel Time: 9.4 ms, GC Workers: 8]
      [GC Worker Start (ms): Min: 1520385269.7, Avg: 1520385269.9, Max: 1520385270.0, Diff: 0.2]
      [Ext Root Scanning (ms): Min: 0.6, Avg: 1.0, Max: 2.8, Diff: 2.1, Sum: 8.2]
      [Update RS (ms): Min: 1.0, Avg: 2.5, Max: 3.0, Diff: 2.0, Sum: 20.2]
         [Processed Buffers: Min: 1, Avg: 10.6, Max: 20, Diff: 19, Sum: 85]
      [Scan RS (ms): Min: 0.1, Avg: 0.2, Max: 0.3, Diff: 0.2, Sum: 1.9]
      [Code Root Scanning (ms): Min: 0.0, Avg: 0.0, Max: 0.0, Diff: 0.0, Sum: 0.1]
      [Object Copy (ms): Min: 4.5, Avg: 5.0, Max: 5.1, Diff: 0.6, Sum: 39.9]
      [Termination (ms): Min: 0.0, Avg: 0.1, Max: 0.1, Diff: 0.0, Sum: 0.6]
         [Termination Attempts: Min: 33, Avg: 40.0, Max: 50, Diff: 17, Sum: 320]
      [GC Worker Other (ms): Min: 0.0, Avg: 0.1, Max: 0.2, Diff: 0.2, Sum: 0.8]
      [GC Worker Total (ms): Min: 8.8, Avg: 8.9, Max: 9.1, Diff: 0.3, Sum: 71.5]
      [GC Worker End (ms): Min: 1520385278.7, Avg: 1520385278.8, Max: 1520385278.9, Diff: 0.1]
   [Code Root Fixup: 0.1 ms]
   [Code Root Purge: 0.0 ms]
   [Clear CT: 0.6 ms]
   [Other: 6.1 ms]
      [Choose CSet: 0.0 ms]
      [Ref Proc: 4.3 ms]
      [Ref Enq: 0.0 ms]
      [Redirty Cards: 0.3 ms]
      [Humongous Register: 0.2 ms]
      [Humongous Reclaim: 0.0 ms]
      [Free CSet: 1.0 ms]
   [Eden: 1212.0M(1212.0M)->0.0B(1213.0M) Survivors: 16.0M->15.0M Heap: 1540.7M(2048.0M)->328.2M(2048.0M)]
 [Times: user=0.08 sys=0.00, real=0.02 secs] 
2019-07-27T01:03:36.618+0000: 1525267.447: [GC pause (G1 Evacuation Pause) (young), 0.0165667 secs]
   [Parallel Time: 10.3 ms, GC Workers: 8]
      [GC Worker Start (ms): Min: 1525267447.3, Avg: 1525267447.5, Max: 1525267447.7, Diff: 0.4]
      [Ext Root Scanning (ms): Min: 0.8, Avg: 1.2, Max: 2.5, Diff: 1.6, Sum: 9.7]
      [Update RS (ms): Min: 2.3, Avg: 2.9, Max: 3.1, Diff: 0.8, Sum: 23.2]
         [Processed Buffers: Min: 3, Avg: 10.5, Max: 27, Diff: 24, Sum: 84]
      [Scan RS (ms): Min: 0.1, Avg: 0.2, Max: 0.3, Diff: 0.2, Sum: 1.9]
      [Code Root Scanning (ms): Min: 0.0, Avg: 0.0, Max: 0.0, Diff: 0.0, Sum: 0.1]
      [Object Copy (ms): Min: 4.9, Avg: 5.2, Max: 5.4, Diff: 0.5, Sum: 41.7]
      [Termination (ms): Min: 0.1, Avg: 0.2, Max: 0.3, Diff: 0.1, Sum: 1.6]
         [Termination Attempts: Min: 29, Avg: 34.8, Max: 45, Diff: 16, Sum: 278]
      [GC Worker Other (ms): Min: 0.0, Avg: 0.1, Max: 0.2, Diff: 0.2, Sum: 0.7]
      [GC Worker Total (ms): Min: 9.7, Avg: 9.9, Max: 10.1, Diff: 0.4, Sum: 79.0]
      [GC Worker End (ms): Min: 1525267457.3, Avg: 1525267457.4, Max: 1525267457.5, Diff: 0.1]
   [Code Root Fixup: 0.1 ms]
   [Code Root Purge: 0.0 ms]
   [Clear CT: 0.3 ms]
   [Other: 5.8 ms]
      [Choose CSet: 0.0 ms]
      [Ref Proc: 3.9 ms]
      [Ref Enq: 0.0 ms]
      [Redirty Cards: 0.3 ms]
      [Humongous Register: 0.2 ms]
      [Humongous Reclaim: 0.0 ms]
      [Free CSet: 1.0 ms]
   [Eden: 1213.0M(1213.0M)->0.0B(1213.0M) Survivors: 15.0M->15.0M Heap: 1541.2M(2048.0M)->328.3M(2048.0M)]
 [Times: user=0.09 sys=0.00, real=0.02 secs] 
2019-07-27T02:24:59.196+0000: 1530150.025: [GC pause (G1 Evacuation Pause) (young), 0.0178287 secs]
   [Parallel Time: 10.8 ms, GC Workers: 8]
      [GC Worker Start (ms): Min: 1530150025.4, Avg: 1530150025.7, Max: 1530150025.9, Diff: 0.5]
      [Ext Root Scanning (ms): Min: 0.6, Avg: 1.1, Max: 2.8, Diff: 2.2, Sum: 9.0]
      [Update RS (ms): Min: 2.0, Avg: 3.2, Max: 3.7, Diff: 1.7, Sum: 26.0]
         [Processed Buffers: Min: 2, Avg: 10.8, Max: 38, Diff: 36, Sum: 86]
      [Scan RS (ms): Min: 0.1, Avg: 0.2, Max: 0.3, Diff: 0.2, Sum: 2.0]
      [Code Root Scanning (ms): Min: 0.0, Avg: 0.0, Max: 0.0, Diff: 0.0, Sum: 0.1]
      [Object Copy (ms): Min: 5.2, Avg: 5.5, Max: 6.0, Diff: 0.8, Sum: 43.9]
      [Termination (ms): Min: 0.1, Avg: 0.1, Max: 0.1, Diff: 0.1, Sum: 0.7]
         [Termination Attempts: Min: 26, Avg: 33.0, Max: 39, Diff: 13, Sum: 264]
      [GC Worker Other (ms): Min: 0.0, Avg: 0.1, Max: 0.2, Diff: 0.2, Sum: 1.0]
      [GC Worker Total (ms): Min: 10.0, Avg: 10.3, Max: 10.6, Diff: 0.6, Sum: 82.6]
      [GC Worker End (ms): Min: 1530150035.9, Avg: 1530150036.0, Max: 1530150036.1, Diff: 0.2]
   [Code Root Fixup: 0.1 ms]
   [Code Root Purge: 0.0 ms]
   [Clear CT: 0.6 ms]
   [Other: 6.4 ms]
      [Choose CSet: 0.0 ms]
      [Ref Proc: 4.4 ms]
      [Ref Enq: 0.0 ms]
      [Redirty Cards: 0.3 ms]
      [Humongous Register: 0.2 ms]
      [Humongous Reclaim: 0.0 ms]
      [Free CSet: 1.1 ms]
   [Eden: 1213.0M(1213.0M)->0.0B(1213.0M) Survivors: 15.0M->15.0M Heap: 1541.3M(2048.0M)->329.4M(2048.0M)]
 [Times: user=0.10 sys=0.00, real=0.02 secs] 
2019-07-27T03:47:10.941+0000: 1535081.771: [GC pause (G1 Evacuation Pause) (young), 0.0405158 secs]
   [Parallel Time: 33.9 ms, GC Workers: 8]
      [GC Worker Start (ms): Min: 1535081771.1, Avg: 1535081771.3, Max: 1535081771.4, Diff: 0.4]
      [Ext Root Scanning (ms): Min: 1.2, Avg: 1.6, Max: 2.2, Diff: 1.0, Sum: 12.4]
      [Update RS (ms): Min: 2.4, Avg: 2.6, Max: 3.0, Diff: 0.5, Sum: 21.0]
         [Processed Buffers: Min: 3, Avg: 10.8, Max: 22, Diff: 19, Sum: 86]
      [Scan RS (ms): Min: 0.1, Avg: 0.2, Max: 0.4, Diff: 0.3, Sum: 1.9]
      [Code Root Scanning (ms): Min: 0.0, Avg: 0.0, Max: 0.0, Diff: 0.0, Sum: 0.1]
      [Object Copy (ms): Min: 28.4, Avg: 28.7, Max: 28.9, Diff: 0.5, Sum: 229.6]
      [Termination (ms): Min: 0.1, Avg: 0.1, Max: 0.1, Diff: 0.1, Sum: 0.8]
         [Termination Attempts: Min: 40, Avg: 49.4, Max: 59, Diff: 19, Sum: 395]
      [GC Worker Other (ms): Min: 0.0, Avg: 0.1, Max: 0.2, Diff: 0.2, Sum: 1.0]
      [GC Worker Total (ms): Min: 33.2, Avg: 33.3, Max: 33.5, Diff: 0.3, Sum: 266.7]
      [GC Worker End (ms): Min: 1535081804.5, Avg: 1535081804.6, Max: 1535081804.7, Diff: 0.2]
   [Code Root Fixup: 0.1 ms]
   [Code Root Purge: 0.0 ms]
   [Clear CT: 0.8 ms]
   [Other: 5.8 ms]
      [Choose CSet: 0.0 ms]
      [Ref Proc: 4.0 ms]
      [Ref Enq: 0.0 ms]
      [Redirty Cards: 0.4 ms]
      [Humongous Register: 0.1 ms]
      [Humongous Reclaim: 0.0 ms]
      [Free CSet: 0.9 ms]
   [Eden: 1213.0M(1213.0M)->0.0B(1212.0M) Survivors: 15.0M->16.0M Heap: 1542.4M(2048.0M)->330.5M(2048.0M)]
 [Times: user=0.08 sys=0.00, real=0.04 secs] 
2019-07-27T05:08:16.037+0000: 1539946.866: [GC pause (G1 Evacuation Pause) (young), 0.0154273 secs]
   [Parallel Time: 8.6 ms, GC Workers: 8]
      [GC Worker Start (ms): Min: 1539946866.4, Avg: 1539946866.5, Max: 1539946866.7, Diff: 0.3]
      [Ext Root Scanning (ms): Min: 0.6, Avg: 1.0, Max: 2.1, Diff: 1.5, Sum: 7.8]
      [Update RS (ms): Min: 1.6, Avg: 2.3, Max: 2.6, Diff: 0.9, Sum: 18.4]
         [Processed Buffers: Min: 3, Avg: 11.0, Max: 26, Diff: 23, Sum: 88]
      [Scan RS (ms): Min: 0.1, Avg: 0.2, Max: 0.3, Diff: 0.2, Sum: 1.8]
      [Code Root Scanning (ms): Min: 0.0, Avg: 0.0, Max: 0.0, Diff: 0.0, Sum: 0.0]
      [Object Copy (ms): Min: 4.2, Avg: 4.3, Max: 4.4, Diff: 0.2, Sum: 34.5]
      [Termination (ms): Min: 0.1, Avg: 0.1, Max: 0.1, Diff: 0.0, Sum: 0.6]
         [Termination Attempts: Min: 29, Avg: 33.8, Max: 42, Diff: 13, Sum: 270]
      [GC Worker Other (ms): Min: 0.0, Avg: 0.1, Max: 0.2, Diff: 0.1, Sum: 0.7]
      [GC Worker Total (ms): Min: 7.8, Avg: 8.0, Max: 8.1, Diff: 0.4, Sum: 63.8]
      [GC Worker End (ms): Min: 1539946874.4, Avg: 1539946874.5, Max: 1539946874.6, Diff: 0.1]
   [Code Root Fixup: 0.1 ms]
   [Code Root Purge: 0.0 ms]
   [Clear CT: 0.6 ms]
   [Other: 6.2 ms]
      [Choose CSet: 0.0 ms]
      [Ref Proc: 4.1 ms]
      [Ref Enq: 0.1 ms]
      [Redirty Cards: 0.3 ms]
      [Humongous Register: 0.3 ms]
      [Humongous Reclaim: 0.0 ms]
      [Free CSet: 1.0 ms]
   [Eden: 1212.0M(1212.0M)->0.0B(1212.0M) Survivors: 16.0M->16.0M Heap: 1542.5M(2048.0M)->331.0M(2048.0M)]
 [Times: user=0.08 sys=0.00, real=0.02 secs] 
2019-07-27T06:29:56.636+0000: 1544847.465: [GC pause (G1 Evacuation Pause) (young), 0.0169690 secs]
   [Parallel Time: 10.7 ms, GC Workers: 8]
      [GC Worker Start (ms): Min: 1544847465.4, Avg: 1544847465.5, Max: 1544847465.6, Diff: 0.2]
      [Ext Root Scanning (ms): Min: 1.6, Avg: 1.8, Max: 2.3, Diff: 0.7, Sum: 14.6]
      [Update RS (ms): Min: 1.1, Avg: 2.7, Max: 3.5, Diff: 2.4, Sum: 21.5]
         [Processed Buffers: Min: 1, Avg: 10.6, Max: 25, Diff: 24, Sum: 85]
      [Scan RS (ms): Min: 0.1, Avg: 0.2, Max: 0.3, Diff: 0.2, Sum: 1.8]
      [Code Root Scanning (ms): Min: 0.0, Avg: 0.0, Max: 0.0, Diff: 0.0, Sum: 0.0]
      [Object Copy (ms): Min: 4.7, Avg: 5.4, Max: 7.1, Diff: 2.4, Sum: 43.1]
      [Termination (ms): Min: 0.1, Avg: 0.1, Max: 0.1, Diff: 0.1, Sum: 0.9]
         [Termination Attempts: Min: 30, Avg: 35.9, Max: 49, Diff: 19, Sum: 287]
      [GC Worker Other (ms): Min: 0.0, Avg: 0.1, Max: 0.3, Diff: 0.2, Sum: 1.0]
      [GC Worker Total (ms): Min: 10.2, Avg: 10.4, Max: 10.6, Diff: 0.4, Sum: 83.0]
      [GC Worker End (ms): Min: 1544847475.8, Avg: 1544847475.9, Max: 1544847476.0, Diff: 0.2]
   [Code Root Fixup: 0.1 ms]
   [Code Root Purge: 0.0 ms]
   [Clear CT: 0.6 ms]
   [Other: 5.6 ms]
      [Choose CSet: 0.0 ms]
      [Ref Proc: 3.8 ms]
      [Ref Enq: 0.0 ms]
      [Redirty Cards: 0.3 ms]
      [Humongous Register: 0.2 ms]
      [Humongous Reclaim: 0.0 ms]
      [Free CSet: 0.9 ms]
   [Eden: 1212.0M(1212.0M)->0.0B(1213.0M) Survivors: 16.0M->15.0M Heap: 1543.0M(2048.0M)->330.6M(2048.0M)]
 [Times: user=0.08 sys=0.00, real=0.02 secs] 
2019-07-27T07:51:40.262+0000: 1549751.092: [GC pause (G1 Evacuation Pause) (young), 0.0151230 secs]
   [Parallel Time: 8.9 ms, GC Workers: 8]
      [GC Worker Start (ms): Min: 1549751091.9, Avg: 1549751092.0, Max: 1549751092.1, Diff: 0.3]
      [Ext Root Scanning (ms): Min: 0.6, Avg: 0.9, Max: 2.1, Diff: 1.5, Sum: 7.5]
      [Update RS (ms): Min: 1.5, Avg: 2.5, Max: 3.2, Diff: 1.7, Sum: 20.1]
         [Processed Buffers: Min: 3, Avg: 10.5, Max: 24, Diff: 21, Sum: 84]
      [Scan RS (ms): Min: 0.1, Avg: 0.2, Max: 0.3, Diff: 0.2, Sum: 1.9]
      [Code Root Scanning (ms): Min: 0.0, Avg: 0.0, Max: 0.0, Diff: 0.0, Sum: 0.1]
      [Object Copy (ms): Min: 4.3, Avg: 4.6, Max: 4.7, Diff: 0.4, Sum: 37.1]
      [Termination (ms): Min: 0.1, Avg: 0.1, Max: 0.1, Diff: 0.0, Sum: 0.6]
         [Termination Attempts: Min: 42, Avg: 47.8, Max: 58, Diff: 16, Sum: 382]
      [GC Worker Other (ms): Min: 0.0, Avg: 0.1, Max: 0.2, Diff: 0.2, Sum: 0.9]
      [GC Worker Total (ms): Min: 8.4, Avg: 8.5, Max: 8.6, Diff: 0.3, Sum: 68.0]
      [GC Worker End (ms): Min: 1549751100.4, Avg: 1549751100.5, Max: 1549751100.6, Diff: 0.2]
   [Code Root Fixup: 0.1 ms]
   [Code Root Purge: 0.0 ms]
   [Clear CT: 0.6 ms]
   [Other: 5.6 ms]
      [Choose CSet: 0.0 ms]
      [Ref Proc: 3.8 ms]
      [Ref Enq: 0.0 ms]
      [Redirty Cards: 0.3 ms]
      [Humongous Register: 0.1 ms]
      [Humongous Reclaim: 0.0 ms]
      [Free CSet: 1.0 ms]
   [Eden: 1213.0M(1213.0M)->0.0B(1213.0M) Survivors: 15.0M->15.0M Heap: 1543.6M(2048.0M)->331.6M(2048.0M)]
 [Times: user=0.08 sys=0.00, real=0.01 secs] 
2019-07-27T09:12:54.562+0000: 1554625.391: [GC pause (G1 Evacuation Pause) (young), 0.0179618 secs]
   [Parallel Time: 11.3 ms, GC Workers: 8]
      [GC Worker Start (ms): Min: 1554625391.5, Avg: 1554625392.9, Max: 1554625399.8, Diff: 8.3]
      [Ext Root Scanning (ms): Min: 0.0, Avg: 1.4, Max: 3.2, Diff: 3.2, Sum: 10.9]
      [Update RS (ms): Min: 0.0, Avg: 2.9, Max: 3.9, Diff: 3.9, Sum: 23.3]
         [Processed Buffers: Min: 0, Avg: 10.8, Max: 29, Diff: 29, Sum: 86]
      [Scan RS (ms): Min: 0.1, Avg: 0.2, Max: 0.3, Diff: 0.2, Sum: 1.9]
      [Code Root Scanning (ms): Min: 0.0, Avg: 0.0, Max: 0.0, Diff: 0.0, Sum: 0.1]
      [Object Copy (ms): Min: 2.4, Avg: 4.9, Max: 5.4, Diff: 2.9, Sum: 38.8]
      [Termination (ms): Min: 0.1, Avg: 0.2, Max: 0.2, Diff: 0.1, Sum: 1.5]
         [Termination Attempts: Min: 35, Avg: 44.4, Max: 52, Diff: 17, Sum: 355]
      [GC Worker Other (ms): Min: 0.0, Avg: 0.0, Max: 0.1, Diff: 0.1, Sum: 0.4]
      [GC Worker Total (ms): Min: 2.7, Avg: 9.6, Max: 11.1, Diff: 8.3, Sum: 76.9]
      [GC Worker End (ms): Min: 1554625402.5, Avg: 1554625402.6, Max: 1554625402.6, Diff: 0.1]
   [Code Root Fixup: 0.1 ms]
   [Code Root Purge: 0.0 ms]
   [Clear CT: 0.6 ms]
   [Other: 6.0 ms]
      [Choose CSet: 0.0 ms]
      [Ref Proc: 4.0 ms]
      [Ref Enq: 0.0 ms]
      [Redirty Cards: 0.3 ms]
      [Humongous Register: 0.3 ms]
      [Humongous Reclaim: 0.0 ms]
      [Free CSet: 0.9 ms]
   [Eden: 1213.0M(1213.0M)->0.0B(1212.0M) Survivors: 15.0M->16.0M Heap: 1544.6M(2048.0M)->332.7M(2048.0M)]
 [Times: user=0.08 sys=0.00, real=0.01 secs] 
2019-07-27T10:34:34.182+0000: 1559525.011: [GC pause (G1 Evacuation Pause) (young), 0.0190753 secs]
   [Parallel Time: 10.5 ms, GC Workers: 8]
      [GC Worker Start (ms): Min: 1559525012.8, Avg: 1559525013.0, Max: 1559525013.2, Diff: 0.4]
      [Ext Root Scanning (ms): Min: 0.8, Avg: 1.2, Max: 2.7, Diff: 1.8, Sum: 9.6]
      [Update RS (ms): Min: 1.9, Avg: 3.0, Max: 3.4, Diff: 1.5, Sum: 24.1]
         [Processed Buffers: Min: 2, Avg: 10.4, Max: 27, Diff: 25, Sum: 83]
      [Scan RS (ms): Min: 0.1, Avg: 0.2, Max: 0.3, Diff: 0.2, Sum: 1.8]
      [Code Root Scanning (ms): Min: 0.0, Avg: 0.0, Max: 0.0, Diff: 0.0, Sum: 0.1]
      [Object Copy (ms): Min: 5.2, Avg: 5.3, Max: 5.4, Diff: 0.2, Sum: 42.3]
      [Termination (ms): Min: 0.1, Avg: 0.1, Max: 0.2, Diff: 0.1, Sum: 0.8]
         [Termination Attempts: Min: 38, Avg: 44.9, Max: 55, Diff: 17, Sum: 359]
      [GC Worker Other (ms): Min: 0.0, Avg: 0.1, Max: 0.2, Diff: 0.2, Sum: 0.9]
      [GC Worker Total (ms): Min: 9.7, Avg: 10.0, Max: 10.2, Diff: 0.5, Sum: 79.6]
      [GC Worker End (ms): Min: 1559525022.9, Avg: 1559525023.0, Max: 1559525023.0, Diff: 0.2]
   [Code Root Fixup: 0.1 ms]
   [Code Root Purge: 0.0 ms]
   [Clear CT: 0.6 ms]
   [Other: 7.9 ms]
      [Choose CSet: 0.0 ms]
      [Ref Proc: 4.7 ms]
      [Ref Enq: 0.0 ms]
      [Redirty Cards: 0.4 ms]
      [Humongous Register: 1.3 ms]
      [Humongous Reclaim: 0.0 ms]
      [Free CSet: 1.1 ms]
   [Eden: 1212.0M(1212.0M)->0.0B(1213.0M) Survivors: 16.0M->15.0M Heap: 1544.7M(2048.0M)->332.7M(2048.0M)]
 [Times: user=0.09 sys=0.00, real=0.02 secs] 
2019-07-27T11:56:28.929+0000: 1564439.758: [GC pause (G1 Evacuation Pause) (young), 0.0164083 secs]
   [Parallel Time: 9.6 ms, GC Workers: 8]
      [GC Worker Start (ms): Min: 1564439758.3, Avg: 1564439758.5, Max: 1564439758.6, Diff: 0.3]
      [Ext Root Scanning (ms): Min: 0.7, Avg: 1.8, Max: 7.0, Diff: 6.3, Sum: 14.3]
      [Update RS (ms): Min: 0.0, Avg: 2.5, Max: 3.1, Diff: 3.1, Sum: 20.0]
         [Processed Buffers: Min: 0, Avg: 10.5, Max: 28, Diff: 28, Sum: 84]
      [Scan RS (ms): Min: 0.2, Avg: 0.2, Max: 0.3, Diff: 0.1, Sum: 2.0]
      [Code Root Scanning (ms): Min: 0.0, Avg: 0.0, Max: 0.0, Diff: 0.0, Sum: 0.1]
      [Object Copy (ms): Min: 1.9, Avg: 4.5, Max: 4.9, Diff: 3.0, Sum: 35.7]
      [Termination (ms): Min: 0.1, Avg: 0.1, Max: 0.1, Diff: 0.1, Sum: 0.6]
         [Termination Attempts: Min: 38, Avg: 44.6, Max: 55, Diff: 17, Sum: 357]
      [GC Worker Other (ms): Min: 0.0, Avg: 0.1, Max: 0.2, Diff: 0.2, Sum: 1.0]
      [GC Worker Total (ms): Min: 9.1, Avg: 9.2, Max: 9.5, Diff: 0.4, Sum: 73.7]
      [GC Worker End (ms): Min: 1564439767.6, Avg: 1564439767.7, Max: 1564439767.8, Diff: 0.2]
   [Code Root Fixup: 0.1 ms]
   [Code Root Purge: 0.0 ms]
   [Clear CT: 0.7 ms]
   [Other: 6.0 ms]
      [Choose CSet: 0.0 ms]
      [Ref Proc: 4.2 ms]
      [Ref Enq: 0.0 ms]
      [Redirty Cards: 0.3 ms]
      [Humongous Register: 0.2 ms]
      [Humongous Reclaim: 0.0 ms]
      [Free CSet: 1.0 ms]
   [Eden: 1213.0M(1213.0M)->0.0B(1212.0M) Survivors: 15.0M->16.0M Heap: 1545.7M(2048.0M)->333.8M(2048.0M)]
 [Times: user=0.08 sys=0.00, real=0.02 secs] 
2019-07-27T13:17:35.118+0000: 1569305.947: [GC pause (G1 Evacuation Pause) (young), 0.0157904 secs]
   [Parallel Time: 9.5 ms, GC Workers: 8]
      [GC Worker Start (ms): Min: 1569305947.4, Avg: 1569305947.6, Max: 1569305947.7, Diff: 0.3]
      [Ext Root Scanning (ms): Min: 0.7, Avg: 1.0, Max: 2.1, Diff: 1.4, Sum: 7.8]
      [Update RS (ms): Min: 1.9, Avg: 2.8, Max: 3.1, Diff: 1.3, Sum: 22.0]
         [Processed Buffers: Min: 2, Avg: 10.6, Max: 21, Diff: 19, Sum: 85]
      [Scan RS (ms): Min: 0.1, Avg: 0.2, Max: 0.3, Diff: 0.2, Sum: 1.6]
      [Code Root Scanning (ms): Min: 0.0, Avg: 0.0, Max: 0.0, Diff: 0.0, Sum: 0.1]
      [Object Copy (ms): Min: 4.7, Avg: 4.8, Max: 4.9, Diff: 0.2, Sum: 38.3]
      [Termination (ms): Min: 0.1, Avg: 0.1, Max: 0.1, Diff: 0.1, Sum: 0.8]
         [Termination Attempts: Min: 37, Avg: 42.5, Max: 48, Diff: 11, Sum: 340]
      [GC Worker Other (ms): Min: 0.0, Avg: 0.1, Max: 0.2, Diff: 0.2, Sum: 0.8]
      [GC Worker Total (ms): Min: 8.8, Avg: 8.9, Max: 9.0, Diff: 0.2, Sum: 71.4]
      [GC Worker End (ms): Min: 1569305956.4, Avg: 1569305956.5, Max: 1569305956.6, Diff: 0.2]
   [Code Root Fixup: 0.1 ms]
   [Code Root Purge: 0.0 ms]
   [Clear CT: 0.6 ms]
   [Other: 5.6 ms]
      [Choose CSet: 0.0 ms]
      [Ref Proc: 3.7 ms]
      [Ref Enq: 0.0 ms]
      [Redirty Cards: 0.3 ms]
      [Humongous Register: 0.2 ms]
      [Humongous Reclaim: 0.0 ms]
      [Free CSet: 1.0 ms]
   [Eden: 1212.0M(1212.0M)->0.0B(1212.0M) Survivors: 16.0M->16.0M Heap: 1545.8M(2048.0M)->334.4M(2048.0M)]
 [Times: user=0.08 sys=0.00, real=0.02 secs] 
2019-07-27T14:39:14.624+0000: 1574205.454: [GC pause (G1 Evacuation Pause) (young), 0.0156415 secs]
   [Parallel Time: 8.7 ms, GC Workers: 8]
      [GC Worker Start (ms): Min: 1574205454.0, Avg: 1574205454.1, Max: 1574205454.2, Diff: 0.2]
      [Ext Root Scanning (ms): Min: 0.7, Avg: 1.0, Max: 2.0, Diff: 1.3, Sum: 7.9]
      [Update RS (ms): Min: 1.6, Avg: 2.5, Max: 2.8, Diff: 1.2, Sum: 20.0]
         [Processed Buffers: Min: 4, Avg: 11.2, Max: 30, Diff: 26, Sum: 90]
      [Scan RS (ms): Min: 0.1, Avg: 0.2, Max: 0.3, Diff: 0.1, Sum: 1.8]
      [Code Root Scanning (ms): Min: 0.0, Avg: 0.0, Max: 0.0, Diff: 0.0, Sum: 0.0]
      [Object Copy (ms): Min: 4.5, Avg: 4.5, Max: 4.8, Diff: 0.3, Sum: 36.3]
      [Termination (ms): Min: 0.0, Avg: 0.1, Max: 0.1, Diff: 0.0, Sum: 0.4]
         [Termination Attempts: Min: 36, Avg: 45.0, Max: 53, Diff: 17, Sum: 360]
      [GC Worker Other (ms): Min: 0.0, Avg: 0.1, Max: 0.2, Diff: 0.2, Sum: 0.8]
      [GC Worker Total (ms): Min: 8.3, Avg: 8.4, Max: 8.5, Diff: 0.2, Sum: 67.3]
      [GC Worker End (ms): Min: 1574205462.4, Avg: 1574205462.5, Max: 1574205462.6, Diff: 0.2]
   [Code Root Fixup: 0.1 ms]
   [Code Root Purge: 0.0 ms]
   [Clear CT: 0.8 ms]
   [Other: 6.1 ms]
      [Choose CSet: 0.0 ms]
      [Ref Proc: 4.1 ms]
      [Ref Enq: 0.0 ms]
      [Redirty Cards: 0.3 ms]
      [Humongous Register: 0.2 ms]
      [Humongous Reclaim: 0.0 ms]
      [Free CSet: 1.0 ms]
   [Eden: 1212.0M(1212.0M)->0.0B(1213.0M) Survivors: 16.0M->15.0M Heap: 1546.4M(2048.0M)->334.5M(2048.0M)]
 [Times: user=0.08 sys=0.00, real=0.01 secs] 
2019-07-27T16:00:14.941+0000: 1579065.770: [GC pause (G1 Evacuation Pause) (young), 0.0205071 secs]
   [Parallel Time: 14.0 ms, GC Workers: 8]
      [GC Worker Start (ms): Min: 1579065770.1, Avg: 1579065773.7, Max: 1579065778.3, Diff: 8.2]
      [Ext Root Scanning (ms): Min: 0.0, Avg: 0.8, Max: 2.3, Diff: 2.2, Sum: 6.4]
      [Update RS (ms): Min: 0.0, Avg: 3.7, Max: 12.0, Diff: 12.0, Sum: 29.2]
         [Processed Buffers: Min: 0, Avg: 11.4, Max: 28, Diff: 28, Sum: 91]
      [Scan RS (ms): Min: 0.1, Avg: 0.2, Max: 0.3, Diff: 0.2, Sum: 1.7]
      [Code Root Scanning (ms): Min: 0.0, Avg: 0.0, Max: 0.0, Diff: 0.0, Sum: 0.1]
      [Object Copy (ms): Min: 0.2, Avg: 5.0, Max: 6.4, Diff: 6.2, Sum: 40.0]
      [Termination (ms): Min: 0.0, Avg: 0.6, Max: 0.7, Diff: 0.7, Sum: 4.5]
         [Termination Attempts: Min: 1, Avg: 41.8, Max: 72, Diff: 71, Sum: 334]
      [GC Worker Other (ms): Min: 0.0, Avg: 0.0, Max: 0.0, Diff: 0.0, Sum: 0.2]
      [GC Worker Total (ms): Min: 5.7, Avg: 10.3, Max: 13.9, Diff: 8.2, Sum: 82.1]
      [GC Worker End (ms): Min: 1579065784.0, Avg: 1579065784.0, Max: 1579065784.0, Diff: 0.0]
   [Code Root Fixup: 0.2 ms]
   [Code Root Purge: 0.0 ms]
   [Clear CT: 0.5 ms]
   [Other: 5.8 ms]
      [Choose CSet: 0.0 ms]
      [Ref Proc: 4.1 ms]
      [Ref Enq: 0.0 ms]
      [Redirty Cards: 0.3 ms]
      [Humongous Register: 0.2 ms]
      [Humongous Reclaim: 0.0 ms]
      [Free CSet: 0.9 ms]
   [Eden: 1213.0M(1213.0M)->0.0B(1212.0M) Survivors: 15.0M->16.0M Heap: 1547.5M(2048.0M)->336.1M(2048.0M)]
 [Times: user=0.07 sys=0.00, real=0.03 secs] 
2019-07-27T17:21:35.284+0000: 1583946.113: [GC pause (G1 Evacuation Pause) (young), 0.0202036 secs]
   [Parallel Time: 13.8 ms, GC Workers: 8]
      [GC Worker Start (ms): Min: 1583946113.4, Avg: 1583946113.5, Max: 1583946113.7, Diff: 0.3]
      [Ext Root Scanning (ms): Min: 1.1, Avg: 1.4, Max: 2.0, Diff: 0.9, Sum: 10.8]
      [Update RS (ms): Min: 1.6, Avg: 2.4, Max: 3.1, Diff: 1.5, Sum: 19.3]
         [Processed Buffers: Min: 2, Avg: 11.0, Max: 26, Diff: 24, Sum: 88]
      [Scan RS (ms): Min: 0.1, Avg: 0.2, Max: 0.3, Diff: 0.2, Sum: 1.7]
      [Code Root Scanning (ms): Min: 0.0, Avg: 0.0, Max: 0.0, Diff: 0.0, Sum: 0.1]
      [Object Copy (ms): Min: 5.4, Avg: 7.6, Max: 10.5, Diff: 5.1, Sum: 61.2]
      [Termination (ms): Min: 0.0, Avg: 1.8, Max: 3.5, Diff: 3.5, Sum: 14.0]
         [Termination Attempts: Min: 1, Avg: 19.8, Max: 49, Diff: 48, Sum: 158]
      [GC Worker Other (ms): Min: 0.0, Avg: 0.0, Max: 0.1, Diff: 0.1, Sum: 0.3]
      [GC Worker Total (ms): Min: 13.3, Avg: 13.4, Max: 13.6, Diff: 0.4, Sum: 107.5]
      [GC Worker End (ms): Min: 1583946127.0, Avg: 1583946127.0, Max: 1583946127.0, Diff: 0.0]
   [Code Root Fixup: 0.1 ms]
   [Code Root Purge: 0.0 ms]
   [Clear CT: 0.5 ms]
   [Other: 5.8 ms]
      [Choose CSet: 0.0 ms]
      [Ref Proc: 3.9 ms]
      [Ref Enq: 0.0 ms]
      [Redirty Cards: 0.3 ms]
      [Humongous Register: 0.2 ms]
      [Humongous Reclaim: 0.0 ms]
      [Free CSet: 1.0 ms]
   [Eden: 1212.0M(1212.0M)->0.0B(1213.0M) Survivors: 16.0M->15.0M Heap: 1548.1M(2048.0M)->335.6M(2048.0M)]
 [Times: user=0.08 sys=0.00, real=0.02 secs] 
2019-07-27T18:43:13.500+0000: 1588844.329: [GC pause (G1 Evacuation Pause) (young), 0.0165515 secs]
   [Parallel Time: 10.3 ms, GC Workers: 8]
      [GC Worker Start (ms): Min: 1588844329.5, Avg: 1588844329.7, Max: 1588844330.6, Diff: 1.1]
      [Ext Root Scanning (ms): Min: 0.4, Avg: 1.4, Max: 3.0, Diff: 2.7, Sum: 10.9]
      [Update RS (ms): Min: 1.5, Avg: 2.8, Max: 3.1, Diff: 1.6, Sum: 22.6]
         [Processed Buffers: Min: 3, Avg: 10.4, Max: 42, Diff: 39, Sum: 83]
      [Scan RS (ms): Min: 0.1, Avg: 0.2, Max: 0.3, Diff: 0.2, Sum: 1.9]
      [Code Root Scanning (ms): Min: 0.0, Avg: 0.0, Max: 0.0, Diff: 0.0, Sum: 0.1]
      [Object Copy (ms): Min: 5.0, Avg: 5.1, Max: 5.2, Diff: 0.2, Sum: 40.9]
      [Termination (ms): Min: 0.0, Avg: 0.1, Max: 0.1, Diff: 0.0, Sum: 0.5]
         [Termination Attempts: Min: 27, Avg: 33.1, Max: 39, Diff: 12, Sum: 265]
      [GC Worker Other (ms): Min: 0.0, Avg: 0.2, Max: 0.6, Diff: 0.6, Sum: 1.5]
      [GC Worker Total (ms): Min: 8.9, Avg: 9.8, Max: 10.1, Diff: 1.2, Sum: 78.3]
      [GC Worker End (ms): Min: 1588844339.4, Avg: 1588844339.5, Max: 1588844339.6, Diff: 0.2]
   [Code Root Fixup: 0.1 ms]
   [Code Root Purge: 0.0 ms]
   [Clear CT: 0.6 ms]
   [Other: 5.6 ms]
      [Choose CSet: 0.0 ms]
      [Ref Proc: 3.6 ms]
      [Ref Enq: 0.0 ms]
      [Redirty Cards: 0.3 ms]
      [Humongous Register: 0.3 ms]
      [Humongous Reclaim: 0.0 ms]
      [Free CSet: 0.9 ms]
   [Eden: 1213.0M(1213.0M)->0.0B(1212.0M) Survivors: 15.0M->16.0M Heap: 1548.6M(2048.0M)->336.7M(2048.0M)]
 [Times: user=0.09 sys=0.00, real=0.02 secs] 
2019-07-27T20:04:41.115+0000: 1593731.944: [GC pause (G1 Evacuation Pause) (young), 0.0160732 secs]
   [Parallel Time: 9.7 ms, GC Workers: 8]
      [GC Worker Start (ms): Min: 1593731944.5, Avg: 1593731944.6, Max: 1593731944.7, Diff: 0.2]
      [Ext Root Scanning (ms): Min: 1.0, Avg: 1.2, Max: 2.0, Diff: 1.0, Sum: 9.8]
      [Update RS (ms): Min: 2.4, Avg: 3.0, Max: 3.2, Diff: 0.8, Sum: 23.9]
         [Processed Buffers: Min: 4, Avg: 10.8, Max: 29, Diff: 25, Sum: 86]
      [Scan RS (ms): Min: 0.1, Avg: 0.2, Max: 0.3, Diff: 0.2, Sum: 1.7]
      [Code Root Scanning (ms): Min: 0.0, Avg: 0.0, Max: 0.0, Diff: 0.0, Sum: 0.1]
      [Object Copy (ms): Min: 4.7, Avg: 4.8, Max: 4.9, Diff: 0.1, Sum: 38.6]
      [Termination (ms): Min: 0.0, Avg: 0.1, Max: 0.1, Diff: 0.1, Sum: 0.5]
         [Termination Attempts: Min: 32, Avg: 35.1, Max: 39, Diff: 7, Sum: 281]
      [GC Worker Other (ms): Min: 0.0, Avg: 0.1, Max: 0.2, Diff: 0.1, Sum: 0.7]
      [GC Worker Total (ms): Min: 9.3, Avg: 9.4, Max: 9.5, Diff: 0.3, Sum: 75.3]
      [GC Worker End (ms): Min: 1593731953.9, Avg: 1593731954.0, Max: 1593731954.1, Diff: 0.1]
   [Code Root Fixup: 0.1 ms]
   [Code Root Purge: 0.0 ms]
   [Clear CT: 0.6 ms]
   [Other: 5.7 ms]
      [Choose CSet: 0.0 ms]
      [Ref Proc: 3.9 ms]
      [Ref Enq: 0.0 ms]
      [Redirty Cards: 0.3 ms]
      [Humongous Register: 0.2 ms]
      [Humongous Reclaim: 0.0 ms]
      [Free CSet: 1.0 ms]
   [Eden: 1212.0M(1212.0M)->0.0B(1213.0M) Survivors: 16.0M->15.0M Heap: 1548.7M(2048.0M)->336.7M(2048.0M)]
 [Times: user=0.08 sys=0.00, real=0.02 secs] 
2019-07-27T21:25:47.393+0000: 1598598.222: [GC pause (G1 Evacuation Pause) (young), 0.0156220 secs]
   [Parallel Time: 9.2 ms, GC Workers: 8]
      [GC Worker Start (ms): Min: 1598598222.7, Avg: 1598598222.9, Max: 1598598223.5, Diff: 0.8]
      [Ext Root Scanning (ms): Min: 0.2, Avg: 0.8, Max: 2.0, Diff: 1.8, Sum: 6.6]
      [Update RS (ms): Min: 1.8, Avg: 2.6, Max: 3.0, Diff: 1.2, Sum: 21.1]
         [Processed Buffers: Min: 3, Avg: 11.0, Max: 26, Diff: 23, Sum: 88]
      [Scan RS (ms): Min: 0.1, Avg: 0.2, Max: 0.3, Diff: 0.2, Sum: 1.8]
      [Code Root Scanning (ms): Min: 0.0, Avg: 0.0, Max: 0.0, Diff: 0.0, Sum: 0.1]
      [Object Copy (ms): Min: 4.8, Avg: 4.8, Max: 5.0, Diff: 0.2, Sum: 38.8]
      [Termination (ms): Min: 0.1, Avg: 0.1, Max: 0.1, Diff: 0.0, Sum: 0.5]
         [Termination Attempts: Min: 35, Avg: 37.6, Max: 41, Diff: 6, Sum: 301]
      [GC Worker Other (ms): Min: 0.0, Avg: 0.1, Max: 0.2, Diff: 0.2, Sum: 0.8]
      [GC Worker Total (ms): Min: 8.1, Avg: 8.7, Max: 9.1, Diff: 0.9, Sum: 69.7]
      [GC Worker End (ms): Min: 1598598231.6, Avg: 1598598231.6, Max: 1598598231.7, Diff: 0.2]
   [Code Root Fixup: 0.1 ms]
   [Code Root Purge: 0.0 ms]
   [Clear CT: 0.5 ms]
   [Other: 5.7 ms]
      [Choose CSet: 0.0 ms]
      [Ref Proc: 3.9 ms]
      [Ref Enq: 0.0 ms]
      [Redirty Cards: 0.3 ms]
      [Humongous Register: 0.2 ms]
      [Humongous Reclaim: 0.0 ms]
      [Free CSet: 1.0 ms]
   [Eden: 1213.0M(1213.0M)->0.0B(1212.0M) Survivors: 15.0M->16.0M Heap: 1549.7M(2048.0M)->338.3M(2048.0M)]
 [Times: user=0.08 sys=0.00, real=0.01 secs] 
2019-07-27T22:47:58.032+0000: 1603528.861: [GC pause (G1 Evacuation Pause) (young), 0.0347431 secs]
   [Parallel Time: 28.0 ms, GC Workers: 8]
      [GC Worker Start (ms): Min: 1603528861.3, Avg: 1603528861.6, Max: 1603528861.9, Diff: 0.6]
      [Ext Root Scanning (ms): Min: 1.0, Avg: 1.5, Max: 3.1, Diff: 2.0, Sum: 12.1]
      [Update RS (ms): Min: 1.6, Avg: 3.0, Max: 5.1, Diff: 3.5, Sum: 23.6]
         [Processed Buffers: Min: 1, Avg: 10.9, Max: 22, Diff: 21, Sum: 87]
      [Scan RS (ms): Min: 0.1, Avg: 0.2, Max: 0.3, Diff: 0.2, Sum: 2.0]
      [Code Root Scanning (ms): Min: 0.0, Avg: 0.0, Max: 0.0, Diff: 0.0, Sum: 0.1]
      [Object Copy (ms): Min: 4.5, Avg: 12.3, Max: 22.9, Diff: 18.4, Sum: 98.6]
      [Termination (ms): Min: 0.0, Avg: 10.3, Max: 16.4, Diff: 16.4, Sum: 82.1]
         [Termination Attempts: Min: 1, Avg: 25.6, Max: 45, Diff: 44, Sum: 205]
      [GC Worker Other (ms): Min: 0.0, Avg: 0.0, Max: 0.1, Diff: 0.1, Sum: 0.4]
      [GC Worker Total (ms): Min: 27.1, Avg: 27.4, Max: 27.7, Diff: 0.7, Sum: 218.9]
      [GC Worker End (ms): Min: 1603528889.0, Avg: 1603528889.0, Max: 1603528889.0, Diff: 0.1]
   [Code Root Fixup: 0.1 ms]
   [Code Root Purge: 0.0 ms]
   [Clear CT: 0.5 ms]
   [Other: 6.2 ms]
      [Choose CSet: 0.0 ms]
      [Ref Proc: 4.3 ms]
      [Ref Enq: 0.0 ms]
      [Redirty Cards: 0.3 ms]
      [Humongous Register: 0.2 ms]
      [Humongous Reclaim: 0.0 ms]
      [Free CSet: 0.9 ms]
   [Eden: 1212.0M(1212.0M)->0.0B(1212.0M) Survivors: 16.0M->16.0M Heap: 1550.3M(2048.0M)->338.3M(2048.0M)]
 [Times: user=0.16 sys=0.00, real=0.03 secs] 
2019-07-28T00:09:01.783+0000: 1608392.612: [GC pause (G1 Evacuation Pause) (young), 0.0234206 secs]
   [Parallel Time: 14.2 ms, GC Workers: 8]
      [GC Worker Start (ms): Min: 1608392613.0, Avg: 1608392613.2, Max: 1608392613.3, Diff: 0.3]
      [Ext Root Scanning (ms): Min: 1.3, Avg: 3.9, Max: 9.3, Diff: 7.9, Sum: 30.8]
      [Update RS (ms): Min: 0.0, Avg: 3.8, Max: 5.7, Diff: 5.7, Sum: 30.0]
         [Processed Buffers: Min: 0, Avg: 10.5, Max: 37, Diff: 37, Sum: 84]
      [Scan RS (ms): Min: 0.1, Avg: 0.2, Max: 0.3, Diff: 0.2, Sum: 1.9]
      [Code Root Scanning (ms): Min: 0.0, Avg: 0.0, Max: 0.0, Diff: 0.0, Sum: 0.1]
      [Object Copy (ms): Min: 4.2, Avg: 5.6, Max: 6.2, Diff: 2.0, Sum: 44.9]
      [Termination (ms): Min: 0.1, Avg: 0.1, Max: 0.1, Diff: 0.0, Sum: 0.9]
         [Termination Attempts: Min: 36, Avg: 41.9, Max: 48, Diff: 12, Sum: 335]
      [GC Worker Other (ms): Min: 0.1, Avg: 0.2, Max: 0.4, Diff: 0.4, Sum: 1.5]
      [GC Worker Total (ms): Min: 13.6, Avg: 13.8, Max: 14.0, Diff: 0.4, Sum: 110.2]
      [GC Worker End (ms): Min: 1608392626.8, Avg: 1608392626.9, Max: 1608392627.0, Diff: 0.2]
   [Code Root Fixup: 0.1 ms]
   [Code Root Purge: 0.0 ms]
   [Clear CT: 0.7 ms]
   [Other: 8.3 ms]
      [Choose CSet: 0.0 ms]
      [Ref Proc: 5.7 ms]
      [Ref Enq: 0.1 ms]
      [Redirty Cards: 0.6 ms]
      [Humongous Register: 0.3 ms]
      [Humongous Reclaim: 0.0 ms]
      [Free CSet: 1.2 ms]
   [Eden: 1212.0M(1212.0M)->0.0B(1212.0M) Survivors: 16.0M->16.0M Heap: 1550.3M(2048.0M)->338.9M(2048.0M)]
 [Times: user=0.10 sys=0.00, real=0.02 secs] 
2019-07-28T01:30:23.629+0000: 1613274.458: [GC pause (G1 Evacuation Pause) (young), 0.0164663 secs]
   [Parallel Time: 9.6 ms, GC Workers: 8]
      [GC Worker Start (ms): Min: 1613274458.4, Avg: 1613274458.6, Max: 1613274458.8, Diff: 0.3]
      [Ext Root Scanning (ms): Min: 0.6, Avg: 0.9, Max: 2.0, Diff: 1.4, Sum: 7.2]
      [Update RS (ms): Min: 1.2, Avg: 2.6, Max: 3.0, Diff: 1.8, Sum: 20.8]
         [Processed Buffers: Min: 2, Avg: 10.8, Max: 19, Diff: 17, Sum: 86]
      [Scan RS (ms): Min: 0.1, Avg: 0.2, Max: 0.3, Diff: 0.2, Sum: 1.9]
      [Code Root Scanning (ms): Min: 0.0, Avg: 0.0, Max: 0.0, Diff: 0.0, Sum: 0.1]
      [Object Copy (ms): Min: 4.4, Avg: 4.8, Max: 6.4, Diff: 2.0, Sum: 38.6]
      [Termination (ms): Min: 0.1, Avg: 0.5, Max: 0.7, Diff: 0.6, Sum: 4.3]
         [Termination Attempts: Min: 35, Avg: 41.8, Max: 47, Diff: 12, Sum: 334]
      [GC Worker Other (ms): Min: 0.0, Avg: 0.0, Max: 0.1, Diff: 0.1, Sum: 0.3]
      [GC Worker Total (ms): Min: 9.0, Avg: 9.2, Max: 9.4, Diff: 0.4, Sum: 73.3]
      [GC Worker End (ms): Min: 1613274467.7, Avg: 1613274467.8, Max: 1613274467.8, Diff: 0.1]
   [Code Root Fixup: 0.1 ms]
   [Code Root Purge: 0.0 ms]
   [Clear CT: 0.6 ms]
   [Other: 6.2 ms]
      [Choose CSet: 0.0 ms]
      [Ref Proc: 4.2 ms]
      [Ref Enq: 0.0 ms]
      [Redirty Cards: 0.3 ms]
      [Humongous Register: 0.3 ms]
      [Humongous Reclaim: 0.0 ms]
      [Free CSet: 1.0 ms]
   [Eden: 1212.0M(1212.0M)->0.0B(1213.0M) Survivors: 16.0M->15.0M Heap: 1550.9M(2048.0M)->339.0M(2048.0M)]
 [Times: user=0.08 sys=0.00, real=0.02 secs] 
2019-07-28T02:52:24.834+0000: 1618195.663: [GC pause (G1 Evacuation Pause) (young), 0.0167475 secs]
   [Parallel Time: 9.7 ms, GC Workers: 8]
      [GC Worker Start (ms): Min: 1618195663.7, Avg: 1618195663.9, Max: 1618195664.1, Diff: 0.4]
      [Ext Root Scanning (ms): Min: 0.6, Avg: 1.1, Max: 2.3, Diff: 1.7, Sum: 8.8]
      [Update RS (ms): Min: 0.6, Avg: 2.7, Max: 3.4, Diff: 2.8, Sum: 21.9]
         [Processed Buffers: Min: 3, Avg: 10.2, Max: 32, Diff: 29, Sum: 82]
      [Scan RS (ms): Min: 0.1, Avg: 0.2, Max: 0.3, Diff: 0.2, Sum: 1.8]
      [Code Root Scanning (ms): Min: 0.0, Avg: 0.0, Max: 0.0, Diff: 0.0, Sum: 0.1]
      [Object Copy (ms): Min: 4.6, Avg: 5.0, Max: 7.2, Diff: 2.6, Sum: 40.0]
      [Termination (ms): Min: 0.0, Avg: 0.1, Max: 0.1, Diff: 0.0, Sum: 0.5]
         [Termination Attempts: Min: 30, Avg: 40.4, Max: 48, Diff: 18, Sum: 323]
      [GC Worker Other (ms): Min: 0.0, Avg: 0.1, Max: 0.2, Diff: 0.2, Sum: 0.9]
      [GC Worker Total (ms): Min: 9.0, Avg: 9.2, Max: 9.5, Diff: 0.4, Sum: 74.0]
      [GC Worker End (ms): Min: 1618195673.1, Avg: 1618195673.2, Max: 1618195673.2, Diff: 0.2]
   [Code Root Fixup: 0.1 ms]
   [Code Root Purge: 0.0 ms]
   [Clear CT: 0.6 ms]
   [Other: 6.4 ms]
      [Choose CSet: 0.0 ms]
      [Ref Proc: 4.2 ms]
      [Ref Enq: 0.0 ms]
      [Redirty Cards: 0.3 ms]
      [Humongous Register: 0.3 ms]
      [Humongous Reclaim: 0.0 ms]
      [Free CSet: 1.1 ms]
   [Eden: 1213.0M(1213.0M)->0.0B(1213.0M) Survivors: 15.0M->15.0M Heap: 1552.0M(2048.0M)->339.5M(2048.0M)]
 [Times: user=0.08 sys=0.00, real=0.01 secs] 
2019-07-28T04:13:36.345+0000: 1623067.174: [GC pause (G1 Evacuation Pause) (young), 0.0184115 secs]
   [Parallel Time: 10.9 ms, GC Workers: 8]
      [GC Worker Start (ms): Min: 1623067175.0, Avg: 1623067176.0, Max: 1623067177.4, Diff: 2.4]
      [Ext Root Scanning (ms): Min: 0.0, Avg: 1.4, Max: 3.3, Diff: 3.3, Sum: 11.4]
      [Update RS (ms): Min: 2.0, Avg: 2.9, Max: 3.4, Diff: 1.4, Sum: 23.5]
         [Processed Buffers: Min: 3, Avg: 10.6, Max: 29, Diff: 26, Sum: 85]
      [Scan RS (ms): Min: 0.1, Avg: 0.2, Max: 0.3, Diff: 0.2, Sum: 1.7]
      [Code Root Scanning (ms): Min: 0.0, Avg: 0.0, Max: 0.0, Diff: 0.0, Sum: 0.1]
      [Object Copy (ms): Min: 4.7, Avg: 4.9, Max: 5.0, Diff: 0.3, Sum: 38.9]
      [Termination (ms): Min: 0.0, Avg: 0.1, Max: 0.1, Diff: 0.0, Sum: 0.5]
         [Termination Attempts: Min: 36, Avg: 43.9, Max: 50, Diff: 14, Sum: 351]
      [GC Worker Other (ms): Min: 0.0, Avg: 0.1, Max: 0.2, Diff: 0.2, Sum: 1.1]
      [GC Worker Total (ms): Min: 8.4, Avg: 9.6, Max: 10.7, Diff: 2.3, Sum: 77.1]
      [GC Worker End (ms): Min: 1623067185.5, Avg: 1623067185.6, Max: 1623067185.7, Diff: 0.2]
   [Code Root Fixup: 0.1 ms]
   [Code Root Purge: 0.0 ms]
   [Clear CT: 0.7 ms]
   [Other: 6.7 ms]
      [Choose CSet: 0.0 ms]
      [Ref Proc: 4.2 ms]
      [Ref Enq: 0.0 ms]
      [Redirty Cards: 0.4 ms]
      [Humongous Register: 0.2 ms]
      [Humongous Reclaim: 0.0 ms]
      [Free CSet: 1.3 ms]
   [Eden: 1213.0M(1213.0M)->0.0B(1212.0M) Survivors: 15.0M->16.0M Heap: 1552.5M(2048.0M)->341.1M(2048.0M)]
 [Times: user=0.09 sys=0.00, real=0.02 secs] 
2019-07-28T05:35:11.132+0000: 1627961.961: [GC pause (G1 Evacuation Pause) (young), 0.0173343 secs]
   [Parallel Time: 10.4 ms, GC Workers: 8]
      [GC Worker Start (ms): Min: 1627961961.5, Avg: 1627961961.8, Max: 1627961962.3, Diff: 0.7]
      [Ext Root Scanning (ms): Min: 0.5, Avg: 2.1, Max: 3.9, Diff: 3.4, Sum: 16.8]
      [Update RS (ms): Min: 0.7, Avg: 2.4, Max: 3.4, Diff: 2.7, Sum: 19.2]
         [Processed Buffers: Min: 3, Avg: 10.6, Max: 32, Diff: 29, Sum: 85]
      [Scan RS (ms): Min: 0.1, Avg: 0.2, Max: 0.3, Diff: 0.2, Sum: 1.9]
      [Code Root Scanning (ms): Min: 0.0, Avg: 0.0, Max: 0.0, Diff: 0.0, Sum: 0.1]
      [Object Copy (ms): Min: 4.6, Avg: 4.9, Max: 5.0, Diff: 0.4, Sum: 39.4]
      [Termination (ms): Min: 0.1, Avg: 0.1, Max: 0.1, Diff: 0.0, Sum: 0.8]
         [Termination Attempts: Min: 36, Avg: 43.5, Max: 52, Diff: 16, Sum: 348]
      [GC Worker Other (ms): Min: 0.0, Avg: 0.1, Max: 0.2, Diff: 0.2, Sum: 0.9]
      [GC Worker Total (ms): Min: 9.5, Avg: 9.9, Max: 10.2, Diff: 0.7, Sum: 79.0]
      [GC Worker End (ms): Min: 1627961971.6, Avg: 1627961971.6, Max: 1627961971.7, Diff: 0.2]
   [Code Root Fixup: 0.1 ms]
   [Code Root Purge: 0.0 ms]
   [Clear CT: 0.6 ms]
   [Other: 6.2 ms]
      [Choose CSet: 0.0 ms]
      [Ref Proc: 4.4 ms]
      [Ref Enq: 0.0 ms]
      [Redirty Cards: 0.3 ms]
      [Humongous Register: 0.2 ms]
      [Humongous Reclaim: 0.0 ms]
      [Free CSet: 1.0 ms]
   [Eden: 1212.0M(1212.0M)->0.0B(1212.0M) Survivors: 16.0M->16.0M Heap: 1553.1M(2048.0M)->341.2M(2048.0M)]
 [Times: user=0.08 sys=0.00, real=0.01 secs] 
2019-07-28T06:57:06.629+0000: 1632877.458: [GC pause (G1 Evacuation Pause) (young), 0.0164678 secs]
   [Parallel Time: 10.2 ms, GC Workers: 8]
      [GC Worker Start (ms): Min: 1632877458.4, Avg: 1632877458.9, Max: 1632877459.4, Diff: 1.0]
      [Ext Root Scanning (ms): Min: 0.4, Avg: 1.0, Max: 2.4, Diff: 2.1, Sum: 8.2]
      [Update RS (ms): Min: 2.2, Avg: 3.1, Max: 3.6, Diff: 1.4, Sum: 24.9]
         [Processed Buffers: Min: 3, Avg: 10.5, Max: 27, Diff: 24, Sum: 84]
      [Scan RS (ms): Min: 0.1, Avg: 0.2, Max: 0.3, Diff: 0.2, Sum: 1.8]
      [Code Root Scanning (ms): Min: 0.0, Avg: 0.0, Max: 0.0, Diff: 0.0, Sum: 0.1]
      [Object Copy (ms): Min: 4.7, Avg: 4.9, Max: 5.0, Diff: 0.3, Sum: 39.1]
      [Termination (ms): Min: 0.0, Avg: 0.1, Max: 0.1, Diff: 0.0, Sum: 0.5]
         [Termination Attempts: Min: 22, Avg: 31.4, Max: 39, Diff: 17, Sum: 251]
      [GC Worker Other (ms): Min: 0.0, Avg: 0.1, Max: 0.2, Diff: 0.2, Sum: 1.0]
      [GC Worker Total (ms): Min: 8.9, Avg: 9.4, Max: 10.0, Diff: 1.1, Sum: 75.6]
      [GC Worker End (ms): Min: 1632877468.3, Avg: 1632877468.4, Max: 1632877468.4, Diff: 0.2]
   [Code Root Fixup: 0.1 ms]
   [Code Root Purge: 0.0 ms]
   [Clear CT: 0.6 ms]
   [Other: 5.6 ms]
      [Choose CSet: 0.0 ms]
      [Ref Proc: 3.8 ms]
      [Ref Enq: 0.0 ms]
      [Redirty Cards: 0.3 ms]
      [Humongous Register: 0.2 ms]
      [Humongous Reclaim: 0.0 ms]
      [Free CSet: 0.9 ms]
   [Eden: 1212.0M(1212.0M)->0.0B(1212.0M) Survivors: 16.0M->16.0M Heap: 1553.2M(2048.0M)->341.7M(2048.0M)]
 [Times: user=0.08 sys=0.00, real=0.02 secs] 
2019-07-28T08:18:17.879+0000: 1637748.708: [GC pause (G1 Evacuation Pause) (young), 0.0171011 secs]
   [Parallel Time: 10.6 ms, GC Workers: 8]
      [GC Worker Start (ms): Min: 1637748708.3, Avg: 1637748708.5, Max: 1637748708.6, Diff: 0.3]
      [Ext Root Scanning (ms): Min: 1.0, Avg: 2.6, Max: 8.9, Diff: 7.9, Sum: 20.9]
      [Update RS (ms): Min: 0.0, Avg: 2.8, Max: 3.9, Diff: 3.9, Sum: 22.5]
         [Processed Buffers: Min: 0, Avg: 10.6, Max: 31, Diff: 31, Sum: 85]
      [Scan RS (ms): Min: 0.1, Avg: 0.2, Max: 0.3, Diff: 0.2, Sum: 1.8]
      [Code Root Scanning (ms): Min: 0.0, Avg: 0.0, Max: 0.0, Diff: 0.0, Sum: 0.1]
      [Object Copy (ms): Min: 1.1, Avg: 4.4, Max: 5.0, Diff: 3.9, Sum: 35.3]
      [Termination (ms): Min: 0.0, Avg: 0.1, Max: 0.1, Diff: 0.1, Sum: 0.6]
         [Termination Attempts: Min: 24, Avg: 37.9, Max: 49, Diff: 25, Sum: 303]
      [GC Worker Other (ms): Min: 0.0, Avg: 0.1, Max: 0.2, Diff: 0.1, Sum: 0.7]
      [GC Worker Total (ms): Min: 10.1, Avg: 10.2, Max: 10.4, Diff: 0.3, Sum: 81.9]
      [GC Worker End (ms): Min: 1637748718.6, Avg: 1637748718.7, Max: 1637748718.8, Diff: 0.1]
   [Code Root Fixup: 0.1 ms]
   [Code Root Purge: 0.0 ms]
   [Clear CT: 0.5 ms]
   [Other: 5.9 ms]
      [Choose CSet: 0.0 ms]
      [Ref Proc: 4.0 ms]
      [Ref Enq: 0.0 ms]
      [Redirty Cards: 0.3 ms]
      [Humongous Register: 0.2 ms]
      [Humongous Reclaim: 0.0 ms]
      [Free CSet: 1.0 ms]
   [Eden: 1212.0M(1212.0M)->0.0B(1213.0M) Survivors: 16.0M->15.0M Heap: 1553.7M(2048.0M)->341.8M(2048.0M)]
 [Times: user=0.08 sys=0.00, real=0.02 secs] 
2019-07-28T09:40:07.318+0000: 1642658.148: [GC pause (G1 Evacuation Pause) (young), 0.0161919 secs]
   [Parallel Time: 9.5 ms, GC Workers: 8]
      [GC Worker Start (ms): Min: 1642658148.0, Avg: 1642658148.2, Max: 1642658148.4, Diff: 0.4]
      [Ext Root Scanning (ms): Min: 0.5, Avg: 1.3, Max: 3.6, Diff: 3.0, Sum: 10.4]
      [Update RS (ms): Min: 0.9, Avg: 2.6, Max: 3.3, Diff: 2.4, Sum: 20.8]
         [Processed Buffers: Min: 1, Avg: 10.6, Max: 27, Diff: 26, Sum: 85]
      [Scan RS (ms): Min: 0.1, Avg: 0.2, Max: 0.3, Diff: 0.2, Sum: 1.7]
      [Code Root Scanning (ms): Min: 0.0, Avg: 0.0, Max: 0.0, Diff: 0.0, Sum: 0.1]
      [Object Copy (ms): Min: 4.4, Avg: 4.7, Max: 4.9, Diff: 0.5, Sum: 37.8]
      [Termination (ms): Min: 0.1, Avg: 0.1, Max: 0.2, Diff: 0.1, Sum: 1.0]
         [Termination Attempts: Min: 37, Avg: 44.2, Max: 50, Diff: 13, Sum: 354]
      [GC Worker Other (ms): Min: 0.0, Avg: 0.1, Max: 0.2, Diff: 0.2, Sum: 0.9]
      [GC Worker Total (ms): Min: 8.8, Avg: 9.1, Max: 9.2, Diff: 0.4, Sum: 72.6]
      [GC Worker End (ms): Min: 1642658157.2, Avg: 1642658157.2, Max: 1642658157.3, Diff: 0.2]
   [Code Root Fixup: 0.1 ms]
   [Code Root Purge: 0.0 ms]
   [Clear CT: 0.6 ms]
   [Other: 6.0 ms]
      [Choose CSet: 0.0 ms]
      [Ref Proc: 4.1 ms]
      [Ref Enq: 0.0 ms]
      [Redirty Cards: 0.4 ms]
      [Humongous Register: 0.1 ms]
      [Humongous Reclaim: 0.0 ms]
      [Free CSet: 1.0 ms]
   [Eden: 1213.0M(1213.0M)->0.0B(1212.0M) Survivors: 15.0M->16.0M Heap: 1554.8M(2048.0M)->342.8M(2048.0M)]
 [Times: user=0.08 sys=0.00, real=0.02 secs] 
2019-07-28T11:01:17.981+0000: 1647528.811: [GC pause (G1 Evacuation Pause) (young), 0.0155162 secs]
   [Parallel Time: 9.3 ms, GC Workers: 8]
      [GC Worker Start (ms): Min: 1647528811.0, Avg: 1647528811.1, Max: 1647528811.3, Diff: 0.3]
      [Ext Root Scanning (ms): Min: 0.6, Avg: 0.9, Max: 1.9, Diff: 1.4, Sum: 7.1]
      [Update RS (ms): Min: 1.8, Avg: 2.7, Max: 3.3, Diff: 1.6, Sum: 22.0]
         [Processed Buffers: Min: 2, Avg: 10.9, Max: 28, Diff: 26, Sum: 87]
      [Scan RS (ms): Min: 0.1, Avg: 0.2, Max: 0.3, Diff: 0.2, Sum: 1.8]
      [Code Root Scanning (ms): Min: 0.0, Avg: 0.0, Max: 0.0, Diff: 0.0, Sum: 0.1]
      [Object Copy (ms): Min: 4.5, Avg: 4.9, Max: 5.0, Diff: 0.5, Sum: 39.1]
      [Termination (ms): Min: 0.1, Avg: 0.1, Max: 0.1, Diff: 0.0, Sum: 0.7]
         [Termination Attempts: Min: 32, Avg: 42.8, Max: 57, Diff: 25, Sum: 342]
      [GC Worker Other (ms): Min: 0.0, Avg: 0.1, Max: 0.2, Diff: 0.1, Sum: 0.8]
      [GC Worker Total (ms): Min: 8.7, Avg: 8.9, Max: 9.1, Diff: 0.4, Sum: 71.5]
      [GC Worker End (ms): Min: 1647528820.0, Avg: 1647528820.0, Max: 1647528820.1, Diff: 0.1]
   [Code Root Fixup: 0.1 ms]
   [Code Root Purge: 0.0 ms]
   [Clear CT: 0.4 ms]
   [Other: 5.7 ms]
      [Choose CSet: 0.0 ms]
      [Ref Proc: 3.9 ms]
      [Ref Enq: 0.0 ms]
      [Redirty Cards: 0.3 ms]
      [Humongous Register: 0.2 ms]
      [Humongous Reclaim: 0.0 ms]
      [Free CSet: 1.0 ms]
   [Eden: 1212.0M(1212.0M)->0.0B(1212.0M) Survivors: 16.0M->16.0M Heap: 1554.8M(2048.0M)->343.4M(2048.0M)]
 [Times: user=0.08 sys=0.01, real=0.01 secs] 
2019-07-28T12:22:37.557+0000: 1652408.387: [GC pause (G1 Evacuation Pause) (young), 0.0153653 secs]
   [Parallel Time: 8.8 ms, GC Workers: 8]
      [GC Worker Start (ms): Min: 1652408387.0, Avg: 1652408387.3, Max: 1652408387.6, Diff: 0.6]
      [Ext Root Scanning (ms): Min: 0.4, Avg: 0.8, Max: 2.1, Diff: 1.7, Sum: 6.7]
      [Update RS (ms): Min: 1.6, Avg: 2.5, Max: 2.7, Diff: 1.0, Sum: 20.0]
         [Processed Buffers: Min: 5, Avg: 10.8, Max: 29, Diff: 24, Sum: 86]
      [Scan RS (ms): Min: 0.1, Avg: 0.2, Max: 0.3, Diff: 0.2, Sum: 1.8]
      [Code Root Scanning (ms): Min: 0.0, Avg: 0.0, Max: 0.0, Diff: 0.0, Sum: 0.1]
      [Object Copy (ms): Min: 4.5, Avg: 4.5, Max: 4.6, Diff: 0.2, Sum: 36.3]
      [Termination (ms): Min: 0.1, Avg: 0.1, Max: 0.1, Diff: 0.1, Sum: 0.9]
         [Termination Attempts: Min: 27, Avg: 32.6, Max: 36, Diff: 9, Sum: 261]
      [GC Worker Other (ms): Min: 0.0, Avg: 0.1, Max: 0.2, Diff: 0.2, Sum: 0.7]
      [GC Worker Total (ms): Min: 8.0, Avg: 8.3, Max: 8.7, Diff: 0.6, Sum: 66.6]
      [GC Worker End (ms): Min: 1652408395.6, Avg: 1652408395.6, Max: 1652408395.7, Diff: 0.2]
   [Code Root Fixup: 0.1 ms]
   [Code Root Purge: 0.0 ms]
   [Clear CT: 0.6 ms]
   [Other: 5.9 ms]
      [Choose CSet: 0.0 ms]
      [Ref Proc: 4.0 ms]
      [Ref Enq: 0.0 ms]
      [Redirty Cards: 0.3 ms]
      [Humongous Register: 0.2 ms]
      [Humongous Reclaim: 0.0 ms]
      [Free CSet: 1.0 ms]
   [Eden: 1212.0M(1212.0M)->0.0B(1212.0M) Survivors: 16.0M->16.0M Heap: 1555.4M(2048.0M)->344.5M(2048.0M)]
 [Times: user=0.08 sys=0.00, real=0.02 secs] 
2019-07-28T13:44:32.317+0000: 1657323.147: [GC pause (G1 Evacuation Pause) (young), 0.0161173 secs]
   [Parallel Time: 9.7 ms, GC Workers: 8]
      [GC Worker Start (ms): Min: 1657323147.1, Avg: 1657323147.8, Max: 1657323150.2, Diff: 3.2]
      [Ext Root Scanning (ms): Min: 0.0, Avg: 1.1, Max: 2.6, Diff: 2.6, Sum: 9.2]
      [Update RS (ms): Min: 1.3, Avg: 2.6, Max: 3.2, Diff: 1.8, Sum: 20.8]
         [Processed Buffers: Min: 4, Avg: 10.9, Max: 28, Diff: 24, Sum: 87]
      [Scan RS (ms): Min: 0.1, Avg: 0.2, Max: 0.3, Diff: 0.2, Sum: 1.6]
      [Code Root Scanning (ms): Min: 0.0, Avg: 0.0, Max: 0.0, Diff: 0.0, Sum: 0.1]
      [Object Copy (ms): Min: 4.5, Avg: 4.6, Max: 4.6, Diff: 0.1, Sum: 36.8]
      [Termination (ms): Min: 0.0, Avg: 0.1, Max: 0.1, Diff: 0.0, Sum: 0.5]
         [Termination Attempts: Min: 29, Avg: 41.6, Max: 46, Diff: 17, Sum: 333]
      [GC Worker Other (ms): Min: 0.0, Avg: 0.2, Max: 0.7, Diff: 0.7, Sum: 1.3]
      [GC Worker Total (ms): Min: 6.2, Avg: 8.8, Max: 9.5, Diff: 3.3, Sum: 70.2]
      [GC Worker End (ms): Min: 1657323156.5, Avg: 1657323156.5, Max: 1657323156.6, Diff: 0.1]
   [Code Root Fixup: 0.1 ms]
   [Code Root Purge: 0.0 ms]
   [Clear CT: 0.6 ms]
   [Other: 5.6 ms]
      [Choose CSet: 0.0 ms]
      [Ref Proc: 3.9 ms]
      [Ref Enq: 0.0 ms]
      [Redirty Cards: 0.3 ms]
      [Humongous Register: 0.2 ms]
      [Humongous Reclaim: 0.0 ms]
      [Free CSet: 0.9 ms]
   [Eden: 1212.0M(1212.0M)->0.0B(1213.0M) Survivors: 16.0M->15.0M Heap: 1556.5M(2048.0M)->344.2M(2048.0M)]
 [Times: user=0.08 sys=0.00, real=0.02 secs] 
2019-07-28T15:06:07.861+0000: 1662218.690: [GC pause (G1 Evacuation Pause) (young), 0.0157598 secs]
   [Parallel Time: 9.1 ms, GC Workers: 8]
      [GC Worker Start (ms): Min: 1662218690.6, Avg: 1662218690.8, Max: 1662218691.0, Diff: 0.4]
      [Ext Root Scanning (ms): Min: 0.6, Avg: 0.9, Max: 2.2, Diff: 1.6, Sum: 7.4]
      [Update RS (ms): Min: 1.8, Avg: 2.7, Max: 3.2, Diff: 1.4, Sum: 21.2]
         [Processed Buffers: Min: 2, Avg: 11.0, Max: 33, Diff: 31, Sum: 88]
      [Scan RS (ms): Min: 0.1, Avg: 0.2, Max: 0.3, Diff: 0.2, Sum: 1.7]
      [Code Root Scanning (ms): Min: 0.0, Avg: 0.0, Max: 0.0, Diff: 0.0, Sum: 0.0]
      [Object Copy (ms): Min: 4.5, Avg: 4.7, Max: 4.8, Diff: 0.3, Sum: 37.5]
      [Termination (ms): Min: 0.1, Avg: 0.1, Max: 0.1, Diff: 0.0, Sum: 0.7]
         [Termination Attempts: Min: 36, Avg: 40.6, Max: 45, Diff: 9, Sum: 325]
      [GC Worker Other (ms): Min: 0.0, Avg: 0.1, Max: 0.2, Diff: 0.1, Sum: 0.8]
      [GC Worker Total (ms): Min: 8.5, Avg: 8.7, Max: 8.9, Diff: 0.4, Sum: 69.3]
      [GC Worker End (ms): Min: 1662218699.4, Avg: 1662218699.5, Max: 1662218699.6, Diff: 0.1]
   [Code Root Fixup: 0.1 ms]
   [Code Root Purge: 0.0 ms]
   [Clear CT: 0.7 ms]
   [Other: 5.9 ms]
      [Choose CSet: 0.0 ms]
      [Ref Proc: 4.0 ms]
      [Ref Enq: 0.0 ms]
      [Redirty Cards: 0.3 ms]
      [Humongous Register: 0.2 ms]
      [Humongous Reclaim: 0.0 ms]
      [Free CSet: 1.0 ms]
   [Eden: 1213.0M(1213.0M)->0.0B(1212.0M) Survivors: 15.0M->16.0M Heap: 1557.2M(2048.0M)->345.3M(2048.0M)]
 [Times: user=0.08 sys=0.00, real=0.02 secs] 
2019-07-28T16:26:54.620+0000: 1667065.449: [GC pause (G1 Evacuation Pause) (young), 0.0157791 secs]
   [Parallel Time: 9.2 ms, GC Workers: 8]
      [GC Worker Start (ms): Min: 1667065449.6, Avg: 1667065449.8, Max: 1667065450.3, Diff: 0.7]
      [Ext Root Scanning (ms): Min: 0.3, Avg: 0.9, Max: 2.1, Diff: 1.9, Sum: 6.8]
      [Update RS (ms): Min: 1.9, Avg: 2.6, Max: 2.9, Diff: 0.9, Sum: 21.2]
         [Processed Buffers: Min: 2, Avg: 10.9, Max: 38, Diff: 36, Sum: 87]
      [Scan RS (ms): Min: 0.1, Avg: 0.2, Max: 0.3, Diff: 0.2, Sum: 1.9]
      [Code Root Scanning (ms): Min: 0.0, Avg: 0.0, Max: 0.0, Diff: 0.0, Sum: 0.1]
      [Object Copy (ms): Min: 4.6, Avg: 4.7, Max: 4.7, Diff: 0.2, Sum: 37.3]
      [Termination (ms): Min: 0.1, Avg: 0.1, Max: 0.2, Diff: 0.1, Sum: 0.9]
         [Termination Attempts: Min: 33, Avg: 37.9, Max: 41, Diff: 8, Sum: 303]
      [GC Worker Other (ms): Min: 0.0, Avg: 0.1, Max: 0.2, Diff: 0.2, Sum: 0.8]
      [GC Worker Total (ms): Min: 8.1, Avg: 8.6, Max: 9.0, Diff: 0.9, Sum: 69.0]
      [GC Worker End (ms): Min: 1667065458.4, Avg: 1667065458.5, Max: 1667065458.6, Diff: 0.2]
   [Code Root Fixup: 0.1 ms]
   [Code Root Purge: 0.0 ms]
   [Clear CT: 0.7 ms]
   [Other: 5.8 ms]
      [Choose CSet: 0.0 ms]
      [Ref Proc: 3.9 ms]
      [Ref Enq: 0.0 ms]
      [Redirty Cards: 0.3 ms]
      [Humongous Register: 0.2 ms]
      [Humongous Reclaim: 0.0 ms]
      [Free CSet: 1.1 ms]
   [Eden: 1212.0M(1212.0M)->0.0B(1213.0M) Survivors: 16.0M->15.0M Heap: 1557.3M(2048.0M)->345.3M(2048.0M)]
 [Times: user=0.08 sys=0.00, real=0.02 secs] 
2019-07-28T17:48:37.813+0000: 1671968.642: [GC pause (G1 Evacuation Pause) (young), 0.0232057 secs]
   [Parallel Time: 16.8 ms, GC Workers: 8]
      [GC Worker Start (ms): Min: 1671968642.7, Avg: 1671968642.8, Max: 1671968643.0, Diff: 0.3]
      [Ext Root Scanning (ms): Min: 0.6, Avg: 1.0, Max: 2.2, Diff: 1.6, Sum: 8.2]
      [Update RS (ms): Min: 1.9, Avg: 2.6, Max: 3.2, Diff: 1.3, Sum: 20.9]
         [Processed Buffers: Min: 2, Avg: 10.9, Max: 38, Diff: 36, Sum: 87]
      [Scan RS (ms): Min: 0.1, Avg: 0.2, Max: 0.3, Diff: 0.2, Sum: 1.7]
      [Code Root Scanning (ms): Min: 0.0, Avg: 0.0, Max: 0.0, Diff: 0.0, Sum: 0.1]
      [Object Copy (ms): Min: 12.3, Avg: 12.5, Max: 12.6, Diff: 0.3, Sum: 99.8]
      [Termination (ms): Min: 0.1, Avg: 0.1, Max: 0.1, Diff: 0.0, Sum: 0.7]
         [Termination Attempts: Min: 30, Avg: 39.9, Max: 51, Diff: 21, Sum: 319]
      [GC Worker Other (ms): Min: 0.0, Avg: 0.0, Max: 0.1, Diff: 0.1, Sum: 0.4]
      [GC Worker Total (ms): Min: 16.3, Avg: 16.5, Max: 16.7, Diff: 0.4, Sum: 131.7]
      [GC Worker End (ms): Min: 1671968659.3, Avg: 1671968659.3, Max: 1671968659.4, Diff: 0.1]
   [Code Root Fixup: 0.1 ms]
   [Code Root Purge: 0.0 ms]
   [Clear CT: 0.6 ms]
   [Other: 5.7 ms]
      [Choose CSet: 0.0 ms]
      [Ref Proc: 4.0 ms]
      [Ref Enq: 0.0 ms]
      [Redirty Cards: 0.3 ms]
      [Humongous Register: 0.2 ms]
      [Humongous Reclaim: 0.0 ms]
      [Free CSet: 0.9 ms]
   [Eden: 1213.0M(1213.0M)->0.0B(1211.0M) Survivors: 15.0M->17.0M Heap: 1558.3M(2048.0M)->347.4M(2048.0M)]
 [Times: user=0.08 sys=0.00, real=0.02 secs] 
2019-07-28T19:09:41.868+0000: 1676832.698: [GC pause (G1 Evacuation Pause) (young), 0.0199923 secs]
   [Parallel Time: 13.8 ms, GC Workers: 8]
      [GC Worker Start (ms): Min: 1676832697.9, Avg: 1676832703.1, Max: 1676832708.6, Diff: 10.7]
      [Ext Root Scanning (ms): Min: 0.0, Avg: 0.7, Max: 2.1, Diff: 2.1, Sum: 5.5]
      [Update RS (ms): Min: 0.0, Avg: 3.1, Max: 9.0, Diff: 9.0, Sum: 24.5]
         [Processed Buffers: Min: 0, Avg: 11.0, Max: 34, Diff: 34, Sum: 88]
      [Scan RS (ms): Min: 0.1, Avg: 0.2, Max: 0.3, Diff: 0.3, Sum: 1.7]
      [Code Root Scanning (ms): Min: 0.0, Avg: 0.0, Max: 0.0, Diff: 0.0, Sum: 0.1]
      [Object Copy (ms): Min: 2.2, Avg: 4.2, Max: 6.0, Diff: 3.8, Sum: 33.9]
      [Termination (ms): Min: 0.1, Avg: 0.1, Max: 0.1, Diff: 0.1, Sum: 0.8]
         [Termination Attempts: Min: 28, Avg: 32.1, Max: 36, Diff: 8, Sum: 257]
      [GC Worker Other (ms): Min: 0.0, Avg: 0.1, Max: 0.2, Diff: 0.1, Sum: 0.7]
      [GC Worker Total (ms): Min: 2.9, Avg: 8.4, Max: 13.6, Diff: 10.6, Sum: 67.1]
      [GC Worker End (ms): Min: 1676832711.4, Avg: 1676832711.5, Max: 1676832711.6, Diff: 0.1]
   [Code Root Fixup: 0.1 ms]
   [Code Root Purge: 0.0 ms]
   [Clear CT: 0.5 ms]
   [Other: 5.6 ms]
      [Choose CSet: 0.0 ms]
      [Ref Proc: 3.8 ms]
      [Ref Enq: 0.0 ms]
      [Redirty Cards: 0.3 ms]
      [Humongous Register: 0.2 ms]
      [Humongous Reclaim: 0.0 ms]
      [Free CSet: 0.9 ms]
   [Eden: 1211.0M(1211.0M)->0.0B(1212.0M) Survivors: 17.0M->16.0M Heap: 1558.4M(2048.0M)->346.9M(2048.0M)]
 [Times: user=0.07 sys=0.00, real=0.02 secs] 
2019-07-28T20:31:16.547+0000: 1681727.376: [GC pause (G1 Evacuation Pause) (young), 0.0159899 secs]
   [Parallel Time: 9.5 ms, GC Workers: 8]
      [GC Worker Start (ms): Min: 1681727376.6, Avg: 1681727378.1, Max: 1681727385.6, Diff: 9.0]
      [Ext Root Scanning (ms): Min: 0.0, Avg: 0.8, Max: 2.0, Diff: 2.0, Sum: 6.3]
      [Update RS (ms): Min: 0.0, Avg: 2.3, Max: 3.2, Diff: 3.2, Sum: 18.8]
         [Processed Buffers: Min: 0, Avg: 11.0, Max: 30, Diff: 30, Sum: 88]
      [Scan RS (ms): Min: 0.2, Avg: 0.2, Max: 0.3, Diff: 0.1, Sum: 1.7]
      [Code Root Scanning (ms): Min: 0.0, Avg: 0.0, Max: 0.0, Diff: 0.0, Sum: 0.0]
      [Object Copy (ms): Min: 0.0, Avg: 4.0, Max: 4.6, Diff: 4.6, Sum: 31.8]
      [Termination (ms): Min: 0.0, Avg: 0.3, Max: 0.4, Diff: 0.4, Sum: 2.4]
         [Termination Attempts: Min: 1, Avg: 31.8, Max: 40, Diff: 39, Sum: 254]
      [GC Worker Other (ms): Min: 0.0, Avg: 0.0, Max: 0.0, Diff: 0.0, Sum: 0.2]
      [GC Worker Total (ms): Min: 0.2, Avg: 7.7, Max: 9.2, Diff: 9.0, Sum: 61.3]
      [GC Worker End (ms): Min: 1681727385.8, Avg: 1681727385.8, Max: 1681727385.8, Diff: 0.0]
   [Code Root Fixup: 0.1 ms]
   [Code Root Purge: 0.0 ms]
   [Clear CT: 0.5 ms]
   [Other: 5.9 ms]
      [Choose CSet: 0.0 ms]
      [Ref Proc: 4.2 ms]
      [Ref Enq: 0.0 ms]
      [Redirty Cards: 0.3 ms]
      [Humongous Register: 0.2 ms]
      [Humongous Reclaim: 0.0 ms]
      [Free CSet: 0.9 ms]
   [Eden: 1212.0M(1212.0M)->0.0B(1212.0M) Survivors: 16.0M->16.0M Heap: 1558.9M(2048.0M)->347.5M(2048.0M)]
 [Times: user=0.07 sys=0.00, real=0.02 secs] 
2019-07-28T21:53:00.696+0000: 1686631.526: [GC pause (G1 Evacuation Pause) (young), 0.0311815 secs]
   [Parallel Time: 24.0 ms, GC Workers: 8]
      [GC Worker Start (ms): Min: 1686631526.0, Avg: 1686631526.1, Max: 1686631526.3, Diff: 0.3]
      [Ext Root Scanning (ms): Min: 0.7, Avg: 1.2, Max: 2.6, Diff: 1.9, Sum: 9.5]
      [Update RS (ms): Min: 1.5, Avg: 2.5, Max: 3.0, Diff: 1.5, Sum: 20.0]
         [Processed Buffers: Min: 2, Avg: 10.5, Max: 29, Diff: 27, Sum: 84]
      [Scan RS (ms): Min: 0.1, Avg: 0.2, Max: 0.3, Diff: 0.3, Sum: 1.8]
      [Code Root Scanning (ms): Min: 0.0, Avg: 0.0, Max: 0.0, Diff: 0.0, Sum: 0.1]
      [Object Copy (ms): Min: 19.1, Avg: 19.4, Max: 19.5, Diff: 0.3, Sum: 155.1]
      [Termination (ms): Min: 0.0, Avg: 0.1, Max: 0.1, Diff: 0.0, Sum: 0.5]
         [Termination Attempts: Min: 32, Avg: 40.1, Max: 45, Diff: 13, Sum: 321]
      [GC Worker Other (ms): Min: 0.0, Avg: 0.1, Max: 0.2, Diff: 0.2, Sum: 0.8]
      [GC Worker Total (ms): Min: 23.2, Avg: 23.5, Max: 23.7, Diff: 0.5, Sum: 187.7]
      [GC Worker End (ms): Min: 1686631549.5, Avg: 1686631549.6, Max: 1686631549.7, Diff: 0.2]
   [Code Root Fixup: 0.1 ms]
   [Code Root Purge: 0.0 ms]
   [Clear CT: 0.6 ms]
   [Other: 6.5 ms]
      [Choose CSet: 0.0 ms]
      [Ref Proc: 4.2 ms]
      [Ref Enq: 0.0 ms]
      [Redirty Cards: 0.4 ms]
      [Humongous Register: 0.2 ms]
      [Humongous Reclaim: 0.0 ms]
      [Free CSet: 1.3 ms]
   [Eden: 1212.0M(1212.0M)->0.0B(1213.0M) Survivors: 16.0M->15.0M Heap: 1559.5M(2048.0M)->347.5M(2048.0M)]
 [Times: user=0.08 sys=0.01, real=0.03 secs] 
2019-07-28T23:14:21.021+0000: 1691511.850: [GC pause (G1 Evacuation Pause) (young), 0.0162007 secs]
   [Parallel Time: 9.8 ms, GC Workers: 8]
      [GC Worker Start (ms): Min: 1691511850.7, Avg: 1691511851.4, Max: 1691511851.9, Diff: 1.2]
      [Ext Root Scanning (ms): Min: 0.6, Avg: 1.2, Max: 2.8, Diff: 2.2, Sum: 9.4]
      [Update RS (ms): Min: 1.8, Avg: 2.8, Max: 3.3, Diff: 1.4, Sum: 22.2]
         [Processed Buffers: Min: 3, Avg: 10.8, Max: 25, Diff: 22, Sum: 86]
      [Scan RS (ms): Min: 0.1, Avg: 0.2, Max: 0.3, Diff: 0.2, Sum: 1.5]
      [Code Root Scanning (ms): Min: 0.0, Avg: 0.0, Max: 0.0, Diff: 0.0, Sum: 0.0]
      [Object Copy (ms): Min: 4.3, Avg: 4.5, Max: 4.6, Diff: 0.3, Sum: 36.3]
      [Termination (ms): Min: 0.0, Avg: 0.0, Max: 0.0, Diff: 0.0, Sum: 0.2]
         [Termination Attempts: Min: 22, Avg: 26.4, Max: 32, Diff: 10, Sum: 211]
      [GC Worker Other (ms): Min: 0.0, Avg: 0.1, Max: 0.2, Diff: 0.2, Sum: 0.8]
      [GC Worker Total (ms): Min: 8.3, Avg: 8.8, Max: 9.6, Diff: 1.3, Sum: 70.6]
      [GC Worker End (ms): Min: 1691511860.1, Avg: 1691511860.2, Max: 1691511860.3, Diff: 0.2]
   [Code Root Fixup: 0.1 ms]
   [Code Root Purge: 0.0 ms]
   [Clear CT: 0.5 ms]
   [Other: 5.7 ms]
      [Choose CSet: 0.0 ms]
      [Ref Proc: 3.9 ms]
      [Ref Enq: 0.0 ms]
      [Redirty Cards: 0.3 ms]
      [Humongous Register: 0.2 ms]
      [Humongous Reclaim: 0.0 ms]
      [Free CSet: 1.0 ms]
   [Eden: 1213.0M(1213.0M)->0.0B(1213.0M) Survivors: 15.0M->15.0M Heap: 1560.5M(2048.0M)->348.1M(2048.0M)]
 [Times: user=0.08 sys=0.00, real=0.01 secs] 
2019-07-29T00:35:56.572+0000: 1696407.401: [GC pause (G1 Evacuation Pause) (young), 0.0151326 secs]
   [Parallel Time: 8.5 ms, GC Workers: 8]
      [GC Worker Start (ms): Min: 1696407401.1, Avg: 1696407401.2, Max: 1696407401.3, Diff: 0.2]
      [Ext Root Scanning (ms): Min: 0.6, Avg: 0.9, Max: 2.0, Diff: 1.4, Sum: 7.1]
      [Update RS (ms): Min: 1.5, Avg: 2.5, Max: 2.7, Diff: 1.2, Sum: 19.7]
         [Processed Buffers: Min: 4, Avg: 10.9, Max: 32, Diff: 28, Sum: 87]
      [Scan RS (ms): Min: 0.1, Avg: 0.2, Max: 0.3, Diff: 0.2, Sum: 1.7]
      [Code Root Scanning (ms): Min: 0.0, Avg: 0.0, Max: 0.0, Diff: 0.0, Sum: 0.0]
      [Object Copy (ms): Min: 4.2, Avg: 4.4, Max: 4.5, Diff: 0.3, Sum: 35.5]
      [Termination (ms): Min: 0.1, Avg: 0.1, Max: 0.1, Diff: 0.0, Sum: 0.7]
         [Termination Attempts: Min: 25, Avg: 38.9, Max: 47, Diff: 22, Sum: 311]
      [GC Worker Other (ms): Min: 0.0, Avg: 0.1, Max: 0.1, Diff: 0.1, Sum: 0.4]
      [GC Worker Total (ms): Min: 8.0, Avg: 8.1, Max: 8.3, Diff: 0.3, Sum: 65.1]
      [GC Worker End (ms): Min: 1696407409.3, Avg: 1696407409.4, Max: 1696407409.4, Diff: 0.1]
   [Code Root Fixup: 0.1 ms]
   [Code Root Purge: 0.0 ms]
   [Clear CT: 0.6 ms]
   [Other: 6.0 ms]
      [Choose CSet: 0.0 ms]
      [Ref Proc: 4.1 ms]
      [Ref Enq: 0.0 ms]
      [Redirty Cards: 0.3 ms]
      [Humongous Register: 0.1 ms]
      [Humongous Reclaim: 0.0 ms]
      [Free CSet: 1.0 ms]
   [Eden: 1213.0M(1213.0M)->0.0B(1212.0M) Survivors: 15.0M->16.0M Heap: 1561.1M(2048.0M)->349.7M(2048.0M)]
 [Times: user=0.08 sys=0.00, real=0.01 secs] 
2019-07-29T01:57:27.543+0000: 1701298.372: [GC pause (G1 Evacuation Pause) (young), 0.0170998 secs]
   [Parallel Time: 10.2 ms, GC Workers: 8]
      [GC Worker Start (ms): Min: 1701298372.7, Avg: 1701298373.9, Max: 1701298381.3, Diff: 8.6]
      [Ext Root Scanning (ms): Min: 0.1, Avg: 1.4, Max: 2.3, Diff: 2.3, Sum: 11.5]
      [Update RS (ms): Min: 0.0, Avg: 2.6, Max: 3.1, Diff: 3.1, Sum: 20.9]
         [Processed Buffers: Min: 0, Avg: 10.6, Max: 32, Diff: 32, Sum: 85]
      [Scan RS (ms): Min: 0.1, Avg: 0.2, Max: 0.3, Diff: 0.2, Sum: 1.9]
      [Code Root Scanning (ms): Min: 0.0, Avg: 0.0, Max: 0.0, Diff: 0.0, Sum: 0.1]
      [Object Copy (ms): Min: 1.0, Avg: 4.3, Max: 5.0, Diff: 4.0, Sum: 34.8]
      [Termination (ms): Min: 0.1, Avg: 0.2, Max: 0.3, Diff: 0.2, Sum: 1.3]
         [Termination Attempts: Min: 33, Avg: 49.0, Max: 59, Diff: 26, Sum: 392]
      [GC Worker Other (ms): Min: 0.0, Avg: 0.1, Max: 0.1, Diff: 0.1, Sum: 0.4]
      [GC Worker Total (ms): Min: 1.4, Avg: 8.8, Max: 10.0, Diff: 8.6, Sum: 70.7]
      [GC Worker End (ms): Min: 1701298382.7, Avg: 1701298382.7, Max: 1701298382.8, Diff: 0.1]
   [Code Root Fixup: 0.1 ms]
   [Code Root Purge: 0.0 ms]
   [Clear CT: 0.6 ms]
   [Other: 6.1 ms]
      [Choose CSet: 0.0 ms]
      [Ref Proc: 4.2 ms]
      [Ref Enq: 0.0 ms]
      [Redirty Cards: 0.3 ms]
      [Humongous Register: 0.2 ms]
      [Humongous Reclaim: 0.0 ms]
      [Free CSet: 1.1 ms]
   [Eden: 1212.0M(1212.0M)->0.0B(1212.0M) Survivors: 16.0M->16.0M Heap: 1561.7M(2048.0M)->350.3M(2048.0M)]
 [Times: user=0.08 sys=0.00, real=0.01 secs] 
2019-07-29T03:18:53.946+0000: 1706184.775: [GC pause (G1 Evacuation Pause) (young), 0.0164982 secs]
   [Parallel Time: 9.6 ms, GC Workers: 8]
      [GC Worker Start (ms): Min: 1706184775.6, Avg: 1706184775.8, Max: 1706184776.2, Diff: 0.6]
      [Ext Root Scanning (ms): Min: 0.0, Avg: 0.9, Max: 2.6, Diff: 2.6, Sum: 7.4]
      [Update RS (ms): Min: 1.5, Avg: 2.9, Max: 3.4, Diff: 1.9, Sum: 23.5]
         [Processed Buffers: Min: 3, Avg: 10.6, Max: 30, Diff: 27, Sum: 85]
      [Scan RS (ms): Min: 0.1, Avg: 0.2, Max: 0.3, Diff: 0.2, Sum: 1.8]
      [Code Root Scanning (ms): Min: 0.0, Avg: 0.0, Max: 0.0, Diff: 0.0, Sum: 0.1]
      [Object Copy (ms): Min: 4.7, Avg: 4.8, Max: 4.9, Diff: 0.2, Sum: 38.6]
      [Termination (ms): Min: 0.1, Avg: 0.1, Max: 0.1, Diff: 0.0, Sum: 0.8]
         [Termination Attempts: Min: 44, Avg: 49.8, Max: 54, Diff: 10, Sum: 398]
      [GC Worker Other (ms): Min: 0.0, Avg: 0.2, Max: 0.7, Diff: 0.7, Sum: 1.5]
      [GC Worker Total (ms): Min: 8.9, Avg: 9.2, Max: 9.5, Diff: 0.6, Sum: 73.7]
      [GC Worker End (ms): Min: 1706184785.0, Avg: 1706184785.0, Max: 1706184785.1, Diff: 0.1]
   [Code Root Fixup: 0.1 ms]
   [Code Root Purge: 0.0 ms]
   [Clear CT: 0.6 ms]
   [Other: 6.2 ms]
      [Choose CSet: 0.0 ms]
      [Ref Proc: 4.2 ms]
      [Ref Enq: 0.0 ms]
      [Redirty Cards: 0.3 ms]
      [Humongous Register: 0.2 ms]
      [Humongous Reclaim: 0.0 ms]
      [Free CSet: 1.1 ms]
   [Eden: 1212.0M(1212.0M)->0.0B(1212.0M) Survivors: 16.0M->16.0M Heap: 1562.3M(2048.0M)->350.8M(2048.0M)]
 [Times: user=0.08 sys=0.00, real=0.02 secs] 
2019-07-29T04:40:18.864+0000: 1711069.693: [GC pause (G1 Evacuation Pause) (young), 0.0165546 secs]
   [Parallel Time: 9.9 ms, GC Workers: 8]
      [GC Worker Start (ms): Min: 1711069693.6, Avg: 1711069694.1, Max: 1711069695.4, Diff: 1.7]
      [Ext Root Scanning (ms): Min: 0.0, Avg: 0.8, Max: 2.3, Diff: 2.3, Sum: 6.7]
      [Update RS (ms): Min: 2.1, Avg: 2.7, Max: 3.1, Diff: 1.0, Sum: 21.3]
         [Processed Buffers: Min: 3, Avg: 10.9, Max: 43, Diff: 40, Sum: 87]
      [Scan RS (ms): Min: 0.1, Avg: 0.2, Max: 0.3, Diff: 0.2, Sum: 1.7]
      [Code Root Scanning (ms): Min: 0.0, Avg: 0.0, Max: 0.0, Diff: 0.0, Sum: 0.1]
      [Object Copy (ms): Min: 4.8, Avg: 4.9, Max: 5.0, Diff: 0.2, Sum: 39.1]
      [Termination (ms): Min: 0.1, Avg: 0.4, Max: 0.6, Diff: 0.6, Sum: 2.9]
         [Termination Attempts: Min: 38, Avg: 46.1, Max: 54, Diff: 16, Sum: 369]
      [GC Worker Other (ms): Min: 0.0, Avg: 0.1, Max: 0.2, Diff: 0.2, Sum: 0.9]
      [GC Worker Total (ms): Min: 7.9, Avg: 9.1, Max: 9.7, Diff: 1.8, Sum: 72.6]
      [GC Worker End (ms): Min: 1711069703.1, Avg: 1711069703.2, Max: 1711069703.3, Diff: 0.2]
   [Code Root Fixup: 0.1 ms]
   [Code Root Purge: 0.0 ms]
   [Clear CT: 0.6 ms]
   [Other: 6.0 ms]
      [Choose CSet: 0.0 ms]
      [Ref Proc: 4.2 ms]
      [Ref Enq: 0.0 ms]
      [Redirty Cards: 0.3 ms]
      [Humongous Register: 0.2 ms]
      [Humongous Reclaim: 0.0 ms]
      [Free CSet: 1.0 ms]
   [Eden: 1212.0M(1212.0M)->0.0B(1213.0M) Survivors: 16.0M->15.0M Heap: 1562.8M(2048.0M)->350.4M(2048.0M)]
 [Times: user=0.08 sys=0.00, real=0.01 secs] 
2019-07-29T06:01:53.775+0000: 1715964.604: [GC pause (G1 Evacuation Pause) (young), 0.0157542 secs]
   [Parallel Time: 9.1 ms, GC Workers: 8]
      [GC Worker Start (ms): Min: 1715964604.7, Avg: 1715964604.9, Max: 1715964605.4, Diff: 0.7]
      [Ext Root Scanning (ms): Min: 0.5, Avg: 1.2, Max: 2.7, Diff: 2.2, Sum: 9.3]
      [Update RS (ms): Min: 1.3, Avg: 2.5, Max: 3.0, Diff: 1.6, Sum: 20.3]
         [Processed Buffers: Min: 3, Avg: 10.8, Max: 28, Diff: 25, Sum: 86]
      [Scan RS (ms): Min: 0.1, Avg: 0.2, Max: 0.3, Diff: 0.2, Sum: 1.8]
      [Code Root Scanning (ms): Min: 0.0, Avg: 0.0, Max: 0.0, Diff: 0.0, Sum: 0.1]
      [Object Copy (ms): Min: 4.5, Avg: 4.6, Max: 4.7, Diff: 0.2, Sum: 36.7]
      [Termination (ms): Min: 0.1, Avg: 0.1, Max: 0.1, Diff: 0.1, Sum: 0.8]
         [Termination Attempts: Min: 38, Avg: 74.1, Max: 97, Diff: 59, Sum: 593]
      [GC Worker Other (ms): Min: 0.0, Avg: 0.1, Max: 0.4, Diff: 0.4, Sum: 1.1]
      [GC Worker Total (ms): Min: 8.2, Avg: 8.7, Max: 9.0, Diff: 0.8, Sum: 70.0]
      [GC Worker End (ms): Min: 1715964613.6, Avg: 1715964613.7, Max: 1715964613.7, Diff: 0.1]
   [Code Root Fixup: 0.1 ms]
   [Code Root Purge: 0.0 ms]
   [Clear CT: 0.5 ms]
   [Other: 6.0 ms]
      [Choose CSet: 0.0 ms]
      [Ref Proc: 4.0 ms]
      [Ref Enq: 0.0 ms]
      [Redirty Cards: 0.4 ms]
      [Humongous Register: 0.2 ms]
      [Humongous Reclaim: 0.0 ms]
      [Free CSet: 1.0 ms]
   [Eden: 1213.0M(1213.0M)->0.0B(1213.0M) Survivors: 15.0M->15.0M Heap: 1563.4M(2048.0M)->350.9M(2048.0M)]
 [Times: user=0.08 sys=0.00, real=0.01 secs] 
2019-07-29T07:23:29.035+0000: 1720859.864: [GC pause (G1 Evacuation Pause) (young), 0.0182628 secs]
   [Parallel Time: 10.8 ms, GC Workers: 8]
      [GC Worker Start (ms): Min: 1720859864.6, Avg: 1720859864.8, Max: 1720859865.0, Diff: 0.4]
      [Ext Root Scanning (ms): Min: 0.7, Avg: 1.2, Max: 2.1, Diff: 1.5, Sum: 9.8]
      [Update RS (ms): Min: 2.4, Avg: 3.4, Max: 5.0, Diff: 2.6, Sum: 26.9]
         [Processed Buffers: Min: 2, Avg: 11.0, Max: 31, Diff: 29, Sum: 88]
      [Scan RS (ms): Min: 0.1, Avg: 0.2, Max: 0.3, Diff: 0.2, Sum: 1.9]
      [Code Root Scanning (ms): Min: 0.0, Avg: 0.0, Max: 0.0, Diff: 0.0, Sum: 0.1]
      [Object Copy (ms): Min: 3.8, Avg: 5.2, Max: 5.5, Diff: 1.8, Sum: 41.9]
      [Termination (ms): Min: 0.1, Avg: 0.1, Max: 0.2, Diff: 0.1, Sum: 0.9]
         [Termination Attempts: Min: 35, Avg: 50.9, Max: 60, Diff: 25, Sum: 407]
      [GC Worker Other (ms): Min: 0.0, Avg: 0.2, Max: 0.4, Diff: 0.4, Sum: 1.6]
      [GC Worker Total (ms): Min: 10.1, Avg: 10.4, Max: 10.7, Diff: 0.6, Sum: 83.1]
      [GC Worker End (ms): Min: 1720859875.0, Avg: 1720859875.2, Max: 1720859875.4, Diff: 0.4]
   [Code Root Fixup: 0.1 ms]
   [Code Root Purge: 0.0 ms]
   [Clear CT: 0.8 ms]
   [Other: 6.5 ms]
      [Choose CSet: 0.0 ms]
      [Ref Proc: 4.4 ms]
      [Ref Enq: 0.0 ms]
      [Redirty Cards: 0.4 ms]
      [Humongous Register: 0.2 ms]
      [Humongous Reclaim: 0.0 ms]
      [Free CSet: 1.1 ms]
   [Eden: 1213.0M(1213.0M)->0.0B(1212.0M) Survivors: 15.0M->16.0M Heap: 1563.9M(2048.0M)->352.5M(2048.0M)]
 [Times: user=0.08 sys=0.01, real=0.02 secs] 
2019-07-29T08:45:15.293+0000: 1725766.122: [GC pause (G1 Evacuation Pause) (young), 0.0151500 secs]
   [Parallel Time: 8.8 ms, GC Workers: 8]
      [GC Worker Start (ms): Min: 1725766122.7, Avg: 1725766122.7, Max: 1725766122.8, Diff: 0.2]
      [Ext Root Scanning (ms): Min: 0.6, Avg: 0.9, Max: 2.0, Diff: 1.4, Sum: 7.2]
      [Update RS (ms): Min: 1.4, Avg: 2.4, Max: 2.9, Diff: 1.5, Sum: 19.6]
         [Processed Buffers: Min: 4, Avg: 10.8, Max: 32, Diff: 28, Sum: 86]
      [Scan RS (ms): Min: 0.1, Avg: 0.2, Max: 0.3, Diff: 0.2, Sum: 1.9]
      [Code Root Scanning (ms): Min: 0.0, Avg: 0.0, Max: 0.0, Diff: 0.0, Sum: 0.0]
      [Object Copy (ms): Min: 4.5, Avg: 4.6, Max: 4.7, Diff: 0.2, Sum: 37.0]
      [Termination (ms): Min: 0.1, Avg: 0.1, Max: 0.1, Diff: 0.1, Sum: 0.6]
         [Termination Attempts: Min: 31, Avg: 36.0, Max: 40, Diff: 9, Sum: 288]
      [GC Worker Other (ms): Min: 0.0, Avg: 0.1, Max: 0.2, Diff: 0.1, Sum: 0.7]
      [GC Worker Total (ms): Min: 8.3, Avg: 8.4, Max: 8.5, Diff: 0.2, Sum: 67.1]
      [GC Worker End (ms): Min: 1725766131.1, Avg: 1725766131.1, Max: 1725766131.2, Diff: 0.1]
   [Code Root Fixup: 0.1 ms]
   [Code Root Purge: 0.0 ms]
   [Clear CT: 0.5 ms]
   [Other: 5.7 ms]
      [Choose CSet: 0.0 ms]
      [Ref Proc: 3.8 ms]
      [Ref Enq: 0.0 ms]
      [Redirty Cards: 0.3 ms]
      [Humongous Register: 0.2 ms]
      [Humongous Reclaim: 0.0 ms]
      [Free CSet: 1.0 ms]
   [Eden: 1212.0M(1212.0M)->0.0B(1213.0M) Survivors: 16.0M->15.0M Heap: 1564.5M(2048.0M)->352.0M(2048.0M)]
 [Times: user=0.08 sys=0.00, real=0.01 secs] 
2019-07-29T10:06:55.896+0000: 1730666.725: [GC pause (G1 Evacuation Pause) (young), 0.0170602 secs]
   [Parallel Time: 10.1 ms, GC Workers: 8]
      [GC Worker Start (ms): Min: 1730666725.8, Avg: 1730666725.9, Max: 1730666726.0, Diff: 0.2]
      [Ext Root Scanning (ms): Min: 0.6, Avg: 1.0, Max: 2.4, Diff: 1.8, Sum: 7.6]
      [Update RS (ms): Min: 0.0, Avg: 2.8, Max: 3.7, Diff: 3.7, Sum: 22.0]
         [Processed Buffers: Min: 0, Avg: 11.0, Max: 34, Diff: 34, Sum: 88]
      [Scan RS (ms): Min: 0.1, Avg: 0.2, Max: 0.3, Diff: 0.2, Sum: 1.9]
      [Code Root Scanning (ms): Min: 0.0, Avg: 0.0, Max: 0.0, Diff: 0.0, Sum: 0.1]
      [Object Copy (ms): Min: 5.1, Avg: 5.7, Max: 8.8, Diff: 3.7, Sum: 45.6]
      [Termination (ms): Min: 0.0, Avg: 0.0, Max: 0.1, Diff: 0.0, Sum: 0.4]
         [Termination Attempts: Min: 40, Avg: 46.2, Max: 55, Diff: 15, Sum: 370]
      [GC Worker Other (ms): Min: 0.0, Avg: 0.1, Max: 0.2, Diff: 0.1, Sum: 0.8]
      [GC Worker Total (ms): Min: 9.7, Avg: 9.8, Max: 10.0, Diff: 0.3, Sum: 78.3]
      [GC Worker End (ms): Min: 1730666735.6, Avg: 1730666735.7, Max: 1730666735.7, Diff: 0.1]
   [Code Root Fixup: 0.1 ms]
   [Code Root Purge: 0.0 ms]
   [Clear CT: 0.6 ms]
   [Other: 6.2 ms]
      [Choose CSet: 0.0 ms]
      [Ref Proc: 4.2 ms]
      [Ref Enq: 0.0 ms]
      [Redirty Cards: 0.5 ms]
      [Humongous Register: 0.2 ms]
      [Humongous Reclaim: 0.0 ms]
      [Free CSet: 0.9 ms]
   [Eden: 1213.0M(1213.0M)->0.0B(1213.0M) Survivors: 15.0M->15.0M Heap: 1565.0M(2048.0M)->352.6M(2048.0M)]
 [Times: user=0.08 sys=0.00, real=0.02 secs] 
2019-07-29T11:28:14.429+0000: 1735545.258: [GC pause (G1 Evacuation Pause) (young), 0.0200959 secs]
   [Parallel Time: 13.3 ms, GC Workers: 8]
      [GC Worker Start (ms): Min: 1735545258.6, Avg: 1735545259.1, Max: 1735545259.5, Diff: 0.9]
      [Ext Root Scanning (ms): Min: 0.6, Avg: 1.4, Max: 3.1, Diff: 2.4, Sum: 10.9]
      [Update RS (ms): Min: 2.5, Avg: 4.3, Max: 6.0, Diff: 3.4, Sum: 34.7]
         [Processed Buffers: Min: 1, Avg: 10.8, Max: 25, Diff: 24, Sum: 86]
      [Scan RS (ms): Min: 0.1, Avg: 0.3, Max: 0.7, Diff: 0.6, Sum: 2.2]
      [Code Root Scanning (ms): Min: 0.0, Avg: 0.0, Max: 0.0, Diff: 0.0, Sum: 0.1]
      [Object Copy (ms): Min: 4.0, Avg: 5.9, Max: 6.6, Diff: 2.6, Sum: 47.5]
      [Termination (ms): Min: 0.2, Avg: 0.4, Max: 1.4, Diff: 1.2, Sum: 3.2]
         [Termination Attempts: Min: 11, Avg: 43.0, Max: 59, Diff: 48, Sum: 344]
      [GC Worker Other (ms): Min: 0.0, Avg: 0.1, Max: 0.4, Diff: 0.4, Sum: 1.1]
      [GC Worker Total (ms): Min: 11.9, Avg: 12.5, Max: 12.9, Diff: 1.0, Sum: 99.7]
      [GC Worker End (ms): Min: 1735545271.5, Avg: 1735545271.5, Max: 1735545271.6, Diff: 0.1]
   [Code Root Fixup: 0.1 ms]
   [Code Root Purge: 0.0 ms]
   [Clear CT: 0.6 ms]
   [Other: 6.1 ms]
      [Choose CSet: 0.0 ms]
      [Ref Proc: 4.0 ms]
      [Ref Enq: 0.1 ms]
      [Redirty Cards: 0.3 ms]
      [Humongous Register: 0.3 ms]
      [Humongous Reclaim: 0.0 ms]
      [Free CSet: 1.0 ms]
   [Eden: 1213.0M(1213.0M)->0.0B(1213.0M) Survivors: 15.0M->15.0M Heap: 1565.6M(2048.0M)->353.1M(2048.0M)]
 [Times: user=0.11 sys=0.00, real=0.02 secs] 
2019-07-29T12:50:11.199+0000: 1740462.029: [GC pause (G1 Evacuation Pause) (young), 0.0170939 secs]
   [Parallel Time: 10.8 ms, GC Workers: 8]
      [GC Worker Start (ms): Min: 1740462029.1, Avg: 1740462030.7, Max: 1740462034.3, Diff: 5.1]
      [Ext Root Scanning (ms): Min: 0.0, Avg: 0.8, Max: 2.4, Diff: 2.4, Sum: 6.4]
      [Update RS (ms): Min: 0.0, Avg: 2.6, Max: 3.5, Diff: 3.5, Sum: 20.8]
         [Processed Buffers: Min: 0, Avg: 10.8, Max: 38, Diff: 38, Sum: 86]
      [Scan RS (ms): Min: 0.1, Avg: 0.2, Max: 0.3, Diff: 0.2, Sum: 1.9]
      [Code Root Scanning (ms): Min: 0.0, Avg: 0.0, Max: 0.0, Diff: 0.0, Sum: 0.1]
      [Object Copy (ms): Min: 5.1, Avg: 5.2, Max: 5.3, Diff: 0.2, Sum: 41.6]
      [Termination (ms): Min: 0.0, Avg: 0.1, Max: 0.1, Diff: 0.0, Sum: 0.5]
         [Termination Attempts: Min: 29, Avg: 39.9, Max: 53, Diff: 24, Sum: 319]
      [GC Worker Other (ms): Min: 0.0, Avg: 0.1, Max: 0.2, Diff: 0.2, Sum: 0.8]
      [GC Worker Total (ms): Min: 5.4, Avg: 9.0, Max: 10.6, Diff: 5.2, Sum: 72.0]
      [GC Worker End (ms): Min: 1740462039.6, Avg: 1740462039.7, Max: 1740462039.8, Diff: 0.1]
   [Code Root Fixup: 0.1 ms]
   [Code Root Purge: 0.0 ms]
   [Clear CT: 0.4 ms]
   [Other: 5.8 ms]
      [Choose CSet: 0.0 ms]
      [Ref Proc: 3.9 ms]
      [Ref Enq: 0.0 ms]
      [Redirty Cards: 0.3 ms]
      [Humongous Register: 0.2 ms]
      [Humongous Reclaim: 0.0 ms]
      [Free CSet: 1.0 ms]
   [Eden: 1213.0M(1213.0M)->0.0B(1213.0M) Survivors: 15.0M->15.0M Heap: 1566.1M(2048.0M)->353.4M(2048.0M)]
 [Times: user=0.08 sys=0.00, real=0.02 secs] 
2019-07-29T14:11:15.016+0000: 1745325.845: [GC pause (G1 Evacuation Pause) (young), 0.0181528 secs]
   [Parallel Time: 11.3 ms, GC Workers: 8]
      [GC Worker Start (ms): Min: 1745325845.3, Avg: 1745325845.6, Max: 1745325845.8, Diff: 0.5]
      [Ext Root Scanning (ms): Min: 0.8, Avg: 1.2, Max: 2.1, Diff: 1.3, Sum: 9.5]
      [Update RS (ms): Min: 3.3, Avg: 4.5, Max: 8.4, Diff: 5.1, Sum: 36.3]
         [Processed Buffers: Min: 2, Avg: 11.2, Max: 43, Diff: 41, Sum: 90]
      [Scan RS (ms): Min: 0.1, Avg: 0.2, Max: 0.3, Diff: 0.3, Sum: 1.7]
      [Code Root Scanning (ms): Min: 0.0, Avg: 0.0, Max: 0.0, Diff: 0.0, Sum: 0.1]
      [Object Copy (ms): Min: 0.2, Avg: 4.6, Max: 5.6, Diff: 5.4, Sum: 36.9]
      [Termination (ms): Min: 0.0, Avg: 0.1, Max: 0.2, Diff: 0.2, Sum: 1.1]
         [Termination Attempts: Min: 4, Avg: 24.4, Max: 43, Diff: 39, Sum: 195]
      [GC Worker Other (ms): Min: 0.0, Avg: 0.1, Max: 0.1, Diff: 0.1, Sum: 0.4]
      [GC Worker Total (ms): Min: 10.6, Avg: 10.8, Max: 11.0, Diff: 0.4, Sum: 86.0]
      [GC Worker End (ms): Min: 1745325856.3, Avg: 1745325856.3, Max: 1745325856.4, Diff: 0.1]
   [Code Root Fixup: 0.1 ms]
   [Code Root Purge: 0.0 ms]
   [Clear CT: 0.6 ms]
   [Other: 6.2 ms]
      [Choose CSet: 0.0 ms]
      [Ref Proc: 4.1 ms]
      [Ref Enq: 0.0 ms]
      [Redirty Cards: 0.4 ms]
      [Humongous Register: 0.2 ms]
      [Humongous Reclaim: 0.0 ms]
      [Free CSet: 1.0 ms]
   [Eden: 1213.0M(1213.0M)->0.0B(1212.0M) Survivors: 15.0M->16.0M Heap: 1566.4M(2048.0M)->354.9M(2048.0M)]
 [Times: user=0.09 sys=0.00, real=0.02 secs] 
2019-07-29T15:32:44.463+0000: 1750215.292: [GC pause (G1 Evacuation Pause) (young), 0.0159599 secs]
   [Parallel Time: 9.5 ms, GC Workers: 8]
      [GC Worker Start (ms): Min: 1750215292.3, Avg: 1750215293.0, Max: 1750215297.5, Diff: 5.2]
      [Ext Root Scanning (ms): Min: 0.0, Avg: 0.8, Max: 1.9, Diff: 1.8, Sum: 6.4]
      [Update RS (ms): Min: 0.0, Avg: 2.6, Max: 3.4, Diff: 3.4, Sum: 20.8]
         [Processed Buffers: Min: 0, Avg: 10.6, Max: 32, Diff: 32, Sum: 85]
      [Scan RS (ms): Min: 0.1, Avg: 0.2, Max: 0.3, Diff: 0.2, Sum: 1.6]
      [Code Root Scanning (ms): Min: 0.0, Avg: 0.0, Max: 0.0, Diff: 0.0, Sum: 0.1]
      [Object Copy (ms): Min: 3.8, Avg: 4.7, Max: 4.9, Diff: 1.2, Sum: 37.8]
      [Termination (ms): Min: 0.1, Avg: 0.2, Max: 0.3, Diff: 0.2, Sum: 1.3]
         [Termination Attempts: Min: 38, Avg: 48.0, Max: 60, Diff: 22, Sum: 384]
      [GC Worker Other (ms): Min: 0.0, Avg: 0.1, Max: 0.2, Diff: 0.1, Sum: 0.7]
      [GC Worker Total (ms): Min: 4.1, Avg: 8.6, Max: 9.4, Diff: 5.2, Sum: 68.6]
      [GC Worker End (ms): Min: 1750215301.6, Avg: 1750215301.6, Max: 1750215301.7, Diff: 0.1]
   [Code Root Fixup: 0.1 ms]
   [Code Root Purge: 0.0 ms]
   [Clear CT: 0.5 ms]
   [Other: 5.8 ms]
      [Choose CSet: 0.0 ms]
      [Ref Proc: 4.0 ms]
      [Ref Enq: 0.0 ms]
      [Redirty Cards: 0.3 ms]
      [Humongous Register: 0.2 ms]
      [Humongous Reclaim: 0.0 ms]
      [Free CSet: 1.0 ms]
   [Eden: 1212.0M(1212.0M)->0.0B(1211.0M) Survivors: 16.0M->17.0M Heap: 1566.9M(2048.0M)->356.5M(2048.0M)]
 [Times: user=0.08 sys=0.00, real=0.01 secs] 
2019-07-29T16:54:14.672+0000: 1755105.502: [GC pause (G1 Evacuation Pause) (young), 0.0150296 secs]
   [Parallel Time: 8.8 ms, GC Workers: 8]
      [GC Worker Start (ms): Min: 1755105502.0, Avg: 1755105502.4, Max: 1755105505.0, Diff: 3.0]
      [Ext Root Scanning (ms): Min: 0.0, Avg: 0.8, Max: 2.1, Diff: 2.1, Sum: 6.7]
      [Update RS (ms): Min: 0.7, Avg: 2.4, Max: 3.0, Diff: 2.3, Sum: 19.3]
         [Processed Buffers: Min: 3, Avg: 11.4, Max: 28, Diff: 25, Sum: 91]
      [Scan RS (ms): Min: 0.1, Avg: 0.2, Max: 0.3, Diff: 0.2, Sum: 1.7]
      [Code Root Scanning (ms): Min: 0.0, Avg: 0.0, Max: 0.0, Diff: 0.0, Sum: 0.0]
      [Object Copy (ms): Min: 4.3, Avg: 4.3, Max: 4.4, Diff: 0.1, Sum: 34.8]
      [Termination (ms): Min: 0.0, Avg: 0.0, Max: 0.1, Diff: 0.0, Sum: 0.4]
         [Termination Attempts: Min: 25, Avg: 29.5, Max: 35, Diff: 10, Sum: 236]
      [GC Worker Other (ms): Min: 0.0, Avg: 0.1, Max: 0.2, Diff: 0.2, Sum: 0.8]
      [GC Worker Total (ms): Min: 5.5, Avg: 8.0, Max: 8.4, Diff: 2.9, Sum: 63.7]
      [GC Worker End (ms): Min: 1755105510.3, Avg: 1755105510.4, Max: 1755105510.5, Diff: 0.2]
   [Code Root Fixup: 0.1 ms]
   [Code Root Purge: 0.0 ms]
   [Clear CT: 0.5 ms]
   [Other: 5.6 ms]
      [Choose CSet: 0.0 ms]
      [Ref Proc: 3.8 ms]
      [Ref Enq: 0.0 ms]
      [Redirty Cards: 0.3 ms]
      [Humongous Register: 0.1 ms]
      [Humongous Reclaim: 0.0 ms]
      [Free CSet: 0.9 ms]
   [Eden: 1211.0M(1211.0M)->0.0B(1212.0M) Survivors: 17.0M->16.0M Heap: 1567.5M(2048.0M)->356.0M(2048.0M)]
 [Times: user=0.08 sys=0.00, real=0.01 secs] 
2019-07-29T18:15:15.404+0000: 1759966.234: [GC pause (G1 Evacuation Pause) (young), 0.0160523 secs]
   [Parallel Time: 9.3 ms, GC Workers: 8]
      [GC Worker Start (ms): Min: 1759966234.1, Avg: 1759966234.2, Max: 1759966234.3, Diff: 0.2]
      [Ext Root Scanning (ms): Min: 0.7, Avg: 1.0, Max: 2.3, Diff: 1.6, Sum: 7.9]
      [Update RS (ms): Min: 1.5, Avg: 2.7, Max: 3.3, Diff: 1.8, Sum: 21.3]
         [Processed Buffers: Min: 2, Avg: 10.9, Max: 33, Diff: 31, Sum: 87]
      [Scan RS (ms): Min: 0.1, Avg: 0.2, Max: 0.3, Diff: 0.2, Sum: 1.8]
      [Code Root Scanning (ms): Min: 0.0, Avg: 0.0, Max: 0.0, Diff: 0.0, Sum: 0.1]
      [Object Copy (ms): Min: 4.5, Avg: 5.0, Max: 6.3, Diff: 1.8, Sum: 40.2]
      [Termination (ms): Min: 0.1, Avg: 0.1, Max: 0.1, Diff: 0.0, Sum: 0.6]
         [Termination Attempts: Min: 34, Avg: 42.2, Max: 50, Diff: 16, Sum: 338]
      [GC Worker Other (ms): Min: 0.0, Avg: 0.1, Max: 0.2, Diff: 0.1, Sum: 0.7]
      [GC Worker Total (ms): Min: 9.0, Avg: 9.1, Max: 9.2, Diff: 0.2, Sum: 72.6]
      [GC Worker End (ms): Min: 1759966243.2, Avg: 1759966243.3, Max: 1759966243.3, Diff: 0.1]
   [Code Root Fixup: 0.2 ms]
   [Code Root Purge: 0.0 ms]
   [Clear CT: 0.6 ms]
   [Other: 6.0 ms]
      [Choose CSet: 0.0 ms]
      [Ref Proc: 4.0 ms]
      [Ref Enq: 0.0 ms]
      [Redirty Cards: 0.4 ms]
      [Humongous Register: 0.2 ms]
      [Humongous Reclaim: 0.0 ms]
      [Free CSet: 1.0 ms]
   [Eden: 1212.0M(1212.0M)->0.0B(1213.0M) Survivors: 16.0M->15.0M Heap: 1568.0M(2048.0M)->355.6M(2048.0M)]
 [Times: user=0.08 sys=0.00, real=0.01 secs] 
2019-07-29T19:36:55.780+0000: 1764866.609: [GC pause (G1 Evacuation Pause) (young), 0.0150492 secs]
   [Parallel Time: 8.4 ms, GC Workers: 8]
      [GC Worker Start (ms): Min: 1764866609.7, Avg: 1764866609.8, Max: 1764866610.0, Diff: 0.3]
      [Ext Root Scanning (ms): Min: 0.5, Avg: 0.8, Max: 1.9, Diff: 1.4, Sum: 6.5]
      [Update RS (ms): Min: 1.5, Avg: 2.5, Max: 2.9, Diff: 1.4, Sum: 19.6]
         [Processed Buffers: Min: 3, Avg: 10.8, Max: 33, Diff: 30, Sum: 86]
      [Scan RS (ms): Min: 0.1, Avg: 0.2, Max: 0.3, Diff: 0.2, Sum: 1.9]
      [Code Root Scanning (ms): Min: 0.0, Avg: 0.0, Max: 0.0, Diff: 0.0, Sum: 0.1]
      [Object Copy (ms): Min: 4.4, Avg: 4.5, Max: 4.7, Diff: 0.3, Sum: 36.4]
      [Termination (ms): Min: 0.0, Avg: 0.1, Max: 0.2, Diff: 0.2, Sum: 1.1]
         [Termination Attempts: Min: 1, Avg: 35.5, Max: 53, Diff: 52, Sum: 284]
      [GC Worker Other (ms): Min: 0.0, Avg: 0.0, Max: 0.0, Diff: 0.0, Sum: 0.2]
      [GC Worker Total (ms): Min: 8.1, Avg: 8.2, Max: 8.3, Diff: 0.3, Sum: 65.8]
      [GC Worker End (ms): Min: 1764866618.1, Avg: 1764866618.1, Max: 1764866618.1, Diff: 0.0]
   [Code Root Fixup: 0.1 ms]
   [Code Root Purge: 0.0 ms]
   [Clear CT: 0.6 ms]
   [Other: 6.0 ms]
      [Choose CSet: 0.0 ms]
      [Ref Proc: 4.1 ms]
      [Ref Enq: 0.0 ms]
      [Redirty Cards: 0.3 ms]
      [Humongous Register: 0.1 ms]
      [Humongous Reclaim: 0.0 ms]
      [Free CSet: 1.1 ms]
   [Eden: 1213.0M(1213.0M)->0.0B(1212.0M) Survivors: 15.0M->16.0M Heap: 1568.6M(2048.0M)->357.1M(2048.0M)]
 [Times: user=0.07 sys=0.00, real=0.02 secs] 
2019-07-29T20:58:33.153+0000: 1769763.983: [GC pause (G1 Evacuation Pause) (young), 0.0158714 secs]
   [Parallel Time: 9.1 ms, GC Workers: 8]
      [GC Worker Start (ms): Min: 1769763983.2, Avg: 1769763983.5, Max: 1769763984.3, Diff: 1.1]
      [Ext Root Scanning (ms): Min: 0.0, Avg: 0.9, Max: 2.2, Diff: 2.2, Sum: 6.9]
      [Update RS (ms): Min: 1.8, Avg: 2.7, Max: 2.9, Diff: 1.0, Sum: 21.4]
         [Processed Buffers: Min: 2, Avg: 10.8, Max: 21, Diff: 19, Sum: 86]
      [Scan RS (ms): Min: 0.2, Avg: 0.2, Max: 0.3, Diff: 0.1, Sum: 1.9]
      [Code Root Scanning (ms): Min: 0.0, Avg: 0.0, Max: 0.0, Diff: 0.0, Sum: 0.1]
      [Object Copy (ms): Min: 4.5, Avg: 4.6, Max: 4.6, Diff: 0.1, Sum: 36.5]
      [Termination (ms): Min: 0.0, Avg: 0.1, Max: 0.1, Diff: 0.1, Sum: 0.5]
         [Termination Attempts: Min: 31, Avg: 35.1, Max: 39, Diff: 8, Sum: 281]
      [GC Worker Other (ms): Min: 0.0, Avg: 0.1, Max: 0.2, Diff: 0.2, Sum: 0.9]
      [GC Worker Total (ms): Min: 7.8, Avg: 8.5, Max: 8.9, Diff: 1.1, Sum: 68.2]
      [GC Worker End (ms): Min: 1769763992.0, Avg: 1769763992.1, Max: 1769763992.2, Diff: 0.2]
   [Code Root Fixup: 0.1 ms]
   [Code Root Purge: 0.0 ms]
   [Clear CT: 0.6 ms]
   [Other: 6.0 ms]
      [Choose CSet: 0.0 ms]
      [Ref Proc: 4.1 ms]
      [Ref Enq: 0.0 ms]
      [Redirty Cards: 0.3 ms]
      [Humongous Register: 0.2 ms]
      [Humongous Reclaim: 0.0 ms]
      [Free CSet: 0.9 ms]
   [Eden: 1212.0M(1212.0M)->0.0B(1212.0M) Survivors: 16.0M->16.0M Heap: 1569.1M(2048.0M)->357.7M(2048.0M)]
 [Times: user=0.07 sys=0.00, real=0.01 secs] 
2019-07-29T22:19:52.086+0000: 1774642.915: [GC pause (G1 Evacuation Pause) (young), 0.0434160 secs]
   [Parallel Time: 37.1 ms, GC Workers: 8]
      [GC Worker Start (ms): Min: 1774642915.2, Avg: 1774642915.3, Max: 1774642915.4, Diff: 0.2]
      [Ext Root Scanning (ms): Min: 1.8, Avg: 2.1, Max: 2.5, Diff: 0.7, Sum: 16.9]
      [Update RS (ms): Min: 2.0, Avg: 2.7, Max: 3.3, Diff: 1.3, Sum: 22.0]
         [Processed Buffers: Min: 3, Avg: 10.6, Max: 21, Diff: 18, Sum: 85]
      [Scan RS (ms): Min: 0.1, Avg: 0.2, Max: 0.3, Diff: 0.2, Sum: 1.9]
      [Code Root Scanning (ms): Min: 0.0, Avg: 0.0, Max: 0.0, Diff: 0.0, Sum: 0.1]
      [Object Copy (ms): Min: 31.0, Avg: 31.4, Max: 32.1, Diff: 1.1, Sum: 251.6]
      [Termination (ms): Min: 0.0, Avg: 0.1, Max: 0.1, Diff: 0.0, Sum: 0.5]
         [Termination Attempts: Min: 32, Avg: 45.8, Max: 59, Diff: 27, Sum: 366]
      [GC Worker Other (ms): Min: 0.0, Avg: 0.1, Max: 0.2, Diff: 0.1, Sum: 0.7]
      [GC Worker Total (ms): Min: 36.6, Avg: 36.7, Max: 36.9, Diff: 0.3, Sum: 293.7]
      [GC Worker End (ms): Min: 1774642952.0, Avg: 1774642952.0, Max: 1774642952.1, Diff: 0.1]
   [Code Root Fixup: 0.1 ms]
   [Code Root Purge: 0.0 ms]
   [Clear CT: 0.5 ms]
   [Other: 5.7 ms]
      [Choose CSet: 0.0 ms]
      [Ref Proc: 3.9 ms]
      [Ref Enq: 0.0 ms]
      [Redirty Cards: 0.3 ms]
      [Humongous Register: 0.2 ms]
      [Humongous Reclaim: 0.0 ms]
      [Free CSet: 0.9 ms]
   [Eden: 1212.0M(1212.0M)->0.0B(1212.0M) Survivors: 16.0M->16.0M Heap: 1569.7M(2048.0M)->358.7M(2048.0M)]
 [Times: user=0.07 sys=0.00, real=0.04 secs] 
2019-07-29T23:41:19.155+0000: 1779529.984: [GC pause (G1 Evacuation Pause) (young), 0.0158562 secs]
   [Parallel Time: 9.6 ms, GC Workers: 8]
      [GC Worker Start (ms): Min: 1779529984.4, Avg: 1779529984.5, Max: 1779529984.7, Diff: 0.3]
      [Ext Root Scanning (ms): Min: 0.7, Avg: 1.0, Max: 2.1, Diff: 1.4, Sum: 8.4]
      [Update RS (ms): Min: 2.0, Avg: 2.8, Max: 3.2, Diff: 1.2, Sum: 22.7]
         [Processed Buffers: Min: 3, Avg: 10.6, Max: 28, Diff: 25, Sum: 85]
      [Scan RS (ms): Min: 0.1, Avg: 0.2, Max: 0.3, Diff: 0.2, Sum: 1.9]
      [Code Root Scanning (ms): Min: 0.0, Avg: 0.0, Max: 0.0, Diff: 0.0, Sum: 0.1]
      [Object Copy (ms): Min: 4.7, Avg: 4.8, Max: 4.9, Diff: 0.2, Sum: 38.5]
      [Termination (ms): Min: 0.1, Avg: 0.1, Max: 0.2, Diff: 0.1, Sum: 1.2]
         [Termination Attempts: Min: 33, Avg: 63.1, Max: 93, Diff: 60, Sum: 505]
      [GC Worker Other (ms): Min: 0.0, Avg: 0.1, Max: 0.2, Diff: 0.2, Sum: 1.0]
      [GC Worker Total (ms): Min: 9.1, Avg: 9.2, Max: 9.3, Diff: 0.3, Sum: 73.6]
      [GC Worker End (ms): Min: 1779529993.6, Avg: 1779529993.7, Max: 1779529993.8, Diff: 0.2]
   [Code Root Fixup: 0.1 ms]
   [Code Root Purge: 0.0 ms]
   [Clear CT: 0.6 ms]
   [Other: 5.6 ms]
      [Choose CSet: 0.0 ms]
      [Ref Proc: 3.7 ms]
      [Ref Enq: 0.0 ms]
      [Redirty Cards: 0.3 ms]
      [Humongous Register: 0.2 ms]
      [Humongous Reclaim: 0.0 ms]
      [Free CSet: 1.0 ms]
   [Eden: 1212.0M(1212.0M)->0.0B(1212.0M) Survivors: 16.0M->16.0M Heap: 1570.7M(2048.0M)->358.8M(2048.0M)]
 [Times: user=0.09 sys=0.00, real=0.01 secs] 
2019-07-30T01:02:48.830+0000: 1784419.659: [GC pause (G1 Evacuation Pause) (young), 0.0170049 secs]
   [Parallel Time: 10.6 ms, GC Workers: 8]
      [GC Worker Start (ms): Min: 1784419659.5, Avg: 1784419659.8, Max: 1784419660.0, Diff: 0.5]
      [Ext Root Scanning (ms): Min: 0.6, Avg: 0.9, Max: 2.1, Diff: 1.5, Sum: 7.5]
      [Update RS (ms): Min: 2.5, Avg: 3.4, Max: 4.2, Diff: 1.7, Sum: 27.0]
         [Processed Buffers: Min: 4, Avg: 11.0, Max: 28, Diff: 24, Sum: 88]
      [Scan RS (ms): Min: 0.1, Avg: 0.2, Max: 0.3, Diff: 0.2, Sum: 1.9]
      [Code Root Scanning (ms): Min: 0.0, Avg: 0.0, Max: 0.0, Diff: 0.0, Sum: 0.1]
      [Object Copy (ms): Min: 4.7, Avg: 5.2, Max: 5.3, Diff: 0.6, Sum: 41.5]
      [Termination (ms): Min: 0.1, Avg: 0.2, Max: 0.2, Diff: 0.1, Sum: 1.3]
         [Termination Attempts: Min: 40, Avg: 48.0, Max: 58, Diff: 18, Sum: 384]
      [GC Worker Other (ms): Min: 0.0, Avg: 0.1, Max: 0.2, Diff: 0.2, Sum: 1.0]
      [GC Worker Total (ms): Min: 9.8, Avg: 10.0, Max: 10.5, Diff: 0.7, Sum: 80.2]
      [GC Worker End (ms): Min: 1784419669.8, Avg: 1784419669.9, Max: 1784419670.0, Diff: 0.2]
   [Code Root Fixup: 0.1 ms]
   [Code Root Purge: 0.0 ms]
   [Clear CT: 0.6 ms]
   [Other: 5.8 ms]
      [Choose CSet: 0.0 ms]
      [Ref Proc: 3.8 ms]
      [Ref Enq: 0.0 ms]
      [Redirty Cards: 0.3 ms]
      [Humongous Register: 0.3 ms]
      [Humongous Reclaim: 0.0 ms]
      [Free CSet: 0.9 ms]
   [Eden: 1212.0M(1212.0M)->0.0B(1212.0M) Survivors: 16.0M->16.0M Heap: 1570.8M(2048.0M)->359.9M(2048.0M)]
 [Times: user=0.09 sys=0.00, real=0.02 secs] 
2019-07-30T02:24:15.470+0000: 1789306.299: [GC pause (G1 Evacuation Pause) (young), 0.0184012 secs]
   [Parallel Time: 10.5 ms, GC Workers: 8]
      [GC Worker Start (ms): Min: 1789306299.5, Avg: 1789306299.8, Max: 1789306301.6, Diff: 2.1]
      [Ext Root Scanning (ms): Min: 0.0, Avg: 0.9, Max: 2.0, Diff: 2.0, Sum: 7.0]
      [Update RS (ms): Min: 2.5, Avg: 3.4, Max: 3.7, Diff: 1.2, Sum: 27.1]
         [Processed Buffers: Min: 4, Avg: 11.1, Max: 22, Diff: 18, Sum: 89]
      [Scan RS (ms): Min: 0.2, Avg: 0.3, Max: 0.3, Diff: 0.1, Sum: 2.2]
      [Code Root Scanning (ms): Min: 0.0, Avg: 0.0, Max: 0.0, Diff: 0.0, Sum: 0.1]
      [Object Copy (ms): Min: 4.9, Avg: 5.0, Max: 5.1, Diff: 0.2, Sum: 39.9]
      [Termination (ms): Min: 0.1, Avg: 0.1, Max: 0.2, Diff: 0.1, Sum: 1.0]
         [Termination Attempts: Min: 38, Avg: 44.8, Max: 58, Diff: 20, Sum: 358]
      [GC Worker Other (ms): Min: 0.0, Avg: 0.1, Max: 0.2, Diff: 0.2, Sum: 0.8]
      [GC Worker Total (ms): Min: 8.0, Avg: 9.8, Max: 10.1, Diff: 2.1, Sum: 78.1]
      [GC Worker End (ms): Min: 1789306309.5, Avg: 1789306309.6, Max: 1789306309.7, Diff: 0.2]
   [Code Root Fixup: 0.2 ms]
   [Code Root Purge: 0.0 ms]
   [Clear CT: 0.7 ms]
   [Other: 7.0 ms]
      [Choose CSet: 0.0 ms]
      [Ref Proc: 4.9 ms]
      [Ref Enq: 0.0 ms]
      [Redirty Cards: 0.3 ms]
      [Humongous Register: 0.2 ms]
      [Humongous Reclaim: 0.0 ms]
      [Free CSet: 1.1 ms]
   [Eden: 1212.0M(1212.0M)->0.0B(1211.0M) Survivors: 16.0M->17.0M Heap: 1571.9M(2048.0M)->360.9M(2048.0M)]
 [Times: user=0.08 sys=0.01, real=0.02 secs] 
2019-07-30T03:45:59.414+0000: 1794210.244: [GC pause (G1 Evacuation Pause) (young), 0.0158703 secs]
   [Parallel Time: 9.1 ms, GC Workers: 8]
      [GC Worker Start (ms): Min: 1794210244.1, Avg: 1794210244.2, Max: 1794210244.4, Diff: 0.4]
      [Ext Root Scanning (ms): Min: 0.4, Avg: 0.8, Max: 1.9, Diff: 1.5, Sum: 6.7]
      [Update RS (ms): Min: 1.9, Avg: 2.6, Max: 2.9, Diff: 1.0, Sum: 20.8]
         [Processed Buffers: Min: 3, Avg: 10.5, Max: 23, Diff: 20, Sum: 84]
      [Scan RS (ms): Min: 0.1, Avg: 0.2, Max: 0.3, Diff: 0.2, Sum: 1.8]
      [Code Root Scanning (ms): Min: 0.0, Avg: 0.0, Max: 0.0, Diff: 0.0, Sum: 0.1]
      [Object Copy (ms): Min: 4.7, Avg: 4.7, Max: 4.8, Diff: 0.1, Sum: 37.9]
      [Termination (ms): Min: 0.1, Avg: 0.3, Max: 0.3, Diff: 0.3, Sum: 2.2]
         [Termination Attempts: Min: 33, Avg: 39.2, Max: 44, Diff: 11, Sum: 314]
      [GC Worker Other (ms): Min: 0.0, Avg: 0.0, Max: 0.1, Diff: 0.1, Sum: 0.2]
      [GC Worker Total (ms): Min: 8.5, Avg: 8.7, Max: 8.9, Diff: 0.3, Sum: 69.8]
      [GC Worker End (ms): Min: 1794210252.9, Avg: 1794210252.9, Max: 1794210253.0, Diff: 0.0]
   [Code Root Fixup: 0.1 ms]
   [Code Root Purge: 0.0 ms]
   [Clear CT: 0.6 ms]
   [Other: 6.0 ms]
      [Choose CSet: 0.0 ms]
      [Ref Proc: 4.1 ms]
      [Ref Enq: 0.0 ms]
      [Redirty Cards: 0.3 ms]
      [Humongous Register: 0.2 ms]
      [Humongous Reclaim: 0.0 ms]
      [Free CSet: 1.1 ms]
   [Eden: 1211.0M(1211.0M)->0.0B(1212.0M) Survivors: 17.0M->16.0M Heap: 1571.9M(2048.0M)->360.5M(2048.0M)]
 [Times: user=0.08 sys=0.00, real=0.01 secs] 
2019-07-30T05:07:19.801+0000: 1799090.630: [GC pause (G1 Evacuation Pause) (young), 0.0154430 secs]
   [Parallel Time: 8.7 ms, GC Workers: 8]
      [GC Worker Start (ms): Min: 1799090630.6, Avg: 1799090630.7, Max: 1799090630.8, Diff: 0.2]
      [Ext Root Scanning (ms): Min: 0.6, Avg: 0.9, Max: 2.0, Diff: 1.5, Sum: 7.0]
      [Update RS (ms): Min: 1.5, Avg: 2.6, Max: 2.9, Diff: 1.4, Sum: 20.7]
         [Processed Buffers: Min: 3, Avg: 11.2, Max: 26, Diff: 23, Sum: 90]
      [Scan RS (ms): Min: 0.1, Avg: 0.2, Max: 0.3, Diff: 0.2, Sum: 1.9]
      [Code Root Scanning (ms): Min: 0.0, Avg: 0.0, Max: 0.0, Diff: 0.0, Sum: 0.1]
      [Object Copy (ms): Min: 4.4, Avg: 4.6, Max: 4.7, Diff: 0.3, Sum: 36.9]
      [Termination (ms): Min: 0.1, Avg: 0.1, Max: 0.2, Diff: 0.1, Sum: 1.0]
         [Termination Attempts: Min: 36, Avg: 41.5, Max: 48, Diff: 12, Sum: 332]
      [GC Worker Other (ms): Min: 0.0, Avg: 0.1, Max: 0.1, Diff: 0.1, Sum: 0.6]
      [GC Worker Total (ms): Min: 8.4, Avg: 8.5, Max: 8.7, Diff: 0.3, Sum: 68.0]
      [GC Worker End (ms): Min: 1799090639.1, Avg: 1799090639.2, Max: 1799090639.2, Diff: 0.1]
   [Code Root Fixup: 0.1 ms]
   [Code Root Purge: 0.0 ms]
   [Clear CT: 0.7 ms]
   [Other: 5.9 ms]
      [Choose CSet: 0.0 ms]
      [Ref Proc: 4.0 ms]
      [Ref Enq: 0.0 ms]
      [Redirty Cards: 0.3 ms]
      [Humongous Register: 0.2 ms]
      [Humongous Reclaim: 0.0 ms]
      [Free CSet: 1.0 ms]
   [Eden: 1212.0M(1212.0M)->0.0B(1212.0M) Survivors: 16.0M->16.0M Heap: 1572.5M(2048.0M)->361.6M(2048.0M)]
 [Times: user=0.08 sys=0.00, real=0.02 secs] 
2019-07-30T06:28:49.941+0000: 1803980.771: [GC pause (G1 Evacuation Pause) (young), 0.0197547 secs]
   [Parallel Time: 11.4 ms, GC Workers: 8]
      [GC Worker Start (ms): Min: 1803980771.5, Avg: 1803980771.7, Max: 1803980772.5, Diff: 1.0]
      [Ext Root Scanning (ms): Min: 0.8, Avg: 1.5, Max: 3.3, Diff: 2.5, Sum: 12.4]
      [Update RS (ms): Min: 2.2, Avg: 3.3, Max: 3.5, Diff: 1.3, Sum: 26.1]
         [Processed Buffers: Min: 3, Avg: 10.2, Max: 34, Diff: 31, Sum: 82]
      [Scan RS (ms): Min: 0.1, Avg: 0.2, Max: 0.3, Diff: 0.2, Sum: 2.0]
      [Code Root Scanning (ms): Min: 0.0, Avg: 0.0, Max: 0.0, Diff: 0.0, Sum: 0.1]
      [Object Copy (ms): Min: 5.0, Avg: 5.1, Max: 5.2, Diff: 0.2, Sum: 41.0]
      [Termination (ms): Min: 0.1, Avg: 0.2, Max: 0.3, Diff: 0.2, Sum: 1.6]
         [Termination Attempts: Min: 47, Avg: 54.8, Max: 71, Diff: 24, Sum: 438]
      [GC Worker Other (ms): Min: 0.0, Avg: 0.4, Max: 1.1, Diff: 1.0, Sum: 3.5]
      [GC Worker Total (ms): Min: 9.9, Avg: 10.8, Max: 11.1, Diff: 1.1, Sum: 86.7]
      [GC Worker End (ms): Min: 1803980782.4, Avg: 1803980782.5, Max: 1803980782.6, Diff: 0.2]
   [Code Root Fixup: 0.1 ms]
   [Code Root Purge: 0.0 ms]
   [Clear CT: 0.8 ms]
   [Other: 7.4 ms]
      [Choose CSet: 0.0 ms]
      [Ref Proc: 5.1 ms]
      [Ref Enq: 0.0 ms]
      [Redirty Cards: 0.4 ms]
      [Humongous Register: 0.5 ms]
      [Humongous Reclaim: 0.0 ms]
      [Free CSet: 1.0 ms]
   [Eden: 1212.0M(1212.0M)->0.0B(1213.0M) Survivors: 16.0M->15.0M Heap: 1573.6M(2048.0M)->361.1M(2048.0M)]
 [Times: user=0.10 sys=0.00, real=0.02 secs] 
2019-07-30T07:50:41.021+0000: 1808891.850: [GC pause (G1 Evacuation Pause) (young), 0.0238685 secs]
   [Parallel Time: 17.0 ms, GC Workers: 8]
      [GC Worker Start (ms): Min: 1808891850.9, Avg: 1808891851.2, Max: 1808891851.9, Diff: 1.0]
      [Ext Root Scanning (ms): Min: 0.1, Avg: 0.9, Max: 2.1, Diff: 2.0, Sum: 7.1]
      [Update RS (ms): Min: 2.1, Avg: 3.0, Max: 3.5, Diff: 1.4, Sum: 23.7]
         [Processed Buffers: Min: 3, Avg: 10.8, Max: 22, Diff: 19, Sum: 86]
      [Scan RS (ms): Min: 0.1, Avg: 0.2, Max: 0.3, Diff: 0.2, Sum: 1.8]
      [Code Root Scanning (ms): Min: 0.0, Avg: 0.0, Max: 0.1, Diff: 0.1, Sum: 0.2]
      [Object Copy (ms): Min: 4.8, Avg: 6.8, Max: 12.4, Diff: 7.6, Sum: 54.8]
      [Termination (ms): Min: 0.0, Avg: 5.4, Max: 7.3, Diff: 7.3, Sum: 43.6]
         [Termination Attempts: Min: 1, Avg: 28.4, Max: 51, Diff: 50, Sum: 227]
      [GC Worker Other (ms): Min: 0.0, Avg: 0.1, Max: 0.2, Diff: 0.1, Sum: 0.6]
      [GC Worker Total (ms): Min: 15.8, Avg: 16.5, Max: 16.8, Diff: 1.0, Sum: 131.7]
      [GC Worker End (ms): Min: 1808891867.6, Avg: 1808891867.7, Max: 1808891867.7, Diff: 0.1]
   [Code Root Fixup: 0.1 ms]
   [Code Root Purge: 0.0 ms]
   [Clear CT: 0.7 ms]
   [Other: 6.0 ms]
      [Choose CSet: 0.0 ms]
      [Ref Proc: 4.1 ms]
      [Ref Enq: 0.0 ms]
      [Redirty Cards: 0.4 ms]
      [Humongous Register: 0.2 ms]
      [Humongous Reclaim: 0.0 ms]
      [Free CSet: 1.0 ms]
   [Eden: 1213.0M(1213.0M)->0.0B(1212.0M) Survivors: 15.0M->16.0M Heap: 1574.1M(2048.0M)->362.2M(2048.0M)]
 [Times: user=0.12 sys=0.00, real=0.02 secs] 
2019-07-30T09:11:51.743+0000: 1813762.572: [GC pause (G1 Evacuation Pause) (young), 0.0153995 secs]
   [Parallel Time: 9.2 ms, GC Workers: 8]
      [GC Worker Start (ms): Min: 1813762572.6, Avg: 1813762572.8, Max: 1813762573.1, Diff: 0.5]
      [Ext Root Scanning (ms): Min: 0.5, Avg: 1.0, Max: 2.2, Diff: 1.7, Sum: 8.3]
      [Update RS (ms): Min: 2.0, Avg: 2.6, Max: 2.9, Diff: 0.9, Sum: 21.2]
         [Processed Buffers: Min: 3, Avg: 10.9, Max: 26, Diff: 23, Sum: 87]
      [Scan RS (ms): Min: 0.1, Avg: 0.2, Max: 0.3, Diff: 0.2, Sum: 1.8]
      [Code Root Scanning (ms): Min: 0.0, Avg: 0.0, Max: 0.1, Diff: 0.1, Sum: 0.1]
      [Object Copy (ms): Min: 4.5, Avg: 4.7, Max: 4.7, Diff: 0.3, Sum: 37.3]
      [Termination (ms): Min: 0.1, Avg: 0.1, Max: 0.1, Diff: 0.0, Sum: 0.7]
         [Termination Attempts: Min: 41, Avg: 48.6, Max: 58, Diff: 17, Sum: 389]
      [GC Worker Other (ms): Min: 0.0, Avg: 0.1, Max: 0.2, Diff: 0.1, Sum: 0.8]
      [GC Worker Total (ms): Min: 8.4, Avg: 8.8, Max: 8.9, Diff: 0.5, Sum: 70.3]
      [GC Worker End (ms): Min: 1813762581.5, Avg: 1813762581.6, Max: 1813762581.6, Diff: 0.2]
   [Code Root Fixup: 0.1 ms]
   [Code Root Purge: 0.0 ms]
   [Clear CT: 0.5 ms]
   [Other: 5.6 ms]
      [Choose CSet: 0.0 ms]
      [Ref Proc: 3.8 ms]
      [Ref Enq: 0.0 ms]
      [Redirty Cards: 0.3 ms]
      [Humongous Register: 0.2 ms]
      [Humongous Reclaim: 0.0 ms]
      [Free CSet: 0.9 ms]
   [Eden: 1212.0M(1212.0M)->0.0B(1213.0M) Survivors: 16.0M->15.0M Heap: 1574.2M(2048.0M)->362.2M(2048.0M)]
 [Times: user=0.08 sys=0.00, real=0.01 secs] 
2019-07-30T10:33:23.671+0000: 1818654.500: [GC pause (G1 Evacuation Pause) (young), 0.0164570 secs]
   [Parallel Time: 10.0 ms, GC Workers: 8]
      [GC Worker Start (ms): Min: 1818654500.7, Avg: 1818654500.8, Max: 1818654501.0, Diff: 0.3]
      [Ext Root Scanning (ms): Min: 0.7, Avg: 1.1, Max: 2.4, Diff: 1.7, Sum: 8.7]
      [Update RS (ms): Min: 2.2, Avg: 3.2, Max: 3.6, Diff: 1.4, Sum: 25.9]
         [Processed Buffers: Min: 3, Avg: 10.5, Max: 28, Diff: 25, Sum: 84]
      [Scan RS (ms): Min: 0.1, Avg: 0.2, Max: 0.3, Diff: 0.2, Sum: 1.9]
      [Code Root Scanning (ms): Min: 0.0, Avg: 0.0, Max: 0.0, Diff: 0.0, Sum: 0.1]
      [Object Copy (ms): Min: 4.7, Avg: 4.8, Max: 4.9, Diff: 0.1, Sum: 38.4]
      [Termination (ms): Min: 0.1, Avg: 0.1, Max: 0.2, Diff: 0.1, Sum: 0.9]
         [Termination Attempts: Min: 36, Avg: 41.4, Max: 47, Diff: 11, Sum: 331]
      [GC Worker Other (ms): Min: 0.0, Avg: 0.1, Max: 0.2, Diff: 0.2, Sum: 0.9]
      [GC Worker Total (ms): Min: 9.4, Avg: 9.6, Max: 9.8, Diff: 0.4, Sum: 76.8]
      [GC Worker End (ms): Min: 1818654510.3, Avg: 1818654510.4, Max: 1818654510.5, Diff: 0.2]
   [Code Root Fixup: 0.1 ms]
   [Code Root Purge: 0.0 ms]
   [Clear CT: 0.4 ms]
   [Other: 6.0 ms]
      [Choose CSet: 0.0 ms]
      [Ref Proc: 3.8 ms]
      [Ref Enq: 0.0 ms]
      [Redirty Cards: 0.6 ms]
      [Humongous Register: 0.2 ms]
      [Humongous Reclaim: 0.0 ms]
      [Free CSet: 0.9 ms]
   [Eden: 1213.0M(1213.0M)->0.0B(1213.0M) Survivors: 15.0M->15.0M Heap: 1575.2M(2048.0M)->362.9M(2048.0M)]
 [Times: user=0.08 sys=0.00, real=0.02 secs] 
2019-07-30T11:55:28.756+0000: 1823579.585: [GC pause (G1 Evacuation Pause) (young), 0.0166515 secs]
   [Parallel Time: 9.2 ms, GC Workers: 8]
      [GC Worker Start (ms): Min: 1823579585.8, Avg: 1823579585.9, Max: 1823579586.0, Diff: 0.2]
      [Ext Root Scanning (ms): Min: 0.6, Avg: 0.9, Max: 1.9, Diff: 1.3, Sum: 7.0]
      [Update RS (ms): Min: 1.9, Avg: 2.8, Max: 3.0, Diff: 1.1, Sum: 22.6]
         [Processed Buffers: Min: 3, Avg: 10.8, Max: 22, Diff: 19, Sum: 86]
      [Scan RS (ms): Min: 0.1, Avg: 0.2, Max: 0.3, Diff: 0.2, Sum: 1.9]
      [Code Root Scanning (ms): Min: 0.0, Avg: 0.0, Max: 0.0, Diff: 0.0, Sum: 0.1]
      [Object Copy (ms): Min: 4.6, Avg: 4.7, Max: 4.7, Diff: 0.1, Sum: 37.5]
      [Termination (ms): Min: 0.1, Avg: 0.1, Max: 0.1, Diff: 0.1, Sum: 0.7]
         [Termination Attempts: Min: 40, Avg: 46.5, Max: 51, Diff: 11, Sum: 372]
      [GC Worker Other (ms): Min: 0.0, Avg: 0.1, Max: 0.2, Diff: 0.1, Sum: 0.7]
      [GC Worker Total (ms): Min: 8.7, Avg: 8.8, Max: 8.9, Diff: 0.2, Sum: 70.4]
      [GC Worker End (ms): Min: 1823579594.6, Avg: 1823579594.7, Max: 1823579594.7, Diff: 0.1]
   [Code Root Fixup: 0.1 ms]
   [Code Root Purge: 0.0 ms]
   [Clear CT: 0.6 ms]
   [Other: 6.8 ms]
      [Choose CSet: 0.0 ms]
      [Ref Proc: 5.0 ms]
      [Ref Enq: 0.0 ms]
      [Redirty Cards: 0.3 ms]
      [Humongous Register: 0.2 ms]
      [Humongous Reclaim: 0.0 ms]
      [Free CSet: 0.9 ms]
   [Eden: 1213.0M(1213.0M)->0.0B(1213.0M) Survivors: 15.0M->15.0M Heap: 1575.9M(2048.0M)->362.9M(2048.0M)]
 [Times: user=0.09 sys=0.00, real=0.02 secs] 
2019-07-30T13:16:34.212+0000: 1828445.041: [GC pause (G1 Evacuation Pause) (young), 0.0175867 secs]
   [Parallel Time: 10.9 ms, GC Workers: 8]
      [GC Worker Start (ms): Min: 1828445041.6, Avg: 1828445041.8, Max: 1828445042.0, Diff: 0.4]
      [Ext Root Scanning (ms): Min: 0.5, Avg: 1.1, Max: 2.5, Diff: 2.0, Sum: 8.9]
      [Update RS (ms): Min: 2.5, Avg: 3.6, Max: 3.8, Diff: 1.4, Sum: 28.7]
         [Processed Buffers: Min: 1, Avg: 10.6, Max: 18, Diff: 17, Sum: 85]
      [Scan RS (ms): Min: 0.2, Avg: 0.3, Max: 0.4, Diff: 0.2, Sum: 2.2]
      [Code Root Scanning (ms): Min: 0.0, Avg: 0.0, Max: 0.0, Diff: 0.0, Sum: 0.1]
      [Object Copy (ms): Min: 5.2, Avg: 5.3, Max: 5.6, Diff: 0.4, Sum: 42.7]
      [Termination (ms): Min: 0.1, Avg: 0.1, Max: 0.1, Diff: 0.0, Sum: 0.5]
         [Termination Attempts: Min: 34, Avg: 40.4, Max: 47, Diff: 13, Sum: 323]
      [GC Worker Other (ms): Min: 0.1, Avg: 0.2, Max: 0.3, Diff: 0.2, Sum: 1.7]
      [GC Worker Total (ms): Min: 10.3, Avg: 10.6, Max: 10.8, Diff: 0.5, Sum: 84.7]
      [GC Worker End (ms): Min: 1828445052.3, Avg: 1828445052.4, Max: 1828445052.5, Diff: 0.2]
   [Code Root Fixup: 0.1 ms]
   [Code Root Purge: 0.0 ms]
   [Clear CT: 0.6 ms]
   [Other: 6.0 ms]
      [Choose CSet: 0.0 ms]
      [Ref Proc: 3.9 ms]
      [Ref Enq: 0.0 ms]
      [Redirty Cards: 0.3 ms]
      [Humongous Register: 0.4 ms]
      [Humongous Reclaim: 0.0 ms]
      [Free CSet: 1.0 ms]
   [Eden: 1213.0M(1213.0M)->0.0B(1212.0M) Survivors: 15.0M->16.0M Heap: 1575.9M(2048.0M)->364.5M(2048.0M)]
 [Times: user=0.09 sys=0.00, real=0.01 secs] 
2019-07-30T14:38:17.719+0000: 1833348.549: [GC pause (G1 Evacuation Pause) (young), 0.0171817 secs]
   [Parallel Time: 10.8 ms, GC Workers: 8]
      [GC Worker Start (ms): Min: 1833348549.0, Avg: 1833348549.2, Max: 1833348549.9, Diff: 0.9]
      [Ext Root Scanning (ms): Min: 0.6, Avg: 1.4, Max: 2.8, Diff: 2.2, Sum: 11.2]
      [Update RS (ms): Min: 2.0, Avg: 3.2, Max: 3.7, Diff: 1.7, Sum: 25.5]
         [Processed Buffers: Min: 2, Avg: 11.0, Max: 33, Diff: 31, Sum: 88]
      [Scan RS (ms): Min: 0.1, Avg: 0.2, Max: 0.3, Diff: 0.2, Sum: 1.8]
      [Code Root Scanning (ms): Min: 0.0, Avg: 0.0, Max: 0.0, Diff: 0.0, Sum: 0.1]
      [Object Copy (ms): Min: 4.8, Avg: 5.1, Max: 5.2, Diff: 0.3, Sum: 40.4]
      [Termination (ms): Min: 0.1, Avg: 0.2, Max: 0.2, Diff: 0.1, Sum: 1.4]
         [Termination Attempts: Min: 38, Avg: 43.2, Max: 47, Diff: 9, Sum: 346]
      [GC Worker Other (ms): Min: 0.0, Avg: 0.2, Max: 0.6, Diff: 0.6, Sum: 1.4]
      [GC Worker Total (ms): Min: 9.6, Avg: 10.2, Max: 10.5, Diff: 0.9, Sum: 81.8]
      [GC Worker End (ms): Min: 1833348559.4, Avg: 1833348559.5, Max: 1833348559.6, Diff: 0.2]
   [Code Root Fixup: 0.1 ms]
   [Code Root Purge: 0.0 ms]
   [Clear CT: 0.5 ms]
   [Other: 5.7 ms]
      [Choose CSet: 0.0 ms]
      [Ref Proc: 3.8 ms]
      [Ref Enq: 0.0 ms]
      [Redirty Cards: 0.4 ms]
      [Humongous Register: 0.2 ms]
      [Humongous Reclaim: 0.0 ms]
      [Free CSet: 1.0 ms]
   [Eden: 1212.0M(1212.0M)->0.0B(1213.0M) Survivors: 16.0M->15.0M Heap: 1576.5M(2048.0M)->364.5M(2048.0M)]
 [Times: user=0.10 sys=0.00, real=0.02 secs] 
2019-07-30T15:59:59.766+0000: 1838250.595: [GC pause (G1 Evacuation Pause) (young), 0.0167148 secs]
   [Parallel Time: 10.4 ms, GC Workers: 8]
      [GC Worker Start (ms): Min: 1838250595.5, Avg: 1838250596.3, Max: 1838250600.9, Diff: 5.4]
      [Ext Root Scanning (ms): Min: 0.0, Avg: 0.9, Max: 1.9, Diff: 1.9, Sum: 6.8]
      [Update RS (ms): Min: 0.0, Avg: 3.3, Max: 4.2, Diff: 4.2, Sum: 26.1]
         [Processed Buffers: Min: 0, Avg: 10.6, Max: 37, Diff: 37, Sum: 85]
      [Scan RS (ms): Min: 0.1, Avg: 0.2, Max: 0.3, Diff: 0.2, Sum: 1.8]
      [Code Root Scanning (ms): Min: 0.0, Avg: 0.0, Max: 0.0, Diff: 0.0, Sum: 0.1]
      [Object Copy (ms): Min: 4.6, Avg: 4.9, Max: 5.0, Diff: 0.4, Sum: 38.8]
      [Termination (ms): Min: 0.1, Avg: 0.1, Max: 0.1, Diff: 0.1, Sum: 0.6]
         [Termination Attempts: Min: 35, Avg: 42.2, Max: 49, Diff: 14, Sum: 338]
      [GC Worker Other (ms): Min: 0.0, Avg: 0.1, Max: 0.2, Diff: 0.2, Sum: 0.8]
      [GC Worker Total (ms): Min: 4.8, Avg: 9.4, Max: 10.2, Diff: 5.5, Sum: 75.1]
      [GC Worker End (ms): Min: 1838250605.6, Avg: 1838250605.7, Max: 1838250605.8, Diff: 0.2]
   [Code Root Fixup: 0.1 ms]
   [Code Root Purge: 0.0 ms]
   [Clear CT: 0.6 ms]
   [Other: 5.6 ms]
      [Choose CSet: 0.0 ms]
      [Ref Proc: 3.8 ms]
      [Ref Enq: 0.0 ms]
      [Redirty Cards: 0.3 ms]
      [Humongous Register: 0.2 ms]
      [Humongous Reclaim: 0.0 ms]
      [Free CSet: 1.0 ms]
   [Eden: 1213.0M(1213.0M)->0.0B(1212.0M) Survivors: 15.0M->16.0M Heap: 1577.5M(2048.0M)->366.1M(2048.0M)]
 [Times: user=0.08 sys=0.00, real=0.02 secs] 
2019-07-30T17:20:47.977+0000: 1843098.807: [GC pause (G1 Evacuation Pause) (young), 0.0189582 secs]
   [Parallel Time: 12.4 ms, GC Workers: 8]
      [GC Worker Start (ms): Min: 1843098807.0, Avg: 1843098807.1, Max: 1843098807.5, Diff: 0.5]
      [Ext Root Scanning (ms): Min: 0.5, Avg: 1.2, Max: 2.6, Diff: 2.0, Sum: 10.0]
      [Update RS (ms): Min: 2.1, Avg: 2.7, Max: 3.1, Diff: 1.0, Sum: 22.0]
         [Processed Buffers: Min: 2, Avg: 11.5, Max: 22, Diff: 20, Sum: 92]
      [Scan RS (ms): Min: 0.1, Avg: 0.2, Max: 0.3, Diff: 0.2, Sum: 1.9]
      [Code Root Scanning (ms): Min: 0.0, Avg: 0.0, Max: 0.1, Diff: 0.1, Sum: 0.1]
      [Object Copy (ms): Min: 7.2, Avg: 7.5, Max: 7.6, Diff: 0.4, Sum: 60.2]
      [Termination (ms): Min: 0.0, Avg: 0.1, Max: 0.1, Diff: 0.0, Sum: 0.5]
         [Termination Attempts: Min: 35, Avg: 44.0, Max: 51, Diff: 16, Sum: 352]
      [GC Worker Other (ms): Min: 0.0, Avg: 0.1, Max: 0.4, Diff: 0.4, Sum: 1.0]
      [GC Worker Total (ms): Min: 11.6, Avg: 12.0, Max: 12.2, Diff: 0.5, Sum: 95.8]
      [GC Worker End (ms): Min: 1843098819.0, Avg: 1843098819.1, Max: 1843098819.2, Diff: 0.1]
   [Code Root Fixup: 0.1 ms]
   [Code Root Purge: 0.0 ms]
   [Clear CT: 0.6 ms]
   [Other: 5.9 ms]
      [Choose CSet: 0.0 ms]
      [Ref Proc: 4.1 ms]
      [Ref Enq: 0.0 ms]
      [Redirty Cards: 0.3 ms]
      [Humongous Register: 0.2 ms]
      [Humongous Reclaim: 0.0 ms]
      [Free CSet: 1.0 ms]
   [Eden: 1212.0M(1212.0M)->0.0B(1212.0M) Survivors: 16.0M->16.0M Heap: 1578.1M(2048.0M)->366.6M(2048.0M)]
 [Times: user=0.08 sys=0.00, real=0.02 secs] 
2019-07-30T18:42:15.664+0000: 1847986.493: [GC pause (G1 Evacuation Pause) (young), 0.0156367 secs]
   [Parallel Time: 8.8 ms, GC Workers: 8]
      [GC Worker Start (ms): Min: 1847986493.2, Avg: 1847986493.4, Max: 1847986493.5, Diff: 0.2]
      [Ext Root Scanning (ms): Min: 0.5, Avg: 0.8, Max: 1.9, Diff: 1.3, Sum: 6.7]
      [Update RS (ms): Min: 1.7, Avg: 2.7, Max: 3.4, Diff: 1.8, Sum: 21.6]
         [Processed Buffers: Min: 3, Avg: 10.5, Max: 21, Diff: 18, Sum: 84]
      [Scan RS (ms): Min: 0.1, Avg: 0.2, Max: 0.3, Diff: 0.2, Sum: 1.7]
      [Code Root Scanning (ms): Min: 0.0, Avg: 0.0, Max: 0.0, Diff: 0.0, Sum: 0.1]
      [Object Copy (ms): Min: 4.1, Avg: 4.5, Max: 4.6, Diff: 0.6, Sum: 35.7]
      [Termination (ms): Min: 0.1, Avg: 0.2, Max: 0.2, Diff: 0.1, Sum: 1.2]
         [Termination Attempts: Min: 34, Avg: 39.0, Max: 43, Diff: 9, Sum: 312]
      [GC Worker Other (ms): Min: 0.0, Avg: 0.1, Max: 0.2, Diff: 0.1, Sum: 0.7]
      [GC Worker Total (ms): Min: 8.4, Avg: 8.5, Max: 8.6, Diff: 0.2, Sum: 67.8]
      [GC Worker End (ms): Min: 1847986501.8, Avg: 1847986501.8, Max: 1847986501.9, Diff: 0.1]
   [Code Root Fixup: 0.1 ms]
   [Code Root Purge: 0.0 ms]
   [Clear CT: 0.6 ms]
   [Other: 6.1 ms]
      [Choose CSet: 0.0 ms]
      [Ref Proc: 4.3 ms]
      [Ref Enq: 0.0 ms]
      [Redirty Cards: 0.3 ms]
      [Humongous Register: 0.2 ms]
      [Humongous Reclaim: 0.0 ms]
      [Free CSet: 1.0 ms]
   [Eden: 1212.0M(1212.0M)->0.0B(1212.0M) Survivors: 16.0M->16.0M Heap: 1578.6M(2048.0M)->367.2M(2048.0M)]
 [Times: user=0.07 sys=0.00, real=0.01 secs] 
2019-07-30T20:03:40.652+0000: 1852871.482: [GC pause (G1 Evacuation Pause) (young), 0.0163260 secs]
   [Parallel Time: 9.6 ms, GC Workers: 8]
      [GC Worker Start (ms): Min: 1852871482.2, Avg: 1852871482.3, Max: 1852871482.5, Diff: 0.3]
      [Ext Root Scanning (ms): Min: 0.8, Avg: 1.2, Max: 2.1, Diff: 1.3, Sum: 9.2]
      [Update RS (ms): Min: 2.0, Avg: 2.8, Max: 3.0, Diff: 0.9, Sum: 22.2]
         [Processed Buffers: Min: 3, Avg: 10.5, Max: 19, Diff: 16, Sum: 84]
      [Scan RS (ms): Min: 0.2, Avg: 0.3, Max: 0.3, Diff: 0.1, Sum: 2.1]
      [Code Root Scanning (ms): Min: 0.0, Avg: 0.0, Max: 0.0, Diff: 0.0, Sum: 0.1]
      [Object Copy (ms): Min: 4.7, Avg: 4.7, Max: 4.8, Diff: 0.2, Sum: 37.9]
      [Termination (ms): Min: 0.1, Avg: 0.1, Max: 0.2, Diff: 0.1, Sum: 0.9]
         [Termination Attempts: Min: 35, Avg: 44.1, Max: 52, Diff: 17, Sum: 353]
      [GC Worker Other (ms): Min: 0.0, Avg: 0.1, Max: 0.2, Diff: 0.2, Sum: 0.8]
      [GC Worker Total (ms): Min: 9.0, Avg: 9.2, Max: 9.4, Diff: 0.3, Sum: 73.3]
      [GC Worker End (ms): Min: 1852871491.4, Avg: 1852871491.5, Max: 1852871491.6, Diff: 0.2]
   [Code Root Fixup: 0.1 ms]
   [Code Root Purge: 0.0 ms]
   [Clear CT: 0.6 ms]
   [Other: 6.1 ms]
      [Choose CSet: 0.0 ms]
      [Ref Proc: 4.1 ms]
      [Ref Enq: 0.0 ms]
      [Redirty Cards: 0.3 ms]
      [Humongous Register: 0.2 ms]
      [Humongous Reclaim: 0.0 ms]
      [Free CSet: 0.9 ms]
   [Eden: 1212.0M(1212.0M)->0.0B(1212.0M) Survivors: 16.0M->16.0M Heap: 1579.2M(2048.0M)->367.7M(2048.0M)]
 [Times: user=0.08 sys=0.00, real=0.01 secs] 
2019-07-30T21:24:37.805+0000: 1857728.634: [GC pause (G1 Evacuation Pause) (young), 0.0183525 secs]
   [Parallel Time: 11.4 ms, GC Workers: 8]
      [GC Worker Start (ms): Min: 1857728634.5, Avg: 1857728634.8, Max: 1857728635.1, Diff: 0.5]
      [Ext Root Scanning (ms): Min: 0.7, Avg: 3.4, Max: 10.9, Diff: 10.3, Sum: 27.4]
      [Update RS (ms): Min: 0.0, Avg: 2.6, Max: 4.2, Diff: 4.2, Sum: 21.1]
         [Processed Buffers: Min: 0, Avg: 10.9, Max: 43, Diff: 43, Sum: 87]
      [Scan RS (ms): Min: 0.1, Avg: 0.2, Max: 0.3, Diff: 0.2, Sum: 1.7]
      [Code Root Scanning (ms): Min: 0.0, Avg: 0.0, Max: 0.0, Diff: 0.0, Sum: 0.1]
      [Object Copy (ms): Min: 0.0, Avg: 4.3, Max: 5.1, Diff: 5.1, Sum: 34.3]
      [Termination (ms): Min: 0.0, Avg: 0.3, Max: 0.4, Diff: 0.4, Sum: 2.6]
         [Termination Attempts: Min: 1, Avg: 26.4, Max: 36, Diff: 35, Sum: 211]
      [GC Worker Other (ms): Min: 0.0, Avg: 0.0, Max: 0.1, Diff: 0.1, Sum: 0.3]
      [GC Worker Total (ms): Min: 10.6, Avg: 11.0, Max: 11.2, Diff: 0.6, Sum: 87.6]
      [GC Worker End (ms): Min: 1857728645.7, Avg: 1857728645.7, Max: 1857728645.8, Diff: 0.1]
   [Code Root Fixup: 0.1 ms]
   [Code Root Purge: 0.0 ms]
   [Clear CT: 0.6 ms]
   [Other: 6.3 ms]
      [Choose CSet: 0.0 ms]
      [Ref Proc: 4.3 ms]
      [Ref Enq: 0.0 ms]
      [Redirty Cards: 0.3 ms]
      [Humongous Register: 0.2 ms]
      [Humongous Reclaim: 0.0 ms]
      [Free CSet: 1.1 ms]
   [Eden: 1212.0M(1212.0M)->0.0B(1213.0M) Survivors: 16.0M->15.0M Heap: 1579.7M(2048.0M)->367.3M(2048.0M)]
 [Times: user=0.08 sys=0.00, real=0.02 secs] 
2019-07-30T22:46:51.358+0000: 1862662.187: [GC pause (G1 Evacuation Pause) (young), 0.0169246 secs]
   [Parallel Time: 10.4 ms, GC Workers: 8]
      [GC Worker Start (ms): Min: 1862662187.6, Avg: 1862662187.7, Max: 1862662187.9, Diff: 0.3]
      [Ext Root Scanning (ms): Min: 0.6, Avg: 1.6, Max: 3.2, Diff: 2.6, Sum: 13.1]
      [Update RS (ms): Min: 1.5, Avg: 3.4, Max: 5.2, Diff: 3.7, Sum: 27.0]
         [Processed Buffers: Min: 1, Avg: 10.6, Max: 27, Diff: 26, Sum: 85]
      [Scan RS (ms): Min: 0.1, Avg: 0.2, Max: 0.3, Diff: 0.2, Sum: 1.9]
      [Code Root Scanning (ms): Min: 0.0, Avg: 0.0, Max: 0.0, Diff: 0.0, Sum: 0.1]
      [Object Copy (ms): Min: 3.8, Avg: 4.6, Max: 4.8, Diff: 1.1, Sum: 36.8]
      [Termination (ms): Min: 0.1, Avg: 0.1, Max: 0.2, Diff: 0.1, Sum: 0.9]
         [Termination Attempts: Min: 39, Avg: 46.1, Max: 56, Diff: 17, Sum: 369]
      [GC Worker Other (ms): Min: 0.0, Avg: 0.1, Max: 0.1, Diff: 0.1, Sum: 0.6]
      [GC Worker Total (ms): Min: 9.9, Avg: 10.1, Max: 10.2, Diff: 0.3, Sum: 80.4]
      [GC Worker End (ms): Min: 1862662197.7, Avg: 1862662197.8, Max: 1862662197.9, Diff: 0.1]
   [Code Root Fixup: 0.1 ms]
   [Code Root Purge: 0.0 ms]
   [Clear CT: 0.5 ms]
   [Other: 5.9 ms]
      [Choose CSet: 0.0 ms]
      [Ref Proc: 4.1 ms]
      [Ref Enq: 0.0 ms]
      [Redirty Cards: 0.3 ms]
      [Humongous Register: 0.2 ms]
      [Humongous Reclaim: 0.0 ms]
      [Free CSet: 0.9 ms]
   [Eden: 1213.0M(1213.0M)->0.0B(1212.0M) Survivors: 15.0M->16.0M Heap: 1580.3M(2048.0M)->368.3M(2048.0M)]
 [Times: user=0.08 sys=0.00, real=0.02 secs] 
2019-07-31T00:08:10.776+0000: 1867541.606: [GC pause (G1 Evacuation Pause) (young), 0.0161952 secs]
   [Parallel Time: 10.0 ms, GC Workers: 8]
      [GC Worker Start (ms): Min: 1867541605.9, Avg: 1867541607.6, Max: 1867541611.3, Diff: 5.4]
      [Ext Root Scanning (ms): Min: 0.0, Avg: 0.7, Max: 2.1, Diff: 2.1, Sum: 5.9]
      [Update RS (ms): Min: 0.0, Avg: 2.5, Max: 3.8, Diff: 3.8, Sum: 20.0]
         [Processed Buffers: Min: 0, Avg: 10.6, Max: 30, Diff: 30, Sum: 85]
      [Scan RS (ms): Min: 0.1, Avg: 0.2, Max: 0.3, Diff: 0.2, Sum: 1.8]
      [Code Root Scanning (ms): Min: 0.0, Avg: 0.0, Max: 0.0, Diff: 0.0, Sum: 0.1]
      [Object Copy (ms): Min: 4.0, Avg: 4.4, Max: 4.5, Diff: 0.5, Sum: 35.1]
      [Termination (ms): Min: 0.0, Avg: 0.0, Max: 0.1, Diff: 0.0, Sum: 0.3]
         [Termination Attempts: Min: 23, Avg: 32.0, Max: 45, Diff: 22, Sum: 256]
      [GC Worker Other (ms): Min: 0.0, Avg: 0.1, Max: 0.2, Diff: 0.1, Sum: 0.7]
      [GC Worker Total (ms): Min: 4.2, Avg: 8.0, Max: 9.6, Diff: 5.5, Sum: 63.9]
      [GC Worker End (ms): Min: 1867541615.5, Avg: 1867541615.6, Max: 1867541615.7, Diff: 0.1]
   [Code Root Fixup: 0.1 ms]
   [Code Root Purge: 0.0 ms]
   [Clear CT: 0.6 ms]
   [Other: 5.6 ms]
      [Choose CSet: 0.0 ms]
      [Ref Proc: 3.8 ms]
      [Ref Enq: 0.0 ms]
      [Redirty Cards: 0.3 ms]
      [Humongous Register: 0.2 ms]
      [Humongous Reclaim: 0.0 ms]
      [Free CSet: 0.9 ms]
   [Eden: 1212.0M(1212.0M)->0.0B(1213.0M) Survivors: 16.0M->15.0M Heap: 1580.3M(2048.0M)->368.4M(2048.0M)]
 [Times: user=0.07 sys=0.00, real=0.02 secs] 
2019-07-31T01:29:46.747+0000: 1872437.576: [GC pause (G1 Evacuation Pause) (young), 0.0170572 secs]
   [Parallel Time: 10.4 ms, GC Workers: 8]
      [GC Worker Start (ms): Min: 1872437576.5, Avg: 1872437576.6, Max: 1872437576.7, Diff: 0.2]
      [Ext Root Scanning (ms): Min: 0.9, Avg: 1.4, Max: 2.5, Diff: 1.5, Sum: 11.0]
      [Update RS (ms): Min: 2.1, Avg: 3.4, Max: 5.8, Diff: 3.6, Sum: 27.0]
         [Processed Buffers: Min: 3, Avg: 10.9, Max: 21, Diff: 18, Sum: 87]
      [Scan RS (ms): Min: 0.1, Avg: 0.2, Max: 0.3, Diff: 0.2, Sum: 1.8]
      [Code Root Scanning (ms): Min: 0.0, Avg: 0.0, Max: 0.0, Diff: 0.0, Sum: 0.1]
      [Object Copy (ms): Min: 2.9, Avg: 4.8, Max: 5.2, Diff: 2.3, Sum: 38.8]
      [Termination (ms): Min: 0.1, Avg: 0.1, Max: 0.2, Diff: 0.1, Sum: 1.0]
         [Termination Attempts: Min: 37, Avg: 40.8, Max: 46, Diff: 9, Sum: 326]
      [GC Worker Other (ms): Min: 0.0, Avg: 0.1, Max: 0.2, Diff: 0.2, Sum: 0.8]
      [GC Worker Total (ms): Min: 9.9, Avg: 10.1, Max: 10.3, Diff: 0.3, Sum: 80.4]
      [GC Worker End (ms): Min: 1872437586.6, Avg: 1872437586.7, Max: 1872437586.7, Diff: 0.2]
   [Code Root Fixup: 0.1 ms]
   [Code Root Purge: 0.0 ms]
   [Clear CT: 0.8 ms]
   [Other: 5.7 ms]
      [Choose CSet: 0.0 ms]
      [Ref Proc: 3.9 ms]
      [Ref Enq: 0.0 ms]
      [Redirty Cards: 0.3 ms]
      [Humongous Register: 0.2 ms]
      [Humongous Reclaim: 0.0 ms]
      [Free CSet: 1.0 ms]
   [Eden: 1213.0M(1213.0M)->0.0B(1212.0M) Survivors: 15.0M->16.0M Heap: 1581.4M(2048.0M)->369.4M(2048.0M)]
 [Times: user=0.09 sys=0.00, real=0.02 secs] 
2019-07-31T02:51:19.885+0000: 1877330.714: [GC pause (G1 Evacuation Pause) (young), 0.0175453 secs]
   [Parallel Time: 11.1 ms, GC Workers: 8]
      [GC Worker Start (ms): Min: 1877330714.3, Avg: 1877330714.6, Max: 1877330715.0, Diff: 0.7]
      [Ext Root Scanning (ms): Min: 0.6, Avg: 2.6, Max: 8.8, Diff: 8.2, Sum: 20.5]
      [Update RS (ms): Min: 0.0, Avg: 3.1, Max: 6.2, Diff: 6.2, Sum: 24.5]
         [Processed Buffers: Min: 0, Avg: 10.5, Max: 26, Diff: 26, Sum: 84]
      [Scan RS (ms): Min: 0.1, Avg: 0.2, Max: 0.3, Diff: 0.3, Sum: 1.7]
      [Code Root Scanning (ms): Min: 0.0, Avg: 0.0, Max: 0.0, Diff: 0.0, Sum: 0.1]
      [Object Copy (ms): Min: 1.6, Avg: 4.5, Max: 5.5, Diff: 3.9, Sum: 36.2]
      [Termination (ms): Min: 0.0, Avg: 0.2, Max: 0.2, Diff: 0.2, Sum: 1.3]
         [Termination Attempts: Min: 4, Avg: 29.2, Max: 41, Diff: 37, Sum: 234]
      [GC Worker Other (ms): Min: 0.0, Avg: 0.0, Max: 0.1, Diff: 0.1, Sum: 0.3]
      [GC Worker Total (ms): Min: 10.2, Avg: 10.6, Max: 10.8, Diff: 0.7, Sum: 84.6]
      [GC Worker End (ms): Min: 1877330725.1, Avg: 1877330725.1, Max: 1877330725.2, Diff: 0.1]
   [Code Root Fixup: 0.1 ms]
   [Code Root Purge: 0.0 ms]
   [Clear CT: 0.5 ms]
   [Other: 5.8 ms]
      [Choose CSet: 0.0 ms]
      [Ref Proc: 4.0 ms]
      [Ref Enq: 0.0 ms]
      [Redirty Cards: 0.3 ms]
      [Humongous Register: 0.3 ms]
      [Humongous Reclaim: 0.0 ms]
      [Free CSet: 0.9 ms]
   [Eden: 1212.0M(1212.0M)->0.0B(1213.0M) Survivors: 16.0M->15.0M Heap: 1581.4M(2048.0M)->369.5M(2048.0M)]
 [Times: user=0.08 sys=0.00, real=0.02 secs] 
2019-07-31T04:12:50.568+0000: 1882221.398: [GC pause (G1 Evacuation Pause) (young), 0.0166691 secs]
   [Parallel Time: 9.2 ms, GC Workers: 8]
      [GC Worker Start (ms): Min: 1882221398.3, Avg: 1882221398.4, Max: 1882221398.6, Diff: 0.3]
      [Ext Root Scanning (ms): Min: 0.7, Avg: 1.1, Max: 2.1, Diff: 1.3, Sum: 8.6]
      [Update RS (ms): Min: 2.0, Avg: 2.8, Max: 3.2, Diff: 1.2, Sum: 22.6]
         [Processed Buffers: Min: 2, Avg: 10.5, Max: 27, Diff: 25, Sum: 84]
      [Scan RS (ms): Min: 0.1, Avg: 0.2, Max: 0.3, Diff: 0.2, Sum: 1.7]
      [Code Root Scanning (ms): Min: 0.0, Avg: 0.0, Max: 0.0, Diff: 0.0, Sum: 0.0]
      [Object Copy (ms): Min: 4.4, Avg: 4.5, Max: 4.6, Diff: 0.2, Sum: 36.1]
      [Termination (ms): Min: 0.0, Avg: 0.1, Max: 0.1, Diff: 0.0, Sum: 0.6]
         [Termination Attempts: Min: 22, Avg: 41.8, Max: 50, Diff: 28, Sum: 334]
      [GC Worker Other (ms): Min: 0.0, Avg: 0.1, Max: 0.2, Diff: 0.1, Sum: 0.7]
      [GC Worker Total (ms): Min: 8.6, Avg: 8.8, Max: 8.9, Diff: 0.3, Sum: 70.3]
      [GC Worker End (ms): Min: 1882221407.2, Avg: 1882221407.2, Max: 1882221407.3, Diff: 0.1]
   [Code Root Fixup: 0.1 ms]
   [Code Root Purge: 0.0 ms]
   [Clear CT: 0.4 ms]
   [Other: 6.9 ms]
      [Choose CSet: 0.0 ms]
      [Ref Proc: 4.8 ms]
      [Ref Enq: 0.0 ms]
      [Redirty Cards: 0.2 ms]
      [Humongous Register: 0.3 ms]
      [Humongous Reclaim: 0.0 ms]
      [Free CSet: 1.0 ms]
   [Eden: 1213.0M(1213.0M)->0.0B(1213.0M) Survivors: 15.0M->15.0M Heap: 1582.5M(2048.0M)->370.1M(2048.0M)]
 [Times: user=0.08 sys=0.00, real=0.03 secs] 
2019-07-31T05:34:38.190+0000: 1887129.019: [GC pause (G1 Evacuation Pause) (young), 0.0163989 secs]
   [Parallel Time: 10.1 ms, GC Workers: 8]
      [GC Worker Start (ms): Min: 1887129019.4, Avg: 1887129019.7, Max: 1887129020.0, Diff: 0.6]
      [Ext Root Scanning (ms): Min: 0.6, Avg: 1.4, Max: 2.2, Diff: 1.6, Sum: 11.0]
      [Update RS (ms): Min: 2.2, Avg: 2.9, Max: 3.4, Diff: 1.2, Sum: 23.5]
         [Processed Buffers: Min: 2, Avg: 10.8, Max: 31, Diff: 29, Sum: 86]
      [Scan RS (ms): Min: 0.1, Avg: 0.2, Max: 0.3, Diff: 0.2, Sum: 1.9]
      [Code Root Scanning (ms): Min: 0.0, Avg: 0.0, Max: 0.0, Diff: 0.0, Sum: 0.1]
      [Object Copy (ms): Min: 4.7, Avg: 4.7, Max: 4.8, Diff: 0.1, Sum: 37.6]
      [Termination (ms): Min: 0.1, Avg: 0.1, Max: 0.2, Diff: 0.1, Sum: 1.1]
         [Termination Attempts: Min: 46, Avg: 51.0, Max: 59, Diff: 13, Sum: 408]
      [GC Worker Other (ms): Min: 0.0, Avg: 0.2, Max: 0.3, Diff: 0.2, Sum: 1.3]
      [GC Worker Total (ms): Min: 9.2, Avg: 9.6, Max: 9.8, Diff: 0.6, Sum: 76.4]
      [GC Worker End (ms): Min: 1887129029.1, Avg: 1887129029.2, Max: 1887129029.3, Diff: 0.3]
   [Code Root Fixup: 0.1 ms]
   [Code Root Purge: 0.0 ms]
   [Clear CT: 0.5 ms]
   [Other: 5.7 ms]
      [Choose CSet: 0.0 ms]
      [Ref Proc: 3.7 ms]
      [Ref Enq: 0.0 ms]
      [Redirty Cards: 0.3 ms]
      [Humongous Register: 0.2 ms]
      [Humongous Reclaim: 0.0 ms]
      [Free CSet: 0.9 ms]
   [Eden: 1213.0M(1213.0M)->0.0B(1212.0M) Survivors: 15.0M->16.0M Heap: 1583.1M(2048.0M)->371.1M(2048.0M)]
 [Times: user=0.08 sys=0.00, real=0.02 secs] 
2019-07-31T06:56:34.930+0000: 1892045.759: [GC pause (G1 Evacuation Pause) (young), 0.0153796 secs]
   [Parallel Time: 9.0 ms, GC Workers: 8]
      [GC Worker Start (ms): Min: 1892045759.2, Avg: 1892045759.3, Max: 1892045759.6, Diff: 0.5]
      [Ext Root Scanning (ms): Min: 0.3, Avg: 0.9, Max: 2.0, Diff: 1.7, Sum: 6.8]
      [Update RS (ms): Min: 2.0, Avg: 2.9, Max: 3.1, Diff: 1.1, Sum: 22.9]
         [Processed Buffers: Min: 3, Avg: 10.5, Max: 31, Diff: 28, Sum: 84]
      [Scan RS (ms): Min: 0.2, Avg: 0.2, Max: 0.3, Diff: 0.1, Sum: 1.9]
      [Code Root Scanning (ms): Min: 0.0, Avg: 0.0, Max: 0.0, Diff: 0.0, Sum: 0.1]
      [Object Copy (ms): Min: 4.4, Avg: 4.5, Max: 4.6, Diff: 0.1, Sum: 36.3]
      [Termination (ms): Min: 0.0, Avg: 0.1, Max: 0.1, Diff: 0.1, Sum: 0.5]
         [Termination Attempts: Min: 33, Avg: 40.6, Max: 47, Diff: 14, Sum: 325]
      [GC Worker Other (ms): Min: 0.0, Avg: 0.1, Max: 0.3, Diff: 0.3, Sum: 1.1]
      [GC Worker Total (ms): Min: 8.5, Avg: 8.7, Max: 8.8, Diff: 0.4, Sum: 69.5]
      [GC Worker End (ms): Min: 1892045767.9, Avg: 1892045768.0, Max: 1892045768.1, Diff: 0.2]
   [Code Root Fixup: 0.1 ms]
   [Code Root Purge: 0.0 ms]
   [Clear CT: 0.6 ms]
   [Other: 5.7 ms]
      [Choose CSet: 0.0 ms]
      [Ref Proc: 3.9 ms]
      [Ref Enq: 0.0 ms]
      [Redirty Cards: 0.3 ms]
      [Humongous Register: 0.2 ms]
      [Humongous Reclaim: 0.0 ms]
      [Free CSet: 0.9 ms]
   [Eden: 1212.0M(1212.0M)->0.0B(1213.0M) Survivors: 16.0M->15.0M Heap: 1583.1M(2048.0M)->371.2M(2048.0M)]
 [Times: user=0.08 sys=0.00, real=0.02 secs] 
2019-07-31T08:17:56.644+0000: 1896927.473: [GC pause (G1 Evacuation Pause) (young), 0.0345024 secs]
   [Parallel Time: 27.8 ms, GC Workers: 8]
      [GC Worker Start (ms): Min: 1896927473.9, Avg: 1896927474.1, Max: 1896927474.2, Diff: 0.3]
      [Ext Root Scanning (ms): Min: 0.7, Avg: 1.1, Max: 3.0, Diff: 2.3, Sum: 8.6]
      [Update RS (ms): Min: 2.3, Avg: 3.8, Max: 4.8, Diff: 2.5, Sum: 30.5]
         [Processed Buffers: Min: 1, Avg: 10.9, Max: 32, Diff: 31, Sum: 87]
      [Scan RS (ms): Min: 0.1, Avg: 0.2, Max: 0.3, Diff: 0.3, Sum: 1.9]
      [Code Root Scanning (ms): Min: 0.0, Avg: 0.0, Max: 0.0, Diff: 0.0, Sum: 0.1]
      [Object Copy (ms): Min: 7.4, Avg: 14.9, Max: 22.4, Diff: 15.0, Sum: 119.1]
      [Termination (ms): Min: 0.0, Avg: 7.3, Max: 14.7, Diff: 14.7, Sum: 58.8]
         [Termination Attempts: Min: 1, Avg: 23.6, Max: 82, Diff: 81, Sum: 189]
      [GC Worker Other (ms): Min: 0.0, Avg: 0.0, Max: 0.1, Diff: 0.1, Sum: 0.4]
      [GC Worker Total (ms): Min: 27.3, Avg: 27.4, Max: 27.6, Diff: 0.3, Sum: 219.3]
      [GC Worker End (ms): Min: 1896927501.5, Avg: 1896927501.5, Max: 1896927501.5, Diff: 0.1]
   [Code Root Fixup: 0.1 ms]
   [Code Root Purge: 0.0 ms]
   [Clear CT: 0.4 ms]
   [Other: 6.2 ms]
      [Choose CSet: 0.0 ms]
      [Ref Proc: 4.3 ms]
      [Ref Enq: 0.0 ms]
      [Redirty Cards: 0.3 ms]
      [Humongous Register: 0.2 ms]
      [Humongous Reclaim: 0.0 ms]
      [Free CSet: 1.0 ms]
   [Eden: 1213.0M(1213.0M)->0.0B(1212.0M) Survivors: 15.0M->16.0M Heap: 1584.2M(2048.0M)->372.8M(2048.0M)]
 [Times: user=0.14 sys=0.00, real=0.04 secs] 
2019-07-31T09:39:32.102+0000: 1901822.931: [GC pause (G1 Evacuation Pause) (young), 0.0174308 secs]
   [Parallel Time: 11.2 ms, GC Workers: 8]
      [GC Worker Start (ms): Min: 1901822931.6, Avg: 1901822931.7, Max: 1901822931.9, Diff: 0.3]
      [Ext Root Scanning (ms): Min: 0.7, Avg: 4.2, Max: 10.7, Diff: 10.0, Sum: 33.7]
      [Update RS (ms): Min: 0.0, Avg: 2.4, Max: 4.1, Diff: 4.1, Sum: 19.5]
         [Processed Buffers: Min: 0, Avg: 10.8, Max: 34, Diff: 34, Sum: 86]
      [Scan RS (ms): Min: 0.1, Avg: 0.2, Max: 0.3, Diff: 0.2, Sum: 1.6]
      [Code Root Scanning (ms): Min: 0.0, Avg: 0.0, Max: 0.0, Diff: 0.0, Sum: 0.0]
      [Object Copy (ms): Min: 0.0, Avg: 3.7, Max: 5.3, Diff: 5.2, Sum: 29.2]
      [Termination (ms): Min: 0.0, Avg: 0.3, Max: 0.4, Diff: 0.4, Sum: 2.1]
         [Termination Attempts: Min: 1, Avg: 26.8, Max: 40, Diff: 39, Sum: 214]
      [GC Worker Other (ms): Min: 0.0, Avg: 0.0, Max: 0.1, Diff: 0.1, Sum: 0.3]
      [GC Worker Total (ms): Min: 10.6, Avg: 10.8, Max: 10.9, Diff: 0.3, Sum: 86.5]
      [GC Worker End (ms): Min: 1901822942.5, Avg: 1901822942.5, Max: 1901822942.6, Diff: 0.1]
   [Code Root Fixup: 0.1 ms]
   [Code Root Purge: 0.0 ms]
   [Clear CT: 0.5 ms]
   [Other: 5.6 ms]
      [Choose CSet: 0.0 ms]
      [Ref Proc: 3.9 ms]
      [Ref Enq: 0.0 ms]
      [Redirty Cards: 0.3 ms]
      [Humongous Register: 0.2 ms]
      [Humongous Reclaim: 0.0 ms]
      [Free CSet: 0.9 ms]
   [Eden: 1212.0M(1212.0M)->0.0B(1212.0M) Survivors: 16.0M->16.0M Heap: 1584.8M(2048.0M)->373.3M(2048.0M)]
 [Times: user=0.07 sys=0.00, real=0.01 secs] 
2019-07-31T11:00:34.484+0000: 1906685.313: [GC pause (G1 Evacuation Pause) (young), 0.0180233 secs]
   [Parallel Time: 11.5 ms, GC Workers: 8]
      [GC Worker Start (ms): Min: 1906685313.8, Avg: 1906685314.8, Max: 1906685320.3, Diff: 6.5]
      [Ext Root Scanning (ms): Min: 0.0, Avg: 1.2, Max: 2.9, Diff: 2.9, Sum: 9.8]
      [Update RS (ms): Min: 0.0, Avg: 4.1, Max: 9.2, Diff: 9.2, Sum: 32.5]
         [Processed Buffers: Min: 0, Avg: 10.8, Max: 40, Diff: 40, Sum: 86]
      [Scan RS (ms): Min: 0.1, Avg: 0.2, Max: 0.3, Diff: 0.2, Sum: 1.8]
      [Code Root Scanning (ms): Min: 0.0, Avg: 0.0, Max: 0.0, Diff: 0.0, Sum: 0.1]
      [Object Copy (ms): Min: 0.7, Avg: 4.6, Max: 5.4, Diff: 4.7, Sum: 36.9]
      [Termination (ms): Min: 0.0, Avg: 0.1, Max: 0.1, Diff: 0.1, Sum: 0.9]
         [Termination Attempts: Min: 6, Avg: 29.2, Max: 40, Diff: 34, Sum: 234]
      [GC Worker Other (ms): Min: 0.0, Avg: 0.0, Max: 0.1, Diff: 0.1, Sum: 0.3]
      [GC Worker Total (ms): Min: 4.7, Avg: 10.3, Max: 11.2, Diff: 6.5, Sum: 82.2]
      [GC Worker End (ms): Min: 1906685325.0, Avg: 1906685325.1, Max: 1906685325.1, Diff: 0.1]
   [Code Root Fixup: 0.1 ms]
   [Code Root Purge: 0.0 ms]
   [Clear CT: 0.6 ms]
   [Other: 5.9 ms]
      [Choose CSet: 0.0 ms]
      [Ref Proc: 4.1 ms]
      [Ref Enq: 0.0 ms]
      [Redirty Cards: 0.4 ms]
      [Humongous Register: 0.2 ms]
      [Humongous Reclaim: 0.0 ms]
      [Free CSet: 1.0 ms]
   [Eden: 1212.0M(1212.0M)->0.0B(1212.0M) Survivors: 16.0M->16.0M Heap: 1585.3M(2048.0M)->373.9M(2048.0M)]
 [Times: user=0.08 sys=0.00, real=0.02 secs] 
2019-07-31T12:22:14.918+0000: 1911585.747: [GC pause (G1 Evacuation Pause) (young), 0.0159844 secs]
   [Parallel Time: 9.5 ms, GC Workers: 8]
      [GC Worker Start (ms): Min: 1911585747.9, Avg: 1911585748.0, Max: 1911585748.2, Diff: 0.4]
      [Ext Root Scanning (ms): Min: 0.6, Avg: 1.1, Max: 2.0, Diff: 1.4, Sum: 8.9]
      [Update RS (ms): Min: 2.3, Avg: 3.0, Max: 3.3, Diff: 1.1, Sum: 24.4]
         [Processed Buffers: Min: 3, Avg: 10.9, Max: 29, Diff: 26, Sum: 87]
      [Scan RS (ms): Min: 0.1, Avg: 0.2, Max: 0.3, Diff: 0.2, Sum: 1.7]
      [Code Root Scanning (ms): Min: 0.0, Avg: 0.0, Max: 0.0, Diff: 0.0, Sum: 0.0]
      [Object Copy (ms): Min: 4.3, Avg: 4.5, Max: 4.7, Diff: 0.3, Sum: 36.2]
      [Termination (ms): Min: 0.1, Avg: 0.1, Max: 0.2, Diff: 0.1, Sum: 1.1]
         [Termination Attempts: Min: 48, Avg: 54.0, Max: 61, Diff: 13, Sum: 432]
      [GC Worker Other (ms): Min: 0.0, Avg: 0.1, Max: 0.2, Diff: 0.2, Sum: 0.8]
      [GC Worker Total (ms): Min: 9.0, Avg: 9.1, Max: 9.3, Diff: 0.3, Sum: 73.1]
      [GC Worker End (ms): Min: 1911585757.1, Avg: 1911585757.1, Max: 1911585757.2, Diff: 0.2]
   [Code Root Fixup: 0.1 ms]
   [Code Root Purge: 0.0 ms]
   [Clear CT: 0.6 ms]
   [Other: 5.7 ms]
      [Choose CSet: 0.0 ms]
      [Ref Proc: 3.9 ms]
      [Ref Enq: 0.0 ms]
      [Redirty Cards: 0.3 ms]
      [Humongous Register: 0.2 ms]
      [Humongous Reclaim: 0.0 ms]
      [Free CSet: 1.0 ms]
   [Eden: 1212.0M(1212.0M)->0.0B(1213.0M) Survivors: 16.0M->15.0M Heap: 1585.9M(2048.0M)->373.5M(2048.0M)]
 [Times: user=0.08 sys=0.00, real=0.02 secs] 
2019-07-31T13:43:55.470+0000: 1916486.328: [GC pause (G1 Evacuation Pause) (young), 0.0753666 secs]
   [Parallel Time: 20.2 ms, GC Workers: 8]
      [GC Worker Start (ms): Min: 1916486344.2, Avg: 1916486344.4, Max: 1916486344.7, Diff: 0.4]
      [Ext Root Scanning (ms): Min: 1.5, Avg: 3.2, Max: 6.0, Diff: 4.5, Sum: 25.3]
      [Update RS (ms): Min: 1.9, Avg: 4.6, Max: 7.4, Diff: 5.4, Sum: 37.1]
         [Processed Buffers: Min: 2, Avg: 11.0, Max: 31, Diff: 29, Sum: 88]
      [Scan RS (ms): Min: 0.1, Avg: 0.4, Max: 0.5, Diff: 0.4, Sum: 3.0]
      [Code Root Scanning (ms): Min: 0.0, Avg: 0.0, Max: 0.0, Diff: 0.0, Sum: 0.1]
      [Object Copy (ms): Min: 10.3, Avg: 11.2, Max: 11.6, Diff: 1.3, Sum: 89.8]
      [Termination (ms): Min: 0.1, Avg: 0.2, Max: 0.3, Diff: 0.2, Sum: 1.3]
         [Termination Attempts: Min: 55, Avg: 68.9, Max: 80, Diff: 25, Sum: 551]
      [GC Worker Other (ms): Min: 0.1, Avg: 0.2, Max: 0.4, Diff: 0.3, Sum: 1.7]
      [GC Worker Total (ms): Min: 19.5, Avg: 19.8, Max: 20.0, Diff: 0.4, Sum: 158.2]
      [GC Worker End (ms): Min: 1916486364.1, Avg: 1916486364.2, Max: 1916486364.3, Diff: 0.2]
   [Code Root Fixup: 0.1 ms]
   [Code Root Purge: 0.0 ms]
   [Clear CT: 1.0 ms]
   [Other: 54.1 ms]
      [Choose CSet: 0.0 ms]
      [Ref Proc: 6.6 ms]
      [Ref Enq: 0.0 ms]
      [Redirty Cards: 0.7 ms]
      [Humongous Register: 0.2 ms]
      [Humongous Reclaim: 0.0 ms]
      [Free CSet: 1.6 ms]
   [Eden: 1213.0M(1213.0M)->0.0B(1212.0M) Survivors: 15.0M->16.0M Heap: 1586.5M(2048.0M)->374.6M(2048.0M)]
 [Times: user=0.12 sys=0.01, real=0.08 secs] 
2019-07-31T15:05:38.299+0000: 1921389.129: [GC pause (G1 Evacuation Pause) (young), 0.0207223 secs]
   [Parallel Time: 12.2 ms, GC Workers: 8]
      [GC Worker Start (ms): Min: 1921389129.1, Avg: 1921389129.2, Max: 1921389129.3, Diff: 0.3]
      [Ext Root Scanning (ms): Min: 0.8, Avg: 1.3, Max: 3.4, Diff: 2.6, Sum: 10.6]
      [Update RS (ms): Min: 1.4, Avg: 3.4, Max: 4.1, Diff: 2.7, Sum: 27.0]
         [Processed Buffers: Min: 2, Avg: 11.4, Max: 36, Diff: 34, Sum: 91]
      [Scan RS (ms): Min: 0.1, Avg: 0.4, Max: 0.5, Diff: 0.4, Sum: 2.9]
      [Code Root Scanning (ms): Min: 0.0, Avg: 0.0, Max: 0.0, Diff: 0.0, Sum: 0.1]
      [Object Copy (ms): Min: 6.6, Avg: 6.6, Max: 6.7, Diff: 0.2, Sum: 53.1]
      [Termination (ms): Min: 0.0, Avg: 0.1, Max: 0.1, Diff: 0.0, Sum: 0.4]
         [Termination Attempts: Min: 30, Avg: 36.2, Max: 45, Diff: 15, Sum: 290]
      [GC Worker Other (ms): Min: 0.0, Avg: 0.2, Max: 0.3, Diff: 0.2, Sum: 1.2]
      [GC Worker Total (ms): Min: 11.8, Avg: 11.9, Max: 12.1, Diff: 0.3, Sum: 95.3]
      [GC Worker End (ms): Min: 1921389141.0, Avg: 1921389141.1, Max: 1921389141.2, Diff: 0.2]
   [Code Root Fixup: 0.1 ms]
   [Code Root Purge: 0.0 ms]
   [Clear CT: 1.0 ms]
   [Other: 7.4 ms]
      [Choose CSet: 0.0 ms]
      [Ref Proc: 4.9 ms]
      [Ref Enq: 0.1 ms]
      [Redirty Cards: 0.3 ms]
      [Humongous Register: 0.2 ms]
      [Humongous Reclaim: 0.0 ms]
      [Free CSet: 1.4 ms]
   [Eden: 1212.0M(1212.0M)->0.0B(1213.0M) Survivors: 16.0M->15.0M Heap: 1586.6M(2048.0M)->374.7M(2048.0M)]
 [Times: user=0.10 sys=0.00, real=0.02 secs] 
2019-07-31T16:26:29.343+0000: 1926240.172: [GC pause (G1 Evacuation Pause) (young), 0.0229917 secs]
   [Parallel Time: 14.1 ms, GC Workers: 8]
      [GC Worker Start (ms): Min: 1926240172.6, Avg: 1926240172.9, Max: 1926240173.9, Diff: 1.3]
      [Ext Root Scanning (ms): Min: 0.0, Avg: 0.9, Max: 2.3, Diff: 2.3, Sum: 7.6]
      [Update RS (ms): Min: 3.0, Avg: 6.1, Max: 12.3, Diff: 9.3, Sum: 48.8]
         [Processed Buffers: Min: 2, Avg: 11.5, Max: 50, Diff: 48, Sum: 92]
      [Scan RS (ms): Min: 0.1, Avg: 0.3, Max: 0.3, Diff: 0.2, Sum: 2.0]
      [Code Root Scanning (ms): Min: 0.0, Avg: 0.0, Max: 0.0, Diff: 0.0, Sum: 0.1]
      [Object Copy (ms): Min: 0.1, Avg: 5.4, Max: 8.5, Diff: 8.4, Sum: 42.8]
      [Termination (ms): Min: 0.0, Avg: 0.7, Max: 0.9, Diff: 0.9, Sum: 5.6]
         [Termination Attempts: Min: 1, Avg: 54.5, Max: 82, Diff: 81, Sum: 436]
      [GC Worker Other (ms): Min: 0.0, Avg: 0.0, Max: 0.1, Diff: 0.0, Sum: 0.2]
      [GC Worker Total (ms): Min: 12.5, Avg: 13.4, Max: 13.8, Diff: 1.3, Sum: 107.2]
      [GC Worker End (ms): Min: 1926240186.3, Avg: 1926240186.3, Max: 1926240186.4, Diff: 0.0]
   [Code Root Fixup: 0.1 ms]
   [Code Root Purge: 0.0 ms]
   [Clear CT: 0.6 ms]
   [Other: 8.2 ms]
      [Choose CSet: 0.0 ms]
      [Ref Proc: 5.7 ms]
      [Ref Enq: 0.1 ms]
      [Redirty Cards: 0.4 ms]
      [Humongous Register: 0.3 ms]
      [Humongous Reclaim: 0.0 ms]
      [Free CSet: 1.3 ms]
   [Eden: 1213.0M(1213.0M)->0.0B(1212.0M) Survivors: 15.0M->16.0M Heap: 1587.7M(2048.0M)->376.2M(2048.0M)]
 [Times: user=0.10 sys=0.00, real=0.02 secs] 
2019-07-31T17:48:20.092+0000: 1931150.921: [GC pause (G1 Evacuation Pause) (young), 0.0387913 secs]
   [Parallel Time: 30.3 ms, GC Workers: 8]
      [GC Worker Start (ms): Min: 1931150921.3, Avg: 1931150922.2, Max: 1931150927.3, Diff: 6.0]
      [Ext Root Scanning (ms): Min: 0.0, Avg: 1.6, Max: 4.1, Diff: 4.1, Sum: 13.2]
      [Update RS (ms): Min: 0.0, Avg: 3.2, Max: 4.0, Diff: 4.0, Sum: 25.4]
         [Processed Buffers: Min: 0, Avg: 11.1, Max: 35, Diff: 35, Sum: 89]
      [Scan RS (ms): Min: 0.1, Avg: 0.7, Max: 2.6, Diff: 2.5, Sum: 5.3]
      [Code Root Scanning (ms): Min: 0.0, Avg: 0.0, Max: 0.0, Diff: 0.0, Sum: 0.1]
      [Object Copy (ms): Min: 21.7, Avg: 23.6, Max: 23.9, Diff: 2.2, Sum: 188.4]
      [Termination (ms): Min: 0.1, Avg: 0.1, Max: 0.1, Diff: 0.0, Sum: 0.8]
         [Termination Attempts: Min: 57, Avg: 69.4, Max: 83, Diff: 26, Sum: 555]
      [GC Worker Other (ms): Min: 0.0, Avg: 0.1, Max: 0.2, Diff: 0.2, Sum: 0.9]
      [GC Worker Total (ms): Min: 24.1, Avg: 29.2, Max: 30.1, Diff: 6.0, Sum: 233.9]
      [GC Worker End (ms): Min: 1931150951.3, Avg: 1931150951.4, Max: 1931150951.5, Diff: 0.1]
   [Code Root Fixup: 0.1 ms]
   [Code Root Purge: 0.0 ms]
   [Clear CT: 0.9 ms]
   [Other: 7.4 ms]
      [Choose CSet: 0.0 ms]
      [Ref Proc: 4.9 ms]
      [Ref Enq: 0.0 ms]
      [Redirty Cards: 0.3 ms]
      [Humongous Register: 0.2 ms]
      [Humongous Reclaim: 0.0 ms]
      [Free CSet: 1.6 ms]
   [Eden: 1212.0M(1212.0M)->0.0B(1212.0M) Survivors: 16.0M->16.0M Heap: 1588.2M(2048.0M)->376.3M(2048.0M)]
 [Times: user=0.11 sys=0.00, real=0.03 secs] 
2019-07-31T19:09:35.033+0000: 1936025.862: [GC pause (G1 Evacuation Pause) (young), 0.0211426 secs]
   [Parallel Time: 13.2 ms, GC Workers: 8]
      [GC Worker Start (ms): Min: 1936025862.4, Avg: 1936025862.7, Max: 1936025863.4, Diff: 1.0]
      [Ext Root Scanning (ms): Min: 0.2, Avg: 1.0, Max: 2.3, Diff: 2.1, Sum: 7.8]
      [Update RS (ms): Min: 3.0, Avg: 4.6, Max: 7.8, Diff: 4.8, Sum: 37.0]
         [Processed Buffers: Min: 3, Avg: 10.9, Max: 28, Diff: 25, Sum: 87]
      [Scan RS (ms): Min: 0.1, Avg: 0.2, Max: 0.3, Diff: 0.2, Sum: 1.9]
      [Code Root Scanning (ms): Min: 0.0, Avg: 0.0, Max: 0.0, Diff: 0.0, Sum: 0.1]
      [Object Copy (ms): Min: 3.5, Avg: 6.3, Max: 7.1, Diff: 3.6, Sum: 50.7]
      [Termination (ms): Min: 0.1, Avg: 0.2, Max: 0.3, Diff: 0.2, Sum: 1.8]
         [Termination Attempts: Min: 30, Avg: 38.4, Max: 44, Diff: 14, Sum: 307]
      [GC Worker Other (ms): Min: 0.0, Avg: 0.1, Max: 0.2, Diff: 0.2, Sum: 0.9]
      [GC Worker Total (ms): Min: 11.8, Avg: 12.5, Max: 12.8, Diff: 1.0, Sum: 100.2]
      [GC Worker End (ms): Min: 1936025875.1, Avg: 1936025875.2, Max: 1936025875.3, Diff: 0.2]
   [Code Root Fixup: 0.1 ms]
   [Code Root Purge: 0.0 ms]
   [Clear CT: 0.7 ms]
   [Other: 7.1 ms]
      [Choose CSet: 0.0 ms]
      [Ref Proc: 4.6 ms]
      [Ref Enq: 0.0 ms]
      [Redirty Cards: 0.4 ms]
      [Humongous Register: 0.3 ms]
      [Humongous Reclaim: 0.0 ms]
      [Free CSet: 1.4 ms]
   [Eden: 1212.0M(1212.0M)->0.0B(1212.0M) Survivors: 16.0M->16.0M Heap: 1588.3M(2048.0M)->376.8M(2048.0M)]
 [Times: user=0.11 sys=0.00, real=0.02 secs] 
2019-07-31T20:31:12.654+0000: 1940923.483: [GC pause (G1 Evacuation Pause) (young), 0.0195376 secs]
   [Parallel Time: 12.7 ms, GC Workers: 8]
      [GC Worker Start (ms): Min: 1940923483.6, Avg: 1940923484.0, Max: 1940923485.9, Diff: 2.3]
      [Ext Root Scanning (ms): Min: 0.0, Avg: 1.1, Max: 2.4, Diff: 2.4, Sum: 8.7]
      [Update RS (ms): Min: 2.9, Avg: 4.4, Max: 7.0, Diff: 4.2, Sum: 35.5]
         [Processed Buffers: Min: 5, Avg: 11.4, Max: 31, Diff: 26, Sum: 91]
      [Scan RS (ms): Min: 0.1, Avg: 0.2, Max: 0.3, Diff: 0.2, Sum: 2.0]
      [Code Root Scanning (ms): Min: 0.0, Avg: 0.0, Max: 0.0, Diff: 0.0, Sum: 0.1]
      [Object Copy (ms): Min: 3.8, Avg: 5.9, Max: 6.7, Diff: 2.9, Sum: 46.9]
      [Termination (ms): Min: 0.1, Avg: 0.2, Max: 0.2, Diff: 0.1, Sum: 1.5]
         [Termination Attempts: Min: 55, Avg: 62.0, Max: 69, Diff: 14, Sum: 496]
      [GC Worker Other (ms): Min: 0.0, Avg: 0.1, Max: 0.2, Diff: 0.2, Sum: 0.8]
      [GC Worker Total (ms): Min: 10.0, Avg: 11.9, Max: 12.4, Diff: 2.4, Sum: 95.4]
      [GC Worker End (ms): Min: 1940923495.9, Avg: 1940923496.0, Max: 1940923496.1, Diff: 0.2]
   [Code Root Fixup: 0.1 ms]
   [Code Root Purge: 0.0 ms]
   [Clear CT: 0.6 ms]
   [Other: 6.2 ms]
      [Choose CSet: 0.0 ms]
      [Ref Proc: 4.1 ms]
      [Ref Enq: 0.0 ms]
      [Redirty Cards: 0.4 ms]
      [Humongous Register: 0.3 ms]
      [Humongous Reclaim: 0.0 ms]
      [Free CSet: 1.0 ms]
   [Eden: 1212.0M(1212.0M)->0.0B(1212.0M) Survivors: 16.0M->16.0M Heap: 1588.8M(2048.0M)->377.9M(2048.0M)]
 [Times: user=0.10 sys=0.00, real=0.02 secs] 
2019-07-31T21:53:04.685+0000: 1945835.514: [GC pause (G1 Evacuation Pause) (young), 0.0217407 secs]
   [Parallel Time: 11.8 ms, GC Workers: 8]
      [GC Worker Start (ms): Min: 1945835514.6, Avg: 1945835514.8, Max: 1945835515.0, Diff: 0.4]
      [Ext Root Scanning (ms): Min: 0.9, Avg: 1.2, Max: 2.3, Diff: 1.4, Sum: 9.8]
      [Update RS (ms): Min: 3.0, Avg: 3.8, Max: 4.3, Diff: 1.4, Sum: 30.7]
         [Processed Buffers: Min: 4, Avg: 10.8, Max: 16, Diff: 12, Sum: 86]
      [Scan RS (ms): Min: 0.1, Avg: 0.3, Max: 0.4, Diff: 0.3, Sum: 2.4]
      [Code Root Scanning (ms): Min: 0.0, Avg: 0.0, Max: 0.0, Diff: 0.0, Sum: 0.1]
      [Object Copy (ms): Min: 5.5, Avg: 5.6, Max: 5.8, Diff: 0.3, Sum: 45.0]
      [Termination (ms): Min: 0.2, Avg: 0.3, Max: 0.3, Diff: 0.1, Sum: 2.1]
         [Termination Attempts: Min: 52, Avg: 58.1, Max: 66, Diff: 14, Sum: 465]
      [GC Worker Other (ms): Min: 0.0, Avg: 0.1, Max: 0.2, Diff: 0.2, Sum: 0.8]
      [GC Worker Total (ms): Min: 11.1, Avg: 11.4, Max: 11.6, Diff: 0.5, Sum: 90.8]
      [GC Worker End (ms): Min: 1945835526.1, Avg: 1945835526.2, Max: 1945835526.3, Diff: 0.2]
   [Code Root Fixup: 0.1 ms]
   [Code Root Purge: 0.0 ms]
   [Clear CT: 1.5 ms]
   [Other: 8.3 ms]
      [Choose CSet: 0.0 ms]
      [Ref Proc: 5.8 ms]
      [Ref Enq: 0.1 ms]
      [Redirty Cards: 0.6 ms]
      [Humongous Register: 0.3 ms]
      [Humongous Reclaim: 0.0 ms]
      [Free CSet: 1.2 ms]
   [Eden: 1212.0M(1212.0M)->0.0B(1212.0M) Survivors: 16.0M->16.0M Heap: 1589.9M(2048.0M)->378.0M(2048.0M)]
 [Times: user=0.10 sys=0.00, real=0.02 secs] 
2019-07-31T23:14:17.179+0000: 1950708.008: [GC pause (G1 Evacuation Pause) (young), 0.0272245 secs]
   [Parallel Time: 17.4 ms, GC Workers: 8]
      [GC Worker Start (ms): Min: 1950708009.1, Avg: 1950708009.2, Max: 1950708009.3, Diff: 0.3]
      [Ext Root Scanning (ms): Min: 0.7, Avg: 1.1, Max: 2.5, Diff: 1.8, Sum: 8.8]
      [Update RS (ms): Min: 3.0, Avg: 4.5, Max: 5.5, Diff: 2.4, Sum: 36.0]
         [Processed Buffers: Min: 3, Avg: 11.1, Max: 26, Diff: 23, Sum: 89]
      [Scan RS (ms): Min: 0.1, Avg: 0.2, Max: 0.4, Diff: 0.3, Sum: 1.9]
      [Code Root Scanning (ms): Min: 0.0, Avg: 0.0, Max: 0.0, Diff: 0.0, Sum: 0.1]
      [Object Copy (ms): Min: 10.2, Avg: 10.8, Max: 11.0, Diff: 0.8, Sum: 86.4]
      [Termination (ms): Min: 0.1, Avg: 0.1, Max: 0.1, Diff: 0.0, Sum: 1.0]
         [Termination Attempts: Min: 48, Avg: 56.8, Max: 63, Diff: 15, Sum: 454]
      [GC Worker Other (ms): Min: 0.1, Avg: 0.1, Max: 0.2, Diff: 0.2, Sum: 1.0]
      [GC Worker Total (ms): Min: 16.7, Avg: 16.9, Max: 17.1, Diff: 0.3, Sum: 135.3]
      [GC Worker End (ms): Min: 1950708026.0, Avg: 1950708026.1, Max: 1950708026.2, Diff: 0.2]
   [Code Root Fixup: 0.1 ms]
   [Code Root Purge: 0.0 ms]
   [Clear CT: 0.7 ms]
   [Other: 9.1 ms]
      [Choose CSet: 0.0 ms]
      [Ref Proc: 6.2 ms]
      [Ref Enq: 0.0 ms]
      [Redirty Cards: 0.5 ms]
      [Humongous Register: 0.5 ms]
      [Humongous Reclaim: 0.0 ms]
      [Free CSet: 1.3 ms]
   [Eden: 1212.0M(1212.0M)->0.0B(1211.0M) Survivors: 16.0M->17.0M Heap: 1590.0M(2048.0M)->379.5M(2048.0M)]
 [Times: user=0.11 sys=0.00, real=0.03 secs] 
2019-08-01T00:35:58.254+0000: 1955609.083: [GC pause (G1 Evacuation Pause) (young), 0.0191022 secs]
   [Parallel Time: 12.0 ms, GC Workers: 8]
      [GC Worker Start (ms): Min: 1955609083.4, Avg: 1955609083.8, Max: 1955609084.5, Diff: 1.1]
      [Ext Root Scanning (ms): Min: 0.6, Avg: 1.4, Max: 3.0, Diff: 2.5, Sum: 11.4]
      [Update RS (ms): Min: 2.7, Avg: 3.9, Max: 4.4, Diff: 1.6, Sum: 30.9]
         [Processed Buffers: Min: 4, Avg: 11.0, Max: 18, Diff: 14, Sum: 88]
      [Scan RS (ms): Min: 0.1, Avg: 0.3, Max: 0.3, Diff: 0.2, Sum: 2.0]
      [Code Root Scanning (ms): Min: 0.0, Avg: 0.0, Max: 0.0, Diff: 0.0, Sum: 0.1]
      [Object Copy (ms): Min: 5.4, Avg: 5.5, Max: 5.9, Diff: 0.6, Sum: 44.3]
      [Termination (ms): Min: 0.1, Avg: 0.1, Max: 0.1, Diff: 0.0, Sum: 0.7]
         [Termination Attempts: Min: 28, Avg: 30.8, Max: 34, Diff: 6, Sum: 246]
      [GC Worker Other (ms): Min: 0.0, Avg: 0.1, Max: 0.2, Diff: 0.2, Sum: 0.9]
      [GC Worker Total (ms): Min: 10.6, Avg: 11.3, Max: 11.7, Diff: 1.2, Sum: 90.2]
      [GC Worker End (ms): Min: 1955609095.0, Avg: 1955609095.0, Max: 1955609095.1, Diff: 0.2]
   [Code Root Fixup: 0.1 ms]
   [Code Root Purge: 0.0 ms]
   [Clear CT: 0.8 ms]
   [Other: 6.2 ms]
      [Choose CSet: 0.0 ms]
      [Ref Proc: 3.8 ms]
      [Ref Enq: 0.0 ms]
      [Redirty Cards: 0.7 ms]
      [Humongous Register: 0.3 ms]
      [Humongous Reclaim: 0.0 ms]
      [Free CSet: 1.0 ms]
   [Eden: 1211.0M(1211.0M)->0.0B(1213.0M) Survivors: 17.0M->15.0M Heap: 1590.5M(2048.0M)->378.6M(2048.0M)]
 [Times: user=0.10 sys=0.00, real=0.02 secs] 
2019-08-01T01:57:40.841+0000: 1960511.670: [GC pause (G1 Evacuation Pause) (young), 0.0274636 secs]
   [Parallel Time: 17.3 ms, GC Workers: 8]
      [GC Worker Start (ms): Min: 1960511670.6, Avg: 1960511670.8, Max: 1960511671.0, Diff: 0.4]
      [Ext Root Scanning (ms): Min: 1.6, Avg: 3.2, Max: 6.6, Diff: 4.9, Sum: 25.8]
      [Update RS (ms): Min: 0.7, Avg: 4.2, Max: 6.7, Diff: 5.9, Sum: 33.7]
         [Processed Buffers: Min: 3, Avg: 11.0, Max: 30, Diff: 27, Sum: 88]
      [Scan RS (ms): Min: 0.1, Avg: 0.3, Max: 0.5, Diff: 0.4, Sum: 2.7]
      [Code Root Scanning (ms): Min: 0.0, Avg: 0.0, Max: 0.0, Diff: 0.0, Sum: 0.1]
      [Object Copy (ms): Min: 6.8, Avg: 7.6, Max: 8.0, Diff: 1.1, Sum: 60.9]
      [Termination (ms): Min: 0.1, Avg: 0.1, Max: 0.1, Diff: 0.1, Sum: 0.6]
         [Termination Attempts: Min: 56, Avg: 68.2, Max: 91, Diff: 35, Sum: 546]
      [GC Worker Other (ms): Min: 0.1, Avg: 0.2, Max: 0.2, Diff: 0.2, Sum: 1.3]
      [GC Worker Total (ms): Min: 15.5, Avg: 15.6, Max: 15.8, Diff: 0.4, Sum: 125.1]
      [GC Worker End (ms): Min: 1960511686.4, Avg: 1960511686.4, Max: 1960511686.5, Diff: 0.2]
   [Code Root Fixup: 0.1 ms]
   [Code Root Purge: 0.0 ms]
   [Clear CT: 1.1 ms]
   [Other: 9.0 ms]
      [Choose CSet: 0.0 ms]
      [Ref Proc: 5.7 ms]
      [Ref Enq: 0.1 ms]
      [Redirty Cards: 0.4 ms]
      [Humongous Register: 0.3 ms]
      [Humongous Reclaim: 0.0 ms]
      [Free CSet: 1.9 ms]
   [Eden: 1213.0M(1213.0M)->0.0B(1212.0M) Survivors: 15.0M->16.0M Heap: 1591.6M(2048.0M)->380.1M(2048.0M)]
 [Times: user=0.13 sys=0.00, real=0.04 secs] 
2019-08-01T03:19:06.130+0000: 1965396.959: [GC pause (G1 Evacuation Pause) (young), 0.0215168 secs]
   [Parallel Time: 15.0 ms, GC Workers: 8]
      [GC Worker Start (ms): Min: 1965396959.8, Avg: 1965396960.2, Max: 1965396961.0, Diff: 1.2]
      [Ext Root Scanning (ms): Min: 0.0, Avg: 0.8, Max: 2.1, Diff: 2.0, Sum: 6.4]
      [Update RS (ms): Min: 2.2, Avg: 3.0, Max: 3.3, Diff: 1.1, Sum: 24.2]
         [Processed Buffers: Min: 2, Avg: 10.9, Max: 27, Diff: 25, Sum: 87]
      [Scan RS (ms): Min: 0.1, Avg: 0.3, Max: 0.3, Diff: 0.2, Sum: 2.1]
      [Code Root Scanning (ms): Min: 0.0, Avg: 0.0, Max: 0.0, Diff: 0.0, Sum: 0.1]
      [Object Copy (ms): Min: 7.2, Avg: 9.4, Max: 10.1, Diff: 2.9, Sum: 74.9]
      [Termination (ms): Min: 0.0, Avg: 0.7, Max: 2.9, Diff: 2.9, Sum: 5.7]
         [Termination Attempts: Min: 1, Avg: 7.6, Max: 30, Diff: 29, Sum: 61]
      [GC Worker Other (ms): Min: 0.0, Avg: 0.1, Max: 0.2, Diff: 0.1, Sum: 0.6]
      [GC Worker Total (ms): Min: 13.5, Avg: 14.2, Max: 14.7, Diff: 1.1, Sum: 114.0]
      [GC Worker End (ms): Min: 1965396974.4, Avg: 1965396974.5, Max: 1965396974.5, Diff: 0.1]
   [Code Root Fixup: 0.1 ms]
   [Code Root Purge: 0.0 ms]
   [Clear CT: 0.7 ms]
   [Other: 5.8 ms]
      [Choose CSet: 0.0 ms]
      [Ref Proc: 3.9 ms]
      [Ref Enq: 0.0 ms]
      [Redirty Cards: 0.4 ms]
      [Humongous Register: 0.2 ms]
      [Humongous Reclaim: 0.0 ms]
      [Free CSet: 1.0 ms]
   [Eden: 1212.0M(1212.0M)->0.0B(1212.0M) Survivors: 16.0M->16.0M Heap: 1592.1M(2048.0M)->380.7M(2048.0M)]
 [Times: user=0.08 sys=0.00, real=0.03 secs] 
2019-08-01T04:40:50.763+0000: 1970301.592: [GC pause (G1 Evacuation Pause) (young), 0.0205629 secs]
   [Parallel Time: 12.6 ms, GC Workers: 8]
      [GC Worker Start (ms): Min: 1970301592.9, Avg: 1970301593.1, Max: 1970301593.3, Diff: 0.4]
      [Ext Root Scanning (ms): Min: 0.7, Avg: 1.3, Max: 3.7, Diff: 3.0, Sum: 10.7]
      [Update RS (ms): Min: 1.7, Avg: 3.8, Max: 4.2, Diff: 2.6, Sum: 30.4]
         [Processed Buffers: Min: 3, Avg: 11.0, Max: 27, Diff: 24, Sum: 88]
      [Scan RS (ms): Min: 0.3, Avg: 0.4, Max: 0.4, Diff: 0.1, Sum: 2.9]
      [Code Root Scanning (ms): Min: 0.0, Avg: 0.0, Max: 0.0, Diff: 0.0, Sum: 0.1]
      [Object Copy (ms): Min: 6.4, Avg: 6.5, Max: 6.6, Diff: 0.2, Sum: 52.3]
      [Termination (ms): Min: 0.1, Avg: 0.1, Max: 0.1, Diff: 0.0, Sum: 0.7]
         [Termination Attempts: Min: 55, Avg: 62.6, Max: 68, Diff: 13, Sum: 501]
      [GC Worker Other (ms): Min: 0.0, Avg: 0.1, Max: 0.2, Diff: 0.2, Sum: 0.9]
      [GC Worker Total (ms): Min: 11.9, Avg: 12.2, Max: 12.5, Diff: 0.5, Sum: 98.0]
      [GC Worker End (ms): Min: 1970301605.3, Avg: 1970301605.3, Max: 1970301605.4, Diff: 0.2]
   [Code Root Fixup: 0.1 ms]
   [Code Root Purge: 0.0 ms]
   [Clear CT: 0.7 ms]
   [Other: 7.1 ms]
      [Choose CSet: 0.0 ms]
      [Ref Proc: 4.7 ms]
      [Ref Enq: 0.0 ms]
      [Redirty Cards: 0.3 ms]
      [Humongous Register: 0.2 ms]
      [Humongous Reclaim: 0.0 ms]
      [Free CSet: 1.3 ms]
   [Eden: 1212.0M(1212.0M)->0.0B(1212.0M) Survivors: 16.0M->16.0M Heap: 1592.7M(2048.0M)->381.3M(2048.0M)]
 [Times: user=0.11 sys=0.00, real=0.02 secs] 
2019-08-01T06:02:41.843+0000: 1975212.672: [GC pause (G1 Evacuation Pause) (young), 0.0181509 secs]
   [Parallel Time: 10.2 ms, GC Workers: 8]
      [GC Worker Start (ms): Min: 1975212673.0, Avg: 1975212673.6, Max: 1975212674.9, Diff: 1.9]
      [Ext Root Scanning (ms): Min: 0.0, Avg: 0.7, Max: 1.9, Diff: 1.9, Sum: 5.7]
      [Update RS (ms): Min: 2.5, Avg: 3.0, Max: 3.4, Diff: 0.9, Sum: 24.3]
         [Processed Buffers: Min: 2, Avg: 11.2, Max: 42, Diff: 40, Sum: 90]
      [Scan RS (ms): Min: 0.1, Avg: 0.3, Max: 0.3, Diff: 0.2, Sum: 2.0]
      [Code Root Scanning (ms): Min: 0.0, Avg: 0.0, Max: 0.0, Diff: 0.0, Sum: 0.1]
      [Object Copy (ms): Min: 5.0, Avg: 5.2, Max: 5.3, Diff: 0.3, Sum: 41.6]
      [Termination (ms): Min: 0.0, Avg: 0.1, Max: 0.1, Diff: 0.1, Sum: 0.8]
         [Termination Attempts: Min: 26, Avg: 47.6, Max: 62, Diff: 36, Sum: 381]
      [GC Worker Other (ms): Min: 0.0, Avg: 0.1, Max: 0.2, Diff: 0.1, Sum: 0.8]
      [GC Worker Total (ms): Min: 8.2, Avg: 9.4, Max: 10.1, Diff: 1.9, Sum: 75.3]
      [GC Worker End (ms): Min: 1975212683.0, Avg: 1975212683.1, Max: 1975212683.1, Diff: 0.1]
   [Code Root Fixup: 0.1 ms]
   [Code Root Purge: 0.0 ms]
   [Clear CT: 0.6 ms]
   [Other: 7.3 ms]
      [Choose CSet: 0.0 ms]
      [Ref Proc: 5.0 ms]
      [Ref Enq: 0.0 ms]
      [Redirty Cards: 0.3 ms]
      [Humongous Register: 0.3 ms]
      [Humongous Reclaim: 0.0 ms]
      [Free CSet: 1.2 ms]
   [Eden: 1212.0M(1212.0M)->0.0B(1213.0M) Survivors: 16.0M->15.0M Heap: 1593.3M(2048.0M)->380.8M(2048.0M)]
 [Times: user=0.09 sys=0.00, real=0.02 secs] 
2019-08-01T07:24:13.952+0000: 1980104.781: [GC pause (G1 Evacuation Pause) (young), 0.0323297 secs]
   [Parallel Time: 22.3 ms, GC Workers: 8]
      [GC Worker Start (ms): Min: 1980104781.9, Avg: 1980104783.3, Max: 1980104786.4, Diff: 4.5]
      [Ext Root Scanning (ms): Min: 0.0, Avg: 0.9, Max: 2.3, Diff: 2.3, Sum: 7.5]
      [Update RS (ms): Min: 3.0, Avg: 5.1, Max: 5.7, Diff: 2.7, Sum: 40.6]
         [Processed Buffers: Min: 3, Avg: 11.1, Max: 31, Diff: 28, Sum: 89]
      [Scan RS (ms): Min: 0.1, Avg: 0.3, Max: 0.3, Diff: 0.2, Sum: 2.0]
      [Code Root Scanning (ms): Min: 0.0, Avg: 0.0, Max: 0.0, Diff: 0.0, Sum: 0.1]
      [Object Copy (ms): Min: 13.9, Avg: 14.1, Max: 14.3, Diff: 0.4, Sum: 112.9]
      [Termination (ms): Min: 0.1, Avg: 0.2, Max: 0.2, Diff: 0.1, Sum: 1.6]
         [Termination Attempts: Min: 41, Avg: 54.4, Max: 62, Diff: 21, Sum: 435]
      [GC Worker Other (ms): Min: 0.0, Avg: 0.1, Max: 0.2, Diff: 0.2, Sum: 1.0]
      [GC Worker Total (ms): Min: 17.5, Avg: 20.7, Max: 22.1, Diff: 4.6, Sum: 165.7]
      [GC Worker End (ms): Min: 1980104803.9, Avg: 1980104804.0, Max: 1980104804.1, Diff: 0.2]
   [Code Root Fixup: 0.1 ms]
   [Code Root Purge: 0.0 ms]
   [Clear CT: 0.8 ms]
   [Other: 9.0 ms]
      [Choose CSet: 0.0 ms]
      [Ref Proc: 6.5 ms]
      [Ref Enq: 0.1 ms]
      [Redirty Cards: 0.5 ms]
      [Humongous Register: 0.2 ms]
      [Humongous Reclaim: 0.0 ms]
      [Free CSet: 1.4 ms]
   [Eden: 1213.0M(1213.0M)->0.0B(1212.0M) Survivors: 15.0M->16.0M Heap: 1593.8M(2048.0M)->382.1M(2048.0M)]
 [Times: user=0.11 sys=0.01, real=0.03 secs] 
2019-08-01T08:45:58.772+0000: 1985009.602: [GC pause (G1 Evacuation Pause) (young), 0.0278239 secs]
   [Parallel Time: 15.9 ms, GC Workers: 8]
      [GC Worker Start (ms): Min: 1985009602.0, Avg: 1985009602.3, Max: 1985009602.6, Diff: 0.6]
      [Ext Root Scanning (ms): Min: 0.9, Avg: 1.6, Max: 3.5, Diff: 2.6, Sum: 12.8]
      [Update RS (ms): Min: 3.0, Avg: 4.5, Max: 4.8, Diff: 1.8, Sum: 36.0]
         [Processed Buffers: Min: 3, Avg: 11.2, Max: 32, Diff: 29, Sum: 90]
      [Scan RS (ms): Min: 0.1, Avg: 0.4, Max: 0.4, Diff: 0.3, Sum: 2.9]
      [Code Root Scanning (ms): Min: 0.0, Avg: 0.0, Max: 0.0, Diff: 0.0, Sum: 0.1]
      [Object Copy (ms): Min: 7.9, Avg: 8.0, Max: 8.1, Diff: 0.2, Sum: 64.0]
      [Termination (ms): Min: 0.1, Avg: 0.2, Max: 0.3, Diff: 0.1, Sum: 1.4]
         [Termination Attempts: Min: 57, Avg: 72.0, Max: 85, Diff: 28, Sum: 576]
      [GC Worker Other (ms): Min: 0.0, Avg: 0.3, Max: 0.6, Diff: 0.5, Sum: 2.3]
      [GC Worker Total (ms): Min: 14.5, Avg: 14.9, Max: 15.3, Diff: 0.8, Sum: 119.4]
      [GC Worker End (ms): Min: 1985009617.0, Avg: 1985009617.2, Max: 1985009617.5, Diff: 0.5]
   [Code Root Fixup: 0.2 ms]
   [Code Root Purge: 0.0 ms]
   [Clear CT: 1.0 ms]
   [Other: 10.8 ms]
      [Choose CSet: 0.0 ms]
      [Ref Proc: 7.4 ms]
      [Ref Enq: 0.1 ms]
      [Redirty Cards: 0.4 ms]
      [Humongous Register: 0.2 ms]
      [Humongous Reclaim: 0.0 ms]
      [Free CSet: 2.2 ms]
   [Eden: 1212.0M(1212.0M)->0.0B(1213.0M) Survivors: 16.0M->15.0M Heap: 1594.1M(2048.0M)->382.2M(2048.0M)]
 [Times: user=0.13 sys=0.00, real=0.02 secs] 
2019-08-01T10:07:30.656+0000: 1989901.486: [GC pause (G1 Evacuation Pause) (young), 0.0188570 secs]
   [Parallel Time: 11.9 ms, GC Workers: 8]
      [GC Worker Start (ms): Min: 1989901486.4, Avg: 1989901486.7, Max: 1989901486.9, Diff: 0.5]
      [Ext Root Scanning (ms): Min: 0.8, Avg: 4.0, Max: 8.9, Diff: 8.0, Sum: 31.9]
      [Update RS (ms): Min: 0.0, Avg: 2.6, Max: 4.4, Diff: 4.4, Sum: 21.0]
         [Processed Buffers: Min: 0, Avg: 11.2, Max: 33, Diff: 33, Sum: 90]
      [Scan RS (ms): Min: 0.1, Avg: 0.2, Max: 0.3, Diff: 0.2, Sum: 1.7]
      [Code Root Scanning (ms): Min: 0.0, Avg: 0.0, Max: 0.0, Diff: 0.0, Sum: 0.0]
      [Object Copy (ms): Min: 2.1, Avg: 4.1, Max: 5.3, Diff: 3.2, Sum: 32.4]
      [Termination (ms): Min: 0.1, Avg: 0.1, Max: 0.2, Diff: 0.1, Sum: 0.9]
         [Termination Attempts: Min: 36, Avg: 42.6, Max: 51, Diff: 15, Sum: 341]
      [GC Worker Other (ms): Min: 0.0, Avg: 0.1, Max: 0.2, Diff: 0.1, Sum: 0.7]
      [GC Worker Total (ms): Min: 10.8, Avg: 11.1, Max: 11.3, Diff: 0.4, Sum: 88.6]
      [GC Worker End (ms): Min: 1989901497.7, Avg: 1989901497.7, Max: 1989901497.8, Diff: 0.1]
   [Code Root Fixup: 0.1 ms]
   [Code Root Purge: 0.0 ms]
   [Clear CT: 0.6 ms]
   [Other: 6.3 ms]
      [Choose CSet: 0.0 ms]
      [Ref Proc: 4.0 ms]
      [Ref Enq: 0.0 ms]
      [Redirty Cards: 0.3 ms]
      [Humongous Register: 0.3 ms]
      [Humongous Reclaim: 0.0 ms]
      [Free CSet: 1.0 ms]
   [Eden: 1213.0M(1213.0M)->0.0B(1213.0M) Survivors: 15.0M->15.0M Heap: 1595.2M(2048.0M)->382.2M(2048.0M)]
 [Times: user=0.08 sys=0.00, real=0.02 secs] 
2019-08-01T11:28:58.971+0000: 1994789.800: [GC pause (G1 Evacuation Pause) (young), 0.0153885 secs]
   [Parallel Time: 9.1 ms, GC Workers: 8]
      [GC Worker Start (ms): Min: 1994789800.7, Avg: 1994789800.8, Max: 1994789800.9, Diff: 0.2]
      [Ext Root Scanning (ms): Min: 0.6, Avg: 0.9, Max: 1.9, Diff: 1.3, Sum: 7.1]
      [Update RS (ms): Min: 1.9, Avg: 2.8, Max: 3.1, Diff: 1.2, Sum: 22.1]
         [Processed Buffers: Min: 2, Avg: 10.9, Max: 36, Diff: 34, Sum: 87]
      [Scan RS (ms): Min: 0.1, Avg: 0.2, Max: 0.3, Diff: 0.2, Sum: 1.8]
      [Code Root Scanning (ms): Min: 0.0, Avg: 0.0, Max: 0.0, Diff: 0.0, Sum: 0.1]
      [Object Copy (ms): Min: 4.6, Avg: 4.7, Max: 4.8, Diff: 0.1, Sum: 37.7]
      [Termination (ms): Min: 0.1, Avg: 0.1, Max: 0.1, Diff: 0.1, Sum: 0.8]
         [Termination Attempts: Min: 38, Avg: 44.8, Max: 54, Diff: 16, Sum: 358]
      [GC Worker Other (ms): Min: 0.0, Avg: 0.1, Max: 0.2, Diff: 0.1, Sum: 0.7]
      [GC Worker Total (ms): Min: 8.7, Avg: 8.8, Max: 8.9, Diff: 0.3, Sum: 70.3]
      [GC Worker End (ms): Min: 1994789809.5, Avg: 1994789809.5, Max: 1994789809.6, Diff: 0.1]
   [Code Root Fixup: 0.1 ms]
   [Code Root Purge: 0.0 ms]
   [Clear CT: 0.4 ms]
   [Other: 5.8 ms]
      [Choose CSet: 0.0 ms]
      [Ref Proc: 4.0 ms]
      [Ref Enq: 0.0 ms]
      [Redirty Cards: 0.2 ms]
      [Humongous Register: 0.2 ms]
      [Humongous Reclaim: 0.0 ms]
      [Free CSet: 1.0 ms]
   [Eden: 1213.0M(1213.0M)->0.0B(1213.0M) Survivors: 15.0M->15.0M Heap: 1595.2M(2048.0M)->383.3M(2048.0M)]
 [Times: user=0.08 sys=0.00, real=0.01 secs] 
2019-08-01T12:50:55.426+0000: 1999706.256: [GC pause (G1 Evacuation Pause) (young), 0.0887814 secs]
   [Parallel Time: 10.1 ms, GC Workers: 8]
      [GC Worker Start (ms): Min: 1999706327.8, Avg: 1999706328.0, Max: 1999706328.1, Diff: 0.4]
      [Ext Root Scanning (ms): Min: 0.7, Avg: 1.0, Max: 2.0, Diff: 1.3, Sum: 8.2]
      [Update RS (ms): Min: 2.4, Avg: 3.2, Max: 3.7, Diff: 1.4, Sum: 25.6]
         [Processed Buffers: Min: 3, Avg: 10.9, Max: 26, Diff: 23, Sum: 87]
      [Scan RS (ms): Min: 0.1, Avg: 0.2, Max: 0.3, Diff: 0.2, Sum: 2.0]
      [Code Root Scanning (ms): Min: 0.0, Avg: 0.0, Max: 0.0, Diff: 0.0, Sum: 0.1]
      [Object Copy (ms): Min: 4.5, Avg: 5.0, Max: 5.1, Diff: 0.6, Sum: 39.8]
      [Termination (ms): Min: 0.1, Avg: 0.1, Max: 0.1, Diff: 0.1, Sum: 0.9]
         [Termination Attempts: Min: 35, Avg: 39.4, Max: 44, Diff: 9, Sum: 315]
      [GC Worker Other (ms): Min: 0.0, Avg: 0.1, Max: 0.2, Diff: 0.1, Sum: 0.7]
      [GC Worker Total (ms): Min: 9.4, Avg: 9.7, Max: 9.8, Diff: 0.4, Sum: 77.3]
      [GC Worker End (ms): Min: 1999706337.6, Avg: 1999706337.6, Max: 1999706337.7, Diff: 0.1]
   [Code Root Fixup: 0.1 ms]
   [Code Root Purge: 0.0 ms]
   [Clear CT: 0.6 ms]
   [Other: 78.0 ms]
      [Choose CSet: 0.0 ms]
      [Ref Proc: 4.2 ms]
      [Ref Enq: 0.0 ms]
      [Redirty Cards: 0.3 ms]
      [Humongous Register: 0.2 ms]
      [Humongous Reclaim: 0.0 ms]
      [Free CSet: 1.0 ms]
   [Eden: 1213.0M(1213.0M)->0.0B(1212.0M) Survivors: 15.0M->16.0M Heap: 1596.3M(2048.0M)->384.3M(2048.0M)]
 [Times: user=0.08 sys=0.00, real=0.11 secs] 
2019-08-01T14:12:08.770+0000: 2004579.600: [GC pause (G1 Evacuation Pause) (young), 0.2456968 secs]
   [Parallel Time: 18.1 ms, GC Workers: 8]
      [GC Worker Start (ms): Min: 2004579819.3, Avg: 2004579819.8, Max: 2004579821.3, Diff: 2.0]
      [Ext Root Scanning (ms): Min: 0.1, Avg: 1.8, Max: 3.0, Diff: 2.9, Sum: 14.5]
      [Update RS (ms): Min: 6.0, Avg: 7.6, Max: 14.8, Diff: 8.8, Sum: 60.5]
         [Processed Buffers: Min: 1, Avg: 11.0, Max: 30, Diff: 29, Sum: 88]
      [Scan RS (ms): Min: 0.1, Avg: 0.3, Max: 0.4, Diff: 0.3, Sum: 2.1]
      [Code Root Scanning (ms): Min: 0.0, Avg: 0.0, Max: 0.0, Diff: 0.0, Sum: 0.1]
      [Object Copy (ms): Min: 0.0, Avg: 5.4, Max: 6.5, Diff: 6.4, Sum: 42.8]
      [Termination (ms): Min: 0.0, Avg: 2.1, Max: 2.8, Diff: 2.8, Sum: 16.6]
         [Termination Attempts: Min: 1, Avg: 83.0, Max: 112, Diff: 111, Sum: 664]
      [GC Worker Other (ms): Min: 0.0, Avg: 0.0, Max: 0.1, Diff: 0.1, Sum: 0.4]
      [GC Worker Total (ms): Min: 15.6, Avg: 17.1, Max: 17.7, Diff: 2.1, Sum: 136.9]
      [GC Worker End (ms): Min: 2004579836.8, Avg: 2004579836.9, Max: 2004579836.9, Diff: 0.1]
   [Code Root Fixup: 0.1 ms]
   [Code Root Purge: 0.0 ms]
   [Clear CT: 0.7 ms]
   [Other: 226.8 ms]
      [Choose CSet: 0.0 ms]
      [Ref Proc: 5.2 ms]
      [Ref Enq: 0.0 ms]
      [Redirty Cards: 0.6 ms]
      [Humongous Register: 0.5 ms]
      [Humongous Reclaim: 0.0 ms]
      [Free CSet: 1.1 ms]
   [Eden: 1212.0M(1212.0M)->0.0B(1212.0M) Survivors: 16.0M->16.0M Heap: 1596.3M(2048.0M)->384.9M(2048.0M)]
 [Times: user=0.12 sys=0.00, real=0.25 secs] 
2019-08-01T15:33:26.985+0000: 2009457.814: [GC pause (G1 Evacuation Pause) (young), 0.0412607 secs]
   [Parallel Time: 34.0 ms, GC Workers: 8]
      [GC Worker Start (ms): Min: 2009457814.8, Avg: 2009457814.9, Max: 2009457815.1, Diff: 0.3]
      [Ext Root Scanning (ms): Min: 0.6, Avg: 1.0, Max: 2.0, Diff: 1.4, Sum: 8.0]
      [Update RS (ms): Min: 2.7, Avg: 3.6, Max: 4.0, Diff: 1.3, Sum: 29.0]
         [Processed Buffers: Min: 3, Avg: 11.1, Max: 31, Diff: 28, Sum: 89]
      [Scan RS (ms): Min: 0.1, Avg: 8.7, Max: 28.9, Diff: 28.8, Sum: 69.2]
      [Code Root Scanning (ms): Min: 0.0, Avg: 0.0, Max: 0.0, Diff: 0.0, Sum: 0.1]
      [Object Copy (ms): Min: 0.0, Avg: 4.3, Max: 8.6, Diff: 8.6, Sum: 34.5]
      [Termination (ms): Min: 0.0, Avg: 15.9, Max: 20.2, Diff: 20.2, Sum: 127.5]
         [Termination Attempts: Min: 1, Avg: 20.4, Max: 45, Diff: 44, Sum: 163]
      [GC Worker Other (ms): Min: 0.0, Avg: 0.0, Max: 0.0, Diff: 0.0, Sum: 0.2]
      [GC Worker Total (ms): Min: 33.4, Avg: 33.6, Max: 33.7, Diff: 0.4, Sum: 268.4]
      [GC Worker End (ms): Min: 2009457848.5, Avg: 2009457848.5, Max: 2009457848.5, Diff: 0.0]
   [Code Root Fixup: 0.1 ms]
   [Code Root Purge: 0.0 ms]
   [Clear CT: 0.5 ms]
   [Other: 6.6 ms]
      [Choose CSet: 0.0 ms]
      [Ref Proc: 4.3 ms]
      [Ref Enq: 0.0 ms]
      [Redirty Cards: 0.4 ms]
      [Humongous Register: 0.3 ms]
      [Humongous Reclaim: 0.0 ms]
      [Free CSet: 1.2 ms]
   [Eden: 1212.0M(1212.0M)->0.0B(1211.0M) Survivors: 16.0M->17.0M Heap: 1596.9M(2048.0M)->386.4M(2048.0M)]
 [Times: user=0.21 sys=0.00, real=0.04 secs] 
2019-08-01T16:55:07.062+0000: 2014357.891: [GC pause (G1 Evacuation Pause) (young), 0.0158855 secs]
   [Parallel Time: 9.5 ms, GC Workers: 8]
      [GC Worker Start (ms): Min: 2014357891.3, Avg: 2014357891.5, Max: 2014357891.6, Diff: 0.3]
      [Ext Root Scanning (ms): Min: 0.7, Avg: 1.0, Max: 2.0, Diff: 1.4, Sum: 7.6]
      [Update RS (ms): Min: 2.0, Avg: 3.1, Max: 3.5, Diff: 1.5, Sum: 24.5]
         [Processed Buffers: Min: 3, Avg: 11.1, Max: 40, Diff: 37, Sum: 89]
      [Scan RS (ms): Min: 0.1, Avg: 0.2, Max: 0.3, Diff: 0.2, Sum: 1.6]
      [Code Root Scanning (ms): Min: 0.0, Avg: 0.0, Max: 0.0, Diff: 0.0, Sum: 0.1]
      [Object Copy (ms): Min: 4.6, Avg: 4.7, Max: 4.8, Diff: 0.3, Sum: 37.5]
      [Termination (ms): Min: 0.1, Avg: 0.1, Max: 0.1, Diff: 0.1, Sum: 0.6]
         [Termination Attempts: Min: 31, Avg: 35.5, Max: 38, Diff: 7, Sum: 284]
      [GC Worker Other (ms): Min: 0.0, Avg: 0.1, Max: 0.2, Diff: 0.1, Sum: 0.8]
      [GC Worker Total (ms): Min: 8.9, Avg: 9.1, Max: 9.2, Diff: 0.3, Sum: 72.7]
      [GC Worker End (ms): Min: 2014357900.5, Avg: 2014357900.6, Max: 2014357900.6, Diff: 0.1]
   [Code Root Fixup: 0.1 ms]
   [Code Root Purge: 0.0 ms]
   [Clear CT: 0.6 ms]
   [Other: 5.8 ms]
      [Choose CSet: 0.0 ms]
      [Ref Proc: 3.9 ms]
      [Ref Enq: 0.1 ms]
      [Redirty Cards: 0.3 ms]
      [Humongous Register: 0.2 ms]
      [Humongous Reclaim: 0.0 ms]
      [Free CSet: 1.0 ms]
   [Eden: 1211.0M(1211.0M)->0.0B(1212.0M) Survivors: 17.0M->16.0M Heap: 1597.4M(2048.0M)->386.0M(2048.0M)]
 [Times: user=0.08 sys=0.00, real=0.01 secs] 
2019-08-01T18:16:12.141+0000: 2019222.970: [GC pause (G1 Evacuation Pause) (young), 0.0293335 secs]
   [Parallel Time: 22.5 ms, GC Workers: 8]
      [GC Worker Start (ms): Min: 2019222970.4, Avg: 2019222970.7, Max: 2019222971.3, Diff: 0.9]
      [Ext Root Scanning (ms): Min: 0.3, Avg: 1.0, Max: 2.4, Diff: 2.1, Sum: 8.1]
      [Update RS (ms): Min: 1.9, Avg: 3.0, Max: 3.4, Diff: 1.4, Sum: 23.9]
         [Processed Buffers: Min: 3, Avg: 11.2, Max: 38, Diff: 35, Sum: 90]
      [Scan RS (ms): Min: 0.1, Avg: 0.2, Max: 0.3, Diff: 0.2, Sum: 1.7]
      [Code Root Scanning (ms): Min: 0.0, Avg: 0.0, Max: 0.0, Diff: 0.0, Sum: 0.0]
      [Object Copy (ms): Min: 17.5, Avg: 17.6, Max: 17.7, Diff: 0.2, Sum: 141.2]
      [Termination (ms): Min: 0.0, Avg: 0.0, Max: 0.0, Diff: 0.0, Sum: 0.1]
         [Termination Attempts: Min: 1, Avg: 1.0, Max: 1, Diff: 0, Sum: 8]
      [GC Worker Other (ms): Min: 0.0, Avg: 0.1, Max: 0.2, Diff: 0.1, Sum: 0.8]
      [GC Worker Total (ms): Min: 21.5, Avg: 22.0, Max: 22.3, Diff: 0.8, Sum: 175.8]
      [GC Worker End (ms): Min: 2019222992.6, Avg: 2019222992.6, Max: 2019222992.7, Diff: 0.1]
   [Code Root Fixup: 0.1 ms]
   [Code Root Purge: 0.0 ms]
   [Clear CT: 0.8 ms]
   [Other: 6.0 ms]
      [Choose CSet: 0.0 ms]
      [Ref Proc: 4.1 ms]
      [Ref Enq: 0.0 ms]
      [Redirty Cards: 0.3 ms]
      [Humongous Register: 0.2 ms]
      [Humongous Reclaim: 0.0 ms]
      [Free CSet: 1.0 ms]
   [Eden: 1212.0M(1212.0M)->0.0B(1213.0M) Survivors: 16.0M->15.0M Heap: 1598.0M(2048.0M)->386.0M(2048.0M)]
 [Times: user=0.06 sys=0.00, real=0.03 secs] 
2019-08-01T19:37:51.630+0000: 2024122.459: [GC pause (G1 Evacuation Pause) (young), 0.0153984 secs]
   [Parallel Time: 9.3 ms, GC Workers: 8]
      [GC Worker Start (ms): Min: 2024122459.7, Avg: 2024122459.8, Max: 2024122459.9, Diff: 0.2]
      [Ext Root Scanning (ms): Min: 0.5, Avg: 0.9, Max: 2.2, Diff: 1.7, Sum: 7.0]
      [Update RS (ms): Min: 2.0, Avg: 3.1, Max: 3.6, Diff: 1.6, Sum: 25.0]
         [Processed Buffers: Min: 2, Avg: 10.9, Max: 38, Diff: 36, Sum: 87]
      [Scan RS (ms): Min: 0.1, Avg: 0.2, Max: 0.3, Diff: 0.2, Sum: 1.6]
      [Code Root Scanning (ms): Min: 0.0, Avg: 0.0, Max: 0.0, Diff: 0.0, Sum: 0.1]
      [Object Copy (ms): Min: 4.4, Avg: 4.5, Max: 4.6, Diff: 0.2, Sum: 36.4]
      [Termination (ms): Min: 0.0, Avg: 0.1, Max: 0.1, Diff: 0.0, Sum: 0.4]
         [Termination Attempts: Min: 37, Avg: 40.8, Max: 50, Diff: 13, Sum: 326]
      [GC Worker Other (ms): Min: 0.0, Avg: 0.1, Max: 0.2, Diff: 0.1, Sum: 0.8]
      [GC Worker Total (ms): Min: 8.7, Avg: 8.9, Max: 9.1, Diff: 0.3, Sum: 71.2]
      [GC Worker End (ms): Min: 2024122468.6, Avg: 2024122468.7, Max: 2024122468.8, Diff: 0.1]
   [Code Root Fixup: 0.1 ms]
   [Code Root Purge: 0.0 ms]
   [Clear CT: 0.6 ms]
   [Other: 5.5 ms]
      [Choose CSet: 0.0 ms]
      [Ref Proc: 3.7 ms]
      [Ref Enq: 0.0 ms]
      [Redirty Cards: 0.3 ms]
      [Humongous Register: 0.2 ms]
      [Humongous Reclaim: 0.0 ms]
      [Free CSet: 0.9 ms]
   [Eden: 1213.0M(1213.0M)->0.0B(1212.0M) Survivors: 15.0M->16.0M Heap: 1599.0M(2048.0M)->387.6M(2048.0M)]
 [Times: user=0.08 sys=0.00, real=0.02 secs] 
2019-08-01T20:59:26.113+0000: 2029016.942: [GC pause (G1 Evacuation Pause) (young), 0.0184049 secs]
   [Parallel Time: 12.0 ms, GC Workers: 8]
      [GC Worker Start (ms): Min: 2029016942.7, Avg: 2029016946.4, Max: 2029016954.5, Diff: 11.8]
      [Ext Root Scanning (ms): Min: 0.0, Avg: 0.7, Max: 1.9, Diff: 1.9, Sum: 5.9]
      [Update RS (ms): Min: 0.0, Avg: 3.3, Max: 4.9, Diff: 4.9, Sum: 26.7]
         [Processed Buffers: Min: 0, Avg: 11.1, Max: 36, Diff: 36, Sum: 89]
      [Scan RS (ms): Min: 0.1, Avg: 0.2, Max: 0.3, Diff: 0.3, Sum: 1.7]
      [Code Root Scanning (ms): Min: 0.0, Avg: 0.0, Max: 0.0, Diff: 0.0, Sum: 0.1]
      [Object Copy (ms): Min: 0.0, Avg: 3.7, Max: 5.5, Diff: 5.5, Sum: 29.3]
      [Termination (ms): Min: 0.0, Avg: 0.3, Max: 0.4, Diff: 0.4, Sum: 2.3]
         [Termination Attempts: Min: 1, Avg: 33.5, Max: 49, Diff: 48, Sum: 268]
      [GC Worker Other (ms): Min: 0.0, Avg: 0.0, Max: 0.0, Diff: 0.0, Sum: 0.2]
      [GC Worker Total (ms): Min: 0.1, Avg: 8.3, Max: 12.0, Diff: 11.8, Sum: 66.1]
      [GC Worker End (ms): Min: 2029016954.6, Avg: 2029016954.6, Max: 2029016954.6, Diff: 0.0]
   [Code Root Fixup: 0.1 ms]
   [Code Root Purge: 0.0 ms]
   [Clear CT: 0.5 ms]
   [Other: 5.8 ms]
      [Choose CSet: 0.0 ms]
      [Ref Proc: 3.9 ms]
      [Ref Enq: 0.0 ms]
      [Redirty Cards: 0.3 ms]
      [Humongous Register: 0.2 ms]
      [Humongous Reclaim: 0.0 ms]
      [Free CSet: 1.0 ms]
   [Eden: 1212.0M(1212.0M)->0.0B(1213.0M) Survivors: 16.0M->15.0M Heap: 1599.6M(2048.0M)->387.1M(2048.0M)]
 [Times: user=0.07 sys=0.00, real=0.03 secs] 
2019-08-01T22:20:40.081+0000: 2033890.910: [GC pause (G1 Evacuation Pause) (young), 0.0353404 secs]
   [Parallel Time: 28.2 ms, GC Workers: 8]
      [GC Worker Start (ms): Min: 2033890910.5, Avg: 2033890911.1, Max: 2033890913.4, Diff: 2.9]
      [Ext Root Scanning (ms): Min: 0.0, Avg: 0.9, Max: 2.2, Diff: 2.2, Sum: 7.3]
      [Update RS (ms): Min: 2.0, Avg: 3.4, Max: 3.8, Diff: 1.8, Sum: 27.2]
         [Processed Buffers: Min: 2, Avg: 10.6, Max: 23, Diff: 21, Sum: 85]
      [Scan RS (ms): Min: 0.1, Avg: 0.2, Max: 0.3, Diff: 0.2, Sum: 1.7]
      [Code Root Scanning (ms): Min: 0.0, Avg: 0.0, Max: 0.0, Diff: 0.0, Sum: 0.1]
      [Object Copy (ms): Min: 22.3, Avg: 22.4, Max: 22.6, Diff: 0.3, Sum: 179.3]
      [Termination (ms): Min: 0.2, Avg: 0.2, Max: 0.3, Diff: 0.1, Sum: 1.7]
         [Termination Attempts: Min: 53, Avg: 57.5, Max: 64, Diff: 11, Sum: 460]
      [GC Worker Other (ms): Min: 0.0, Avg: 0.1, Max: 0.2, Diff: 0.2, Sum: 1.0]
      [GC Worker Total (ms): Min: 25.0, Avg: 27.3, Max: 28.0, Diff: 3.0, Sum: 218.4]
      [GC Worker End (ms): Min: 2033890938.3, Avg: 2033890938.4, Max: 2033890938.5, Diff: 0.2]
   [Code Root Fixup: 0.1 ms]
   [Code Root Purge: 0.0 ms]
   [Clear CT: 0.6 ms]
   [Other: 6.5 ms]
      [Choose CSet: 0.0 ms]
      [Ref Proc: 4.5 ms]
      [Ref Enq: 0.1 ms]
      [Redirty Cards: 0.4 ms]
      [Humongous Register: 0.2 ms]
      [Humongous Reclaim: 0.0 ms]
      [Free CSet: 1.0 ms]
   [Eden: 1213.0M(1213.0M)->0.0B(1212.0M) Survivors: 15.0M->16.0M Heap: 1600.1M(2048.0M)->388.6M(2048.0M)]
 [Times: user=0.09 sys=0.00, real=0.04 secs] 
2019-08-01T23:42:16.332+0000: 2038787.161: [GC pause (G1 Evacuation Pause) (young), 0.0191098 secs]
   [Parallel Time: 12.3 ms, GC Workers: 8]
      [GC Worker Start (ms): Min: 2038787161.7, Avg: 2038787161.7, Max: 2038787161.9, Diff: 0.2]
      [Ext Root Scanning (ms): Min: 0.6, Avg: 0.9, Max: 1.9, Diff: 1.4, Sum: 7.3]
      [Update RS (ms): Min: 2.4, Avg: 3.2, Max: 3.6, Diff: 1.2, Sum: 25.8]
         [Processed Buffers: Min: 3, Avg: 10.9, Max: 19, Diff: 16, Sum: 87]
      [Scan RS (ms): Min: 0.1, Avg: 0.2, Max: 0.3, Diff: 0.2, Sum: 1.9]
      [Code Root Scanning (ms): Min: 0.0, Avg: 0.0, Max: 0.0, Diff: 0.0, Sum: 0.1]
      [Object Copy (ms): Min: 7.3, Avg: 7.4, Max: 7.4, Diff: 0.1, Sum: 59.1]
      [Termination (ms): Min: 0.1, Avg: 0.1, Max: 0.1, Diff: 0.0, Sum: 0.6]
         [Termination Attempts: Min: 38, Avg: 41.2, Max: 46, Diff: 8, Sum: 330]
      [GC Worker Other (ms): Min: 0.0, Avg: 0.1, Max: 0.2, Diff: 0.2, Sum: 0.8]
      [GC Worker Total (ms): Min: 11.8, Avg: 11.9, Max: 12.1, Diff: 0.3, Sum: 95.5]
      [GC Worker End (ms): Min: 2038787173.6, Avg: 2038787173.7, Max: 2038787173.8, Diff: 0.2]
   [Code Root Fixup: 0.1 ms]
   [Code Root Purge: 0.0 ms]
   [Clear CT: 0.5 ms]
   [Other: 6.1 ms]
      [Choose CSet: 0.0 ms]
      [Ref Proc: 4.3 ms]
      [Ref Enq: 0.0 ms]
      [Redirty Cards: 0.4 ms]
      [Humongous Register: 0.2 ms]
      [Humongous Reclaim: 0.0 ms]
      [Free CSet: 1.0 ms]
   [Eden: 1212.0M(1212.0M)->0.0B(1211.0M) Survivors: 16.0M->17.0M Heap: 1600.6M(2048.0M)->389.7M(2048.0M)]
 [Times: user=0.07 sys=0.00, real=0.02 secs] 
2019-08-02T01:03:33.474+0000: 2043664.304: [GC pause (G1 Evacuation Pause) (young), 0.0187631 secs]
   [Parallel Time: 10.6 ms, GC Workers: 8]
      [GC Worker Start (ms): Min: 2043664304.1, Avg: 2043664305.9, Max: 2043664310.3, Diff: 6.2]
      [Ext Root Scanning (ms): Min: 0.0, Avg: 0.8, Max: 1.9, Diff: 1.9, Sum: 6.3]
      [Update RS (ms): Min: 0.0, Avg: 2.6, Max: 4.0, Diff: 4.0, Sum: 21.2]
         [Processed Buffers: Min: 0, Avg: 10.9, Max: 27, Diff: 27, Sum: 87]
      [Scan RS (ms): Min: 0.1, Avg: 0.2, Max: 0.3, Diff: 0.2, Sum: 1.7]
      [Code Root Scanning (ms): Min: 0.0, Avg: 0.0, Max: 0.0, Diff: 0.0, Sum: 0.1]
      [Object Copy (ms): Min: 3.8, Avg: 4.6, Max: 4.8, Diff: 1.0, Sum: 36.7]
      [Termination (ms): Min: 0.1, Avg: 0.1, Max: 0.2, Diff: 0.1, Sum: 1.0]
         [Termination Attempts: Min: 44, Avg: 48.9, Max: 55, Diff: 11, Sum: 391]
      [GC Worker Other (ms): Min: 0.0, Avg: 0.1, Max: 0.2, Diff: 0.1, Sum: 0.7]
      [GC Worker Total (ms): Min: 4.1, Avg: 8.5, Max: 10.3, Diff: 6.2, Sum: 67.6]
      [GC Worker End (ms): Min: 2043664314.3, Avg: 2043664314.4, Max: 2043664314.4, Diff: 0.1]
   [Code Root Fixup: 0.1 ms]
   [Code Root Purge: 0.0 ms]
   [Clear CT: 0.6 ms]
   [Other: 7.5 ms]
      [Choose CSet: 0.0 ms]
      [Ref Proc: 5.4 ms]
      [Ref Enq: 0.0 ms]
      [Redirty Cards: 0.3 ms]
      [Humongous Register: 0.2 ms]
      [Humongous Reclaim: 0.0 ms]
      [Free CSet: 1.2 ms]
   [Eden: 1211.0M(1211.0M)->0.0B(1212.0M) Survivors: 17.0M->16.0M Heap: 1600.7M(2048.0M)->389.2M(2048.0M)]
 [Times: user=0.08 sys=0.00, real=0.02 secs] 
2019-08-02T02:24:54.607+0000: 2048545.436: [GC pause (G1 Evacuation Pause) (young), 0.0172947 secs]
   [Parallel Time: 10.2 ms, GC Workers: 8]
      [GC Worker Start (ms): Min: 2048545436.6, Avg: 2048545436.8, Max: 2048545437.0, Diff: 0.4]
      [Ext Root Scanning (ms): Min: 0.4, Avg: 1.2, Max: 2.6, Diff: 2.2, Sum: 9.4]
      [Update RS (ms): Min: 2.2, Avg: 3.2, Max: 3.5, Diff: 1.4, Sum: 25.3]
         [Processed Buffers: Min: 2, Avg: 10.9, Max: 33, Diff: 31, Sum: 87]
      [Scan RS (ms): Min: 0.1, Avg: 0.2, Max: 0.3, Diff: 0.2, Sum: 1.8]
      [Code Root Scanning (ms): Min: 0.0, Avg: 0.0, Max: 0.0, Diff: 0.0, Sum: 0.1]
      [Object Copy (ms): Min: 4.8, Avg: 4.9, Max: 5.1, Diff: 0.2, Sum: 39.5]
      [Termination (ms): Min: 0.0, Avg: 0.2, Max: 0.2, Diff: 0.2, Sum: 1.3]
         [Termination Attempts: Min: 38, Avg: 44.9, Max: 51, Diff: 13, Sum: 359]
      [GC Worker Other (ms): Min: 0.0, Avg: 0.2, Max: 0.5, Diff: 0.5, Sum: 1.3]
      [GC Worker Total (ms): Min: 9.6, Avg: 9.8, Max: 10.1, Diff: 0.5, Sum: 78.6]
      [GC Worker End (ms): Min: 2048545446.5, Avg: 2048545446.6, Max: 2048545446.7, Diff: 0.2]
   [Code Root Fixup: 0.1 ms]
   [Code Root Purge: 0.0 ms]
   [Clear CT: 0.7 ms]
   [Other: 6.3 ms]
      [Choose CSet: 0.0 ms]
      [Ref Proc: 4.4 ms]
      [Ref Enq: 0.0 ms]
      [Redirty Cards: 0.3 ms]
      [Humongous Register: 0.2 ms]
      [Humongous Reclaim: 0.0 ms]
      [Free CSet: 1.0 ms]
   [Eden: 1212.0M(1212.0M)->0.0B(1213.0M) Survivors: 16.0M->15.0M Heap: 1601.2M(2048.0M)->388.8M(2048.0M)]
 [Times: user=0.09 sys=0.00, real=0.03 secs] 
2019-08-02T03:47:05.922+0000: 2053476.751: [GC pause (G1 Evacuation Pause) (young), 0.0215262 secs]
   [Parallel Time: 14.2 ms, GC Workers: 8]
      [GC Worker Start (ms): Min: 2053476751.6, Avg: 2053476751.9, Max: 2053476752.1, Diff: 0.5]
      [Ext Root Scanning (ms): Min: 0.7, Avg: 1.7, Max: 3.6, Diff: 2.9, Sum: 13.3]
      [Update RS (ms): Min: 1.5, Avg: 3.6, Max: 5.6, Diff: 4.1, Sum: 28.6]
         [Processed Buffers: Min: 2, Avg: 11.4, Max: 30, Diff: 28, Sum: 91]
      [Scan RS (ms): Min: 0.1, Avg: 0.2, Max: 0.3, Diff: 0.2, Sum: 1.8]
      [Code Root Scanning (ms): Min: 0.0, Avg: 0.0, Max: 0.0, Diff: 0.0, Sum: 0.1]
      [Object Copy (ms): Min: 6.6, Avg: 7.9, Max: 8.4, Diff: 1.9, Sum: 63.2]
      [Termination (ms): Min: 0.0, Avg: 0.3, Max: 0.4, Diff: 0.4, Sum: 2.5]
         [Termination Attempts: Min: 1, Avg: 7.6, Max: 11, Diff: 10, Sum: 61]
      [GC Worker Other (ms): Min: 0.0, Avg: 0.1, Max: 0.1, Diff: 0.1, Sum: 0.4]
      [GC Worker Total (ms): Min: 13.5, Avg: 13.7, Max: 14.0, Diff: 0.5, Sum: 109.8]
      [GC Worker End (ms): Min: 2053476765.6, Avg: 2053476765.6, Max: 2053476765.6, Diff: 0.1]
   [Code Root Fixup: 0.1 ms]
   [Code Root Purge: 0.0 ms]
   [Clear CT: 0.5 ms]
   [Other: 6.8 ms]
      [Choose CSet: 0.0 ms]
      [Ref Proc: 4.6 ms]
      [Ref Enq: 0.0 ms]
      [Redirty Cards: 0.4 ms]
      [Humongous Register: 0.3 ms]
      [Humongous Reclaim: 0.0 ms]
      [Free CSet: 1.0 ms]
   [Eden: 1213.0M(1213.0M)->0.0B(1213.0M) Survivors: 15.0M->15.0M Heap: 1601.8M(2048.0M)->389.8M(2048.0M)]
 [Times: user=0.07 sys=0.00, real=0.03 secs] 
2019-08-02T05:08:20.448+0000: 2058351.338: [GC pause (G1 Evacuation Pause) (young), 0.3821050 secs]
   [Parallel Time: 9.1 ms, GC Workers: 8]
      [GC Worker Start (ms): Min: 2058351644.0, Avg: 2058351644.1, Max: 2058351644.3, Diff: 0.3]
      [Ext Root Scanning (ms): Min: 0.5, Avg: 0.9, Max: 1.9, Diff: 1.4, Sum: 7.0]
      [Update RS (ms): Min: 0.8, Avg: 2.8, Max: 3.7, Diff: 2.9, Sum: 22.1]
         [Processed Buffers: Min: 1, Avg: 11.2, Max: 23, Diff: 22, Sum: 90]
      [Scan RS (ms): Min: 0.1, Avg: 0.2, Max: 0.3, Diff: 0.2, Sum: 1.8]
      [Code Root Scanning (ms): Min: 0.0, Avg: 0.0, Max: 0.0, Diff: 0.0, Sum: 0.1]
      [Object Copy (ms): Min: 4.2, Avg: 4.8, Max: 6.9, Diff: 2.7, Sum: 38.3]
      [Termination (ms): Min: 0.0, Avg: 0.1, Max: 0.1, Diff: 0.0, Sum: 0.4]
         [Termination Attempts: Min: 43, Avg: 50.6, Max: 59, Diff: 16, Sum: 405]
      [GC Worker Other (ms): Min: 0.0, Avg: 0.1, Max: 0.2, Diff: 0.1, Sum: 0.7]
      [GC Worker Total (ms): Min: 8.6, Avg: 8.8, Max: 8.9, Diff: 0.3, Sum: 70.3]
      [GC Worker End (ms): Min: 2058351652.9, Avg: 2058351652.9, Max: 2058351653.0, Diff: 0.1]
   [Code Root Fixup: 0.1 ms]
   [Code Root Purge: 0.0 ms]
   [Clear CT: 0.6 ms]
   [Other: 372.3 ms]
      [Choose CSet: 0.0 ms]
      [Ref Proc: 3.8 ms]
      [Ref Enq: 0.0 ms]
      [Redirty Cards: 0.3 ms]
      [Humongous Register: 0.2 ms]
      [Humongous Reclaim: 0.0 ms]
      [Free CSet: 1.0 ms]
   [Eden: 1213.0M(1213.0M)->0.0B(1212.0M) Survivors: 15.0M->16.0M Heap: 1602.8M(2048.0M)->391.4M(2048.0M)]
 [Times: user=0.08 sys=0.00, real=0.39 secs] 
2019-08-02T06:30:00.540+0000: 2063251.384: [GC pause (G1 Evacuation Pause) (young), 0.0643395 secs]
   [Parallel Time: 9.9 ms, GC Workers: 8]
      [GC Worker Start (ms): Min: 2063251417.1, Avg: 2063251417.4, Max: 2063251418.0, Diff: 0.9]
      [Ext Root Scanning (ms): Min: 0.2, Avg: 1.0, Max: 2.0, Diff: 1.8, Sum: 7.7]
      [Update RS (ms): Min: 2.2, Avg: 3.0, Max: 3.3, Diff: 1.1, Sum: 24.0]
         [Processed Buffers: Min: 3, Avg: 10.9, Max: 42, Diff: 39, Sum: 87]
      [Scan RS (ms): Min: 0.1, Avg: 0.2, Max: 0.3, Diff: 0.3, Sum: 1.6]
      [Code Root Scanning (ms): Min: 0.0, Avg: 0.0, Max: 0.0, Diff: 0.0, Sum: 0.0]
      [Object Copy (ms): Min: 4.8, Avg: 4.9, Max: 5.0, Diff: 0.2, Sum: 39.3]
      [Termination (ms): Min: 0.1, Avg: 0.1, Max: 0.2, Diff: 0.1, Sum: 1.1]
         [Termination Attempts: Min: 31, Avg: 42.4, Max: 53, Diff: 22, Sum: 339]
      [GC Worker Other (ms): Min: 0.0, Avg: 0.1, Max: 0.2, Diff: 0.2, Sum: 0.9]
      [GC Worker Total (ms): Min: 8.6, Avg: 9.3, Max: 9.6, Diff: 1.1, Sum: 74.7]
      [GC Worker End (ms): Min: 2063251426.6, Avg: 2063251426.7, Max: 2063251426.8, Diff: 0.2]
   [Code Root Fixup: 0.1 ms]
   [Code Root Purge: 0.0 ms]
   [Clear CT: 0.7 ms]
   [Other: 53.7 ms]
      [Choose CSet: 0.0 ms]
      [Ref Proc: 4.0 ms]
      [Ref Enq: 0.0 ms]
      [Redirty Cards: 0.3 ms]
      [Humongous Register: 0.2 ms]
      [Humongous Reclaim: 0.0 ms]
      [Free CSet: 0.9 ms]
   [Eden: 1212.0M(1212.0M)->0.0B(1212.0M) Survivors: 16.0M->16.0M Heap: 1603.4M(2048.0M)->391.5M(2048.0M)]
 [Times: user=0.08 sys=0.01, real=0.08 secs] 
2019-08-02T07:51:37.552+0000: 2068148.381: [GC pause (G1 Evacuation Pause) (young), 0.0432313 secs]
   [Parallel Time: 10.4 ms, GC Workers: 8]
      [GC Worker Start (ms): Min: 2068148408.0, Avg: 2068148408.2, Max: 2068148408.3, Diff: 0.3]
      [Ext Root Scanning (ms): Min: 0.6, Avg: 1.0, Max: 2.3, Diff: 1.7, Sum: 8.1]
      [Update RS (ms): Min: 1.1, Avg: 3.1, Max: 3.6, Diff: 2.5, Sum: 24.4]
         [Processed Buffers: Min: 2, Avg: 10.9, Max: 27, Diff: 25, Sum: 87]
      [Scan RS (ms): Min: 0.2, Avg: 0.2, Max: 0.3, Diff: 0.1, Sum: 1.9]
      [Code Root Scanning (ms): Min: 0.0, Avg: 0.0, Max: 0.0, Diff: 0.0, Sum: 0.1]
      [Object Copy (ms): Min: 5.0, Avg: 5.4, Max: 7.7, Diff: 2.6, Sum: 43.5]
      [Termination (ms): Min: 0.0, Avg: 0.0, Max: 0.1, Diff: 0.1, Sum: 0.3]
         [Termination Attempts: Min: 2, Avg: 27.0, Max: 43, Diff: 41, Sum: 216]
      [GC Worker Other (ms): Min: 0.0, Avg: 0.1, Max: 0.2, Diff: 0.2, Sum: 0.9]
      [GC Worker Total (ms): Min: 9.8, Avg: 9.9, Max: 10.1, Diff: 0.3, Sum: 79.2]
      [GC Worker End (ms): Min: 2068148418.0, Avg: 2068148418.1, Max: 2068148418.1, Diff: 0.2]
   [Code Root Fixup: 0.1 ms]
   [Code Root Purge: 0.0 ms]
   [Clear CT: 0.6 ms]
   [Other: 32.2 ms]
      [Choose CSet: 0.0 ms]
      [Ref Proc: 4.0 ms]
      [Ref Enq: 0.0 ms]
      [Redirty Cards: 0.3 ms]
      [Humongous Register: 0.2 ms]
      [Humongous Reclaim: 0.0 ms]
      [Free CSet: 1.1 ms]
   [Eden: 1212.0M(1212.0M)->0.0B(1212.0M) Survivors: 16.0M->16.0M Heap: 1603.5M(2048.0M)->392.1M(2048.0M)]
 [Times: user=0.08 sys=0.00, real=0.05 secs] 
2019-08-02T09:12:55.704+0000: 2073026.534: [GC pause (G1 Evacuation Pause) (young), 0.0159384 secs]
   [Parallel Time: 9.3 ms, GC Workers: 8]
      [GC Worker Start (ms): Min: 2073026534.1, Avg: 2073026534.3, Max: 2073026534.4, Diff: 0.2]
      [Ext Root Scanning (ms): Min: 0.6, Avg: 0.9, Max: 2.0, Diff: 1.4, Sum: 7.0]
      [Update RS (ms): Min: 2.2, Avg: 2.9, Max: 3.6, Diff: 1.4, Sum: 23.3]
         [Processed Buffers: Min: 3, Avg: 11.1, Max: 35, Diff: 32, Sum: 89]
      [Scan RS (ms): Min: 0.1, Avg: 0.2, Max: 0.3, Diff: 0.2, Sum: 1.7]
      [Code Root Scanning (ms): Min: 0.0, Avg: 0.0, Max: 0.0, Diff: 0.0, Sum: 0.1]
      [Object Copy (ms): Min: 4.4, Avg: 4.8, Max: 5.8, Diff: 1.4, Sum: 38.1]
      [Termination (ms): Min: 0.1, Avg: 0.1, Max: 0.1, Diff: 0.0, Sum: 0.9]
         [Termination Attempts: Min: 31, Avg: 39.0, Max: 48, Diff: 17, Sum: 312]
      [GC Worker Other (ms): Min: 0.0, Avg: 0.1, Max: 0.2, Diff: 0.2, Sum: 1.0]
      [GC Worker Total (ms): Min: 8.9, Avg: 9.0, Max: 9.1, Diff: 0.2, Sum: 71.9]
      [GC Worker End (ms): Min: 2073026543.1, Avg: 2073026543.2, Max: 2073026543.3, Diff: 0.2]
   [Code Root Fixup: 0.1 ms]
   [Code Root Purge: 0.0 ms]
   [Clear CT: 0.5 ms]
   [Other: 6.0 ms]
      [Choose CSet: 0.0 ms]
      [Ref Proc: 3.8 ms]
      [Ref Enq: 0.0 ms]
      [Redirty Cards: 0.4 ms]
      [Humongous Register: 0.3 ms]
      [Humongous Reclaim: 0.0 ms]
      [Free CSet: 1.0 ms]
   [Eden: 1212.0M(1212.0M)->0.0B(1212.0M) Survivors: 16.0M->16.0M Heap: 1604.1M(2048.0M)->392.6M(2048.0M)]
 [Times: user=0.08 sys=0.00, real=0.02 secs] 
2019-08-02T10:34:33.510+0000: 2077924.339: [GC pause (G1 Evacuation Pause) (young), 0.0278084 secs]
   [Parallel Time: 10.6 ms, GC Workers: 8]
      [GC Worker Start (ms): Min: 2077924350.4, Avg: 2077924351.4, Max: 2077924352.4, Diff: 2.0]
      [Ext Root Scanning (ms): Min: 0.0, Avg: 0.7, Max: 1.9, Diff: 1.9, Sum: 6.0]
      [Update RS (ms): Min: 3.0, Avg: 3.3, Max: 3.7, Diff: 0.6, Sum: 26.4]
         [Processed Buffers: Min: 3, Avg: 11.1, Max: 21, Diff: 18, Sum: 89]
      [Scan RS (ms): Min: 0.1, Avg: 0.2, Max: 0.3, Diff: 0.2, Sum: 1.7]
      [Code Root Scanning (ms): Min: 0.0, Avg: 0.0, Max: 0.0, Diff: 0.0, Sum: 0.1]
      [Object Copy (ms): Min: 4.7, Avg: 4.8, Max: 5.0, Diff: 0.3, Sum: 38.3]
      [Termination (ms): Min: 0.1, Avg: 0.2, Max: 0.2, Diff: 0.1, Sum: 1.2]
         [Termination Attempts: Min: 33, Avg: 40.5, Max: 50, Diff: 17, Sum: 324]
      [GC Worker Other (ms): Min: 0.0, Avg: 0.1, Max: 0.2, Diff: 0.2, Sum: 0.9]
      [GC Worker Total (ms): Min: 8.3, Avg: 9.3, Max: 10.4, Diff: 2.1, Sum: 74.5]
      [GC Worker End (ms): Min: 2077924360.6, Avg: 2077924360.7, Max: 2077924360.8, Diff: 0.2]
   [Code Root Fixup: 0.1 ms]
   [Code Root Purge: 0.0 ms]
   [Clear CT: 0.6 ms]
   [Other: 16.5 ms]
      [Choose CSet: 0.0 ms]
      [Ref Proc: 3.9 ms]
      [Ref Enq: 0.0 ms]
      [Redirty Cards: 0.3 ms]
      [Humongous Register: 0.3 ms]
      [Humongous Reclaim: 0.0 ms]
      [Free CSet: 0.9 ms]
   [Eden: 1212.0M(1212.0M)->0.0B(1211.0M) Survivors: 16.0M->17.0M Heap: 1604.6M(2048.0M)->394.2M(2048.0M)]
 [Times: user=0.09 sys=0.00, real=0.04 secs] 
2019-08-02T11:56:25.128+0000: 2082835.957: [GC pause (G1 Evacuation Pause) (young), 0.0170460 secs]
   [Parallel Time: 9.9 ms, GC Workers: 8]
      [GC Worker Start (ms): Min: 2082835957.7, Avg: 2082835957.9, Max: 2082835958.0, Diff: 0.4]
      [Ext Root Scanning (ms): Min: 0.6, Avg: 0.9, Max: 1.9, Diff: 1.4, Sum: 7.0]
      [Update RS (ms): Min: 2.3, Avg: 3.5, Max: 7.4, Diff: 5.2, Sum: 28.3]
         [Processed Buffers: Min: 2, Avg: 10.9, Max: 34, Diff: 32, Sum: 87]
      [Scan RS (ms): Min: 0.2, Avg: 0.2, Max: 0.3, Diff: 0.1, Sum: 1.8]
      [Code Root Scanning (ms): Min: 0.0, Avg: 0.0, Max: 0.0, Diff: 0.0, Sum: 0.1]
      [Object Copy (ms): Min: 0.8, Avg: 4.4, Max: 5.0, Diff: 4.2, Sum: 35.4]
      [Termination (ms): Min: 0.0, Avg: 0.1, Max: 0.1, Diff: 0.0, Sum: 0.5]
         [Termination Attempts: Min: 30, Avg: 38.5, Max: 55, Diff: 25, Sum: 308]
      [GC Worker Other (ms): Min: 0.0, Avg: 0.1, Max: 0.4, Diff: 0.3, Sum: 1.2]
      [GC Worker Total (ms): Min: 9.0, Avg: 9.3, Max: 9.7, Diff: 0.7, Sum: 74.3]
      [GC Worker End (ms): Min: 2082835967.0, Avg: 2082835967.2, Max: 2082835967.4, Diff: 0.3]
   [Code Root Fixup: 0.1 ms]
   [Code Root Purge: 0.0 ms]
   [Clear CT: 0.5 ms]
   [Other: 6.6 ms]
      [Choose CSet: 0.0 ms]
      [Ref Proc: 4.8 ms]
      [Ref Enq: 0.0 ms]
      [Redirty Cards: 0.4 ms]
      [Humongous Register: 0.2 ms]
      [Humongous Reclaim: 0.0 ms]
      [Free CSet: 0.9 ms]
   [Eden: 1211.0M(1211.0M)->0.0B(1212.0M) Survivors: 17.0M->16.0M Heap: 1605.2M(2048.0M)->394.2M(2048.0M)]
 [Times: user=0.08 sys=0.01, real=0.02 secs] 
2019-08-02T13:17:28.911+0000: 2087699.740: [GC pause (G1 Evacuation Pause) (young), 0.0406841 secs]
   [Parallel Time: 34.0 ms, GC Workers: 8]
      [GC Worker Start (ms): Min: 2087699740.2, Avg: 2087699741.3, Max: 2087699746.5, Diff: 6.3]
      [Ext Root Scanning (ms): Min: 0.0, Avg: 0.8, Max: 1.9, Diff: 1.9, Sum: 6.2]
      [Update RS (ms): Min: 0.0, Avg: 2.9, Max: 3.5, Diff: 3.5, Sum: 23.0]
         [Processed Buffers: Min: 0, Avg: 10.9, Max: 34, Diff: 34, Sum: 87]
      [Scan RS (ms): Min: 0.1, Avg: 0.2, Max: 0.3, Diff: 0.2, Sum: 1.6]
      [Code Root Scanning (ms): Min: 0.0, Avg: 0.0, Max: 0.0, Diff: 0.0, Sum: 0.0]
      [Object Copy (ms): Min: 27.3, Avg: 28.6, Max: 28.9, Diff: 1.6, Sum: 228.7]
      [Termination (ms): Min: 0.0, Avg: 0.2, Max: 0.2, Diff: 0.2, Sum: 1.2]
         [Termination Attempts: Min: 1, Avg: 1.0, Max: 1, Diff: 0, Sum: 8]
      [GC Worker Other (ms): Min: 0.0, Avg: 0.1, Max: 0.1, Diff: 0.1, Sum: 0.4]
      [GC Worker Total (ms): Min: 27.4, Avg: 32.7, Max: 33.8, Diff: 6.3, Sum: 261.3]
      [GC Worker End (ms): Min: 2087699773.9, Avg: 2087699773.9, Max: 2087699774.0, Diff: 0.1]
   [Code Root Fixup: 0.1 ms]
   [Code Root Purge: 0.0 ms]
   [Clear CT: 0.5 ms]
   [Other: 6.0 ms]
      [Choose CSet: 0.0 ms]
      [Ref Proc: 4.1 ms]
      [Ref Enq: 0.0 ms]
      [Redirty Cards: 0.3 ms]
      [Humongous Register: 0.1 ms]
      [Humongous Reclaim: 0.0 ms]
      [Free CSet: 1.0 ms]
   [Eden: 1212.0M(1212.0M)->0.0B(1212.0M) Survivors: 16.0M->16.0M Heap: 1606.2M(2048.0M)->394.4M(2048.0M)]
 [Times: user=0.05 sys=0.02, real=0.05 secs] 
2019-08-02T14:39:13.833+0000: 2092604.662: [GC pause (G1 Evacuation Pause) (young), 0.0174836 secs]
   [Parallel Time: 10.6 ms, GC Workers: 8]
      [GC Worker Start (ms): Min: 2092604662.3, Avg: 2092604662.9, Max: 2092604663.4, Diff: 1.1]
      [Ext Root Scanning (ms): Min: 0.5, Avg: 1.2, Max: 3.3, Diff: 2.8, Sum: 9.6]
      [Update RS (ms): Min: 1.6, Avg: 3.2, Max: 3.8, Diff: 2.2, Sum: 25.3]
         [Processed Buffers: Min: 3, Avg: 11.1, Max: 33, Diff: 30, Sum: 89]
      [Scan RS (ms): Min: 0.1, Avg: 0.2, Max: 0.3, Diff: 0.2, Sum: 1.7]
      [Code Root Scanning (ms): Min: 0.0, Avg: 0.0, Max: 0.0, Diff: 0.0, Sum: 0.1]
      [Object Copy (ms): Min: 4.6, Avg: 4.9, Max: 5.0, Diff: 0.4, Sum: 38.9]
      [Termination (ms): Min: 0.2, Avg: 0.3, Max: 0.3, Diff: 0.1, Sum: 2.1]
         [Termination Attempts: Min: 45, Avg: 53.8, Max: 62, Diff: 17, Sum: 430]
      [GC Worker Other (ms): Min: 0.0, Avg: 0.1, Max: 0.2, Diff: 0.1, Sum: 0.7]
      [GC Worker Total (ms): Min: 9.3, Avg: 9.8, Max: 10.5, Diff: 1.3, Sum: 78.3]
      [GC Worker End (ms): Min: 2092604672.7, Avg: 2092604672.7, Max: 2092604672.8, Diff: 0.1]
   [Code Root Fixup: 0.1 ms]
   [Code Root Purge: 0.0 ms]
   [Clear CT: 0.6 ms]
   [Other: 6.2 ms]
      [Choose CSet: 0.0 ms]
      [Ref Proc: 4.2 ms]
      [Ref Enq: 0.0 ms]
      [Redirty Cards: 0.3 ms]
      [Humongous Register: 0.2 ms]
      [Humongous Reclaim: 0.0 ms]
      [Free CSet: 1.0 ms]
   [Eden: 1212.0M(1212.0M)->0.0B(1213.0M) Survivors: 16.0M->15.0M Heap: 1606.4M(2048.0M)->393.9M(2048.0M)]
 [Times: user=0.09 sys=0.00, real=0.01 secs] 
2019-08-02T16:00:16.892+0000: 2097467.721: [GC pause (G1 Evacuation Pause) (young), 0.0176345 secs]
   [Parallel Time: 11.2 ms, GC Workers: 8]
      [GC Worker Start (ms): Min: 2097467721.8, Avg: 2097467723.6, Max: 2097467726.5, Diff: 4.7]
      [Ext Root Scanning (ms): Min: 0.0, Avg: 0.9, Max: 2.1, Diff: 2.1, Sum: 6.8]
      [Update RS (ms): Min: 1.2, Avg: 3.2, Max: 4.9, Diff: 3.7, Sum: 25.4]
         [Processed Buffers: Min: 3, Avg: 11.1, Max: 27, Diff: 24, Sum: 89]
      [Scan RS (ms): Min: 0.1, Avg: 0.2, Max: 0.3, Diff: 0.2, Sum: 1.9]
      [Code Root Scanning (ms): Min: 0.0, Avg: 0.0, Max: 0.0, Diff: 0.0, Sum: 0.1]
      [Object Copy (ms): Min: 4.7, Avg: 4.8, Max: 5.1, Diff: 0.3, Sum: 38.5]
      [Termination (ms): Min: 0.1, Avg: 0.1, Max: 0.1, Diff: 0.0, Sum: 0.5]
         [Termination Attempts: Min: 37, Avg: 41.0, Max: 45, Diff: 8, Sum: 328]
      [GC Worker Other (ms): Min: 0.0, Avg: 0.1, Max: 0.2, Diff: 0.1, Sum: 0.7]
      [GC Worker Total (ms): Min: 6.3, Avg: 9.2, Max: 11.0, Diff: 4.7, Sum: 74.0]
      [GC Worker End (ms): Min: 2097467732.7, Avg: 2097467732.8, Max: 2097467732.9, Diff: 0.1]
   [Code Root Fixup: 0.2 ms]
   [Code Root Purge: 0.0 ms]
   [Clear CT: 0.5 ms]
   [Other: 5.8 ms]
      [Choose CSet: 0.0 ms]
      [Ref Proc: 3.8 ms]
      [Ref Enq: 0.0 ms]
      [Redirty Cards: 0.5 ms]
      [Humongous Register: 0.2 ms]
      [Humongous Reclaim: 0.0 ms]
      [Free CSet: 1.0 ms]
   [Eden: 1213.0M(1213.0M)->0.0B(1212.0M) Survivors: 15.0M->16.0M Heap: 1606.9M(2048.0M)->395.5M(2048.0M)]
 [Times: user=0.08 sys=0.00, real=0.02 secs] 
2019-08-02T17:21:28.742+0000: 2102339.571: [GC pause (G1 Evacuation Pause) (young), 0.0171715 secs]
   [Parallel Time: 10.3 ms, GC Workers: 8]
      [GC Worker Start (ms): Min: 2102339571.7, Avg: 2102339572.0, Max: 2102339572.5, Diff: 0.8]
      [Ext Root Scanning (ms): Min: 0.7, Avg: 1.3, Max: 2.5, Diff: 1.8, Sum: 10.6]
      [Update RS (ms): Min: 2.0, Avg: 3.1, Max: 3.7, Diff: 1.7, Sum: 24.6]
         [Processed Buffers: Min: 3, Avg: 11.5, Max: 35, Diff: 32, Sum: 92]
      [Scan RS (ms): Min: 0.1, Avg: 0.2, Max: 0.3, Diff: 0.1, Sum: 1.8]
      [Code Root Scanning (ms): Min: 0.0, Avg: 0.0, Max: 0.0, Diff: 0.0, Sum: 0.1]
      [Object Copy (ms): Min: 4.4, Avg: 4.8, Max: 6.1, Diff: 1.7, Sum: 38.8]
      [Termination (ms): Min: 0.0, Avg: 0.1, Max: 0.1, Diff: 0.1, Sum: 0.8]
         [Termination Attempts: Min: 36, Avg: 46.0, Max: 60, Diff: 24, Sum: 368]
      [GC Worker Other (ms): Min: 0.0, Avg: 0.1, Max: 0.2, Diff: 0.2, Sum: 0.6]
      [GC Worker Total (ms): Min: 9.3, Avg: 9.7, Max: 9.9, Diff: 0.6, Sum: 77.2]
      [GC Worker End (ms): Min: 2102339581.6, Avg: 2102339581.7, Max: 2102339581.8, Diff: 0.2]
   [Code Root Fixup: 0.1 ms]
   [Code Root Purge: 0.0 ms]
   [Clear CT: 0.6 ms]
   [Other: 6.2 ms]
      [Choose CSet: 0.0 ms]
      [Ref Proc: 4.2 ms]
      [Ref Enq: 0.0 ms]
      [Redirty Cards: 0.3 ms]
      [Humongous Register: 0.2 ms]
      [Humongous Reclaim: 0.0 ms]
      [Free CSet: 1.1 ms]
   [Eden: 1212.0M(1212.0M)->0.0B(1212.0M) Survivors: 16.0M->16.0M Heap: 1607.5M(2048.0M)->396.0M(2048.0M)]
 [Times: user=0.08 sys=0.00, real=0.01 secs] 
2019-08-02T18:43:01.543+0000: 2107232.372: [GC pause (G1 Evacuation Pause) (young), 0.0251610 secs]
   [Parallel Time: 14.1 ms, GC Workers: 8]
      [GC Worker Start (ms): Min: 2107232372.9, Avg: 2107232373.1, Max: 2107232373.4, Diff: 0.4]
      [Ext Root Scanning (ms): Min: 1.0, Avg: 1.8, Max: 2.9, Diff: 1.9, Sum: 14.0]
      [Update RS (ms): Min: 3.0, Avg: 4.2, Max: 4.8, Diff: 1.8, Sum: 33.6]
         [Processed Buffers: Min: 3, Avg: 11.1, Max: 31, Diff: 28, Sum: 89]
      [Scan RS (ms): Min: 0.1, Avg: 0.3, Max: 0.3, Diff: 0.3, Sum: 2.0]
      [Code Root Scanning (ms): Min: 0.0, Avg: 0.0, Max: 0.0, Diff: 0.0, Sum: 0.1]
      [Object Copy (ms): Min: 5.8, Avg: 6.0, Max: 6.3, Diff: 0.5, Sum: 48.2]
      [Termination (ms): Min: 0.8, Avg: 1.0, Max: 1.2, Diff: 0.4, Sum: 8.1]
         [Termination Attempts: Min: 41, Avg: 52.4, Max: 57, Diff: 16, Sum: 419]
      [GC Worker Other (ms): Min: 0.0, Avg: 0.2, Max: 0.4, Diff: 0.3, Sum: 1.6]
      [GC Worker Total (ms): Min: 13.1, Avg: 13.5, Max: 13.7, Diff: 0.6, Sum: 107.6]
      [GC Worker End (ms): Min: 2107232386.4, Avg: 2107232386.6, Max: 2107232386.7, Diff: 0.3]
   [Code Root Fixup: 0.1 ms]
   [Code Root Purge: 0.0 ms]
   [Clear CT: 1.1 ms]
   [Other: 9.9 ms]
      [Choose CSet: 0.0 ms]
      [Ref Proc: 7.1 ms]
      [Ref Enq: 0.1 ms]
      [Redirty Cards: 0.6 ms]
      [Humongous Register: 0.2 ms]
      [Humongous Reclaim: 0.0 ms]
      [Free CSet: 1.4 ms]
   [Eden: 1212.0M(1212.0M)->0.0B(1213.0M) Survivors: 16.0M->15.0M Heap: 1608.0M(2048.0M)->396.1M(2048.0M)]
 [Times: user=0.12 sys=0.00, real=0.03 secs] 
2019-08-02T20:04:41.072+0000: 2112131.902: [GC pause (G1 Evacuation Pause) (young), 0.0167870 secs]
   [Parallel Time: 10.1 ms, GC Workers: 8]
      [GC Worker Start (ms): Min: 2112131902.1, Avg: 2112131902.4, Max: 2112131902.8, Diff: 0.8]
      [Ext Root Scanning (ms): Min: 0.4, Avg: 0.9, Max: 2.1, Diff: 1.7, Sum: 7.4]
      [Update RS (ms): Min: 2.3, Avg: 3.1, Max: 3.6, Diff: 1.3, Sum: 25.0]
         [Processed Buffers: Min: 5, Avg: 11.1, Max: 22, Diff: 17, Sum: 89]
      [Scan RS (ms): Min: 0.1, Avg: 0.3, Max: 0.3, Diff: 0.2, Sum: 2.0]
      [Code Root Scanning (ms): Min: 0.0, Avg: 0.0, Max: 0.0, Diff: 0.0, Sum: 0.1]
      [Object Copy (ms): Min: 4.8, Avg: 5.0, Max: 5.0, Diff: 0.2, Sum: 39.8]
      [Termination (ms): Min: 0.1, Avg: 0.1, Max: 0.2, Diff: 0.1, Sum: 0.8]
         [Termination Attempts: Min: 43, Avg: 47.0, Max: 52, Diff: 9, Sum: 376]
      [GC Worker Other (ms): Min: 0.0, Avg: 0.1, Max: 0.2, Diff: 0.2, Sum: 0.9]
      [GC Worker Total (ms): Min: 9.2, Avg: 9.5, Max: 9.8, Diff: 0.6, Sum: 76.0]
      [GC Worker End (ms): Min: 2112131911.9, Avg: 2112131911.9, Max: 2112131912.0, Diff: 0.2]
   [Code Root Fixup: 0.1 ms]
   [Code Root Purge: 0.0 ms]
   [Clear CT: 0.7 ms]
   [Other: 6.0 ms]
      [Choose CSet: 0.0 ms]
      [Ref Proc: 4.1 ms]
      [Ref Enq: 0.0 ms]
      [Redirty Cards: 0.4 ms]
      [Humongous Register: 0.2 ms]
      [Humongous Reclaim: 0.0 ms]
      [Free CSet: 0.9 ms]
   [Eden: 1213.0M(1213.0M)->0.0B(1212.0M) Survivors: 15.0M->16.0M Heap: 1609.1M(2048.0M)->397.6M(2048.0M)]
 [Times: user=0.08 sys=0.00, real=0.01 secs] 
2019-08-02T21:25:39.919+0000: 2116990.748: [GC pause (G1 Evacuation Pause) (young), 0.0176203 secs]
   [Parallel Time: 10.9 ms, GC Workers: 8]
      [GC Worker Start (ms): Min: 2116990748.4, Avg: 2116990748.5, Max: 2116990748.7, Diff: 0.3]
      [Ext Root Scanning (ms): Min: 0.7, Avg: 1.0, Max: 2.3, Diff: 1.7, Sum: 8.2]
      [Update RS (ms): Min: 2.4, Avg: 3.5, Max: 3.8, Diff: 1.4, Sum: 28.4]
         [Processed Buffers: Min: 4, Avg: 11.1, Max: 29, Diff: 25, Sum: 89]
      [Scan RS (ms): Min: 0.2, Avg: 0.3, Max: 0.3, Diff: 0.1, Sum: 2.0]
      [Code Root Scanning (ms): Min: 0.0, Avg: 0.0, Max: 0.0, Diff: 0.0, Sum: 0.1]
      [Object Copy (ms): Min: 5.4, Avg: 5.4, Max: 5.5, Diff: 0.2, Sum: 43.3]
      [Termination (ms): Min: 0.1, Avg: 0.1, Max: 0.1, Diff: 0.0, Sum: 0.7]
         [Termination Attempts: Min: 29, Avg: 35.5, Max: 41, Diff: 12, Sum: 284]
      [GC Worker Other (ms): Min: 0.0, Avg: 0.1, Max: 0.2, Diff: 0.2, Sum: 0.8]
      [GC Worker Total (ms): Min: 10.2, Avg: 10.4, Max: 10.6, Diff: 0.4, Sum: 83.5]
      [GC Worker End (ms): Min: 2116990758.9, Avg: 2116990759.0, Max: 2116990759.0, Diff: 0.1]
   [Code Root Fixup: 0.1 ms]
   [Code Root Purge: 0.0 ms]
   [Clear CT: 0.6 ms]
   [Other: 6.0 ms]
      [Choose CSet: 0.0 ms]
      [Ref Proc: 4.0 ms]
      [Ref Enq: 0.0 ms]
      [Redirty Cards: 0.4 ms]
      [Humongous Register: 0.2 ms]
      [Humongous Reclaim: 0.0 ms]
      [Free CSet: 1.0 ms]
   [Eden: 1212.0M(1212.0M)->0.0B(1212.0M) Survivors: 16.0M->16.0M Heap: 1609.6M(2048.0M)->398.2M(2048.0M)]
 [Times: user=0.09 sys=0.00, real=0.02 secs] 
2019-08-02T22:47:49.288+0000: 2121920.117: [GC pause (G1 Evacuation Pause) (young), 0.1109195 secs]
   [Parallel Time: 103.7 ms, GC Workers: 8]
      [GC Worker Start (ms): Min: 2121920117.6, Avg: 2121920117.7, Max: 2121920117.9, Diff: 0.3]
      [Ext Root Scanning (ms): Min: 1.7, Avg: 3.2, Max: 5.3, Diff: 3.6, Sum: 25.7]
      [Update RS (ms): Min: 1.2, Avg: 3.2, Max: 4.6, Diff: 3.4, Sum: 25.3]
         [Processed Buffers: Min: 4, Avg: 11.0, Max: 28, Diff: 24, Sum: 88]
      [Scan RS (ms): Min: 0.2, Avg: 0.3, Max: 0.3, Diff: 0.1, Sum: 2.0]
      [Code Root Scanning (ms): Min: 0.0, Avg: 0.0, Max: 0.0, Diff: 0.0, Sum: 0.1]
      [Object Copy (ms): Min: 96.3, Avg: 96.5, Max: 96.7, Diff: 0.3, Sum: 771.6]
      [Termination (ms): Min: 0.0, Avg: 0.1, Max: 0.1, Diff: 0.0, Sum: 0.4]
         [Termination Attempts: Min: 31, Avg: 43.0, Max: 48, Diff: 17, Sum: 344]
      [GC Worker Other (ms): Min: 0.0, Avg: 0.1, Max: 0.2, Diff: 0.2, Sum: 0.9]
      [GC Worker Total (ms): Min: 103.1, Avg: 103.3, Max: 103.4, Diff: 0.3, Sum: 826.0]
      [GC Worker End (ms): Min: 2121920220.9, Avg: 2121920221.0, Max: 2121920221.1, Diff: 0.2]
   [Code Root Fixup: 0.1 ms]
   [Code Root Purge: 0.0 ms]
   [Clear CT: 0.7 ms]
   [Other: 6.4 ms]
      [Choose CSet: 0.0 ms]
      [Ref Proc: 4.5 ms]
      [Ref Enq: 0.0 ms]
      [Redirty Cards: 0.4 ms]
      [Humongous Register: 0.2 ms]
      [Humongous Reclaim: 0.0 ms]
      [Free CSet: 0.9 ms]
   [Eden: 1212.0M(1212.0M)->0.0B(1212.0M) Survivors: 16.0M->16.0M Heap: 1610.2M(2048.0M)->398.2M(2048.0M)]
 [Times: user=0.08 sys=0.00, real=0.12 secs] 
2019-08-03T00:08:58.359+0000: 2126789.188: [GC pause (G1 Evacuation Pause) (young), 0.0448801 secs]
   [Parallel Time: 38.6 ms, GC Workers: 8]
      [GC Worker Start (ms): Min: 2126789188.4, Avg: 2126789189.2, Max: 2126789190.6, Diff: 2.2]
      [Ext Root Scanning (ms): Min: 0.0, Avg: 1.0, Max: 2.5, Diff: 2.5, Sum: 7.8]
      [Update RS (ms): Min: 30.6, Avg: 31.4, Max: 32.3, Diff: 1.7, Sum: 251.5]
         [Processed Buffers: Min: 1, Avg: 11.1, Max: 34, Diff: 33, Sum: 89]
      [Scan RS (ms): Min: 0.1, Avg: 0.2, Max: 0.3, Diff: 0.2, Sum: 1.9]
      [Code Root Scanning (ms): Min: 0.0, Avg: 0.0, Max: 0.0, Diff: 0.0, Sum: 0.1]
      [Object Copy (ms): Min: 3.5, Avg: 4.6, Max: 4.8, Diff: 1.3, Sum: 36.9]
      [Termination (ms): Min: 0.1, Avg: 0.1, Max: 0.1, Diff: 0.0, Sum: 0.6]
         [Termination Attempts: Min: 30, Avg: 33.5, Max: 40, Diff: 10, Sum: 268]
      [GC Worker Other (ms): Min: 0.0, Avg: 0.1, Max: 0.2, Diff: 0.2, Sum: 0.9]
      [GC Worker Total (ms): Min: 36.1, Avg: 37.5, Max: 38.3, Diff: 2.2, Sum: 299.6]
      [GC Worker End (ms): Min: 2126789226.6, Avg: 2126789226.7, Max: 2126789226.8, Diff: 0.2]
   [Code Root Fixup: 0.1 ms]
   [Code Root Purge: 0.0 ms]
   [Clear CT: 0.6 ms]
   [Other: 5.6 ms]
      [Choose CSet: 0.0 ms]
      [Ref Proc: 3.7 ms]
      [Ref Enq: 0.0 ms]
      [Redirty Cards: 0.3 ms]
      [Humongous Register: 0.2 ms]
      [Humongous Reclaim: 0.0 ms]
      [Free CSet: 1.0 ms]
   [Eden: 1212.0M(1212.0M)->0.0B(1212.0M) Survivors: 16.0M->16.0M Heap: 1610.2M(2048.0M)->399.3M(2048.0M)]
 [Times: user=0.09 sys=0.00, real=0.18 secs] 
2019-08-03T01:30:16.784+0000: 2131667.655: [GC pause (G1 Evacuation Pause) (young), 0.0788625 secs]
   [Parallel Time: 11.5 ms, GC Workers: 8]
      [GC Worker Start (ms): Min: 2131667673.6, Avg: 2131667673.7, Max: 2131667673.9, Diff: 0.3]
      [Ext Root Scanning (ms): Min: 0.6, Avg: 1.0, Max: 2.2, Diff: 1.6, Sum: 7.9]
      [Update RS (ms): Min: 0.8, Avg: 3.9, Max: 5.7, Diff: 5.0, Sum: 31.2]
         [Processed Buffers: Min: 2, Avg: 11.2, Max: 34, Diff: 32, Sum: 90]
      [Scan RS (ms): Min: 0.1, Avg: 0.2, Max: 0.3, Diff: 0.2, Sum: 1.8]
      [Code Root Scanning (ms): Min: 0.0, Avg: 0.0, Max: 0.0, Diff: 0.0, Sum: 0.1]
      [Object Copy (ms): Min: 4.1, Avg: 5.6, Max: 8.8, Diff: 4.8, Sum: 44.6]
      [Termination (ms): Min: 0.2, Avg: 0.3, Max: 0.4, Diff: 0.2, Sum: 2.7]
         [Termination Attempts: Min: 44, Avg: 55.2, Max: 68, Diff: 24, Sum: 442]
      [GC Worker Other (ms): Min: 0.0, Avg: 0.1, Max: 0.2, Diff: 0.2, Sum: 0.9]
      [GC Worker Total (ms): Min: 11.0, Avg: 11.1, Max: 11.3, Diff: 0.3, Sum: 89.1]
      [GC Worker End (ms): Min: 2131667684.8, Avg: 2131667684.9, Max: 2131667685.0, Diff: 0.2]
   [Code Root Fixup: 0.1 ms]
   [Code Root Purge: 0.0 ms]
   [Clear CT: 0.8 ms]
   [Other: 66.5 ms]
      [Choose CSet: 0.0 ms]
      [Ref Proc: 4.5 ms]
      [Ref Enq: 0.0 ms]
      [Redirty Cards: 0.3 ms]
      [Humongous Register: 0.2 ms]
      [Humongous Reclaim: 0.0 ms]
      [Free CSet: 1.1 ms]
   [Eden: 1212.0M(1212.0M)->0.0B(1212.0M) Survivors: 16.0M->16.0M Heap: 1611.3M(2048.0M)->399.3M(2048.0M)]
 [Times: user=0.09 sys=0.01, real=0.09 secs] 
2019-08-03T02:52:06.784+0000: 2136577.614: [GC pause (G1 Evacuation Pause) (young), 0.0191103 secs]
   [Parallel Time: 10.1 ms, GC Workers: 8]
      [GC Worker Start (ms): Min: 2136577614.2, Avg: 2136577614.4, Max: 2136577614.7, Diff: 0.5]
      [Ext Root Scanning (ms): Min: 0.4, Avg: 1.0, Max: 2.8, Diff: 2.4, Sum: 7.9]
      [Update RS (ms): Min: 1.9, Avg: 3.3, Max: 3.7, Diff: 1.8, Sum: 26.6]
         [Processed Buffers: Min: 2, Avg: 10.9, Max: 33, Diff: 31, Sum: 87]
      [Scan RS (ms): Min: 0.2, Avg: 0.2, Max: 0.3, Diff: 0.2, Sum: 1.9]
      [Code Root Scanning (ms): Min: 0.0, Avg: 0.0, Max: 0.0, Diff: 0.0, Sum: 0.1]
      [Object Copy (ms): Min: 4.7, Avg: 4.8, Max: 4.9, Diff: 0.2, Sum: 38.4]
      [Termination (ms): Min: 0.1, Avg: 0.1, Max: 0.2, Diff: 0.1, Sum: 0.8]
         [Termination Attempts: Min: 38, Avg: 48.0, Max: 58, Diff: 20, Sum: 384]
      [GC Worker Other (ms): Min: 0.0, Avg: 0.2, Max: 0.3, Diff: 0.2, Sum: 1.3]
      [GC Worker Total (ms): Min: 9.2, Avg: 9.6, Max: 9.8, Diff: 0.6, Sum: 76.9]
      [GC Worker End (ms): Min: 2136577623.9, Avg: 2136577624.0, Max: 2136577624.1, Diff: 0.2]
   [Code Root Fixup: 0.1 ms]
   [Code Root Purge: 0.0 ms]
   [Clear CT: 0.6 ms]
   [Other: 8.3 ms]
      [Choose CSet: 0.0 ms]
      [Ref Proc: 5.9 ms]
      [Ref Enq: 0.1 ms]
      [Redirty Cards: 0.3 ms]
      [Humongous Register: 0.2 ms]
      [Humongous Reclaim: 0.0 ms]
      [Free CSet: 1.3 ms]
   [Eden: 1212.0M(1212.0M)->0.0B(1212.0M) Survivors: 16.0M->16.0M Heap: 1611.3M(2048.0M)->399.9M(2048.0M)]
 [Times: user=0.09 sys=0.00, real=0.03 secs] 
2019-08-03T04:13:15.843+0000: 2141446.695: [GC pause (G1 Evacuation Pause) (young), 0.0574936 secs]
   [Parallel Time: 11.1 ms, GC Workers: 8]
      [GC Worker Start (ms): Min: 2141446711.9, Avg: 2141446712.9, Max: 2141446718.7, Diff: 6.8]
      [Ext Root Scanning (ms): Min: 0.0, Avg: 1.0, Max: 2.2, Diff: 2.2, Sum: 8.0]
      [Update RS (ms): Min: 0.0, Avg: 3.6, Max: 5.1, Diff: 5.1, Sum: 28.5]
         [Processed Buffers: Min: 0, Avg: 11.1, Max: 33, Diff: 33, Sum: 89]
      [Scan RS (ms): Min: 0.1, Avg: 0.2, Max: 0.3, Diff: 0.2, Sum: 1.8]
      [Code Root Scanning (ms): Min: 0.0, Avg: 0.0, Max: 0.0, Diff: 0.0, Sum: 0.1]
      [Object Copy (ms): Min: 3.7, Avg: 4.8, Max: 5.3, Diff: 1.6, Sum: 38.5]
      [Termination (ms): Min: 0.1, Avg: 0.1, Max: 0.1, Diff: 0.1, Sum: 0.8]
         [Termination Attempts: Min: 42, Avg: 50.6, Max: 62, Diff: 20, Sum: 405]
      [GC Worker Other (ms): Min: 0.1, Avg: 0.1, Max: 0.2, Diff: 0.2, Sum: 1.0]
      [GC Worker Total (ms): Min: 4.0, Avg: 9.8, Max: 10.9, Diff: 6.9, Sum: 78.7]
      [GC Worker End (ms): Min: 2141446722.7, Avg: 2141446722.7, Max: 2141446722.8, Diff: 0.2]
   [Code Root Fixup: 0.1 ms]
   [Code Root Purge: 0.0 ms]
   [Clear CT: 0.7 ms]
   [Other: 45.5 ms]
      [Choose CSet: 0.0 ms]
      [Ref Proc: 4.0 ms]
      [Ref Enq: 0.0 ms]
      [Redirty Cards: 0.3 ms]
      [Humongous Register: 0.2 ms]
      [Humongous Reclaim: 0.0 ms]
      [Free CSet: 1.0 ms]
   [Eden: 1212.0M(1212.0M)->0.0B(1213.0M) Survivors: 16.0M->15.0M Heap: 1611.9M(2048.0M)->399.9M(2048.0M)]
 [Times: user=0.09 sys=0.00, real=0.06 secs] 
2019-08-03T05:34:52.942+0000: 2146343.771: [GC pause (G1 Evacuation Pause) (young), 0.0171369 secs]
   [Parallel Time: 10.5 ms, GC Workers: 8]
      [GC Worker Start (ms): Min: 2146343771.4, Avg: 2146343771.6, Max: 2146343771.7, Diff: 0.3]
      [Ext Root Scanning (ms): Min: 0.8, Avg: 1.3, Max: 2.0, Diff: 1.2, Sum: 10.4]
      [Update RS (ms): Min: 3.0, Avg: 3.5, Max: 3.9, Diff: 0.9, Sum: 28.3]
         [Processed Buffers: Min: 3, Avg: 11.1, Max: 30, Diff: 27, Sum: 89]
      [Scan RS (ms): Min: 0.1, Avg: 0.2, Max: 0.3, Diff: 0.1, Sum: 1.8]
      [Code Root Scanning (ms): Min: 0.0, Avg: 0.0, Max: 0.0, Diff: 0.0, Sum: 0.1]
      [Object Copy (ms): Min: 4.9, Avg: 5.0, Max: 5.1, Diff: 0.2, Sum: 39.8]
      [Termination (ms): Min: 0.1, Avg: 0.1, Max: 0.1, Diff: 0.0, Sum: 0.5]
         [Termination Attempts: Min: 32, Avg: 38.8, Max: 46, Diff: 14, Sum: 310]
      [GC Worker Other (ms): Min: 0.0, Avg: 0.1, Max: 0.2, Diff: 0.1, Sum: 0.7]
      [GC Worker Total (ms): Min: 10.0, Avg: 10.2, Max: 10.3, Diff: 0.3, Sum: 81.5]
      [GC Worker End (ms): Min: 2146343781.7, Avg: 2146343781.7, Max: 2146343781.8, Diff: 0.1]
   [Code Root Fixup: 0.1 ms]
   [Code Root Purge: 0.0 ms]
   [Clear CT: 0.4 ms]
   [Other: 6.1 ms]
      [Choose CSet: 0.0 ms]
      [Ref Proc: 4.2 ms]
      [Ref Enq: 0.0 ms]
      [Redirty Cards: 0.3 ms]
      [Humongous Register: 0.2 ms]
      [Humongous Reclaim: 0.0 ms]
      [Free CSet: 0.9 ms]
   [Eden: 1213.0M(1213.0M)->0.0B(1212.0M) Survivors: 15.0M->16.0M Heap: 1612.9M(2048.0M)->401.0M(2048.0M)]
 [Times: user=0.08 sys=0.01, real=0.02 secs] 
2019-08-03T06:56:46.975+0000: 2151257.804: [GC pause (G1 Evacuation Pause) (young), 0.0394959 secs]
   [Parallel Time: 10.0 ms, GC Workers: 8]
      [GC Worker Start (ms): Min: 2151257827.5, Avg: 2151257827.6, Max: 2151257828.0, Diff: 0.5]
      [Ext Root Scanning (ms): Min: 0.7, Avg: 1.4, Max: 2.8, Diff: 2.1, Sum: 10.8]
      [Update RS (ms): Min: 2.1, Avg: 3.3, Max: 4.1, Diff: 2.0, Sum: 26.8]
         [Processed Buffers: Min: 3, Avg: 11.0, Max: 34, Diff: 31, Sum: 88]
      [Scan RS (ms): Min: 0.1, Avg: 0.2, Max: 0.3, Diff: 0.3, Sum: 1.8]
      [Code Root Scanning (ms): Min: 0.0, Avg: 0.0, Max: 0.0, Diff: 0.0, Sum: 0.1]
      [Object Copy (ms): Min: 4.1, Avg: 4.5, Max: 4.6, Diff: 0.5, Sum: 36.0]
      [Termination (ms): Min: 0.1, Avg: 0.1, Max: 0.1, Diff: 0.0, Sum: 0.5]
         [Termination Attempts: Min: 34, Avg: 36.1, Max: 39, Diff: 5, Sum: 289]
      [GC Worker Other (ms): Min: 0.0, Avg: 0.1, Max: 0.2, Diff: 0.1, Sum: 0.7]
      [GC Worker Total (ms): Min: 9.2, Avg: 9.6, Max: 9.8, Diff: 0.6, Sum: 76.6]
      [GC Worker End (ms): Min: 2151257837.1, Avg: 2151257837.2, Max: 2151257837.3, Diff: 0.1]
   [Code Root Fixup: 0.1 ms]
   [Code Root Purge: 0.0 ms]
   [Clear CT: 0.5 ms]
   [Other: 28.9 ms]
      [Choose CSet: 0.0 ms]
      [Ref Proc: 3.9 ms]
      [Ref Enq: 0.0 ms]
      [Redirty Cards: 0.3 ms]
      [Humongous Register: 0.3 ms]
      [Humongous Reclaim: 0.0 ms]
      [Free CSet: 0.9 ms]
   [Eden: 1212.0M(1212.0M)->0.0B(1212.0M) Survivors: 16.0M->16.0M Heap: 1613.0M(2048.0M)->401.6M(2048.0M)]
 [Times: user=0.09 sys=0.00, real=0.05 secs] 
2019-08-03T08:18:00.941+0000: 2156131.784: [GC pause (G1 Evacuation Pause) (young), 0.0478958 secs]
   [Parallel Time: 15.8 ms, GC Workers: 8]
      [GC Worker Start (ms): Min: 2156131796.1, Avg: 2156131796.4, Max: 2156131796.6, Diff: 0.5]
      [Ext Root Scanning (ms): Min: 0.6, Avg: 1.2, Max: 3.2, Diff: 2.6, Sum: 9.2]
      [Update RS (ms): Min: 2.6, Avg: 4.0, Max: 4.8, Diff: 2.2, Sum: 31.8]
         [Processed Buffers: Min: 3, Avg: 11.0, Max: 26, Diff: 23, Sum: 88]
      [Scan RS (ms): Min: 0.1, Avg: 0.2, Max: 0.3, Diff: 0.2, Sum: 1.7]
      [Code Root Scanning (ms): Min: 0.0, Avg: 0.0, Max: 0.0, Diff: 0.0, Sum: 0.1]
      [Object Copy (ms): Min: 5.0, Avg: 7.1, Max: 9.7, Diff: 4.6, Sum: 56.8]
      [Termination (ms): Min: 0.0, Avg: 2.8, Max: 4.5, Diff: 4.5, Sum: 22.7]
         [Termination Attempts: Min: 1, Avg: 26.4, Max: 51, Diff: 50, Sum: 211]
      [GC Worker Other (ms): Min: 0.0, Avg: 0.1, Max: 0.2, Diff: 0.1, Sum: 0.4]
      [GC Worker Total (ms): Min: 15.1, Avg: 15.3, Max: 15.6, Diff: 0.5, Sum: 122.7]
      [GC Worker End (ms): Min: 2156131811.7, Avg: 2156131811.7, Max: 2156131811.8, Diff: 0.1]
   [Code Root Fixup: 0.1 ms]
   [Code Root Purge: 0.0 ms]
   [Clear CT: 0.4 ms]
   [Other: 31.5 ms]
      [Choose CSet: 0.0 ms]
      [Ref Proc: 3.9 ms]
      [Ref Enq: 0.0 ms]
      [Redirty Cards: 0.4 ms]
      [Humongous Register: 0.2 ms]
      [Humongous Reclaim: 0.0 ms]
      [Free CSet: 1.0 ms]
   [Eden: 1212.0M(1212.0M)->0.0B(1212.0M) Survivors: 16.0M->16.0M Heap: 1613.6M(2048.0M)->402.7M(2048.0M)]
 [Times: user=0.11 sys=0.00, real=0.06 secs] 
2019-08-03T09:39:34.708+0000: 2161025.549: [GC pause (G1 Evacuation Pause) (young), 0.1105260 secs]
   [Parallel Time: 10.5 ms, GC Workers: 8]
      [GC Worker Start (ms): Min: 2161025629.6, Avg: 2161025629.7, Max: 2161025629.9, Diff: 0.4]
      [Ext Root Scanning (ms): Min: 0.9, Avg: 1.6, Max: 3.0, Diff: 2.0, Sum: 12.9]
      [Update RS (ms): Min: 2.1, Avg: 3.3, Max: 3.9, Diff: 1.8, Sum: 26.2]
         [Processed Buffers: Min: 3, Avg: 11.4, Max: 22, Diff: 19, Sum: 91]
      [Scan RS (ms): Min: 0.1, Avg: 0.2, Max: 0.3, Diff: 0.2, Sum: 1.7]
      [Code Root Scanning (ms): Min: 0.0, Avg: 0.0, Max: 0.0, Diff: 0.0, Sum: 0.1]
      [Object Copy (ms): Min: 4.6, Avg: 4.7, Max: 4.8, Diff: 0.2, Sum: 37.6]
      [Termination (ms): Min: 0.2, Avg: 0.2, Max: 0.2, Diff: 0.1, Sum: 1.6]
         [Termination Attempts: Min: 30, Avg: 39.2, Max: 46, Diff: 16, Sum: 314]
      [GC Worker Other (ms): Min: 0.0, Avg: 0.1, Max: 0.2, Diff: 0.1, Sum: 0.7]
      [GC Worker Total (ms): Min: 9.9, Avg: 10.1, Max: 10.2, Diff: 0.3, Sum: 80.8]
      [GC Worker End (ms): Min: 2161025639.8, Avg: 2161025639.8, Max: 2161025639.9, Diff: 0.1]
   [Code Root Fixup: 0.1 ms]
   [Code Root Purge: 0.0 ms]
   [Clear CT: 0.6 ms]
   [Other: 99.3 ms]
      [Choose CSet: 0.0 ms]
      [Ref Proc: 5.2 ms]
      [Ref Enq: 0.0 ms]
      [Redirty Cards: 0.3 ms]
      [Humongous Register: 0.2 ms]
      [Humongous Reclaim: 0.0 ms]
      [Free CSet: 1.1 ms]
   [Eden: 1212.0M(1212.0M)->0.0B(1213.0M) Survivors: 16.0M->15.0M Heap: 1614.7M(2048.0M)->402.2M(2048.0M)]
 [Times: user=0.08 sys=0.00, real=0.12 secs] 
2019-08-03T11:00:53.793+0000: 2165904.645: [GC pause (G1 Evacuation Pause) (young), 0.0561050 secs]
   [Parallel Time: 26.5 ms, GC Workers: 8]
      [GC Worker Start (ms): Min: 2165904645.3, Avg: 2165904645.5, Max: 2165904645.7, Diff: 0.4]
      [Ext Root Scanning (ms): Min: 1.1, Avg: 1.5, Max: 2.5, Diff: 1.4, Sum: 11.8]
      [Update RS (ms): Min: 19.2, Avg: 19.7, Max: 19.8, Diff: 0.6, Sum: 157.3]
         [Processed Buffers: Min: 3, Avg: 11.2, Max: 29, Diff: 26, Sum: 90]
      [Scan RS (ms): Min: 0.1, Avg: 0.2, Max: 0.3, Diff: 0.2, Sum: 2.0]
      [Code Root Scanning (ms): Min: 0.0, Avg: 0.0, Max: 0.0, Diff: 0.0, Sum: 0.1]
      [Object Copy (ms): Min: 4.3, Avg: 4.5, Max: 4.6, Diff: 0.3, Sum: 35.9]
      [Termination (ms): Min: 0.1, Avg: 0.1, Max: 0.1, Diff: 0.1, Sum: 0.6]
         [Termination Attempts: Min: 40, Avg: 46.8, Max: 52, Diff: 12, Sum: 374]
      [GC Worker Other (ms): Min: 0.0, Avg: 0.1, Max: 0.2, Diff: 0.1, Sum: 0.7]
      [GC Worker Total (ms): Min: 25.8, Avg: 26.0, Max: 26.2, Diff: 0.3, Sum: 208.3]
      [GC Worker End (ms): Min: 2165904671.4, Avg: 2165904671.5, Max: 2165904671.6, Diff: 0.1]
   [Code Root Fixup: 0.1 ms]
   [Code Root Purge: 0.0 ms]
   [Clear CT: 0.6 ms]
   [Other: 28.9 ms]
      [Choose CSet: 0.0 ms]
      [Ref Proc: 4.1 ms]
      [Ref Enq: 0.0 ms]
      [Redirty Cards: 0.3 ms]
      [Humongous Register: 0.2 ms]
      [Humongous Reclaim: 0.0 ms]
      [Free CSet: 1.0 ms]
   [Eden: 1213.0M(1213.0M)->0.0B(1213.0M) Survivors: 15.0M->15.0M Heap: 1615.2M(2048.0M)->402.8M(2048.0M)]
 [Times: user=0.09 sys=0.00, real=0.06 secs] 
2019-08-03T12:22:34.270+0000: 2170805.099: [GC pause (G1 Evacuation Pause) (young), 0.0167223 secs]
   [Parallel Time: 9.9 ms, GC Workers: 8]
      [GC Worker Start (ms): Min: 2170805099.8, Avg: 2170805100.1, Max: 2170805100.4, Diff: 0.6]
      [Ext Root Scanning (ms): Min: 0.5, Avg: 0.9, Max: 2.0, Diff: 1.5, Sum: 7.6]
      [Update RS (ms): Min: 2.5, Avg: 3.2, Max: 3.6, Diff: 1.2, Sum: 25.6]
         [Processed Buffers: Min: 4, Avg: 11.2, Max: 22, Diff: 18, Sum: 90]
      [Scan RS (ms): Min: 0.1, Avg: 0.2, Max: 0.3, Diff: 0.2, Sum: 1.8]
      [Code Root Scanning (ms): Min: 0.0, Avg: 0.0, Max: 0.0, Diff: 0.0, Sum: 0.1]
      [Object Copy (ms): Min: 4.6, Avg: 4.8, Max: 4.9, Diff: 0.2, Sum: 38.2]
      [Termination (ms): Min: 0.1, Avg: 0.1, Max: 0.2, Diff: 0.1, Sum: 0.9]
         [Termination Attempts: Min: 35, Avg: 40.9, Max: 49, Diff: 14, Sum: 327]
      [GC Worker Other (ms): Min: 0.0, Avg: 0.1, Max: 0.2, Diff: 0.1, Sum: 0.7]
      [GC Worker Total (ms): Min: 9.1, Avg: 9.4, Max: 9.6, Diff: 0.5, Sum: 74.8]
      [GC Worker End (ms): Min: 2170805109.4, Avg: 2170805109.5, Max: 2170805109.5, Diff: 0.1]
   [Code Root Fixup: 0.1 ms]
   [Code Root Purge: 0.0 ms]
   [Clear CT: 0.6 ms]
   [Other: 6.2 ms]
      [Choose CSet: 0.0 ms]
      [Ref Proc: 3.9 ms]
      [Ref Enq: 0.0 ms]
      [Redirty Cards: 0.3 ms]
      [Humongous Register: 0.3 ms]
      [Humongous Reclaim: 0.0 ms]
      [Free CSet: 1.0 ms]
   [Eden: 1213.0M(1213.0M)->0.0B(1212.0M) Survivors: 15.0M->16.0M Heap: 1615.8M(2048.0M)->403.8M(2048.0M)]
 [Times: user=0.08 sys=0.00, real=0.03 secs] 
2019-08-03T13:44:07.394+0000: 2175698.223: [GC pause (G1 Evacuation Pause) (young), 0.0201459 secs]
   [Parallel Time: 11.2 ms, GC Workers: 8]
      [GC Worker Start (ms): Min: 2175698223.4, Avg: 2175698223.6, Max: 2175698223.7, Diff: 0.3]
      [Ext Root Scanning (ms): Min: 0.6, Avg: 1.0, Max: 2.2, Diff: 1.6, Sum: 8.3]
      [Update RS (ms): Min: 3.1, Avg: 4.1, Max: 7.7, Diff: 4.6, Sum: 32.5]
         [Processed Buffers: Min: 2, Avg: 10.9, Max: 26, Diff: 24, Sum: 87]
      [Scan RS (ms): Min: 0.1, Avg: 0.2, Max: 0.3, Diff: 0.2, Sum: 1.9]
      [Code Root Scanning (ms): Min: 0.0, Avg: 0.0, Max: 0.0, Diff: 0.0, Sum: 0.1]
      [Object Copy (ms): Min: 1.7, Avg: 4.7, Max: 5.4, Diff: 3.7, Sum: 38.0]
      [Termination (ms): Min: 0.1, Avg: 0.4, Max: 0.7, Diff: 0.6, Sum: 3.0]
         [Termination Attempts: Min: 27, Avg: 36.4, Max: 45, Diff: 18, Sum: 291]
      [GC Worker Other (ms): Min: 0.0, Avg: 0.1, Max: 0.2, Diff: 0.2, Sum: 0.8]
      [GC Worker Total (ms): Min: 10.5, Avg: 10.6, Max: 10.7, Diff: 0.3, Sum: 84.5]
      [GC Worker End (ms): Min: 2175698234.1, Avg: 2175698234.1, Max: 2175698234.2, Diff: 0.2]
   [Code Root Fixup: 0.1 ms]
   [Code Root Purge: 0.0 ms]
   [Clear CT: 0.6 ms]
   [Other: 8.3 ms]
      [Choose CSet: 0.0 ms]
      [Ref Proc: 6.0 ms]
      [Ref Enq: 0.1 ms]
      [Redirty Cards: 0.4 ms]
      [Humongous Register: 0.2 ms]
      [Humongous Reclaim: 0.0 ms]
      [Free CSet: 1.2 ms]
   [Eden: 1212.0M(1212.0M)->0.0B(1213.0M) Survivors: 16.0M->15.0M Heap: 1615.8M(2048.0M)->403.9M(2048.0M)]
 [Times: user=0.09 sys=0.01, real=0.05 secs] 
2019-08-03T15:05:38.564+0000: 2180589.393: [GC pause (G1 Evacuation Pause) (young), 0.0882678 secs]
   [Parallel Time: 53.0 ms, GC Workers: 8]
      [GC Worker Start (ms): Min: 2180589422.0, Avg: 2180589422.1, Max: 2180589422.2, Diff: 0.3]
      [Ext Root Scanning (ms): Min: 43.7, Avg: 43.8, Max: 44.0, Diff: 0.3, Sum: 350.5]
      [Update RS (ms): Min: 2.3, Avg: 3.3, Max: 3.7, Diff: 1.4, Sum: 26.5]
         [Processed Buffers: Min: 2, Avg: 11.2, Max: 30, Diff: 28, Sum: 90]
      [Scan RS (ms): Min: 0.1, Avg: 0.2, Max: 0.3, Diff: 0.2, Sum: 1.7]
      [Code Root Scanning (ms): Min: 0.0, Avg: 0.0, Max: 0.0, Diff: 0.0, Sum: 0.1]
      [Object Copy (ms): Min: 4.7, Avg: 5.0, Max: 6.0, Diff: 1.3, Sum: 40.2]
      [Termination (ms): Min: 0.1, Avg: 0.2, Max: 0.2, Diff: 0.2, Sum: 1.4]
         [Termination Attempts: Min: 32, Avg: 42.1, Max: 49, Diff: 17, Sum: 337]
      [GC Worker Other (ms): Min: 0.0, Avg: 0.1, Max: 0.1, Diff: 0.1, Sum: 0.6]
      [GC Worker Total (ms): Min: 52.5, Avg: 52.6, Max: 52.7, Diff: 0.2, Sum: 420.9]
      [GC Worker End (ms): Min: 2180589474.7, Avg: 2180589474.7, Max: 2180589474.8, Diff: 0.1]
   [Code Root Fixup: 0.1 ms]
   [Code Root Purge: 0.0 ms]
   [Clear CT: 0.6 ms]
   [Other: 34.5 ms]
      [Choose CSet: 0.0 ms]
      [Ref Proc: 4.3 ms]
      [Ref Enq: 0.0 ms]
      [Redirty Cards: 0.3 ms]
      [Humongous Register: 0.2 ms]
      [Humongous Reclaim: 0.0 ms]
      [Free CSet: 1.0 ms]
   [Eden: 1213.0M(1213.0M)->0.0B(1213.0M) Survivors: 15.0M->15.0M Heap: 1616.9M(2048.0M)->404.5M(2048.0M)]
 [Times: user=0.10 sys=0.00, real=0.15 secs] 
2019-08-03T16:26:26.794+0000: 2185437.633: [GC pause (G1 Evacuation Pause) (young), 0.1206566 secs]
   [Parallel Time: 37.1 ms, GC Workers: 8]
      [GC Worker Start (ms): Min: 2185437684.7, Avg: 2185437684.8, Max: 2185437685.0, Diff: 0.2]
      [Ext Root Scanning (ms): Min: 0.7, Avg: 1.0, Max: 2.1, Diff: 1.4, Sum: 7.9]
      [Update RS (ms): Min: 29.5, Avg: 30.4, Max: 30.9, Diff: 1.4, Sum: 243.5]
         [Processed Buffers: Min: 4, Avg: 11.5, Max: 32, Diff: 28, Sum: 92]
      [Scan RS (ms): Min: 0.1, Avg: 0.2, Max: 0.3, Diff: 0.2, Sum: 1.8]
      [Code Root Scanning (ms): Min: 0.0, Avg: 0.0, Max: 0.0, Diff: 0.0, Sum: 0.1]
      [Object Copy (ms): Min: 4.7, Avg: 4.8, Max: 5.3, Diff: 0.7, Sum: 38.6]
      [Termination (ms): Min: 0.1, Avg: 0.1, Max: 0.1, Diff: 0.1, Sum: 0.7]
         [Termination Attempts: Min: 39, Avg: 46.5, Max: 52, Diff: 13, Sum: 372]
      [GC Worker Other (ms): Min: 0.0, Avg: 0.1, Max: 0.2, Diff: 0.2, Sum: 0.8]
      [GC Worker Total (ms): Min: 36.6, Avg: 36.7, Max: 36.9, Diff: 0.3, Sum: 293.4]
      [GC Worker End (ms): Min: 2185437721.4, Avg: 2185437721.5, Max: 2185437721.6, Diff: 0.2]
   [Code Root Fixup: 0.1 ms]
   [Code Root Purge: 0.0 ms]
   [Clear CT: 0.6 ms]
   [Other: 82.9 ms]
      [Choose CSet: 0.0 ms]
      [Ref Proc: 4.1 ms]
      [Ref Enq: 0.0 ms]
      [Redirty Cards: 0.5 ms]
      [Humongous Register: 0.3 ms]
      [Humongous Reclaim: 0.0 ms]
      [Free CSet: 0.9 ms]
   [Eden: 1213.0M(1213.0M)->0.0B(1212.0M) Survivors: 15.0M->16.0M Heap: 1617.5M(2048.0M)->406.0M(2048.0M)]
 [Times: user=0.09 sys=0.00, real=0.13 secs] 
2019-08-03T17:48:17.224+0000: 2190348.053: [GC pause (G1 Evacuation Pause) (young), 0.0618096 secs]
   [Parallel Time: 10.7 ms, GC Workers: 8]
      [GC Worker Start (ms): Min: 2190348098.3, Avg: 2190348098.5, Max: 2190348098.8, Diff: 0.5]
      [Ext Root Scanning (ms): Min: 1.2, Avg: 1.7, Max: 2.8, Diff: 1.6, Sum: 13.8]
      [Update RS (ms): Min: 2.3, Avg: 3.2, Max: 3.5, Diff: 1.1, Sum: 25.4]
         [Processed Buffers: Min: 3, Avg: 11.4, Max: 42, Diff: 39, Sum: 91]
      [Scan RS (ms): Min: 0.1, Avg: 0.2, Max: 0.3, Diff: 0.2, Sum: 1.7]
      [Code Root Scanning (ms): Min: 0.0, Avg: 0.0, Max: 0.0, Diff: 0.0, Sum: 0.1]
      [Object Copy (ms): Min: 4.6, Avg: 4.7, Max: 4.9, Diff: 0.3, Sum: 37.7]
      [Termination (ms): Min: 0.2, Avg: 0.3, Max: 0.4, Diff: 0.2, Sum: 2.3]
         [Termination Attempts: Min: 19, Avg: 30.9, Max: 36, Diff: 17, Sum: 247]
      [GC Worker Other (ms): Min: 0.0, Avg: 0.1, Max: 0.2, Diff: 0.1, Sum: 0.7]
      [GC Worker Total (ms): Min: 9.9, Avg: 10.2, Max: 10.4, Diff: 0.5, Sum: 81.6]
      [GC Worker End (ms): Min: 2190348108.6, Avg: 2190348108.7, Max: 2190348108.7, Diff: 0.1]
   [Code Root Fixup: 0.2 ms]
   [Code Root Purge: 0.0 ms]
   [Clear CT: 0.6 ms]
   [Other: 50.3 ms]
      [Choose CSet: 0.0 ms]
      [Ref Proc: 3.8 ms]
      [Ref Enq: 0.0 ms]
      [Redirty Cards: 0.3 ms]
      [Humongous Register: 0.2 ms]
      [Humongous Reclaim: 0.0 ms]
      [Free CSet: 0.9 ms]
   [Eden: 1212.0M(1212.0M)->0.0B(1213.0M) Survivors: 16.0M->15.0M Heap: 1618.0M(2048.0M)->405.6M(2048.0M)]
 [Times: user=0.08 sys=0.01, real=0.11 secs] 
2019-08-03T19:09:27.567+0000: 2195218.396: [GC pause (G1 Evacuation Pause) (young), 0.0281339 secs]
   [Parallel Time: 11.9 ms, GC Workers: 8]
      [GC Worker Start (ms): Min: 2195218406.5, Avg: 2195218406.6, Max: 2195218406.8, Diff: 0.3]
      [Ext Root Scanning (ms): Min: 0.8, Avg: 1.2, Max: 3.2, Diff: 2.4, Sum: 9.6]
      [Update RS (ms): Min: 2.4, Avg: 4.2, Max: 4.9, Diff: 2.5, Sum: 33.8]
         [Processed Buffers: Min: 2, Avg: 11.0, Max: 22, Diff: 20, Sum: 88]
      [Scan RS (ms): Min: 0.2, Avg: 0.3, Max: 0.4, Diff: 0.2, Sum: 2.4]
      [Code Root Scanning (ms): Min: 0.0, Avg: 0.0, Max: 0.0, Diff: 0.0, Sum: 0.1]
      [Object Copy (ms): Min: 5.2, Avg: 5.4, Max: 5.6, Diff: 0.4, Sum: 43.6]
      [Termination (ms): Min: 0.1, Avg: 0.1, Max: 0.1, Diff: 0.1, Sum: 1.0]
         [Termination Attempts: Min: 42, Avg: 49.8, Max: 57, Diff: 15, Sum: 398]
      [GC Worker Other (ms): Min: 0.0, Avg: 0.1, Max: 0.2, Diff: 0.1, Sum: 0.8]
      [GC Worker Total (ms): Min: 11.2, Avg: 11.4, Max: 11.5, Diff: 0.3, Sum: 91.2]
      [GC Worker End (ms): Min: 2195218418.0, Avg: 2195218418.0, Max: 2195218418.1, Diff: 0.1]
   [Code Root Fixup: 0.1 ms]
   [Code Root Purge: 0.0 ms]
   [Clear CT: 0.5 ms]
   [Other: 15.7 ms]
      [Choose CSet: 0.0 ms]
      [Ref Proc: 4.0 ms]
      [Ref Enq: 0.0 ms]
      [Redirty Cards: 0.3 ms]
      [Humongous Register: 0.3 ms]
      [Humongous Reclaim: 0.0 ms]
      [Free CSet: 0.9 ms]
   [Eden: 1213.0M(1213.0M)->0.0B(1212.0M) Survivors: 15.0M->16.0M Heap: 1618.6M(2048.0M)->406.7M(2048.0M)]
 [Times: user=0.10 sys=0.00, real=0.04 secs] 
2019-08-03T20:30:54.722+0000: 2200105.551: [GC pause (G1 Evacuation Pause) (young), 0.0168720 secs]
   [Parallel Time: 10.6 ms, GC Workers: 8]
      [GC Worker Start (ms): Min: 2200105551.8, Avg: 2200105551.9, Max: 2200105552.1, Diff: 0.3]
      [Ext Root Scanning (ms): Min: 1.5, Avg: 2.4, Max: 4.2, Diff: 2.7, Sum: 19.4]
      [Update RS (ms): Min: 1.0, Avg: 2.8, Max: 3.7, Diff: 2.7, Sum: 22.1]
         [Processed Buffers: Min: 3, Avg: 11.2, Max: 30, Diff: 27, Sum: 90]
      [Scan RS (ms): Min: 0.1, Avg: 0.2, Max: 0.3, Diff: 0.2, Sum: 1.7]
      [Code Root Scanning (ms): Min: 0.0, Avg: 0.0, Max: 0.0, Diff: 0.0, Sum: 0.1]
      [Object Copy (ms): Min: 4.3, Avg: 4.5, Max: 4.7, Diff: 0.5, Sum: 35.8]
      [Termination (ms): Min: 0.1, Avg: 0.1, Max: 0.2, Diff: 0.1, Sum: 1.0]
         [Termination Attempts: Min: 39, Avg: 44.8, Max: 53, Diff: 14, Sum: 358]
      [GC Worker Other (ms): Min: 0.0, Avg: 0.1, Max: 0.1, Diff: 0.1, Sum: 0.7]
      [GC Worker Total (ms): Min: 9.9, Avg: 10.1, Max: 10.3, Diff: 0.4, Sum: 80.8]
      [GC Worker End (ms): Min: 2200105562.0, Avg: 2200105562.0, Max: 2200105562.1, Diff: 0.1]
   [Code Root Fixup: 0.1 ms]
   [Code Root Purge: 0.0 ms]
   [Clear CT: 0.5 ms]
   [Other: 5.7 ms]
      [Choose CSet: 0.0 ms]
      [Ref Proc: 3.8 ms]
      [Ref Enq: 0.0 ms]
      [Redirty Cards: 0.3 ms]
      [Humongous Register: 0.2 ms]
      [Humongous Reclaim: 0.0 ms]
      [Free CSet: 0.9 ms]
   [Eden: 1212.0M(1212.0M)->0.0B(1212.0M) Survivors: 16.0M->16.0M Heap: 1618.7M(2048.0M)->407.2M(2048.0M)]
 [Times: user=0.08 sys=0.00, real=0.02 secs] 
2019-08-03T21:52:49.091+0000: 2205019.920: [GC pause (G1 Evacuation Pause) (young), 0.0521388 secs]
   [Parallel Time: 11.6 ms, GC Workers: 8]
      [GC Worker Start (ms): Min: 2205019954.8, Avg: 2205019955.0, Max: 2205019955.3, Diff: 0.5]
      [Ext Root Scanning (ms): Min: 1.5, Avg: 1.9, Max: 3.2, Diff: 1.7, Sum: 14.9]
      [Update RS (ms): Min: 2.6, Avg: 4.0, Max: 6.7, Diff: 4.1, Sum: 32.1]
         [Processed Buffers: Min: 1, Avg: 11.0, Max: 30, Diff: 29, Sum: 88]
      [Scan RS (ms): Min: 0.1, Avg: 0.3, Max: 0.9, Diff: 0.8, Sum: 2.5]
      [Code Root Scanning (ms): Min: 0.0, Avg: 0.0, Max: 0.0, Diff: 0.0, Sum: 0.1]
      [Object Copy (ms): Min: 2.4, Avg: 4.7, Max: 5.2, Diff: 2.8, Sum: 37.5]
      [Termination (ms): Min: 0.1, Avg: 0.1, Max: 0.1, Diff: 0.1, Sum: 0.6]
         [Termination Attempts: Min: 23, Avg: 38.5, Max: 49, Diff: 26, Sum: 308]
      [GC Worker Other (ms): Min: 0.0, Avg: 0.2, Max: 0.4, Diff: 0.4, Sum: 1.4]
      [GC Worker Total (ms): Min: 10.9, Avg: 11.1, Max: 11.4, Diff: 0.5, Sum: 89.1]
      [GC Worker End (ms): Min: 2205019966.1, Avg: 2205019966.1, Max: 2205019966.2, Diff: 0.1]
   [Code Root Fixup: 0.1 ms]
   [Code Root Purge: 0.0 ms]
   [Clear CT: 0.5 ms]
   [Other: 39.9 ms]
      [Choose CSet: 0.0 ms]
      [Ref Proc: 3.8 ms]
      [Ref Enq: 0.0 ms]
      [Redirty Cards: 0.3 ms]
      [Humongous Register: 0.2 ms]
      [Humongous Reclaim: 0.0 ms]
      [Free CSet: 1.0 ms]
   [Eden: 1212.0M(1212.0M)->0.0B(1213.0M) Survivors: 16.0M->15.0M Heap: 1619.2M(2048.0M)->407.3M(2048.0M)]
 [Times: user=0.09 sys=0.00, real=0.06 secs] 
2019-08-03T23:14:04.247+0000: 2209895.076: [GC pause (G1 Evacuation Pause) (young), 0.0295377 secs]
   [Parallel Time: 10.0 ms, GC Workers: 8]
      [GC Worker Start (ms): Min: 2209895089.1, Avg: 2209895089.7, Max: 2209895092.3, Diff: 3.2]
      [Ext Root Scanning (ms): Min: 0.0, Avg: 0.9, Max: 2.0, Diff: 2.0, Sum: 7.3]
      [Update RS (ms): Min: 1.4, Avg: 3.1, Max: 3.4, Diff: 2.1, Sum: 24.5]
         [Processed Buffers: Min: 3, Avg: 11.0, Max: 42, Diff: 39, Sum: 88]
      [Scan RS (ms): Min: 0.1, Avg: 0.2, Max: 0.3, Diff: 0.2, Sum: 1.9]
      [Code Root Scanning (ms): Min: 0.0, Avg: 0.0, Max: 0.0, Diff: 0.0, Sum: 0.1]
      [Object Copy (ms): Min: 4.4, Avg: 4.7, Max: 4.9, Diff: 0.5, Sum: 38.0]
      [Termination (ms): Min: 0.1, Avg: 0.1, Max: 0.1, Diff: 0.1, Sum: 0.8]
         [Termination Attempts: Min: 34, Avg: 42.5, Max: 50, Diff: 16, Sum: 340]
      [GC Worker Other (ms): Min: 0.0, Avg: 0.1, Max: 0.2, Diff: 0.1, Sum: 0.8]
      [GC Worker Total (ms): Min: 6.5, Avg: 9.1, Max: 9.6, Diff: 3.1, Sum: 73.2]
      [GC Worker End (ms): Min: 2209895098.7, Avg: 2209895098.8, Max: 2209895098.9, Diff: 0.2]
   [Code Root Fixup: 0.1 ms]
   [Code Root Purge: 0.0 ms]
   [Clear CT: 0.6 ms]
   [Other: 18.9 ms]
      [Choose CSet: 0.0 ms]
      [Ref Proc: 4.8 ms]
      [Ref Enq: 0.0 ms]
      [Redirty Cards: 0.3 ms]
      [Humongous Register: 0.2 ms]
      [Humongous Reclaim: 0.0 ms]
      [Free CSet: 0.9 ms]
   [Eden: 1213.0M(1213.0M)->0.0B(1212.0M) Survivors: 15.0M->16.0M Heap: 1620.3M(2048.0M)->408.3M(2048.0M)]
 [Times: user=0.08 sys=0.01, real=0.04 secs] 
2019-08-04T00:35:36.857+0000: 2214787.700: [GC pause (G1 Evacuation Pause) (young), 0.0421174 secs]
   [Parallel Time: 9.9 ms, GC Workers: 8]
      [GC Worker Start (ms): Min: 2214787712.1, Avg: 2214787712.3, Max: 2214787712.4, Diff: 0.3]
      [Ext Root Scanning (ms): Min: 0.6, Avg: 1.0, Max: 2.0, Diff: 1.4, Sum: 7.6]
      [Update RS (ms): Min: 2.6, Avg: 3.5, Max: 4.0, Diff: 1.4, Sum: 28.4]
         [Processed Buffers: Min: 3, Avg: 11.1, Max: 26, Diff: 23, Sum: 89]
      [Scan RS (ms): Min: 0.1, Avg: 0.2, Max: 0.3, Diff: 0.2, Sum: 1.9]
      [Code Root Scanning (ms): Min: 0.0, Avg: 0.0, Max: 0.0, Diff: 0.0, Sum: 0.1]
      [Object Copy (ms): Min: 4.4, Avg: 4.5, Max: 4.6, Diff: 0.3, Sum: 36.3]
      [Termination (ms): Min: 0.1, Avg: 0.1, Max: 0.1, Diff: 0.1, Sum: 0.7]
         [Termination Attempts: Min: 30, Avg: 37.4, Max: 48, Diff: 18, Sum: 299]
      [GC Worker Other (ms): Min: 0.0, Avg: 0.1, Max: 0.2, Diff: 0.2, Sum: 1.0]
      [GC Worker Total (ms): Min: 9.3, Avg: 9.5, Max: 9.7, Diff: 0.4, Sum: 76.0]
      [GC Worker End (ms): Min: 2214787721.7, Avg: 2214787721.8, Max: 2214787721.9, Diff: 0.2]
   [Code Root Fixup: 0.1 ms]
   [Code Root Purge: 0.0 ms]
   [Clear CT: 0.6 ms]
   [Other: 31.6 ms]
      [Choose CSet: 0.0 ms]
      [Ref Proc: 4.3 ms]
      [Ref Enq: 0.0 ms]
      [Redirty Cards: 0.3 ms]
      [Humongous Register: 0.2 ms]
      [Humongous Reclaim: 0.0 ms]
      [Free CSet: 1.0 ms]
   [Eden: 1212.0M(1212.0M)->0.0B(1212.0M) Survivors: 16.0M->16.0M Heap: 1620.3M(2048.0M)->409.4M(2048.0M)]
 [Times: user=0.08 sys=0.00, real=0.05 secs] 
2019-08-04T01:57:17.112+0000: 2219687.941: [GC pause (G1 Evacuation Pause) (young), 0.0156152 secs]
   [Parallel Time: 8.8 ms, GC Workers: 8]
      [GC Worker Start (ms): Min: 2219687941.6, Avg: 2219687941.8, Max: 2219687941.9, Diff: 0.3]
      [Ext Root Scanning (ms): Min: 0.6, Avg: 0.9, Max: 2.1, Diff: 1.6, Sum: 7.4]
      [Update RS (ms): Min: 1.7, Avg: 2.7, Max: 3.3, Diff: 1.6, Sum: 21.8]
         [Processed Buffers: Min: 3, Avg: 11.2, Max: 31, Diff: 28, Sum: 90]
      [Scan RS (ms): Min: 0.1, Avg: 0.2, Max: 0.3, Diff: 0.2, Sum: 1.6]
      [Code Root Scanning (ms): Min: 0.0, Avg: 0.0, Max: 0.0, Diff: 0.0, Sum: 0.0]
      [Object Copy (ms): Min: 4.1, Avg: 4.3, Max: 4.5, Diff: 0.3, Sum: 34.6]
      [Termination (ms): Min: 0.0, Avg: 0.1, Max: 0.1, Diff: 0.1, Sum: 0.6]
         [Termination Attempts: Min: 36, Avg: 52.2, Max: 63, Diff: 27, Sum: 418]
      [GC Worker Other (ms): Min: 0.0, Avg: 0.1, Max: 0.2, Diff: 0.2, Sum: 0.8]
      [GC Worker Total (ms): Min: 8.2, Avg: 8.4, Max: 8.7, Diff: 0.5, Sum: 67.0]
      [GC Worker End (ms): Min: 2219687950.0, Avg: 2219687950.1, Max: 2219687950.2, Diff: 0.2]
   [Code Root Fixup: 0.2 ms]
   [Code Root Purge: 0.0 ms]
   [Clear CT: 0.5 ms]
   [Other: 6.1 ms]
      [Choose CSet: 0.0 ms]
      [Ref Proc: 4.1 ms]
      [Ref Enq: 0.0 ms]
      [Redirty Cards: 0.3 ms]
      [Humongous Register: 0.1 ms]
      [Humongous Reclaim: 0.0 ms]
      [Free CSet: 1.0 ms]
   [Eden: 1212.0M(1212.0M)->0.0B(1212.0M) Survivors: 16.0M->16.0M Heap: 1621.4M(2048.0M)->410.0M(2048.0M)]
 [Times: user=0.07 sys=0.00, real=0.02 secs] 
2019-08-04T03:18:28.271+0000: 2224559.100: [GC pause (G1 Evacuation Pause) (young), 0.1057857 secs]
   [Parallel Time: 59.6 ms, GC Workers: 8]
      [GC Worker Start (ms): Min: 2224559128.1, Avg: 2224559128.4, Max: 2224559128.7, Diff: 0.6]
      [Ext Root Scanning (ms): Min: 48.5, Avg: 49.0, Max: 50.2, Diff: 1.6, Sum: 391.8]
      [Update RS (ms): Min: 3.5, Avg: 4.6, Max: 6.3, Diff: 2.8, Sum: 36.9]
         [Processed Buffers: Min: 1, Avg: 11.0, Max: 26, Diff: 25, Sum: 88]
      [Scan RS (ms): Min: 0.1, Avg: 0.2, Max: 0.3, Diff: 0.3, Sum: 1.9]
      [Code Root Scanning (ms): Min: 0.0, Avg: 0.0, Max: 0.0, Diff: 0.0, Sum: 0.1]
      [Object Copy (ms): Min: 3.8, Avg: 5.1, Max: 5.4, Diff: 1.6, Sum: 41.1]
      [Termination (ms): Min: 0.1, Avg: 0.1, Max: 0.2, Diff: 0.1, Sum: 0.8]
         [Termination Attempts: Min: 34, Avg: 39.1, Max: 45, Diff: 11, Sum: 313]
      [GC Worker Other (ms): Min: 0.0, Avg: 0.1, Max: 0.2, Diff: 0.2, Sum: 0.8]
      [GC Worker Total (ms): Min: 58.9, Avg: 59.2, Max: 59.5, Diff: 0.6, Sum: 473.3]
      [GC Worker End (ms): Min: 2224559187.5, Avg: 2224559187.6, Max: 2224559187.6, Diff: 0.2]
   [Code Root Fixup: 0.1 ms]
   [Code Root Purge: 0.0 ms]
   [Clear CT: 0.6 ms]
   [Other: 45.5 ms]
      [Choose CSet: 0.0 ms]
      [Ref Proc: 4.2 ms]
      [Ref Enq: 0.0 ms]
      [Redirty Cards: 0.4 ms]
      [Humongous Register: 0.2 ms]
      [Humongous Reclaim: 0.0 ms]
      [Free CSet: 1.0 ms]
   [Eden: 1212.0M(1212.0M)->0.0B(1212.0M) Survivors: 16.0M->16.0M Heap: 1622.0M(2048.0M)->410.0M(2048.0M)]
 [Times: user=0.09 sys=0.00, real=0.11 secs] 
2019-08-04T04:40:17.039+0000: 2229467.902: [GC pause (G1 Evacuation Pause) (young), 0.0961681 secs]
   [Parallel Time: 9.6 ms, GC Workers: 8]
      [GC Worker Start (ms): Min: 2229467948.8, Avg: 2229467948.9, Max: 2229467949.1, Diff: 0.3]
      [Ext Root Scanning (ms): Min: 0.7, Avg: 1.0, Max: 2.0, Diff: 1.3, Sum: 8.3]
      [Update RS (ms): Min: 2.3, Avg: 3.1, Max: 3.3, Diff: 1.0, Sum: 24.6]
         [Processed Buffers: Min: 3, Avg: 11.2, Max: 23, Diff: 20, Sum: 90]
      [Scan RS (ms): Min: 0.1, Avg: 0.2, Max: 0.3, Diff: 0.2, Sum: 1.8]
      [Code Root Scanning (ms): Min: 0.0, Avg: 0.0, Max: 0.0, Diff: 0.0, Sum: 0.1]
      [Object Copy (ms): Min: 4.5, Avg: 4.6, Max: 4.7, Diff: 0.2, Sum: 36.9]
      [Termination (ms): Min: 0.1, Avg: 0.1, Max: 0.2, Diff: 0.1, Sum: 1.0]
         [Termination Attempts: Min: 31, Avg: 39.8, Max: 46, Diff: 15, Sum: 318]
      [GC Worker Other (ms): Min: 0.0, Avg: 0.1, Max: 0.2, Diff: 0.1, Sum: 0.7]
      [GC Worker Total (ms): Min: 9.0, Avg: 9.2, Max: 9.3, Diff: 0.3, Sum: 73.3]
      [GC Worker End (ms): Min: 2229467958.0, Avg: 2229467958.1, Max: 2229467958.2, Diff: 0.1]
   [Code Root Fixup: 0.1 ms]
   [Code Root Purge: 0.0 ms]
   [Clear CT: 0.6 ms]
   [Other: 85.8 ms]
      [Choose CSet: 0.0 ms]
      [Ref Proc: 3.7 ms]
      [Ref Enq: 0.1 ms]
      [Redirty Cards: 0.3 ms]
      [Humongous Register: 0.3 ms]
      [Humongous Reclaim: 0.0 ms]
      [Free CSet: 0.9 ms]
   [Eden: 1212.0M(1212.0M)->0.0B(1211.0M) Survivors: 16.0M->17.0M Heap: 1622.0M(2048.0M)->412.1M(2048.0M)]
 [Times: user=0.08 sys=0.00, real=0.11 secs] 
2019-08-04T06:01:33.781+0000: 2234344.611: [GC pause (G1 Evacuation Pause) (young), 0.0307901 secs]
   [Parallel Time: 23.9 ms, GC Workers: 8]
      [GC Worker Start (ms): Min: 2234344611.0, Avg: 2234344611.1, Max: 2234344611.2, Diff: 0.2]
      [Ext Root Scanning (ms): Min: 0.7, Avg: 1.0, Max: 2.0, Diff: 1.3, Sum: 7.8]
      [Update RS (ms): Min: 16.6, Avg: 17.5, Max: 17.8, Diff: 1.2, Sum: 140.1]
         [Processed Buffers: Min: 4, Avg: 10.9, Max: 28, Diff: 24, Sum: 87]
      [Scan RS (ms): Min: 0.1, Avg: 0.2, Max: 0.3, Diff: 0.2, Sum: 1.9]
      [Code Root Scanning (ms): Min: 0.0, Avg: 0.0, Max: 0.0, Diff: 0.0, Sum: 0.1]
      [Object Copy (ms): Min: 4.6, Avg: 4.7, Max: 4.7, Diff: 0.2, Sum: 37.3]
      [Termination (ms): Min: 0.0, Avg: 0.1, Max: 0.1, Diff: 0.1, Sum: 0.5]
         [Termination Attempts: Min: 29, Avg: 36.9, Max: 43, Diff: 14, Sum: 295]
      [GC Worker Other (ms): Min: 0.0, Avg: 0.1, Max: 0.2, Diff: 0.2, Sum: 0.9]
      [GC Worker Total (ms): Min: 23.5, Avg: 23.6, Max: 23.6, Diff: 0.2, Sum: 188.6]
      [GC Worker End (ms): Min: 2234344634.6, Avg: 2234344634.7, Max: 2234344634.8, Diff: 0.2]
   [Code Root Fixup: 0.1 ms]
   [Code Root Purge: 0.0 ms]
   [Clear CT: 0.5 ms]
   [Other: 6.3 ms]
      [Choose CSet: 0.0 ms]
      [Ref Proc: 4.3 ms]
      [Ref Enq: 0.0 ms]
      [Redirty Cards: 0.3 ms]
      [Humongous Register: 0.2 ms]
      [Humongous Reclaim: 0.0 ms]
      [Free CSet: 1.0 ms]
   [Eden: 1211.0M(1211.0M)->0.0B(1212.0M) Survivors: 17.0M->16.0M Heap: 1623.1M(2048.0M)->411.7M(2048.0M)]
 [Times: user=0.08 sys=0.00, real=0.03 secs] 
2019-08-04T07:22:57.993+0000: 2239228.823: [GC pause (G1 Evacuation Pause) (young), 0.0174991 secs]
   [Parallel Time: 10.4 ms, GC Workers: 8]
      [GC Worker Start (ms): Min: 2239228823.2, Avg: 2239228823.3, Max: 2239228823.4, Diff: 0.2]
      [Ext Root Scanning (ms): Min: 0.7, Avg: 1.0, Max: 2.2, Diff: 1.5, Sum: 8.0]
      [Update RS (ms): Min: 2.3, Avg: 3.4, Max: 3.8, Diff: 1.5, Sum: 27.1]
         [Processed Buffers: Min: 3, Avg: 11.2, Max: 38, Diff: 35, Sum: 90]
      [Scan RS (ms): Min: 0.1, Avg: 0.2, Max: 0.3, Diff: 0.2, Sum: 1.7]
      [Code Root Scanning (ms): Min: 0.0, Avg: 0.0, Max: 0.0, Diff: 0.0, Sum: 0.1]
      [Object Copy (ms): Min: 4.6, Avg: 4.9, Max: 5.2, Diff: 0.6, Sum: 38.9]
      [Termination (ms): Min: 0.2, Avg: 0.4, Max: 0.7, Diff: 0.6, Sum: 3.4]
         [Termination Attempts: Min: 27, Avg: 44.5, Max: 57, Diff: 30, Sum: 356]
      [GC Worker Other (ms): Min: 0.0, Avg: 0.1, Max: 0.2, Diff: 0.2, Sum: 0.8]
      [GC Worker Total (ms): Min: 9.9, Avg: 10.0, Max: 10.2, Diff: 0.3, Sum: 80.0]
      [GC Worker End (ms): Min: 2239228833.2, Avg: 2239228833.3, Max: 2239228833.4, Diff: 0.2]
   [Code Root Fixup: 0.1 ms]
   [Code Root Purge: 0.0 ms]
   [Clear CT: 0.7 ms]
   [Other: 6.3 ms]
      [Choose CSet: 0.0 ms]
      [Ref Proc: 4.0 ms]
      [Ref Enq: 0.0 ms]
      [Redirty Cards: 0.5 ms]
      [Humongous Register: 0.2 ms]
      [Humongous Reclaim: 0.0 ms]
      [Free CSet: 1.1 ms]
   [Eden: 1212.0M(1212.0M)->0.0B(1212.0M) Survivors: 16.0M->16.0M Heap: 1623.7M(2048.0M)->412.2M(2048.0M)]
 [Times: user=0.09 sys=0.00, real=0.02 secs] 
2019-08-04T08:44:58.240+0000: 2244149.069: [GC pause (G1 Evacuation Pause) (young), 0.0422034 secs]
   [Parallel Time: 15.4 ms, GC Workers: 8]
      [GC Worker Start (ms): Min: 2244149089.5, Avg: 2244149089.6, Max: 2244149089.7, Diff: 0.3]
      [Ext Root Scanning (ms): Min: 3.5, Avg: 3.7, Max: 4.2, Diff: 0.7, Sum: 29.6]
      [Update RS (ms): Min: 3.2, Avg: 3.6, Max: 4.2, Diff: 1.0, Sum: 29.2]
         [Processed Buffers: Min: 4, Avg: 10.9, Max: 30, Diff: 26, Sum: 87]
      [Scan RS (ms): Min: 0.1, Avg: 0.2, Max: 0.3, Diff: 0.2, Sum: 2.0]
      [Code Root Scanning (ms): Min: 0.0, Avg: 0.0, Max: 0.0, Diff: 0.0, Sum: 0.1]
      [Object Copy (ms): Min: 5.8, Avg: 6.7, Max: 7.5, Diff: 1.7, Sum: 53.9]
      [Termination (ms): Min: 0.0, Avg: 0.7, Max: 1.4, Diff: 1.4, Sum: 5.3]
         [Termination Attempts: Min: 1, Avg: 20.0, Max: 49, Diff: 48, Sum: 160]
      [GC Worker Other (ms): Min: 0.0, Avg: 0.1, Max: 0.1, Diff: 0.1, Sum: 0.6]
      [GC Worker Total (ms): Min: 14.9, Avg: 15.1, Max: 15.2, Diff: 0.3, Sum: 120.5]
      [GC Worker End (ms): Min: 2244149104.6, Avg: 2244149104.7, Max: 2244149104.7, Diff: 0.1]
   [Code Root Fixup: 0.1 ms]
   [Code Root Purge: 0.0 ms]
   [Clear CT: 0.5 ms]
   [Other: 26.1 ms]
      [Choose CSet: 0.0 ms]
      [Ref Proc: 4.2 ms]
      [Ref Enq: 0.0 ms]
      [Redirty Cards: 0.3 ms]
      [Humongous Register: 0.3 ms]
      [Humongous Reclaim: 0.0 ms]
      [Free CSet: 1.0 ms]
   [Eden: 1212.0M(1212.0M)->0.0B(1212.0M) Survivors: 16.0M->16.0M Heap: 1624.2M(2048.0M)->412.3M(2048.0M)]
 [Times: user=0.09 sys=0.00, real=0.05 secs] 
2019-08-04T10:06:17.619+0000: 2249028.465: [GC pause (G1 Evacuation Pause) (young), 0.0423407 secs]
   [Parallel Time: 10.5 ms, GC Workers: 8]
      [GC Worker Start (ms): Min: 2249028474.0, Avg: 2249028474.2, Max: 2249028474.3, Diff: 0.3]
      [Ext Root Scanning (ms): Min: 1.5, Avg: 1.7, Max: 2.3, Diff: 0.8, Sum: 13.6]
      [Update RS (ms): Min: 2.8, Avg: 3.2, Max: 3.5, Diff: 0.8, Sum: 26.0]
         [Processed Buffers: Min: 3, Avg: 11.4, Max: 29, Diff: 26, Sum: 91]
      [Scan RS (ms): Min: 0.1, Avg: 0.2, Max: 0.3, Diff: 0.2, Sum: 1.8]
      [Code Root Scanning (ms): Min: 0.0, Avg: 0.0, Max: 0.0, Diff: 0.0, Sum: 0.1]
      [Object Copy (ms): Min: 4.6, Avg: 4.7, Max: 4.8, Diff: 0.2, Sum: 37.7]
      [Termination (ms): Min: 0.1, Avg: 0.2, Max: 0.2, Diff: 0.1, Sum: 1.3]
         [Termination Attempts: Min: 42, Avg: 47.5, Max: 53, Diff: 11, Sum: 380]
      [GC Worker Other (ms): Min: 0.0, Avg: 0.1, Max: 0.2, Diff: 0.2, Sum: 0.8]
      [GC Worker Total (ms): Min: 9.9, Avg: 10.2, Max: 10.4, Diff: 0.4, Sum: 81.2]
      [GC Worker End (ms): Min: 2249028484.3, Avg: 2249028484.3, Max: 2249028484.4, Diff: 0.2]
   [Code Root Fixup: 0.1 ms]
   [Code Root Purge: 0.0 ms]
   [Clear CT: 1.0 ms]
   [Other: 30.8 ms]
      [Choose CSet: 0.0 ms]
      [Ref Proc: 4.1 ms]
      [Ref Enq: 0.0 ms]
      [Redirty Cards: 0.3 ms]
      [Humongous Register: 0.2 ms]
      [Humongous Reclaim: 0.0 ms]
      [Free CSet: 0.9 ms]
   [Eden: 1212.0M(1212.0M)->0.0B(1212.0M) Survivors: 16.0M->16.0M Heap: 1624.3M(2048.0M)->413.3M(2048.0M)]
 [Times: user=0.08 sys=0.00, real=0.06 secs] 
2019-08-04T11:27:52.885+0000: 2253923.714: [GC pause (G1 Evacuation Pause) (young), 0.2325900 secs]
   [Parallel Time: 11.6 ms, GC Workers: 8]
      [GC Worker Start (ms): Min: 2253923928.8, Avg: 2253923929.6, Max: 2253923933.7, Diff: 4.9]
      [Ext Root Scanning (ms): Min: 0.0, Avg: 2.5, Max: 4.9, Diff: 4.9, Sum: 20.0]
      [Update RS (ms): Min: 1.4, Avg: 3.0, Max: 4.9, Diff: 3.5, Sum: 24.3]
         [Processed Buffers: Min: 3, Avg: 11.0, Max: 34, Diff: 31, Sum: 88]
      [Scan RS (ms): Min: 0.1, Avg: 0.2, Max: 0.3, Diff: 0.2, Sum: 2.0]
      [Code Root Scanning (ms): Min: 0.0, Avg: 0.0, Max: 0.0, Diff: 0.0, Sum: 0.1]
      [Object Copy (ms): Min: 4.6, Avg: 4.7, Max: 4.9, Diff: 0.3, Sum: 37.8]
      [Termination (ms): Min: 0.1, Avg: 0.1, Max: 0.1, Diff: 0.1, Sum: 0.8]
         [Termination Attempts: Min: 35, Avg: 41.0, Max: 50, Diff: 15, Sum: 328]
      [GC Worker Other (ms): Min: 0.0, Avg: 0.1, Max: 0.2, Diff: 0.2, Sum: 1.0]
      [GC Worker Total (ms): Min: 6.7, Avg: 10.7, Max: 11.6, Diff: 4.9, Sum: 85.9]
      [GC Worker End (ms): Min: 2253923940.2, Avg: 2253923940.3, Max: 2253923940.4, Diff: 0.2]
   [Code Root Fixup: 0.1 ms]
   [Code Root Purge: 0.0 ms]
   [Clear CT: 0.5 ms]
   [Other: 220.3 ms]
      [Choose CSet: 0.0 ms]
      [Ref Proc: 3.9 ms]
      [Ref Enq: 0.0 ms]
      [Redirty Cards: 0.3 ms]
      [Humongous Register: 0.2 ms]
      [Humongous Reclaim: 0.0 ms]
      [Free CSet: 1.0 ms]
   [Eden: 1212.0M(1212.0M)->0.0B(1213.0M) Survivors: 16.0M->15.0M Heap: 1625.3M(2048.0M)->412.9M(2048.0M)]
 [Times: user=0.08 sys=0.00, real=0.24 secs] 
2019-08-04T12:49:51.203+0000: 2258842.038: [GC pause (G1 Evacuation Pause) (young), 0.0336536 secs]
   [Parallel Time: 21.0 ms, GC Workers: 8]
      [GC Worker Start (ms): Min: 2258842038.6, Avg: 2258842038.9, Max: 2258842039.4, Diff: 0.7]
      [Ext Root Scanning (ms): Min: 1.8, Avg: 2.3, Max: 2.5, Diff: 0.6, Sum: 18.0]
      [Update RS (ms): Min: 3.2, Avg: 3.4, Max: 3.9, Diff: 0.7, Sum: 26.9]
         [Processed Buffers: Min: 2, Avg: 11.2, Max: 24, Diff: 22, Sum: 90]
      [Scan RS (ms): Min: 0.1, Avg: 0.2, Max: 0.3, Diff: 0.2, Sum: 1.7]
      [Code Root Scanning (ms): Min: 0.0, Avg: 0.0, Max: 0.0, Diff: 0.0, Sum: 0.1]
      [Object Copy (ms): Min: 13.7, Avg: 14.5, Max: 14.6, Diff: 0.9, Sum: 115.7]
      [Termination (ms): Min: 0.1, Avg: 0.1, Max: 0.1, Diff: 0.0, Sum: 0.6]
         [Termination Attempts: Min: 40, Avg: 48.5, Max: 58, Diff: 18, Sum: 388]
      [GC Worker Other (ms): Min: 0.0, Avg: 0.1, Max: 0.2, Diff: 0.1, Sum: 0.7]
      [GC Worker Total (ms): Min: 20.0, Avg: 20.5, Max: 20.8, Diff: 0.8, Sum: 163.7]
      [GC Worker End (ms): Min: 2258842059.3, Avg: 2258842059.3, Max: 2258842059.4, Diff: 0.1]
   [Code Root Fixup: 0.1 ms]
   [Code Root Purge: 0.0 ms]
   [Clear CT: 0.6 ms]
   [Other: 12.0 ms]
      [Choose CSet: 0.0 ms]
      [Ref Proc: 4.4 ms]
      [Ref Enq: 0.0 ms]
      [Redirty Cards: 0.3 ms]
      [Humongous Register: 0.2 ms]
      [Humongous Reclaim: 0.0 ms]
      [Free CSet: 1.1 ms]
   [Eden: 1213.0M(1213.0M)->0.0B(1213.0M) Survivors: 15.0M->15.0M Heap: 1625.9M(2048.0M)->413.1M(2048.0M)]
 [Times: user=0.08 sys=0.00, real=0.04 secs] 
2019-08-04T14:10:52.606+0000: 2263703.435: [GC pause (G1 Evacuation Pause) (young), 0.0198598 secs]
   [Parallel Time: 11.8 ms, GC Workers: 8]
      [GC Worker Start (ms): Min: 2263703435.8, Avg: 2263703435.9, Max: 2263703436.1, Diff: 0.3]
      [Ext Root Scanning (ms): Min: 0.8, Avg: 1.8, Max: 5.4, Diff: 4.6, Sum: 14.4]
      [Update RS (ms): Min: 0.1, Avg: 4.5, Max: 9.2, Diff: 9.1, Sum: 35.7]
         [Processed Buffers: Min: 3, Avg: 11.0, Max: 39, Diff: 36, Sum: 88]
      [Scan RS (ms): Min: 0.1, Avg: 0.2, Max: 0.3, Diff: 0.2, Sum: 1.9]
      [Code Root Scanning (ms): Min: 0.0, Avg: 0.0, Max: 0.0, Diff: 0.0, Sum: 0.1]
      [Object Copy (ms): Min: 1.0, Avg: 4.8, Max: 5.6, Diff: 4.6, Sum: 38.4]
      [Termination (ms): Min: 0.0, Avg: 0.1, Max: 0.2, Diff: 0.2, Sum: 1.1]
         [Termination Attempts: Min: 4, Avg: 30.8, Max: 41, Diff: 37, Sum: 246]
      [GC Worker Other (ms): Min: 0.0, Avg: 0.1, Max: 0.1, Diff: 0.1, Sum: 0.4]
      [GC Worker Total (ms): Min: 11.3, Avg: 11.5, Max: 11.6, Diff: 0.3, Sum: 92.0]
      [GC Worker End (ms): Min: 2263703447.4, Avg: 2263703447.4, Max: 2263703447.5, Diff: 0.1]
   [Code Root Fixup: 0.1 ms]
   [Code Root Purge: 0.0 ms]
   [Clear CT: 1.5 ms]
   [Other: 6.5 ms]
      [Choose CSet: 0.0 ms]
      [Ref Proc: 4.5 ms]
      [Ref Enq: 0.1 ms]
      [Redirty Cards: 0.4 ms]
      [Humongous Register: 0.2 ms]
      [Humongous Reclaim: 0.0 ms]
      [Free CSet: 0.9 ms]
   [Eden: 1213.0M(1213.0M)->0.0B(1213.0M) Survivors: 15.0M->15.0M Heap: 1626.1M(2048.0M)->414.1M(2048.0M)]
 [Times: user=0.10 sys=0.00, real=0.03 secs] 
2019-08-04T15:32:29.713+0000: 2268600.566: [GC pause (G1 Evacuation Pause) (young), 0.0786256 secs]
   [Parallel Time: 36.1 ms, GC Workers: 8]
      [GC Worker Start (ms): Min: 2268600578.6, Avg: 2268600578.7, Max: 2268600578.9, Diff: 0.3]
      [Ext Root Scanning (ms): Min: 26.4, Avg: 26.7, Max: 27.1, Diff: 0.7, Sum: 213.3]
      [Update RS (ms): Min: 3.1, Avg: 4.1, Max: 4.9, Diff: 1.8, Sum: 32.5]
         [Processed Buffers: Min: 2, Avg: 11.1, Max: 42, Diff: 40, Sum: 89]
      [Scan RS (ms): Min: 0.1, Avg: 0.2, Max: 0.3, Diff: 0.2, Sum: 1.6]
      [Code Root Scanning (ms): Min: 0.0, Avg: 0.0, Max: 0.0, Diff: 0.0, Sum: 0.1]
      [Object Copy (ms): Min: 4.0, Avg: 4.7, Max: 5.7, Diff: 1.6, Sum: 37.8]
      [Termination (ms): Min: 0.0, Avg: 0.0, Max: 0.1, Diff: 0.0, Sum: 0.4]
         [Termination Attempts: Min: 27, Avg: 38.0, Max: 44, Diff: 17, Sum: 304]
      [GC Worker Other (ms): Min: 0.0, Avg: 0.1, Max: 0.2, Diff: 0.2, Sum: 0.8]
      [GC Worker Total (ms): Min: 35.6, Avg: 35.8, Max: 36.0, Diff: 0.3, Sum: 286.4]
      [GC Worker End (ms): Min: 2268600614.4, Avg: 2268600614.5, Max: 2268600614.6, Diff: 0.2]
   [Code Root Fixup: 0.1 ms]
   [Code Root Purge: 0.0 ms]
   [Clear CT: 0.5 ms]
   [Other: 42.0 ms]
      [Choose CSet: 0.0 ms]
      [Ref Proc: 3.9 ms]
      [Ref Enq: 0.0 ms]
      [Redirty Cards: 0.5 ms]
      [Humongous Register: 0.2 ms]
      [Humongous Reclaim: 0.0 ms]
      [Free CSet: 0.9 ms]
   [Eden: 1213.0M(1213.0M)->0.0B(1212.0M) Survivors: 15.0M->16.0M Heap: 1627.1M(2048.0M)->415.2M(2048.0M)]
 [Times: user=0.08 sys=0.01, real=0.08 secs] 
2019-08-04T16:54:11.117+0000: 2273501.946: [GC pause (G1 Evacuation Pause) (young), 0.0322342 secs]
   [Parallel Time: 12.8 ms, GC Workers: 8]
      [GC Worker Start (ms): Min: 2273501958.1, Avg: 2273501958.2, Max: 2273501958.4, Diff: 0.2]
      [Ext Root Scanning (ms): Min: 1.4, Avg: 2.1, Max: 3.2, Diff: 1.7, Sum: 16.7]
      [Update RS (ms): Min: 1.6, Avg: 3.1, Max: 3.9, Diff: 2.3, Sum: 24.9]
         [Processed Buffers: Min: 3, Avg: 11.9, Max: 38, Diff: 35, Sum: 95]
      [Scan RS (ms): Min: 0.1, Avg: 0.2, Max: 0.3, Diff: 0.2, Sum: 1.8]
      [Code Root Scanning (ms): Min: 0.0, Avg: 0.0, Max: 0.0, Diff: 0.0, Sum: 0.1]
      [Object Copy (ms): Min: 4.6, Avg: 4.6, Max: 4.7, Diff: 0.1, Sum: 37.0]
      [Termination (ms): Min: 0.0, Avg: 0.1, Max: 0.1, Diff: 0.0, Sum: 0.4]
         [Termination Attempts: Min: 32, Avg: 39.8, Max: 48, Diff: 16, Sum: 318]
      [GC Worker Other (ms): Min: 0.0, Avg: 0.2, Max: 0.7, Diff: 0.7, Sum: 1.8]
      [GC Worker Total (ms): Min: 10.3, Avg: 10.3, Max: 10.5, Diff: 0.2, Sum: 82.7]
      [GC Worker End (ms): Min: 2273501968.5, Avg: 2273501968.6, Max: 2273501968.7, Diff: 0.1]
   [Code Root Fixup: 0.1 ms]
   [Code Root Purge: 0.0 ms]
   [Clear CT: 0.4 ms]
   [Other: 18.9 ms]
      [Choose CSet: 0.0 ms]
      [Ref Proc: 5.4 ms]
      [Ref Enq: 0.0 ms]
      [Redirty Cards: 0.3 ms]
      [Humongous Register: 0.2 ms]
      [Humongous Reclaim: 0.0 ms]
      [Free CSet: 1.0 ms]
   [Eden: 1212.0M(1212.0M)->0.0B(1212.0M) Survivors: 16.0M->16.0M Heap: 1627.2M(2048.0M)->415.8M(2048.0M)]
 [Times: user=0.09 sys=0.00, real=0.06 secs] 
2019-08-04T18:15:17.139+0000: 2278367.987: [GC pause (G1 Evacuation Pause) (young), 0.1784271 secs]
   [Parallel Time: 152.4 ms, GC Workers: 8]
      [GC Worker Start (ms): Min: 2278367987.5, Avg: 2278367987.6, Max: 2278367987.8, Diff: 0.3]
      [Ext Root Scanning (ms): Min: 0.9, Avg: 1.2, Max: 2.3, Diff: 1.4, Sum: 9.7]
      [Update RS (ms): Min: 73.6, Avg: 74.7, Max: 75.2, Diff: 1.5, Sum: 597.6]
         [Processed Buffers: Min: 3, Avg: 11.0, Max: 43, Diff: 40, Sum: 88]
      [Scan RS (ms): Min: 0.1, Avg: 0.2, Max: 0.3, Diff: 0.2, Sum: 1.6]
      [Code Root Scanning (ms): Min: 0.0, Avg: 0.0, Max: 0.0, Diff: 0.0, Sum: 0.1]
      [Object Copy (ms): Min: 75.3, Avg: 75.7, Max: 75.9, Diff: 0.5, Sum: 605.3]
      [Termination (ms): Min: 0.1, Avg: 0.1, Max: 0.2, Diff: 0.1, Sum: 0.8]
         [Termination Attempts: Min: 41, Avg: 53.0, Max: 63, Diff: 22, Sum: 424]
      [GC Worker Other (ms): Min: 0.0, Avg: 0.1, Max: 0.2, Diff: 0.1, Sum: 0.8]
      [GC Worker Total (ms): Min: 151.8, Avg: 152.0, Max: 152.2, Diff: 0.4, Sum: 1215.8]
      [GC Worker End (ms): Min: 2278368139.5, Avg: 2278368139.6, Max: 2278368139.7, Diff: 0.2]
   [Code Root Fixup: 0.1 ms]
   [Code Root Purge: 0.0 ms]
   [Clear CT: 0.6 ms]
   [Other: 25.3 ms]
      [Choose CSet: 0.0 ms]
      [Ref Proc: 4.0 ms]
      [Ref Enq: 0.0 ms]
      [Redirty Cards: 0.4 ms]
      [Humongous Register: 0.2 ms]
      [Humongous Reclaim: 0.0 ms]
      [Free CSet: 1.0 ms]
   [Eden: 1212.0M(1212.0M)->0.0B(1212.0M) Survivors: 16.0M->16.0M Heap: 1627.8M(2048.0M)->416.3M(2048.0M)]
 [Times: user=0.10 sys=0.00, real=0.20 secs] 
2019-08-04T19:36:40.382+0000: 2283251.211: [GC pause (G1 Evacuation Pause) (young), 0.0161966 secs]
   [Parallel Time: 9.4 ms, GC Workers: 8]
      [GC Worker Start (ms): Min: 2283251211.6, Avg: 2283251211.7, Max: 2283251211.9, Diff: 0.3]
      [Ext Root Scanning (ms): Min: 0.7, Avg: 1.0, Max: 2.0, Diff: 1.4, Sum: 8.3]
      [Update RS (ms): Min: 2.4, Avg: 3.2, Max: 3.9, Diff: 1.5, Sum: 25.5]
         [Processed Buffers: Min: 3, Avg: 11.1, Max: 37, Diff: 34, Sum: 89]
      [Scan RS (ms): Min: 0.1, Avg: 0.2, Max: 0.3, Diff: 0.2, Sum: 1.6]
      [Code Root Scanning (ms): Min: 0.0, Avg: 0.0, Max: 0.0, Diff: 0.0, Sum: 0.0]
      [Object Copy (ms): Min: 4.1, Avg: 4.5, Max: 4.7, Diff: 0.5, Sum: 36.1]
      [Termination (ms): Min: 0.0, Avg: 0.1, Max: 0.1, Diff: 0.0, Sum: 0.5]
         [Termination Attempts: Min: 33, Avg: 38.0, Max: 44, Diff: 11, Sum: 304]
      [GC Worker Other (ms): Min: 0.0, Avg: 0.1, Max: 0.2, Diff: 0.1, Sum: 0.7]
      [GC Worker Total (ms): Min: 9.0, Avg: 9.1, Max: 9.3, Diff: 0.3, Sum: 72.8]
      [GC Worker End (ms): Min: 2283251220.8, Avg: 2283251220.8, Max: 2283251220.9, Diff: 0.1]
   [Code Root Fixup: 0.1 ms]
   [Code Root Purge: 0.0 ms]
   [Clear CT: 0.6 ms]
   [Other: 6.1 ms]
      [Choose CSet: 0.0 ms]
      [Ref Proc: 4.2 ms]
      [Ref Enq: 0.0 ms]
      [Redirty Cards: 0.4 ms]
      [Humongous Register: 0.2 ms]
      [Humongous Reclaim: 0.0 ms]
      [Free CSet: 0.9 ms]
   [Eden: 1212.0M(1212.0M)->0.0B(1212.0M) Survivors: 16.0M->16.0M Heap: 1628.3M(2048.0M)->416.9M(2048.0M)]
 [Times: user=0.08 sys=0.00, real=0.01 secs] 
2019-08-04T20:58:09.965+0000: 2288140.810: [GC pause (G1 Evacuation Pause) (young), 0.0446115 secs]
   [Parallel Time: 11.1 ms, GC Workers: 8]
      [GC Worker Start (ms): Min: 2288140821.2, Avg: 2288140821.4, Max: 2288140821.7, Diff: 0.5]
      [Ext Root Scanning (ms): Min: 0.6, Avg: 1.1, Max: 2.2, Diff: 1.5, Sum: 8.6]
      [Update RS (ms): Min: 3.6, Avg: 4.4, Max: 4.8, Diff: 1.2, Sum: 35.5]
         [Processed Buffers: Min: 4, Avg: 11.4, Max: 31, Diff: 27, Sum: 91]
      [Scan RS (ms): Min: 0.1, Avg: 0.2, Max: 0.4, Diff: 0.3, Sum: 1.9]
      [Code Root Scanning (ms): Min: 0.0, Avg: 0.0, Max: 0.0, Diff: 0.0, Sum: 0.1]
      [Object Copy (ms): Min: 4.5, Avg: 4.6, Max: 4.7, Diff: 0.2, Sum: 36.9]
      [Termination (ms): Min: 0.1, Avg: 0.2, Max: 0.3, Diff: 0.2, Sum: 1.8]
         [Termination Attempts: Min: 32, Avg: 40.5, Max: 48, Diff: 16, Sum: 324]
      [GC Worker Other (ms): Min: 0.0, Avg: 0.1, Max: 0.2, Diff: 0.2, Sum: 0.8]
      [GC Worker Total (ms): Min: 10.4, Avg: 10.7, Max: 10.9, Diff: 0.5, Sum: 85.5]
      [GC Worker End (ms): Min: 2288140832.0, Avg: 2288140832.1, Max: 2288140832.2, Diff: 0.1]
   [Code Root Fixup: 0.1 ms]
   [Code Root Purge: 0.0 ms]
   [Clear CT: 0.6 ms]
   [Other: 32.8 ms]
      [Choose CSet: 0.0 ms]
      [Ref Proc: 4.4 ms]
      [Ref Enq: 0.0 ms]
      [Redirty Cards: 0.3 ms]
      [Humongous Register: 0.2 ms]
      [Humongous Reclaim: 0.0 ms]
      [Free CSet: 1.0 ms]
   [Eden: 1212.0M(1212.0M)->0.0B(1212.0M) Survivors: 16.0M->16.0M Heap: 1628.9M(2048.0M)->417.4M(2048.0M)]
 [Times: user=0.08 sys=0.01, real=0.05 secs] 
2019-08-04T22:19:39.079+0000: 2293029.958: [GC pause (G1 Evacuation Pause) (young), 0.1552271 secs]
   [Parallel Time: 14.2 ms, GC Workers: 8]
      [GC Worker Start (ms): Min: 2293030007.2, Avg: 2293030007.8, Max: 2293030008.2, Diff: 1.0]
      [Ext Root Scanning (ms): Min: 0.6, Avg: 1.2, Max: 2.3, Diff: 1.7, Sum: 9.3]
      [Update RS (ms): Min: 2.7, Avg: 3.2, Max: 3.6, Diff: 1.0, Sum: 25.9]
         [Processed Buffers: Min: 3, Avg: 11.0, Max: 30, Diff: 27, Sum: 88]
      [Scan RS (ms): Min: 0.1, Avg: 0.2, Max: 0.3, Diff: 0.2, Sum: 1.7]
      [Code Root Scanning (ms): Min: 0.0, Avg: 0.0, Max: 0.0, Diff: 0.0, Sum: 0.0]
      [Object Copy (ms): Min: 4.5, Avg: 4.6, Max: 4.7, Diff: 0.2, Sum: 36.9]
      [Termination (ms): Min: 0.0, Avg: 0.0, Max: 0.1, Diff: 0.0, Sum: 0.4]
         [Termination Attempts: Min: 26, Avg: 32.9, Max: 41, Diff: 15, Sum: 263]
      [GC Worker Other (ms): Min: 0.0, Avg: 0.1, Max: 0.3, Diff: 0.3, Sum: 1.1]
      [GC Worker Total (ms): Min: 9.0, Avg: 9.4, Max: 10.0, Diff: 1.0, Sum: 75.3]
      [GC Worker End (ms): Min: 2293030017.1, Avg: 2293030017.2, Max: 2293030017.2, Diff: 0.2]
   [Code Root Fixup: 0.1 ms]
   [Code Root Purge: 0.0 ms]
   [Clear CT: 0.6 ms]
   [Other: 140.4 ms]
      [Choose CSet: 0.0 ms]
      [Ref Proc: 4.0 ms]
      [Ref Enq: 0.0 ms]
      [Redirty Cards: 0.3 ms]
      [Humongous Register: 0.2 ms]
      [Humongous Reclaim: 0.0 ms]
      [Free CSet: 0.9 ms]
   [Eden: 1212.0M(1212.0M)->0.0B(1212.0M) Survivors: 16.0M->16.0M Heap: 1629.4M(2048.0M)->418.5M(2048.0M)]
 [Times: user=0.09 sys=0.00, real=0.22 secs] 
2019-08-04T23:41:08.265+0000: 2297919.094: [GC pause (G1 Evacuation Pause) (young), 0.0442803 secs]
   [Parallel Time: 37.9 ms, GC Workers: 8]
      [GC Worker Start (ms): Min: 2297919094.3, Avg: 2297919094.4, Max: 2297919094.5, Diff: 0.2]
      [Ext Root Scanning (ms): Min: 0.7, Avg: 1.1, Max: 2.0, Diff: 1.3, Sum: 9.0]
      [Update RS (ms): Min: 30.7, Avg: 31.4, Max: 31.7, Diff: 1.0, Sum: 251.4]
         [Processed Buffers: Min: 3, Avg: 11.2, Max: 26, Diff: 23, Sum: 90]
      [Scan RS (ms): Min: 0.1, Avg: 0.3, Max: 0.4, Diff: 0.3, Sum: 2.2]
      [Code Root Scanning (ms): Min: 0.0, Avg: 0.0, Max: 0.0, Diff: 0.0, Sum: 0.1]
      [Object Copy (ms): Min: 4.5, Avg: 4.6, Max: 4.7, Diff: 0.2, Sum: 37.0]
      [Termination (ms): Min: 0.1, Avg: 0.1, Max: 0.1, Diff: 0.1, Sum: 0.7]
         [Termination Attempts: Min: 34, Avg: 40.4, Max: 43, Diff: 9, Sum: 323]
      [GC Worker Other (ms): Min: 0.0, Avg: 0.1, Max: 0.1, Diff: 0.1, Sum: 0.6]
      [GC Worker Total (ms): Min: 37.5, Avg: 37.6, Max: 37.8, Diff: 0.3, Sum: 301.0]
      [GC Worker End (ms): Min: 2297919132.0, Avg: 2297919132.0, Max: 2297919132.1, Diff: 0.1]
   [Code Root Fixup: 0.1 ms]
   [Code Root Purge: 0.0 ms]
   [Clear CT: 0.6 ms]
   [Other: 5.7 ms]
      [Choose CSet: 0.0 ms]
      [Ref Proc: 3.9 ms]
      [Ref Enq: 0.0 ms]
      [Redirty Cards: 0.3 ms]
      [Humongous Register: 0.2 ms]
      [Humongous Reclaim: 0.0 ms]
      [Free CSet: 0.9 ms]
   [Eden: 1212.0M(1212.0M)->0.0B(1212.0M) Survivors: 16.0M->16.0M Heap: 1630.5M(2048.0M)->418.5M(2048.0M)]
 [Times: user=0.08 sys=0.00, real=0.05 secs] 
2019-08-05T01:02:37.701+0000: 2302808.550: [GC pause (G1 Evacuation Pause) (young), 0.0441861 secs]
   [Parallel Time: 10.0 ms, GC Workers: 8]
      [GC Worker Start (ms): Min: 2302808558.3, Avg: 2302808558.4, Max: 2302808558.5, Diff: 0.2]
      [Ext Root Scanning (ms): Min: 0.6, Avg: 0.9, Max: 2.0, Diff: 1.4, Sum: 7.5]
      [Update RS (ms): Min: 2.4, Avg: 3.4, Max: 4.1, Diff: 1.7, Sum: 27.4]
         [Processed Buffers: Min: 3, Avg: 11.0, Max: 34, Diff: 31, Sum: 88]
      [Scan RS (ms): Min: 0.1, Avg: 0.2, Max: 0.3, Diff: 0.2, Sum: 1.8]
      [Code Root Scanning (ms): Min: 0.0, Avg: 0.0, Max: 0.0, Diff: 0.0, Sum: 0.1]
      [Object Copy (ms): Min: 4.5, Avg: 4.8, Max: 5.0, Diff: 0.5, Sum: 38.7]
      [Termination (ms): Min: 0.1, Avg: 0.1, Max: 0.1, Diff: 0.0, Sum: 0.8]
         [Termination Attempts: Min: 27, Avg: 37.2, Max: 50, Diff: 23, Sum: 298]
      [GC Worker Other (ms): Min: 0.0, Avg: 0.1, Max: 0.2, Diff: 0.2, Sum: 0.8]
      [GC Worker Total (ms): Min: 9.5, Avg: 9.6, Max: 9.7, Diff: 0.2, Sum: 77.0]
      [GC Worker End (ms): Min: 2302808567.9, Avg: 2302808568.0, Max: 2302808568.1, Diff: 0.2]
   [Code Root Fixup: 0.1 ms]
   [Code Root Purge: 0.0 ms]
   [Clear CT: 0.6 ms]
   [Other: 33.5 ms]
      [Choose CSet: 0.0 ms]
      [Ref Proc: 3.6 ms]
      [Ref Enq: 0.0 ms]
      [Redirty Cards: 0.3 ms]
      [Humongous Register: 0.2 ms]
      [Humongous Reclaim: 0.0 ms]
      [Free CSet: 1.4 ms]
   [Eden: 1212.0M(1212.0M)->0.0B(1213.0M) Survivors: 16.0M->15.0M Heap: 1630.5M(2048.0M)->418.6M(2048.0M)]
 [Times: user=0.08 sys=0.01, real=0.12 secs] 
2019-08-05T02:24:13.518+0000: 2307704.348: [GC pause (G1 Evacuation Pause) (young), 0.0437791 secs]
   [Parallel Time: 11.9 ms, GC Workers: 8]
      [GC Worker Start (ms): Min: 2307704365.9, Avg: 2307704366.4, Max: 2307704366.8, Diff: 0.9]
      [Ext Root Scanning (ms): Min: 0.6, Avg: 1.5, Max: 4.0, Diff: 3.4, Sum: 11.8]
      [Update RS (ms): Min: 2.5, Avg: 4.2, Max: 4.7, Diff: 2.3, Sum: 33.7]
         [Processed Buffers: Min: 1, Avg: 11.5, Max: 32, Diff: 31, Sum: 92]
      [Scan RS (ms): Min: 0.1, Avg: 0.2, Max: 0.4, Diff: 0.3, Sum: 2.0]
      [Code Root Scanning (ms): Min: 0.0, Avg: 0.0, Max: 0.0, Diff: 0.0, Sum: 0.1]
      [Object Copy (ms): Min: 4.9, Avg: 5.0, Max: 5.1, Diff: 0.2, Sum: 40.1]
      [Termination (ms): Min: 0.1, Avg: 0.1, Max: 0.1, Diff: 0.0, Sum: 0.6]
         [Termination Attempts: Min: 38, Avg: 46.9, Max: 67, Diff: 29, Sum: 375]
      [GC Worker Other (ms): Min: 0.0, Avg: 0.1, Max: 0.2, Diff: 0.1, Sum: 0.8]
      [GC Worker Total (ms): Min: 10.7, Avg: 11.1, Max: 11.6, Diff: 0.9, Sum: 89.0]
      [GC Worker End (ms): Min: 2307704377.4, Avg: 2307704377.5, Max: 2307704377.6, Diff: 0.1]
   [Code Root Fixup: 0.1 ms]
   [Code Root Purge: 0.0 ms]
   [Clear CT: 0.5 ms]
   [Other: 31.2 ms]
      [Choose CSet: 0.0 ms]
      [Ref Proc: 4.0 ms]
      [Ref Enq: 0.0 ms]
      [Redirty Cards: 0.3 ms]
      [Humongous Register: 0.2 ms]
      [Humongous Reclaim: 0.0 ms]
      [Free CSet: 1.0 ms]
   [Eden: 1213.0M(1213.0M)->0.0B(1212.0M) Survivors: 15.0M->16.0M Heap: 1631.6M(2048.0M)->419.6M(2048.0M)]
 [Times: user=0.10 sys=0.00, real=0.08 secs] 
2019-08-05T03:46:11.105+0000: 2312621.935: [GC pause (G1 Evacuation Pause) (young), 0.0565910 secs]
   [Parallel Time: 10.4 ms, GC Workers: 8]
      [GC Worker Start (ms): Min: 2312621974.9, Avg: 2312621975.1, Max: 2312621975.3, Diff: 0.4]
      [Ext Root Scanning (ms): Min: 0.6, Avg: 1.0, Max: 2.1, Diff: 1.5, Sum: 7.6]
      [Update RS (ms): Min: 2.6, Avg: 3.5, Max: 3.7, Diff: 1.1, Sum: 27.8]
         [Processed Buffers: Min: 3, Avg: 11.6, Max: 29, Diff: 26, Sum: 93]
      [Scan RS (ms): Min: 0.1, Avg: 0.2, Max: 0.3, Diff: 0.2, Sum: 1.8]
      [Code Root Scanning (ms): Min: 0.0, Avg: 0.0, Max: 0.0, Diff: 0.0, Sum: 0.1]
      [Object Copy (ms): Min: 4.7, Avg: 4.9, Max: 5.0, Diff: 0.3, Sum: 39.2]
      [Termination (ms): Min: 0.1, Avg: 0.1, Max: 0.1, Diff: 0.0, Sum: 0.6]
         [Termination Attempts: Min: 35, Avg: 39.6, Max: 45, Diff: 10, Sum: 317]
      [GC Worker Other (ms): Min: 0.0, Avg: 0.1, Max: 0.2, Diff: 0.2, Sum: 1.0]
      [GC Worker Total (ms): Min: 9.5, Avg: 9.7, Max: 10.1, Diff: 0.6, Sum: 78.0]
      [GC Worker End (ms): Min: 2312621984.8, Avg: 2312621984.8, Max: 2312621984.9, Diff: 0.2]
   [Code Root Fixup: 0.1 ms]
   [Code Root Purge: 0.0 ms]
   [Clear CT: 0.6 ms]
   [Other: 45.5 ms]
      [Choose CSet: 0.0 ms]
      [Ref Proc: 3.7 ms]
      [Ref Enq: 0.0 ms]
      [Redirty Cards: 0.3 ms]
      [Humongous Register: 0.2 ms]
      [Humongous Reclaim: 0.0 ms]
      [Free CSet: 0.9 ms]
   [Eden: 1212.0M(1212.0M)->0.0B(1213.0M) Survivors: 16.0M->15.0M Heap: 1631.6M(2048.0M)->419.7M(2048.0M)]
 [Times: user=0.08 sys=0.01, real=0.14 secs] 
2019-08-05T05:07:57.020+0000: 2317527.849: [GC pause (G1 Evacuation Pause) (young), 0.0719726 secs]
   [Parallel Time: 49.4 ms, GC Workers: 8]
      [GC Worker Start (ms): Min: 2317527865.7, Avg: 2317527866.0, Max: 2317527866.3, Diff: 0.5]
      [Ext Root Scanning (ms): Min: 39.7, Avg: 40.0, Max: 40.4, Diff: 0.7, Sum: 320.3]
      [Update RS (ms): Min: 3.4, Avg: 3.6, Max: 3.7, Diff: 0.2, Sum: 28.7]
         [Processed Buffers: Min: 3, Avg: 11.2, Max: 31, Diff: 28, Sum: 90]
      [Scan RS (ms): Min: 0.2, Avg: 0.2, Max: 0.3, Diff: 0.1, Sum: 2.0]
      [Code Root Scanning (ms): Min: 0.0, Avg: 0.0, Max: 0.0, Diff: 0.0, Sum: 0.1]
      [Object Copy (ms): Min: 4.8, Avg: 4.9, Max: 5.0, Diff: 0.2, Sum: 39.1]
      [Termination (ms): Min: 0.0, Avg: 0.1, Max: 0.1, Diff: 0.1, Sum: 0.6]
         [Termination Attempts: Min: 37, Avg: 44.0, Max: 52, Diff: 15, Sum: 352]
      [GC Worker Other (ms): Min: 0.0, Avg: 0.1, Max: 0.2, Diff: 0.1, Sum: 0.7]
      [GC Worker Total (ms): Min: 48.7, Avg: 48.9, Max: 49.1, Diff: 0.5, Sum: 391.4]
      [GC Worker End (ms): Min: 2317527914.8, Avg: 2317527914.9, Max: 2317527915.0, Diff: 0.1]
   [Code Root Fixup: 0.1 ms]
   [Code Root Purge: 0.0 ms]
   [Clear CT: 0.6 ms]
   [Other: 21.8 ms]
      [Choose CSet: 0.0 ms]
      [Ref Proc: 4.1 ms]
      [Ref Enq: 0.0 ms]
      [Redirty Cards: 0.3 ms]
      [Humongous Register: 0.2 ms]
      [Humongous Reclaim: 0.0 ms]
      [Free CSet: 1.0 ms]
   [Eden: 1213.0M(1213.0M)->0.0B(1213.0M) Survivors: 15.0M->15.0M Heap: 1632.7M(2048.0M)->420.3M(2048.0M)]
 [Times: user=0.09 sys=0.00, real=0.08 secs] 
2019-08-05T06:29:33.084+0000: 2322423.923: [GC pause (G1 Evacuation Pause) (young), 0.0656961 secs]
   [Parallel Time: 10.3 ms, GC Workers: 8]
      [GC Worker Start (ms): Min: 2322423962.6, Avg: 2322423962.8, Max: 2322423963.0, Diff: 0.4]
      [Ext Root Scanning (ms): Min: 0.5, Avg: 0.9, Max: 2.1, Diff: 1.6, Sum: 7.1]
      [Update RS (ms): Min: 2.5, Avg: 3.4, Max: 3.7, Diff: 1.2, Sum: 27.4]
         [Processed Buffers: Min: 3, Avg: 10.9, Max: 26, Diff: 23, Sum: 87]
      [Scan RS (ms): Min: 0.1, Avg: 0.2, Max: 0.3, Diff: 0.2, Sum: 1.9]
      [Code Root Scanning (ms): Min: 0.0, Avg: 0.0, Max: 0.0, Diff: 0.0, Sum: 0.1]
      [Object Copy (ms): Min: 4.9, Avg: 4.9, Max: 5.0, Diff: 0.1, Sum: 39.3]
      [Termination (ms): Min: 0.1, Avg: 0.1, Max: 0.1, Diff: 0.0, Sum: 0.7]
         [Termination Attempts: Min: 41, Avg: 51.6, Max: 62, Diff: 21, Sum: 413]
      [GC Worker Other (ms): Min: 0.0, Avg: 0.1, Max: 0.2, Diff: 0.1, Sum: 0.7]
      [GC Worker Total (ms): Min: 9.5, Avg: 9.7, Max: 9.8, Diff: 0.4, Sum: 77.3]
      [GC Worker End (ms): Min: 2322423972.4, Avg: 2322423972.5, Max: 2322423972.5, Diff: 0.1]
   [Code Root Fixup: 0.1 ms]
   [Code Root Purge: 0.0 ms]
   [Clear CT: 0.6 ms]
   [Other: 54.8 ms]
      [Choose CSet: 0.0 ms]
      [Ref Proc: 4.0 ms]
      [Ref Enq: 0.0 ms]
      [Redirty Cards: 0.3 ms]
      [Humongous Register: 0.3 ms]
      [Humongous Reclaim: 0.0 ms]
      [Free CSet: 1.0 ms]
   [Eden: 1213.0M(1213.0M)->0.0B(1212.0M) Survivors: 15.0M->16.0M Heap: 1633.3M(2048.0M)->421.3M(2048.0M)]
 [Times: user=0.09 sys=0.00, real=0.07 secs] 
2019-08-05T07:51:19.722+0000: 2327330.551: [GC pause (G1 Evacuation Pause) (young), 0.0787984 secs]
   [Parallel Time: 11.7 ms, GC Workers: 8]
      [GC Worker Start (ms): Min: 2327330609.3, Avg: 2327330609.5, Max: 2327330609.7, Diff: 0.5]
      [Ext Root Scanning (ms): Min: 0.8, Avg: 1.3, Max: 2.5, Diff: 1.7, Sum: 10.3]
      [Update RS (ms): Min: 2.9, Avg: 3.9, Max: 4.1, Diff: 1.2, Sum: 31.1]
         [Processed Buffers: Min: 3, Avg: 11.1, Max: 35, Diff: 32, Sum: 89]
      [Scan RS (ms): Min: 0.2, Avg: 0.3, Max: 0.3, Diff: 0.1, Sum: 2.0]
      [Code Root Scanning (ms): Min: 0.0, Avg: 0.0, Max: 0.0, Diff: 0.0, Sum: 0.1]
      [Object Copy (ms): Min: 5.4, Avg: 5.5, Max: 5.7, Diff: 0.3, Sum: 44.1]
      [Termination (ms): Min: 0.0, Avg: 0.2, Max: 0.2, Diff: 0.2, Sum: 1.4]
         [Termination Attempts: Min: 1, Avg: 42.0, Max: 61, Diff: 60, Sum: 336]
      [GC Worker Other (ms): Min: 0.0, Avg: 0.1, Max: 0.1, Diff: 0.1, Sum: 0.4]
      [GC Worker Total (ms): Min: 10.9, Avg: 11.2, Max: 11.4, Diff: 0.5, Sum: 89.4]
      [GC Worker End (ms): Min: 2327330620.6, Avg: 2327330620.6, Max: 2327330620.7, Diff: 0.1]
   [Code Root Fixup: 0.1 ms]
   [Code Root Purge: 0.0 ms]
   [Clear CT: 0.8 ms]
   [Other: 66.2 ms]
      [Choose CSet: 0.0 ms]
      [Ref Proc: 6.0 ms]
      [Ref Enq: 0.0 ms]
      [Redirty Cards: 0.4 ms]
      [Humongous Register: 0.2 ms]
      [Humongous Reclaim: 0.0 ms]
      [Free CSet: 1.3 ms]
   [Eden: 1212.0M(1212.0M)->0.0B(1212.0M) Survivors: 16.0M->16.0M Heap: 1633.3M(2048.0M)->421.9M(2048.0M)]
 [Times: user=0.10 sys=0.00, real=0.08 secs] 
2019-08-05T09:12:33.776+0000: 2332204.624: [GC pause (G1 Evacuation Pause) (young), 0.0572679 secs]
   [Parallel Time: 12.4 ms, GC Workers: 8]
      [GC Worker Start (ms): Min: 2332204643.2, Avg: 2332204643.4, Max: 2332204643.5, Diff: 0.3]
      [Ext Root Scanning (ms): Min: 0.7, Avg: 1.4, Max: 4.9, Diff: 4.3, Sum: 10.8]
      [Update RS (ms): Min: 0.6, Avg: 4.0, Max: 4.9, Diff: 4.3, Sum: 32.0]
         [Processed Buffers: Min: 4, Avg: 11.8, Max: 26, Diff: 22, Sum: 94]
      [Scan RS (ms): Min: 0.1, Avg: 0.3, Max: 0.3, Diff: 0.2, Sum: 2.0]
      [Code Root Scanning (ms): Min: 0.0, Avg: 0.0, Max: 0.0, Diff: 0.0, Sum: 0.1]
      [Object Copy (ms): Min: 5.6, Avg: 5.9, Max: 6.1, Diff: 0.5, Sum: 47.2]
      [Termination (ms): Min: 0.1, Avg: 0.2, Max: 0.3, Diff: 0.2, Sum: 1.6]
         [Termination Attempts: Min: 30, Avg: 51.5, Max: 70, Diff: 40, Sum: 412]
      [GC Worker Other (ms): Min: 0.0, Avg: 0.0, Max: 0.1, Diff: 0.0, Sum: 0.3]
      [GC Worker Total (ms): Min: 11.6, Avg: 11.8, Max: 12.0, Diff: 0.3, Sum: 94.0]
      [GC Worker End (ms): Min: 2332204655.1, Avg: 2332204655.1, Max: 2332204655.2, Diff: 0.0]
   [Code Root Fixup: 0.1 ms]
   [Code Root Purge: 0.0 ms]
   [Clear CT: 0.6 ms]
   [Other: 44.2 ms]
      [Choose CSet: 0.0 ms]
      [Ref Proc: 4.7 ms]
      [Ref Enq: 0.0 ms]
      [Redirty Cards: 0.5 ms]
      [Humongous Register: 0.2 ms]
      [Humongous Reclaim: 0.0 ms]
      [Free CSet: 1.0 ms]
   [Eden: 1212.0M(1212.0M)->0.0B(1212.0M) Survivors: 16.0M->16.0M Heap: 1633.9M(2048.0M)->422.4M(2048.0M)]
 [Times: user=0.10 sys=0.00, real=0.06 secs] 
2019-08-05T10:34:11.614+0000: 2337102.443: [GC pause (G1 Evacuation Pause) (young), 0.0463376 secs]
   [Parallel Time: 11.5 ms, GC Workers: 8]
      [GC Worker Start (ms): Min: 2337102471.4, Avg: 2337102471.6, Max: 2337102471.7, Diff: 0.3]
      [Ext Root Scanning (ms): Min: 0.7, Avg: 1.1, Max: 2.5, Diff: 1.8, Sum: 8.7]
      [Update RS (ms): Min: 2.2, Avg: 3.5, Max: 4.1, Diff: 1.9, Sum: 28.4]
         [Processed Buffers: Min: 3, Avg: 11.5, Max: 26, Diff: 23, Sum: 92]
      [Scan RS (ms): Min: 0.1, Avg: 0.5, Max: 2.1, Diff: 2.0, Sum: 3.7]
      [Code Root Scanning (ms): Min: 0.0, Avg: 0.0, Max: 0.0, Diff: 0.0, Sum: 0.1]
      [Object Copy (ms): Min: 4.2, Avg: 5.8, Max: 6.2, Diff: 1.9, Sum: 46.7]
      [Termination (ms): Min: 0.0, Avg: 0.0, Max: 0.1, Diff: 0.0, Sum: 0.3]
         [Termination Attempts: Min: 25, Avg: 28.8, Max: 33, Diff: 8, Sum: 230]
      [GC Worker Other (ms): Min: 0.0, Avg: 0.1, Max: 0.2, Diff: 0.2, Sum: 0.8]
      [GC Worker Total (ms): Min: 10.9, Avg: 11.1, Max: 11.3, Diff: 0.4, Sum: 88.7]
      [GC Worker End (ms): Min: 2337102482.6, Avg: 2337102482.7, Max: 2337102482.8, Diff: 0.2]
   [Code Root Fixup: 0.1 ms]
   [Code Root Purge: 0.0 ms]
   [Clear CT: 0.5 ms]
   [Other: 34.2 ms]
      [Choose CSet: 0.0 ms]
      [Ref Proc: 4.1 ms]
      [Ref Enq: 0.1 ms]
      [Redirty Cards: 0.3 ms]
      [Humongous Register: 0.2 ms]
      [Humongous Reclaim: 0.0 ms]
      [Free CSet: 1.1 ms]
   [Eden: 1212.0M(1212.0M)->0.0B(1212.0M) Survivors: 16.0M->16.0M Heap: 1634.4M(2048.0M)->423.0M(2048.0M)]
 [Times: user=0.09 sys=0.00, real=0.05 secs] 
2019-08-05T11:56:12.841+0000: 2342023.670: [GC pause (G1 Evacuation Pause) (young), 0.0160367 secs]
   [Parallel Time: 9.6 ms, GC Workers: 8]
      [GC Worker Start (ms): Min: 2342023670.3, Avg: 2342023670.4, Max: 2342023670.5, Diff: 0.2]
      [Ext Root Scanning (ms): Min: 0.6, Avg: 0.9, Max: 2.2, Diff: 1.7, Sum: 7.1]
      [Update RS (ms): Min: 3.1, Avg: 3.4, Max: 3.8, Diff: 0.7, Sum: 27.5]
         [Processed Buffers: Min: 1, Avg: 11.4, Max: 40, Diff: 39, Sum: 91]
      [Scan RS (ms): Min: 0.1, Avg: 0.2, Max: 0.3, Diff: 0.2, Sum: 1.7]
      [Code Root Scanning (ms): Min: 0.0, Avg: 0.0, Max: 0.0, Diff: 0.0, Sum: 0.1]
      [Object Copy (ms): Min: 3.7, Avg: 4.5, Max: 4.7, Diff: 1.0, Sum: 35.7]
      [Termination (ms): Min: 0.1, Avg: 0.1, Max: 0.2, Diff: 0.1, Sum: 0.8]
         [Termination Attempts: Min: 48, Avg: 52.5, Max: 61, Diff: 13, Sum: 420]
      [GC Worker Other (ms): Min: 0.0, Avg: 0.1, Max: 0.2, Diff: 0.1, Sum: 0.7]
      [GC Worker Total (ms): Min: 9.0, Avg: 9.2, Max: 9.4, Diff: 0.3, Sum: 73.6]
      [GC Worker End (ms): Min: 2342023679.5, Avg: 2342023679.6, Max: 2342023679.7, Diff: 0.1]
   [Code Root Fixup: 0.1 ms]
   [Code Root Purge: 0.0 ms]
   [Clear CT: 0.6 ms]
   [Other: 5.8 ms]
      [Choose CSet: 0.0 ms]
      [Ref Proc: 3.9 ms]
      [Ref Enq: 0.0 ms]
      [Redirty Cards: 0.3 ms]
      [Humongous Register: 0.2 ms]
      [Humongous Reclaim: 0.0 ms]
      [Free CSet: 1.0 ms]
   [Eden: 1212.0M(1212.0M)->0.0B(1213.0M) Survivors: 16.0M->15.0M Heap: 1635.0M(2048.0M)->423.1M(2048.0M)]
 [Times: user=0.08 sys=0.01, real=0.02 secs] 
2019-08-05T13:17:23.730+0000: 2346894.559: [GC pause (G1 Evacuation Pause) (young), 0.0158692 secs]
   [Parallel Time: 9.8 ms, GC Workers: 8]
      [GC Worker Start (ms): Min: 2346894559.8, Avg: 2346894559.9, Max: 2346894560.0, Diff: 0.2]
      [Ext Root Scanning (ms): Min: 0.7, Avg: 0.9, Max: 2.0, Diff: 1.3, Sum: 7.5]
      [Update RS (ms): Min: 2.5, Avg: 3.5, Max: 3.8, Diff: 1.3, Sum: 27.7]
         [Processed Buffers: Min: 3, Avg: 11.6, Max: 35, Diff: 32, Sum: 93]
      [Scan RS (ms): Min: 0.1, Avg: 0.2, Max: 0.3, Diff: 0.2, Sum: 1.8]
      [Code Root Scanning (ms): Min: 0.0, Avg: 0.0, Max: 0.0, Diff: 0.0, Sum: 0.1]
      [Object Copy (ms): Min: 4.6, Avg: 4.6, Max: 4.7, Diff: 0.1, Sum: 37.0]
      [Termination (ms): Min: 0.1, Avg: 0.1, Max: 0.1, Diff: 0.1, Sum: 0.8]
         [Termination Attempts: Min: 39, Avg: 45.1, Max: 50, Diff: 11, Sum: 361]
      [GC Worker Other (ms): Min: 0.0, Avg: 0.1, Max: 0.1, Diff: 0.1, Sum: 0.5]
      [GC Worker Total (ms): Min: 9.3, Avg: 9.4, Max: 9.6, Diff: 0.2, Sum: 75.3]
      [GC Worker End (ms): Min: 2346894569.3, Avg: 2346894569.3, Max: 2346894569.4, Diff: 0.1]
   [Code Root Fixup: 0.1 ms]
   [Code Root Purge: 0.0 ms]
   [Clear CT: 0.5 ms]
   [Other: 5.5 ms]
      [Choose CSet: 0.0 ms]
      [Ref Proc: 3.6 ms]
      [Ref Enq: 0.0 ms]
      [Redirty Cards: 0.3 ms]
      [Humongous Register: 0.1 ms]
      [Humongous Reclaim: 0.0 ms]
      [Free CSet: 0.9 ms]
   [Eden: 1213.0M(1213.0M)->0.0B(1212.0M) Survivors: 15.0M->16.0M Heap: 1636.1M(2048.0M)->424.1M(2048.0M)]
 [Times: user=0.08 sys=0.00, real=0.03 secs] 
2019-08-05T14:39:06.677+0000: 2351797.534: [GC pause (G1 Evacuation Pause) (young), 0.0902650 secs]
   [Parallel Time: 23.6 ms, GC Workers: 8]
      [GC Worker Start (ms): Min: 2351797566.5, Avg: 2351797566.7, Max: 2351797566.9, Diff: 0.4]
      [Ext Root Scanning (ms): Min: 14.8, Avg: 15.1, Max: 15.3, Diff: 0.5, Sum: 120.4]
      [Update RS (ms): Min: 3.0, Avg: 3.2, Max: 3.4, Diff: 0.4, Sum: 25.3]
         [Processed Buffers: Min: 3, Avg: 11.4, Max: 22, Diff: 19, Sum: 91]
      [Scan RS (ms): Min: 0.1, Avg: 0.2, Max: 0.3, Diff: 0.2, Sum: 1.7]
      [Code Root Scanning (ms): Min: 0.0, Avg: 0.0, Max: 0.0, Diff: 0.0, Sum: 0.1]
      [Object Copy (ms): Min: 4.4, Avg: 4.5, Max: 4.6, Diff: 0.2, Sum: 36.1]
      [Termination (ms): Min: 0.1, Avg: 0.1, Max: 0.1, Diff: 0.1, Sum: 0.7]
         [Termination Attempts: Min: 28, Avg: 36.9, Max: 48, Diff: 20, Sum: 295]
      [GC Worker Other (ms): Min: 0.0, Avg: 0.1, Max: 0.2, Diff: 0.1, Sum: 0.7]
      [GC Worker Total (ms): Min: 22.9, Avg: 23.1, Max: 23.3, Diff: 0.4, Sum: 184.9]
      [GC Worker End (ms): Min: 2351797589.7, Avg: 2351797589.8, Max: 2351797589.9, Diff: 0.2]
   [Code Root Fixup: 0.1 ms]
   [Code Root Purge: 0.0 ms]
   [Clear CT: 0.6 ms]
   [Other: 66.0 ms]
      [Choose CSet: 0.0 ms]
      [Ref Proc: 3.7 ms]
      [Ref Enq: 0.0 ms]
      [Redirty Cards: 0.5 ms]
      [Humongous Register: 0.2 ms]
      [Humongous Reclaim: 0.0 ms]
      [Free CSet: 0.9 ms]
   [Eden: 1212.0M(1212.0M)->0.0B(1212.0M) Survivors: 16.0M->16.0M Heap: 1636.1M(2048.0M)->424.7M(2048.0M)]
 [Times: user=0.08 sys=0.00, real=0.10 secs] 
2019-08-05T16:00:17.904+0000: 2356668.750: [GC pause (G1 Evacuation Pause) (young), 0.1576419 secs]
   [Parallel Time: 33.1 ms, GC Workers: 8]
      [GC Worker Start (ms): Min: 2356668851.5, Avg: 2356668851.7, Max: 2356668852.0, Diff: 0.5]
      [Ext Root Scanning (ms): Min: 0.5, Avg: 1.0, Max: 2.3, Diff: 1.8, Sum: 8.2]
      [Update RS (ms): Min: 25.6, Avg: 26.7, Max: 27.3, Diff: 1.7, Sum: 213.7]
         [Processed Buffers: Min: 3, Avg: 11.5, Max: 31, Diff: 28, Sum: 92]
      [Scan RS (ms): Min: 0.1, Avg: 0.2, Max: 0.3, Diff: 0.2, Sum: 1.6]
      [Code Root Scanning (ms): Min: 0.0, Avg: 0.0, Max: 0.0, Diff: 0.0, Sum: 0.0]
      [Object Copy (ms): Min: 4.2, Avg: 4.5, Max: 4.7, Diff: 0.5, Sum: 36.2]
      [Termination (ms): Min: 0.1, Avg: 0.1, Max: 0.2, Diff: 0.1, Sum: 0.8]
         [Termination Attempts: Min: 24, Avg: 32.0, Max: 39, Diff: 15, Sum: 256]
      [GC Worker Other (ms): Min: 0.0, Avg: 0.1, Max: 0.2, Diff: 0.1, Sum: 0.7]
      [GC Worker Total (ms): Min: 32.4, Avg: 32.7, Max: 32.9, Diff: 0.5, Sum: 261.3]
      [GC Worker End (ms): Min: 2356668884.3, Avg: 2356668884.4, Max: 2356668884.5, Diff: 0.1]
   [Code Root Fixup: 0.1 ms]
   [Code Root Purge: 0.0 ms]
   [Clear CT: 0.6 ms]
   [Other: 123.8 ms]
      [Choose CSet: 0.0 ms]
      [Ref Proc: 3.7 ms]
      [Ref Enq: 0.0 ms]
      [Redirty Cards: 0.3 ms]
      [Humongous Register: 0.2 ms]
      [Humongous Reclaim: 0.0 ms]
      [Free CSet: 0.9 ms]
   [Eden: 1212.0M(1212.0M)->0.0B(1212.0M) Survivors: 16.0M->16.0M Heap: 1636.7M(2048.0M)->425.2M(2048.0M)]
 [Times: user=0.09 sys=0.00, real=0.16 secs] 
2019-08-05T17:21:39.738+0000: 2361550.568: [GC pause (G1 Evacuation Pause) (young), 0.0235291 secs]
   [Parallel Time: 9.8 ms, GC Workers: 8]
      [GC Worker Start (ms): Min: 2361550575.6, Avg: 2361550575.9, Max: 2361550576.1, Diff: 0.5]
      [Ext Root Scanning (ms): Min: 0.6, Avg: 1.0, Max: 2.4, Diff: 1.8, Sum: 7.9]
      [Update RS (ms): Min: 2.1, Avg: 3.1, Max: 3.3, Diff: 1.2, Sum: 24.6]
         [Processed Buffers: Min: 3, Avg: 11.8, Max: 33, Diff: 30, Sum: 94]
      [Scan RS (ms): Min: 0.2, Avg: 0.3, Max: 0.3, Diff: 0.1, Sum: 2.0]
      [Code Root Scanning (ms): Min: 0.0, Avg: 0.0, Max: 0.0, Diff: 0.0, Sum: 0.1]
      [Object Copy (ms): Min: 4.5, Avg: 4.7, Max: 4.8, Diff: 0.3, Sum: 37.7]
      [Termination (ms): Min: 0.0, Avg: 0.2, Max: 0.2, Diff: 0.1, Sum: 1.2]
         [Termination Attempts: Min: 31, Avg: 39.2, Max: 50, Diff: 19, Sum: 314]
      [GC Worker Other (ms): Min: 0.0, Avg: 0.1, Max: 0.2, Diff: 0.2, Sum: 0.9]
      [GC Worker Total (ms): Min: 9.1, Avg: 9.3, Max: 9.6, Diff: 0.5, Sum: 74.3]
      [GC Worker End (ms): Min: 2361550585.1, Avg: 2361550585.2, Max: 2361550585.3, Diff: 0.2]
   [Code Root Fixup: 0.1 ms]
   [Code Root Purge: 0.0 ms]
   [Clear CT: 0.6 ms]
   [Other: 13.1 ms]
      [Choose CSet: 0.0 ms]
      [Ref Proc: 3.7 ms]
      [Ref Enq: 0.0 ms]
      [Redirty Cards: 0.3 ms]
      [Humongous Register: 0.2 ms]
      [Humongous Reclaim: 0.0 ms]
      [Free CSet: 0.9 ms]
   [Eden: 1212.0M(1212.0M)->0.0B(1212.0M) Survivors: 16.0M->16.0M Heap: 1637.2M(2048.0M)->426.3M(2048.0M)]
 [Times: user=0.08 sys=0.00, real=0.03 secs] 
2019-08-05T18:43:11.252+0000: 2366442.081: [GC pause (G1 Evacuation Pause) (young), 0.0310623 secs]
   [Parallel Time: 24.1 ms, GC Workers: 8]
      [GC Worker Start (ms): Min: 2366442081.3, Avg: 2366442081.5, Max: 2366442081.7, Diff: 0.4]
      [Ext Root Scanning (ms): Min: 0.5, Avg: 0.9, Max: 1.9, Diff: 1.4, Sum: 6.9]
      [Update RS (ms): Min: 2.5, Avg: 3.2, Max: 3.4, Diff: 0.9, Sum: 25.5]
         [Processed Buffers: Min: 3, Avg: 11.1, Max: 29, Diff: 26, Sum: 89]
      [Scan RS (ms): Min: 0.1, Avg: 0.2, Max: 0.3, Diff: 0.1, Sum: 1.8]
      [Code Root Scanning (ms): Min: 0.0, Avg: 0.0, Max: 0.0, Diff: 0.0, Sum: 0.1]
      [Object Copy (ms): Min: 6.5, Avg: 16.1, Max: 19.3, Diff: 12.8, Sum: 128.5]
      [Termination (ms): Min: 0.0, Avg: 3.2, Max: 12.7, Diff: 12.7, Sum: 25.5]
         [Termination Attempts: Min: 1, Avg: 10.0, Max: 38, Diff: 37, Sum: 80]
      [GC Worker Other (ms): Min: 0.0, Avg: 0.1, Max: 0.2, Diff: 0.2, Sum: 0.6]
      [GC Worker Total (ms): Min: 23.4, Avg: 23.6, Max: 23.9, Diff: 0.5, Sum: 189.0]
      [GC Worker End (ms): Min: 2366442105.1, Avg: 2366442105.2, Max: 2366442105.3, Diff: 0.1]
   [Code Root Fixup: 0.1 ms]
   [Code Root Purge: 0.0 ms]
   [Clear CT: 0.7 ms]
   [Other: 6.2 ms]
      [Choose CSet: 0.0 ms]
      [Ref Proc: 4.0 ms]
      [Ref Enq: 0.0 ms]
      [Redirty Cards: 0.4 ms]
      [Humongous Register: 0.2 ms]
      [Humongous Reclaim: 0.0 ms]
      [Free CSet: 1.1 ms]
   [Eden: 1212.0M(1212.0M)->0.0B(1212.0M) Survivors: 16.0M->16.0M Heap: 1638.3M(2048.0M)->426.3M(2048.0M)]
 [Times: user=0.09 sys=0.00, real=0.03 secs] 
2019-08-05T20:04:39.740+0000: 2371330.569: [GC pause (G1 Evacuation Pause) (young), 0.0290119 secs]
   [Parallel Time: 10.2 ms, GC Workers: 8]
      [GC Worker Start (ms): Min: 2371330581.4, Avg: 2371330581.8, Max: 2371330582.3, Diff: 0.9]
      [Ext Root Scanning (ms): Min: 0.5, Avg: 1.1, Max: 2.5, Diff: 2.0, Sum: 8.5]
      [Update RS (ms): Min: 2.5, Avg: 3.4, Max: 3.8, Diff: 1.3, Sum: 27.1]
         [Processed Buffers: Min: 3, Avg: 11.0, Max: 30, Diff: 27, Sum: 88]
      [Scan RS (ms): Min: 0.1, Avg: 0.2, Max: 0.3, Diff: 0.2, Sum: 1.8]
      [Code Root Scanning (ms): Min: 0.0, Avg: 0.0, Max: 0.0, Diff: 0.0, Sum: 0.1]
      [Object Copy (ms): Min: 4.5, Avg: 4.6, Max: 5.0, Diff: 0.6, Sum: 36.9]
      [Termination (ms): Min: 0.1, Avg: 0.1, Max: 0.1, Diff: 0.0, Sum: 0.6]
         [Termination Attempts: Min: 38, Avg: 46.5, Max: 53, Diff: 15, Sum: 372]
      [GC Worker Other (ms): Min: 0.0, Avg: 0.1, Max: 0.6, Diff: 0.6, Sum: 1.2]
      [GC Worker Total (ms): Min: 9.0, Avg: 9.5, Max: 9.9, Diff: 0.9, Sum: 76.2]
      [GC Worker End (ms): Min: 2371330591.2, Avg: 2371330591.3, Max: 2371330591.4, Diff: 0.1]
   [Code Root Fixup: 0.1 ms]
   [Code Root Purge: 0.0 ms]
   [Clear CT: 0.5 ms]
   [Other: 18.2 ms]
      [Choose CSet: 0.0 ms]
      [Ref Proc: 4.1 ms]
      [Ref Enq: 0.0 ms]
      [Redirty Cards: 0.3 ms]
      [Humongous Register: 0.2 ms]
      [Humongous Reclaim: 0.0 ms]
      [Free CSet: 1.1 ms]
   [Eden: 1212.0M(1212.0M)->0.0B(1212.0M) Survivors: 16.0M->16.0M Heap: 1638.3M(2048.0M)->426.9M(2048.0M)]
 [Times: user=0.08 sys=0.00, real=0.04 secs] 
2019-08-05T21:26:05.478+0000: 2376216.317: [GC pause (G1 Evacuation Pause) (young), 0.0906137 secs]
   [Parallel Time: 62.7 ms, GC Workers: 8]
      [GC Worker Start (ms): Min: 2376216329.4, Avg: 2376216329.6, Max: 2376216329.8, Diff: 0.3]
      [Ext Root Scanning (ms): Min: 52.6, Avg: 52.8, Max: 53.2, Diff: 0.5, Sum: 422.6]
      [Update RS (ms): Min: 3.2, Avg: 3.9, Max: 5.9, Diff: 2.6, Sum: 31.1]
         [Processed Buffers: Min: 3, Avg: 11.2, Max: 24, Diff: 21, Sum: 90]
      [Scan RS (ms): Min: 0.1, Avg: 0.2, Max: 0.3, Diff: 0.2, Sum: 1.9]
      [Code Root Scanning (ms): Min: 0.0, Avg: 0.0, Max: 0.0, Diff: 0.0, Sum: 0.1]
      [Object Copy (ms): Min: 3.2, Avg: 5.1, Max: 5.6, Diff: 2.4, Sum: 41.1]
      [Termination (ms): Min: 0.0, Avg: 0.2, Max: 0.3, Diff: 0.3, Sum: 1.5]
         [Termination Attempts: Min: 1, Avg: 31.5, Max: 43, Diff: 42, Sum: 252]
      [GC Worker Other (ms): Min: 0.0, Avg: 0.0, Max: 0.1, Diff: 0.1, Sum: 0.3]
      [GC Worker Total (ms): Min: 62.1, Avg: 62.3, Max: 62.5, Diff: 0.4, Sum: 498.5]
      [GC Worker End (ms): Min: 2376216391.9, Avg: 2376216391.9, Max: 2376216392.0, Diff: 0.0]
   [Code Root Fixup: 0.1 ms]
   [Code Root Purge: 0.0 ms]
   [Clear CT: 0.5 ms]
   [Other: 27.3 ms]
      [Choose CSet: 0.0 ms]
      [Ref Proc: 3.9 ms]
      [Ref Enq: 0.0 ms]
      [Redirty Cards: 0.3 ms]
      [Humongous Register: 0.2 ms]
      [Humongous Reclaim: 0.0 ms]
      [Free CSet: 0.9 ms]
   [Eden: 1212.0M(1212.0M)->0.0B(1212.0M) Survivors: 16.0M->16.0M Heap: 1638.9M(2048.0M)->427.4M(2048.0M)]
 [Times: user=0.08 sys=0.02, real=0.10 secs] 
2019-08-05T22:48:14.910+0000: 2381145.740: [GC pause (G1 Evacuation Pause) (young), 0.0204481 secs]
   [Parallel Time: 13.3 ms, GC Workers: 8]
      [GC Worker Start (ms): Min: 2381145740.8, Avg: 2381145742.1, Max: 2381145744.4, Diff: 3.6]
      [Ext Root Scanning (ms): Min: 0.0, Avg: 2.5, Max: 12.7, Diff: 12.7, Sum: 19.6]
      [Update RS (ms): Min: 0.0, Avg: 3.6, Max: 4.6, Diff: 4.6, Sum: 28.5]
         [Processed Buffers: Min: 0, Avg: 11.2, Max: 23, Diff: 23, Sum: 90]
      [Scan RS (ms): Min: 0.1, Avg: 0.2, Max: 0.3, Diff: 0.2, Sum: 1.9]
      [Code Root Scanning (ms): Min: 0.0, Avg: 0.0, Max: 0.0, Diff: 0.0, Sum: 0.0]
      [Object Copy (ms): Min: 0.0, Avg: 4.6, Max: 5.3, Diff: 5.3, Sum: 36.4]
      [Termination (ms): Min: 0.0, Avg: 0.9, Max: 1.1, Diff: 1.1, Sum: 7.5]
         [Termination Attempts: Min: 1, Avg: 32.6, Max: 48, Diff: 47, Sum: 261]
      [GC Worker Other (ms): Min: 0.0, Avg: 0.0, Max: 0.1, Diff: 0.1, Sum: 0.4]
      [GC Worker Total (ms): Min: 9.4, Avg: 11.8, Max: 13.0, Diff: 3.7, Sum: 94.3]
      [GC Worker End (ms): Min: 2381145753.8, Avg: 2381145753.8, Max: 2381145753.9, Diff: 0.1]
   [Code Root Fixup: 0.1 ms]
   [Code Root Purge: 0.0 ms]
   [Clear CT: 0.5 ms]
   [Other: 6.6 ms]
      [Choose CSet: 0.0 ms]
      [Ref Proc: 3.9 ms]
      [Ref Enq: 0.0 ms]
      [Redirty Cards: 0.3 ms]
      [Humongous Register: 0.6 ms]
      [Humongous Reclaim: 0.0 ms]
      [Free CSet: 0.9 ms]
   [Eden: 1212.0M(1212.0M)->0.0B(1212.0M) Survivors: 16.0M->16.0M Heap: 1639.4M(2048.0M)->428.0M(2048.0M)]
 [Times: user=0.09 sys=0.01, real=0.03 secs] 
2019-08-06T00:09:17.786+0000: 2386008.615: [GC pause (G1 Evacuation Pause) (young), 0.0181091 secs]
   [Parallel Time: 11.0 ms, GC Workers: 8]
      [GC Worker Start (ms): Min: 2386008616.0, Avg: 2386008616.2, Max: 2386008616.6, Diff: 0.6]
      [Ext Root Scanning (ms): Min: 0.3, Avg: 1.0, Max: 2.4, Diff: 2.0, Sum: 7.7]
      [Update RS (ms): Min: 2.5, Avg: 3.8, Max: 5.5, Diff: 2.9, Sum: 30.3]
         [Processed Buffers: Min: 2, Avg: 11.2, Max: 31, Diff: 29, Sum: 90]
      [Scan RS (ms): Min: 0.1, Avg: 0.2, Max: 0.3, Diff: 0.3, Sum: 1.8]
      [Code Root Scanning (ms): Min: 0.0, Avg: 0.0, Max: 0.0, Diff: 0.0, Sum: 0.1]
      [Object Copy (ms): Min: 3.8, Avg: 5.1, Max: 5.4, Diff: 1.6, Sum: 41.0]
      [Termination (ms): Min: 0.0, Avg: 0.2, Max: 0.2, Diff: 0.2, Sum: 1.3]
         [Termination Attempts: Min: 1, Avg: 30.8, Max: 38, Diff: 37, Sum: 246]
      [GC Worker Other (ms): Min: 0.0, Avg: 0.1, Max: 0.1, Diff: 0.1, Sum: 0.4]
      [GC Worker Total (ms): Min: 9.9, Avg: 10.3, Max: 10.5, Diff: 0.7, Sum: 82.6]
      [GC Worker End (ms): Min: 2386008626.5, Avg: 2386008626.5, Max: 2386008626.6, Diff: 0.1]
   [Code Root Fixup: 0.1 ms]
   [Code Root Purge: 0.0 ms]
   [Clear CT: 0.7 ms]
   [Other: 6.4 ms]
      [Choose CSet: 0.0 ms]
      [Ref Proc: 4.2 ms]
      [Ref Enq: 0.0 ms]
      [Redirty Cards: 0.4 ms]
      [Humongous Register: 0.3 ms]
      [Humongous Reclaim: 0.0 ms]
      [Free CSet: 1.1 ms]
   [Eden: 1212.0M(1212.0M)->0.0B(1212.0M) Survivors: 16.0M->16.0M Heap: 1640.0M(2048.0M)->428.6M(2048.0M)]
 [Times: user=0.09 sys=0.00, real=0.02 secs] 
2019-08-06T01:30:40.075+0000: 2390890.904: [GC pause (G1 Evacuation Pause) (young), 0.0195908 secs]
   [Parallel Time: 11.0 ms, GC Workers: 8]
      [GC Worker Start (ms): Min: 2390890904.6, Avg: 2390890905.4, Max: 2390890907.0, Diff: 2.4]
      [Ext Root Scanning (ms): Min: 0.0, Avg: 0.8, Max: 2.1, Diff: 2.1, Sum: 6.6]
      [Update RS (ms): Min: 2.9, Avg: 3.6, Max: 3.9, Diff: 1.0, Sum: 29.1]
         [Processed Buffers: Min: 3, Avg: 11.2, Max: 32, Diff: 29, Sum: 90]
      [Scan RS (ms): Min: 0.1, Avg: 0.2, Max: 0.3, Diff: 0.2, Sum: 1.9]
      [Code Root Scanning (ms): Min: 0.0, Avg: 0.0, Max: 0.0, Diff: 0.0, Sum: 0.1]
      [Object Copy (ms): Min: 4.8, Avg: 4.9, Max: 5.0, Diff: 0.2, Sum: 39.2]
      [Termination (ms): Min: 0.1, Avg: 0.1, Max: 0.1, Diff: 0.1, Sum: 0.6]
         [Termination Attempts: Min: 41, Avg: 49.1, Max: 56, Diff: 15, Sum: 393]
      [GC Worker Other (ms): Min: 0.0, Avg: 0.1, Max: 0.2, Diff: 0.2, Sum: 0.8]
      [GC Worker Total (ms): Min: 8.2, Avg: 9.8, Max: 10.6, Diff: 2.4, Sum: 78.2]
      [GC Worker End (ms): Min: 2390890915.1, Avg: 2390890915.2, Max: 2390890915.3, Diff: 0.2]
   [Code Root Fixup: 0.1 ms]
   [Code Root Purge: 0.0 ms]
   [Clear CT: 0.6 ms]
   [Other: 7.8 ms]
      [Choose CSet: 0.0 ms]
      [Ref Proc: 5.8 ms]
      [Ref Enq: 0.0 ms]
      [Redirty Cards: 0.3 ms]
      [Humongous Register: 0.3 ms]
      [Humongous Reclaim: 0.0 ms]
      [Free CSet: 1.0 ms]
   [Eden: 1212.0M(1212.0M)->0.0B(1213.0M) Survivors: 16.0M->15.0M Heap: 1640.6M(2048.0M)->428.7M(2048.0M)]
 [Times: user=0.09 sys=0.00, real=0.02 secs] 
2019-08-06T02:52:42.685+0000: 2395813.525: [GC pause (G1 Evacuation Pause) (young), 0.0696499 secs]
   [Parallel Time: 11.2 ms, GC Workers: 8]
      [GC Worker Start (ms): Min: 2395813551.5, Avg: 2395813551.8, Max: 2395813552.7, Diff: 1.2]
      [Ext Root Scanning (ms): Min: 0.0, Avg: 1.0, Max: 2.9, Diff: 2.9, Sum: 8.0]
      [Update RS (ms): Min: 2.6, Avg: 3.9, Max: 4.4, Diff: 1.8, Sum: 31.5]
         [Processed Buffers: Min: 4, Avg: 11.4, Max: 37, Diff: 33, Sum: 91]
      [Scan RS (ms): Min: 0.2, Avg: 0.3, Max: 0.3, Diff: 0.1, Sum: 2.0]
      [Code Root Scanning (ms): Min: 0.0, Avg: 0.0, Max: 0.0, Diff: 0.0, Sum: 0.1]
      [Object Copy (ms): Min: 4.9, Avg: 5.2, Max: 6.2, Diff: 1.3, Sum: 41.3]
      [Termination (ms): Min: 0.1, Avg: 0.2, Max: 0.2, Diff: 0.1, Sum: 1.2]
         [Termination Attempts: Min: 36, Avg: 46.1, Max: 54, Diff: 18, Sum: 369]
      [GC Worker Other (ms): Min: 0.0, Avg: 0.0, Max: 0.1, Diff: 0.1, Sum: 0.4]
      [GC Worker Total (ms): Min: 9.6, Avg: 10.6, Max: 10.9, Diff: 1.3, Sum: 84.4]
      [GC Worker End (ms): Min: 2395813562.3, Avg: 2395813562.3, Max: 2395813562.4, Diff: 0.1]
   [Code Root Fixup: 0.1 ms]
   [Code Root Purge: 0.0 ms]
   [Clear CT: 14.7 ms]
   [Other: 43.6 ms]
      [Choose CSet: 0.0 ms]
      [Ref Proc: 4.3 ms]
      [Ref Enq: 0.0 ms]
      [Redirty Cards: 0.4 ms]
      [Humongous Register: 0.2 ms]
      [Humongous Reclaim: 0.0 ms]
      [Free CSet: 1.1 ms]
   [Eden: 1213.0M(1213.0M)->0.0B(1212.0M) Survivors: 15.0M->16.0M Heap: 1641.7M(2048.0M)->429.7M(2048.0M)]
 [Times: user=0.10 sys=0.00, real=0.07 secs] 
2019-08-06T04:13:53.749+0000: 2400684.579: [GC pause (G1 Evacuation Pause) (young), 0.0269703 secs]
   [Parallel Time: 20.6 ms, GC Workers: 8]
      [GC Worker Start (ms): Min: 2400684579.2, Avg: 2400684579.9, Max: 2400684580.5, Diff: 1.3]
      [Ext Root Scanning (ms): Min: 0.2, Avg: 0.9, Max: 2.0, Diff: 1.8, Sum: 6.9]
      [Update RS (ms): Min: 6.6, Avg: 6.9, Max: 7.5, Diff: 0.8, Sum: 54.9]
         [Processed Buffers: Min: 6, Avg: 14.0, Max: 32, Diff: 26, Sum: 112]
      [Scan RS (ms): Min: 0.1, Avg: 0.2, Max: 0.3, Diff: 0.3, Sum: 1.7]
      [Code Root Scanning (ms): Min: 0.0, Avg: 0.0, Max: 0.0, Diff: 0.0, Sum: 0.1]
      [Object Copy (ms): Min: 10.8, Avg: 11.3, Max: 11.6, Diff: 0.8, Sum: 90.6]
      [Termination (ms): Min: 0.1, Avg: 0.3, Max: 0.3, Diff: 0.2, Sum: 2.0]
         [Termination Attempts: Min: 45, Avg: 588.6, Max: 708, Diff: 663, Sum: 4709]
      [GC Worker Other (ms): Min: 0.0, Avg: 0.1, Max: 0.2, Diff: 0.1, Sum: 0.7]
      [GC Worker Total (ms): Min: 18.9, Avg: 19.6, Max: 20.3, Diff: 1.4, Sum: 156.8]
      [GC Worker End (ms): Min: 2400684599.4, Avg: 2400684599.5, Max: 2400684599.5, Diff: 0.1]
   [Code Root Fixup: 0.1 ms]
   [Code Root Purge: 0.0 ms]
   [Clear CT: 0.5 ms]
   [Other: 5.8 ms]
      [Choose CSet: 0.0 ms]
      [Ref Proc: 3.8 ms]
      [Ref Enq: 0.0 ms]
      [Redirty Cards: 0.3 ms]
      [Humongous Register: 0.2 ms]
      [Humongous Reclaim: 0.0 ms]
      [Free CSet: 0.9 ms]
   [Eden: 1212.0M(1212.0M)->0.0B(1211.0M) Survivors: 16.0M->17.0M Heap: 1644.2M(2048.0M)->433.8M(2048.0M)]
 [Times: user=0.17 sys=0.00, real=0.06 secs] 
2019-08-06T05:35:23.655+0000: 2405574.485: [GC pause (G1 Evacuation Pause) (young), 0.0277433 secs]
   [Parallel Time: 20.9 ms, GC Workers: 8]
      [GC Worker Start (ms): Min: 2405574485.3, Avg: 2405574487.0, Max: 2405574490.9, Diff: 5.6]
      [Ext Root Scanning (ms): Min: 0.0, Avg: 0.8, Max: 2.3, Diff: 2.2, Sum: 6.7]
      [Update RS (ms): Min: 4.6, Avg: 6.0, Max: 7.0, Diff: 2.4, Sum: 47.9]
         [Processed Buffers: Min: 3, Avg: 14.1, Max: 29, Diff: 26, Sum: 113]
      [Scan RS (ms): Min: 0.1, Avg: 0.2, Max: 0.4, Diff: 0.3, Sum: 1.8]
      [Code Root Scanning (ms): Min: 0.0, Avg: 0.0, Max: 0.0, Diff: 0.0, Sum: 0.1]
      [Object Copy (ms): Min: 9.9, Avg: 11.5, Max: 12.0, Diff: 2.1, Sum: 92.2]
      [Termination (ms): Min: 0.1, Avg: 0.3, Max: 0.3, Diff: 0.2, Sum: 2.1]
         [Termination Attempts: Min: 45, Avg: 694.9, Max: 851, Diff: 806, Sum: 5559]
      [GC Worker Other (ms): Min: 0.0, Avg: 0.1, Max: 0.2, Diff: 0.2, Sum: 0.9]
      [GC Worker Total (ms): Min: 15.1, Avg: 18.9, Max: 20.7, Diff: 5.6, Sum: 151.5]
      [GC Worker End (ms): Min: 2405574505.9, Avg: 2405574506.0, Max: 2405574506.0, Diff: 0.2]
   [Code Root Fixup: 0.1 ms]
   [Code Root Purge: 0.0 ms]
   [Clear CT: 0.6 ms]
   [Other: 6.1 ms]
      [Choose CSet: 0.0 ms]
      [Ref Proc: 4.0 ms]
      [Ref Enq: 0.0 ms]
      [Redirty Cards: 0.3 ms]
      [Humongous Register: 0.2 ms]
      [Humongous Reclaim: 0.0 ms]
      [Free CSet: 1.0 ms]
   [Eden: 1211.0M(1211.0M)->0.0B(1211.0M) Survivors: 17.0M->17.0M Heap: 1644.8M(2048.0M)->434.9M(2048.0M)]
 [Times: user=0.16 sys=0.00, real=0.04 secs] 
2019-08-06T06:57:30.599+0000: 2410501.482: [GC pause (G1 Evacuation Pause) (young), 0.4111721 secs]
   [Parallel Time: 41.0 ms, GC Workers: 8]
      [GC Worker Start (ms): Min: 2410501788.6, Avg: 2410501788.9, Max: 2410501789.2, Diff: 0.6]
      [Ext Root Scanning (ms): Min: 13.2, Avg: 13.5, Max: 14.0, Diff: 0.8, Sum: 108.2]
      [Update RS (ms): Min: 6.2, Avg: 6.5, Max: 6.8, Diff: 0.6, Sum: 51.8]
         [Processed Buffers: Min: 5, Avg: 14.5, Max: 36, Diff: 31, Sum: 116]
      [Scan RS (ms): Min: 0.2, Avg: 0.3, Max: 0.3, Diff: 0.1, Sum: 2.1]
      [Code Root Scanning (ms): Min: 0.0, Avg: 0.0, Max: 0.0, Diff: 0.0, Sum: 0.1]
      [Object Copy (ms): Min: 15.4, Avg: 16.0, Max: 19.6, Diff: 4.2, Sum: 128.3]
      [Termination (ms): Min: 0.1, Avg: 3.5, Max: 4.5, Diff: 4.4, Sum: 28.3]
         [Termination Attempts: Min: 45, Avg: 545.8, Max: 718, Diff: 673, Sum: 4366]
      [GC Worker Other (ms): Min: 0.0, Avg: 0.1, Max: 0.2, Diff: 0.2, Sum: 0.5]
      [GC Worker Total (ms): Min: 39.5, Avg: 39.9, Max: 40.1, Diff: 0.6, Sum: 319.2]
      [GC Worker End (ms): Min: 2410501828.7, Avg: 2410501828.8, Max: 2410501829.3, Diff: 0.6]
   [Code Root Fixup: 0.1 ms]
   [Code Root Purge: 0.0 ms]
   [Clear CT: 1.0 ms]
   [Other: 369.1 ms]
      [Choose CSet: 0.0 ms]
      [Ref Proc: 5.5 ms]
      [Ref Enq: 0.1 ms]
      [Redirty Cards: 0.9 ms]
      [Humongous Register: 249.5 ms]
      [Humongous Reclaim: 0.0 ms]
      [Free CSet: 1.6 ms]
   [Eden: 1211.0M(1211.0M)->0.0B(1212.0M) Survivors: 17.0M->16.0M Heap: 1645.9M(2048.0M)->434.4M(2048.0M)]
 [Times: user=0.22 sys=0.00, real=0.46 secs] 
2019-08-06T08:19:41.025+0000: 2415431.854: [GC pause (G1 Evacuation Pause) (young), 0.1397007 secs]
   [Parallel Time: 24.1 ms, GC Workers: 8]
      [GC Worker Start (ms): Min: 2415431963.8, Avg: 2415431964.0, Max: 2415431964.4, Diff: 0.5]
      [Ext Root Scanning (ms): Min: 0.5, Avg: 2.7, Max: 14.4, Diff: 13.9, Sum: 21.3]
      [Update RS (ms): Min: 0.0, Avg: 4.8, Max: 5.7, Diff: 5.7, Sum: 38.2]
         [Processed Buffers: Min: 0, Avg: 14.9, Max: 35, Diff: 35, Sum: 119]
      [Scan RS (ms): Min: 0.2, Avg: 0.2, Max: 0.3, Diff: 0.1, Sum: 1.9]
      [Code Root Scanning (ms): Min: 0.0, Avg: 0.0, Max: 0.0, Diff: 0.0, Sum: 0.1]
      [Object Copy (ms): Min: 7.4, Avg: 14.3, Max: 16.0, Diff: 8.6, Sum: 114.1]
      [Termination (ms): Min: 0.5, Avg: 1.3, Max: 1.6, Diff: 1.0, Sum: 10.7]
         [Termination Attempts: Min: 45, Avg: 956.9, Max: 1217, Diff: 1172, Sum: 7655]
      [GC Worker Other (ms): Min: 0.0, Avg: 0.1, Max: 0.4, Diff: 0.4, Sum: 0.9]
      [GC Worker Total (ms): Min: 23.0, Avg: 23.4, Max: 23.7, Diff: 0.7, Sum: 187.1]
      [GC Worker End (ms): Min: 2415431987.3, Avg: 2415431987.4, Max: 2415431987.7, Diff: 0.4]
   [Code Root Fixup: 0.1 ms]
   [Code Root Purge: 0.0 ms]
   [Clear CT: 0.6 ms]
   [Other: 114.9 ms]
      [Choose CSet: 0.0 ms]
      [Ref Proc: 4.1 ms]
      [Ref Enq: 0.0 ms]
      [Redirty Cards: 0.3 ms]
      [Humongous Register: 0.2 ms]
      [Humongous Reclaim: 0.0 ms]
      [Free CSet: 0.9 ms]
   [Eden: 1212.0M(1212.0M)->0.0B(1212.0M) Survivors: 16.0M->16.0M Heap: 1646.4M(2048.0M)->435.0M(2048.0M)]
 [Times: user=0.18 sys=0.00, real=0.19 secs] 
2019-08-06T09:41:14.906+0000: 2420325.736: [GC pause (G1 Evacuation Pause) (young), 0.0814393 secs]
   [Parallel Time: 75.2 ms, GC Workers: 8]
      [GC Worker Start (ms): Min: 2420325735.9, Avg: 2420325736.0, Max: 2420325736.1, Diff: 0.3]
      [Ext Root Scanning (ms): Min: 0.5, Avg: 0.9, Max: 1.9, Diff: 1.3, Sum: 6.9]
      [Update RS (ms): Min: 4.2, Avg: 4.9, Max: 5.4, Diff: 1.2, Sum: 39.5]
         [Processed Buffers: Min: 4, Avg: 14.1, Max: 40, Diff: 36, Sum: 113]
      [Scan RS (ms): Min: 0.1, Avg: 0.2, Max: 0.3, Diff: 0.1, Sum: 1.7]
      [Code Root Scanning (ms): Min: 0.0, Avg: 0.0, Max: 0.0, Diff: 0.0, Sum: 0.1]
      [Object Copy (ms): Min: 68.2, Avg: 68.4, Max: 68.6, Diff: 0.4, Sum: 547.4]
      [Termination (ms): Min: 0.1, Avg: 0.3, Max: 0.3, Diff: 0.2, Sum: 2.0]
         [Termination Attempts: Min: 54, Avg: 625.5, Max: 751, Diff: 697, Sum: 5004]
      [GC Worker Other (ms): Min: 0.0, Avg: 0.1, Max: 0.2, Diff: 0.2, Sum: 0.8]
      [GC Worker Total (ms): Min: 74.6, Avg: 74.8, Max: 75.0, Diff: 0.3, Sum: 598.5]
      [GC Worker End (ms): Min: 2420325810.8, Avg: 2420325810.8, Max: 2420325810.9, Diff: 0.1]
   [Code Root Fixup: 0.1 ms]
   [Code Root Purge: 0.0 ms]
   [Clear CT: 0.6 ms]
   [Other: 5.6 ms]
      [Choose CSet: 0.0 ms]
      [Ref Proc: 3.8 ms]
      [Ref Enq: 0.0 ms]
      [Redirty Cards: 0.3 ms]
      [Humongous Register: 0.1 ms]
      [Humongous Reclaim: 0.0 ms]
      [Free CSet: 1.0 ms]
   [Eden: 1212.0M(1212.0M)->0.0B(1211.0M) Survivors: 16.0M->17.0M Heap: 1647.0M(2048.0M)->436.6M(2048.0M)]
 [Times: user=0.15 sys=0.00, real=0.09 secs] 
2019-08-06T11:02:42.928+0000: 2425213.757: [GC pause (G1 Evacuation Pause) (young), 0.0303025 secs]
   [Parallel Time: 23.6 ms, GC Workers: 8]
      [GC Worker Start (ms): Min: 2425213757.6, Avg: 2425213757.8, Max: 2425213757.9, Diff: 0.3]
      [Ext Root Scanning (ms): Min: 0.6, Avg: 1.0, Max: 2.0, Diff: 1.4, Sum: 7.9]
      [Update RS (ms): Min: 4.6, Avg: 5.4, Max: 5.8, Diff: 1.2, Sum: 43.1]
         [Processed Buffers: Min: 5, Avg: 13.6, Max: 32, Diff: 27, Sum: 109]
      [Scan RS (ms): Min: 0.1, Avg: 0.2, Max: 0.3, Diff: 0.2, Sum: 1.8]
      [Code Root Scanning (ms): Min: 0.0, Avg: 0.0, Max: 0.0, Diff: 0.0, Sum: 0.1]
      [Object Copy (ms): Min: 15.6, Avg: 15.9, Max: 16.5, Diff: 0.9, Sum: 127.1]
      [Termination (ms): Min: 0.1, Avg: 0.7, Max: 1.0, Diff: 0.9, Sum: 5.7]
         [Termination Attempts: Min: 39, Avg: 1069.0, Max: 1365, Diff: 1326, Sum: 8552]
      [GC Worker Other (ms): Min: 0.0, Avg: 0.1, Max: 0.2, Diff: 0.2, Sum: 0.9]
      [GC Worker Total (ms): Min: 23.2, Avg: 23.3, Max: 23.5, Diff: 0.3, Sum: 186.6]
      [GC Worker End (ms): Min: 2425213781.0, Avg: 2425213781.1, Max: 2425213781.2, Diff: 0.2]
   [Code Root Fixup: 0.1 ms]
   [Code Root Purge: 0.0 ms]
   [Clear CT: 0.6 ms]
   [Other: 6.0 ms]
      [Choose CSet: 0.0 ms]
      [Ref Proc: 4.2 ms]
      [Ref Enq: 0.0 ms]
      [Redirty Cards: 0.3 ms]
      [Humongous Register: 0.2 ms]
      [Humongous Reclaim: 0.0 ms]
      [Free CSet: 0.9 ms]
   [Eden: 1211.0M(1211.0M)->0.0B(1212.0M) Survivors: 17.0M->16.0M Heap: 1647.6M(2048.0M)->436.1M(2048.0M)]
 [Times: user=0.19 sys=0.00, real=0.03 secs] 
2019-08-06T12:24:18.642+0000: 2430109.477: [GC pause (G1 Evacuation Pause) (young), 0.0548481 secs]
   [Parallel Time: 23.7 ms, GC Workers: 8]
      [GC Worker Start (ms): Min: 2430109495.8, Avg: 2430109496.3, Max: 2430109496.9, Diff: 1.1]
      [Ext Root Scanning (ms): Min: 0.3, Avg: 1.7, Max: 4.4, Diff: 4.1, Sum: 13.4]
      [Update RS (ms): Min: 3.6, Avg: 6.0, Max: 6.8, Diff: 3.2, Sum: 47.8]
         [Processed Buffers: Min: 5, Avg: 13.8, Max: 40, Diff: 35, Sum: 110]
      [Scan RS (ms): Min: 0.1, Avg: 0.2, Max: 0.3, Diff: 0.2, Sum: 2.0]
      [Code Root Scanning (ms): Min: 0.0, Avg: 0.0, Max: 0.0, Diff: 0.0, Sum: 0.1]
      [Object Copy (ms): Min: 14.5, Avg: 14.7, Max: 14.9, Diff: 0.4, Sum: 117.3]
      [Termination (ms): Min: 0.2, Avg: 0.3, Max: 0.4, Diff: 0.3, Sum: 2.7]
         [Termination Attempts: Min: 41, Avg: 652.2, Max: 842, Diff: 801, Sum: 5218]
      [GC Worker Other (ms): Min: 0.0, Avg: 0.1, Max: 0.2, Diff: 0.1, Sum: 0.8]
      [GC Worker Total (ms): Min: 22.3, Avg: 23.0, Max: 23.5, Diff: 1.1, Sum: 184.1]
      [GC Worker End (ms): Min: 2430109519.2, Avg: 2430109519.3, Max: 2430109519.4, Diff: 0.1]
   [Code Root Fixup: 0.1 ms]
   [Code Root Purge: 0.0 ms]
   [Clear CT: 0.6 ms]
   [Other: 30.5 ms]
      [Choose CSet: 0.0 ms]
      [Ref Proc: 4.2 ms]
      [Ref Enq: 0.0 ms]
      [Redirty Cards: 0.3 ms]
      [Humongous Register: 0.2 ms]
      [Humongous Reclaim: 0.0 ms]
      [Free CSet: 1.0 ms]
   [Eden: 1212.0M(1212.0M)->0.0B(1211.0M) Survivors: 16.0M->17.0M Heap: 1648.1M(2048.0M)->437.2M(2048.0M)]
 [Times: user=0.17 sys=0.00, real=0.07 secs] 
2019-08-06T13:46:06.428+0000: 2435017.258: [GC pause (G1 Evacuation Pause) (young), 0.0560534 secs]
   [Parallel Time: 22.7 ms, GC Workers: 8]
      [GC Worker Start (ms): Min: 2435017284.9, Avg: 2435017286.2, Max: 2435017294.2, Diff: 9.3]
      [Ext Root Scanning (ms): Min: 0.0, Avg: 0.9, Max: 2.3, Diff: 2.3, Sum: 7.2]
      [Update RS (ms): Min: 0.0, Avg: 4.8, Max: 5.9, Diff: 5.9, Sum: 38.8]
         [Processed Buffers: Min: 0, Avg: 13.6, Max: 29, Diff: 29, Sum: 109]
      [Scan RS (ms): Min: 0.1, Avg: 0.2, Max: 0.3, Diff: 0.2, Sum: 1.8]
      [Code Root Scanning (ms): Min: 0.0, Avg: 0.0, Max: 0.0, Diff: 0.0, Sum: 0.1]
      [Object Copy (ms): Min: 12.7, Avg: 14.9, Max: 15.6, Diff: 2.9, Sum: 119.5]
      [Termination (ms): Min: 0.0, Avg: 0.3, Max: 0.5, Diff: 0.5, Sum: 2.6]
         [Termination Attempts: Min: 1, Avg: 713.0, Max: 1003, Diff: 1002, Sum: 5704]
      [GC Worker Other (ms): Min: 0.0, Avg: 0.0, Max: 0.1, Diff: 0.1, Sum: 0.3]
      [GC Worker Total (ms): Min: 13.2, Avg: 21.3, Max: 22.6, Diff: 9.3, Sum: 170.3]
      [GC Worker End (ms): Min: 2435017307.5, Avg: 2435017307.5, Max: 2435017307.5, Diff: 0.1]
   [Code Root Fixup: 0.1 ms]
   [Code Root Purge: 0.0 ms]
   [Clear CT: 0.5 ms]
   [Other: 32.7 ms]
      [Choose CSet: 0.0 ms]
      [Ref Proc: 3.9 ms]
      [Ref Enq: 0.0 ms]
      [Redirty Cards: 0.3 ms]
      [Humongous Register: 0.2 ms]
      [Humongous Reclaim: 0.0 ms]
      [Free CSet: 0.9 ms]
   [Eden: 1211.0M(1211.0M)->0.0B(1212.0M) Survivors: 17.0M->16.0M Heap: 1648.2M(2048.0M)->437.3M(2048.0M)]
 [Times: user=0.17 sys=0.00, real=0.12 secs] 
2019-08-06T15:07:33.492+0000: 2439904.328: [GC pause (G1 Evacuation Pause) (young), 0.0454227 secs]
   [Parallel Time: 20.9 ms, GC Workers: 8]
      [GC Worker Start (ms): Min: 2439904339.9, Avg: 2439904340.1, Max: 2439904340.3, Diff: 0.4]
      [Ext Root Scanning (ms): Min: 1.3, Avg: 1.5, Max: 2.2, Diff: 1.0, Sum: 12.2]
      [Update RS (ms): Min: 3.9, Avg: 5.1, Max: 5.8, Diff: 1.9, Sum: 41.0]
         [Processed Buffers: Min: 6, Avg: 14.0, Max: 25, Diff: 19, Sum: 112]
      [Scan RS (ms): Min: 0.1, Avg: 0.2, Max: 0.3, Diff: 0.2, Sum: 1.9]
      [Code Root Scanning (ms): Min: 0.0, Avg: 0.0, Max: 0.0, Diff: 0.0, Sum: 0.1]
      [Object Copy (ms): Min: 12.4, Avg: 13.0, Max: 14.5, Diff: 2.1, Sum: 104.1]
      [Termination (ms): Min: 0.2, Avg: 0.3, Max: 0.4, Diff: 0.2, Sum: 2.6]
         [Termination Attempts: Min: 56, Avg: 677.1, Max: 819, Diff: 763, Sum: 5417]
      [GC Worker Other (ms): Min: 0.0, Avg: 0.1, Max: 0.3, Diff: 0.3, Sum: 1.1]
      [GC Worker Total (ms): Min: 20.2, Avg: 20.4, Max: 20.6, Diff: 0.4, Sum: 162.8]
      [GC Worker End (ms): Min: 2439904360.3, Avg: 2439904360.4, Max: 2439904360.5, Diff: 0.2]
   [Code Root Fixup: 0.1 ms]
   [Code Root Purge: 0.0 ms]
   [Clear CT: 0.4 ms]
   [Other: 24.1 ms]
      [Choose CSet: 0.0 ms]
      [Ref Proc: 4.3 ms]
      [Ref Enq: 0.0 ms]
      [Redirty Cards: 0.4 ms]
      [Humongous Register: 0.2 ms]
      [Humongous Reclaim: 0.0 ms]
      [Free CSet: 1.0 ms]
   [Eden: 1212.0M(1212.0M)->0.0B(1211.0M) Survivors: 16.0M->17.0M Heap: 1649.3M(2048.0M)->438.3M(2048.0M)]
 [Times: user=0.17 sys=0.00, real=0.07 secs] 
2019-08-06T16:28:25.138+0000: 2444755.983: [GC pause (G1 Evacuation Pause) (young), 0.1404452 secs]
   [Parallel Time: 21.3 ms, GC Workers: 8]
      [GC Worker Start (ms): Min: 2444756079.8, Avg: 2444756079.9, Max: 2444756080.2, Diff: 0.4]
      [Ext Root Scanning (ms): Min: 0.6, Avg: 1.2, Max: 2.1, Diff: 1.5, Sum: 9.6]
      [Update RS (ms): Min: 5.4, Avg: 5.9, Max: 6.4, Diff: 1.1, Sum: 47.4]
         [Processed Buffers: Min: 5, Avg: 13.6, Max: 34, Diff: 29, Sum: 109]
      [Scan RS (ms): Min: 0.1, Avg: 0.2, Max: 0.3, Diff: 0.3, Sum: 1.9]
      [Code Root Scanning (ms): Min: 0.0, Avg: 0.0, Max: 0.0, Diff: 0.0, Sum: 0.1]
      [Object Copy (ms): Min: 12.1, Avg: 12.3, Max: 12.6, Diff: 0.5, Sum: 98.8]
      [Termination (ms): Min: 0.6, Avg: 0.9, Max: 1.1, Diff: 0.5, Sum: 7.3]
         [Termination Attempts: Min: 60, Avg: 605.9, Max: 738, Diff: 678, Sum: 4847]
      [GC Worker Other (ms): Min: 0.0, Avg: 0.1, Max: 0.2, Diff: 0.2, Sum: 0.9]
      [GC Worker Total (ms): Min: 20.5, Avg: 20.7, Max: 20.8, Diff: 0.3, Sum: 165.9]
      [GC Worker End (ms): Min: 2444756100.6, Avg: 2444756100.7, Max: 2444756100.8, Diff: 0.2]
   [Code Root Fixup: 0.1 ms]
   [Code Root Purge: 0.0 ms]
   [Clear CT: 0.8 ms]
   [Other: 118.2 ms]
      [Choose CSet: 0.0 ms]
      [Ref Proc: 4.1 ms]
      [Ref Enq: 0.0 ms]
      [Redirty Cards: 0.5 ms]
      [Humongous Register: 0.3 ms]
      [Humongous Reclaim: 0.0 ms]
      [Free CSet: 1.0 ms]
   [Eden: 1211.0M(1211.0M)->0.0B(1211.0M) Survivors: 17.0M->17.0M Heap: 1649.3M(2048.0M)->438.9M(2048.0M)]
 [Times: user=0.18 sys=0.00, real=0.16 secs] 
2019-08-06T17:50:13.697+0000: 2449664.526: [GC pause (G1 Evacuation Pause) (young), 0.0313095 secs]
   [Parallel Time: 24.2 ms, GC Workers: 8]
      [GC Worker Start (ms): Min: 2449664526.8, Avg: 2449664527.1, Max: 2449664528.5, Diff: 1.7]
      [Ext Root Scanning (ms): Min: 0.0, Avg: 1.4, Max: 2.2, Diff: 2.2, Sum: 11.3]
      [Update RS (ms): Min: 1.2, Avg: 5.4, Max: 6.4, Diff: 5.2, Sum: 43.2]
         [Processed Buffers: Min: 1, Avg: 13.8, Max: 25, Diff: 24, Sum: 110]
      [Scan RS (ms): Min: 0.1, Avg: 0.2, Max: 0.3, Diff: 0.2, Sum: 1.8]
      [Code Root Scanning (ms): Min: 0.0, Avg: 0.0, Max: 0.0, Diff: 0.0, Sum: 0.1]
      [Object Copy (ms): Min: 15.1, Avg: 15.9, Max: 20.4, Diff: 5.2, Sum: 127.4]
      [Termination (ms): Min: 0.1, Avg: 0.3, Max: 0.4, Diff: 0.3, Sum: 2.6]
         [Termination Attempts: Min: 44, Avg: 899.2, Max: 1174, Diff: 1130, Sum: 7194]
      [GC Worker Other (ms): Min: 0.0, Avg: 0.1, Max: 0.2, Diff: 0.1, Sum: 0.9]
      [GC Worker Total (ms): Min: 22.1, Avg: 23.4, Max: 23.8, Diff: 1.7, Sum: 187.2]
      [GC Worker End (ms): Min: 2449664550.4, Avg: 2449664550.5, Max: 2449664550.6, Diff: 0.2]
   [Code Root Fixup: 0.1 ms]
   [Code Root Purge: 0.0 ms]
   [Clear CT: 0.5 ms]
   [Other: 6.5 ms]
      [Choose CSet: 0.0 ms]
      [Ref Proc: 4.5 ms]
      [Ref Enq: 0.0 ms]
      [Redirty Cards: 0.3 ms]
      [Humongous Register: 0.2 ms]
      [Humongous Reclaim: 0.0 ms]
      [Free CSet: 1.1 ms]
   [Eden: 1211.0M(1211.0M)->0.0B(1212.0M) Survivors: 17.0M->16.0M Heap: 1649.9M(2048.0M)->438.9M(2048.0M)]
 [Times: user=0.18 sys=0.00, real=0.04 secs] 
2019-08-06T19:11:20.163+0000: 2454530.992: [GC pause (G1 Evacuation Pause) (young), 0.0672741 secs]
   [Parallel Time: 40.9 ms, GC Workers: 8]
      [GC Worker Start (ms): Min: 2454531012.3, Avg: 2454531012.5, Max: 2454531012.7, Diff: 0.4]
      [Ext Root Scanning (ms): Min: 1.7, Avg: 6.0, Max: 34.2, Diff: 32.5, Sum: 47.7]
      [Update RS (ms): Min: 0.0, Avg: 6.1, Max: 7.1, Diff: 7.1, Sum: 48.8]
         [Processed Buffers: Min: 0, Avg: 13.5, Max: 39, Diff: 39, Sum: 108]
      [Scan RS (ms): Min: 0.1, Avg: 0.2, Max: 0.3, Diff: 0.2, Sum: 1.9]
      [Code Root Scanning (ms): Min: 0.0, Avg: 0.0, Max: 0.0, Diff: 0.0, Sum: 0.1]
      [Object Copy (ms): Min: 5.7, Avg: 27.7, Max: 31.0, Diff: 25.3, Sum: 221.5]
      [Termination (ms): Min: 0.1, Avg: 0.2, Max: 0.3, Diff: 0.2, Sum: 1.9]
         [Termination Attempts: Min: 48, Avg: 441.0, Max: 557, Diff: 509, Sum: 3528]
      [GC Worker Other (ms): Min: 0.0, Avg: 0.1, Max: 0.2, Diff: 0.2, Sum: 0.9]
      [GC Worker Total (ms): Min: 40.2, Avg: 40.3, Max: 40.6, Diff: 0.4, Sum: 322.8]
      [GC Worker End (ms): Min: 2454531052.8, Avg: 2454531052.8, Max: 2454531052.9, Diff: 0.2]
   [Code Root Fixup: 0.1 ms]
   [Code Root Purge: 0.0 ms]
   [Clear CT: 0.6 ms]
   [Other: 25.7 ms]
      [Choose CSet: 0.0 ms]
      [Ref Proc: 3.9 ms]
      [Ref Enq: 0.0 ms]
      [Redirty Cards: 0.3 ms]
      [Humongous Register: 0.2 ms]
      [Humongous Reclaim: 0.0 ms]
      [Free CSet: 0.9 ms]
   [Eden: 1212.0M(1212.0M)->0.0B(1212.0M) Survivors: 16.0M->16.0M Heap: 1650.9M(2048.0M)->439.0M(2048.0M)]
 [Times: user=0.18 sys=0.00, real=0.08 secs] 
2019-08-06T20:32:51.596+0000: 2459422.449: [GC pause (G1 Evacuation Pause) (young), 0.0741250 secs]
   [Parallel Time: 23.9 ms, GC Workers: 8]
      [GC Worker Start (ms): Min: 2459422468.6, Avg: 2459422468.7, Max: 2459422469.0, Diff: 0.5]
      [Ext Root Scanning (ms): Min: 2.8, Avg: 3.0, Max: 3.6, Diff: 0.8, Sum: 24.4]
      [Update RS (ms): Min: 4.7, Avg: 5.0, Max: 5.3, Diff: 0.5, Sum: 40.3]
         [Processed Buffers: Min: 8, Avg: 13.6, Max: 24, Diff: 16, Sum: 109]
      [Scan RS (ms): Min: 0.1, Avg: 0.2, Max: 0.3, Diff: 0.2, Sum: 1.8]
      [Code Root Scanning (ms): Min: 0.0, Avg: 0.0, Max: 0.0, Diff: 0.0, Sum: 0.1]
      [Object Copy (ms): Min: 14.5, Avg: 14.6, Max: 14.9, Diff: 0.3, Sum: 117.1]
      [Termination (ms): Min: 0.1, Avg: 0.4, Max: 0.4, Diff: 0.3, Sum: 2.8]
         [Termination Attempts: Min: 35, Avg: 875.5, Max: 1103, Diff: 1068, Sum: 7004]
      [GC Worker Other (ms): Min: 0.0, Avg: 0.1, Max: 0.2, Diff: 0.2, Sum: 0.9]
      [GC Worker Total (ms): Min: 23.1, Avg: 23.4, Max: 23.7, Diff: 0.6, Sum: 187.3]
      [GC Worker End (ms): Min: 2459422492.1, Avg: 2459422492.2, Max: 2459422492.2, Diff: 0.2]
   [Code Root Fixup: 0.1 ms]
   [Code Root Purge: 0.0 ms]
   [Clear CT: 0.7 ms]
   [Other: 49.4 ms]
      [Choose CSet: 0.0 ms]
      [Ref Proc: 4.2 ms]
      [Ref Enq: 0.0 ms]
      [Redirty Cards: 0.3 ms]
      [Humongous Register: 0.2 ms]
      [Humongous Reclaim: 0.0 ms]
      [Free CSet: 1.0 ms]
   [Eden: 1212.0M(1212.0M)->0.0B(1212.0M) Survivors: 16.0M->16.0M Heap: 1651.0M(2048.0M)->439.5M(2048.0M)]
 [Times: user=0.18 sys=0.00, real=0.08 secs] 
2019-08-06T21:54:50.565+0000: 2464341.405: [GC pause (G1 Evacuation Pause) (young), 0.0542887 secs]
   [Parallel Time: 22.0 ms, GC Workers: 8]
      [GC Worker Start (ms): Min: 2464341420.6, Avg: 2464341420.8, Max: 2464341421.0, Diff: 0.4]
      [Ext Root Scanning (ms): Min: 0.9, Avg: 1.3, Max: 2.5, Diff: 1.5, Sum: 10.5]
      [Update RS (ms): Min: 5.5, Avg: 6.5, Max: 7.1, Diff: 1.6, Sum: 51.6]
         [Processed Buffers: Min: 5, Avg: 13.1, Max: 41, Diff: 36, Sum: 105]
      [Scan RS (ms): Min: 0.1, Avg: 0.2, Max: 0.3, Diff: 0.2, Sum: 2.0]
      [Code Root Scanning (ms): Min: 0.0, Avg: 0.0, Max: 0.0, Diff: 0.0, Sum: 0.1]
      [Object Copy (ms): Min: 12.8, Avg: 13.1, Max: 13.4, Diff: 0.6, Sum: 104.7]
      [Termination (ms): Min: 0.1, Avg: 0.3, Max: 0.4, Diff: 0.3, Sum: 2.4]
         [Termination Attempts: Min: 48, Avg: 736.6, Max: 887, Diff: 839, Sum: 5893]
      [GC Worker Other (ms): Min: 0.0, Avg: 0.1, Max: 0.1, Diff: 0.1, Sum: 0.6]
      [GC Worker Total (ms): Min: 21.2, Avg: 21.5, Max: 21.7, Diff: 0.5, Sum: 171.9]
      [GC Worker End (ms): Min: 2464341442.2, Avg: 2464341442.3, Max: 2464341442.3, Diff: 0.1]
   [Code Root Fixup: 0.1 ms]
   [Code Root Purge: 0.0 ms]
   [Clear CT: 0.6 ms]
   [Other: 31.6 ms]
      [Choose CSet: 0.0 ms]
      [Ref Proc: 4.3 ms]
      [Ref Enq: 0.0 ms]
      [Redirty Cards: 0.3 ms]
      [Humongous Register: 0.2 ms]
      [Humongous Reclaim: 0.0 ms]
      [Free CSet: 0.9 ms]
   [Eden: 1212.0M(1212.0M)->0.0B(1211.0M) Survivors: 16.0M->17.0M Heap: 1651.5M(2048.0M)->441.1M(2048.0M)]
 [Times: user=0.17 sys=0.00, real=0.06 secs] 
2019-08-06T23:15:59.247+0000: 2469210.076: [GC pause (G1 Evacuation Pause) (young), 0.0426024 secs]
   [Parallel Time: 34.2 ms, GC Workers: 8]
      [GC Worker Start (ms): Min: 2469210076.7, Avg: 2469210076.8, Max: 2469210076.9, Diff: 0.2]
      [Ext Root Scanning (ms): Min: 0.5, Avg: 0.8, Max: 1.9, Diff: 1.4, Sum: 6.7]
      [Update RS (ms): Min: 3.7, Avg: 4.6, Max: 5.0, Diff: 1.3, Sum: 36.9]
         [Processed Buffers: Min: 6, Avg: 13.2, Max: 29, Diff: 23, Sum: 106]
      [Scan RS (ms): Min: 0.1, Avg: 0.2, Max: 0.3, Diff: 0.2, Sum: 2.0]
      [Code Root Scanning (ms): Min: 0.0, Avg: 0.0, Max: 0.0, Diff: 0.0, Sum: 0.1]
      [Object Copy (ms): Min: 16.0, Avg: 25.0, Max: 28.1, Diff: 12.1, Sum: 199.8]
      [Termination (ms): Min: 0.0, Avg: 3.1, Max: 12.1, Diff: 12.1, Sum: 24.8]
         [Termination Attempts: Min: 1, Avg: 1.4, Max: 3, Diff: 2, Sum: 11]
      [GC Worker Other (ms): Min: 0.0, Avg: 0.0, Max: 0.1, Diff: 0.0, Sum: 0.3]
      [GC Worker Total (ms): Min: 33.7, Avg: 33.8, Max: 33.9, Diff: 0.2, Sum: 270.6]
      [GC Worker End (ms): Min: 2469210110.6, Avg: 2469210110.6, Max: 2469210110.7, Diff: 0.1]
   [Code Root Fixup: 0.1 ms]
   [Code Root Purge: 0.0 ms]
   [Clear CT: 2.1 ms]
   [Other: 6.2 ms]
      [Choose CSet: 0.0 ms]
      [Ref Proc: 4.1 ms]
      [Ref Enq: 0.0 ms]
      [Redirty Cards: 0.5 ms]
      [Humongous Register: 0.2 ms]
      [Humongous Reclaim: 0.0 ms]
      [Free CSet: 1.0 ms]
   [Eden: 1211.0M(1211.0M)->0.0B(1212.0M) Survivors: 17.0M->16.0M Heap: 1652.1M(2048.0M)->441.2M(2048.0M)]
 [Times: user=0.14 sys=0.00, real=0.05 secs] 
2019-08-07T00:37:33.731+0000: 2474104.572: [GC pause (G1 Evacuation Pause) (young), 0.2029236 secs]
   [Parallel Time: 90.4 ms, GC Workers: 8]
      [GC Worker Start (ms): Min: 2474104653.2, Avg: 2474104653.6, Max: 2474104654.3, Diff: 1.0]
      [Ext Root Scanning (ms): Min: 0.2, Avg: 1.1, Max: 2.7, Diff: 2.4, Sum: 8.5]
      [Update RS (ms): Min: 3.6, Avg: 4.8, Max: 5.1, Diff: 1.5, Sum: 38.7]
         [Processed Buffers: Min: 4, Avg: 12.9, Max: 33, Diff: 29, Sum: 103]
      [Scan RS (ms): Min: 0.1, Avg: 0.2, Max: 0.3, Diff: 0.2, Sum: 1.8]
      [Code Root Scanning (ms): Min: 0.0, Avg: 0.0, Max: 0.0, Diff: 0.0, Sum: 0.1]
      [Object Copy (ms): Min: 83.1, Avg: 83.3, Max: 83.6, Diff: 0.5, Sum: 666.3]
      [Termination (ms): Min: 0.1, Avg: 0.2, Max: 0.3, Diff: 0.2, Sum: 2.0]
         [Termination Attempts: Min: 1, Avg: 536.8, Max: 641, Diff: 640, Sum: 4294]
      [GC Worker Other (ms): Min: 0.0, Avg: 0.1, Max: 0.3, Diff: 0.3, Sum: 0.7]
      [GC Worker Total (ms): Min: 89.0, Avg: 89.8, Max: 90.1, Diff: 1.0, Sum: 718.1]
      [GC Worker End (ms): Min: 2474104743.3, Avg: 2474104743.3, Max: 2474104743.4, Diff: 0.1]
   [Code Root Fixup: 0.1 ms]
   [Code Root Purge: 0.0 ms]
   [Clear CT: 0.7 ms]
   [Other: 111.7 ms]
      [Choose CSet: 0.0 ms]
      [Ref Proc: 4.2 ms]
      [Ref Enq: 0.0 ms]
      [Redirty Cards: 0.3 ms]
      [Humongous Register: 0.2 ms]
      [Humongous Reclaim: 0.0 ms]
      [Free CSet: 1.0 ms]
   [Eden: 1212.0M(1212.0M)->0.0B(1213.0M) Survivors: 16.0M->15.0M Heap: 1653.2M(2048.0M)->441.5M(2048.0M)]
 [Times: user=0.17 sys=0.00, real=0.21 secs] 
2019-08-07T01:59:19.298+0000: 2479010.128: [GC pause (G1 Evacuation Pause) (young), 0.1066609 secs]
   [Parallel Time: 14.4 ms, GC Workers: 8]
      [GC Worker Start (ms): Min: 2479010213.8, Avg: 2479010214.0, Max: 2479010214.1, Diff: 0.2]
      [Ext Root Scanning (ms): Min: 1.1, Avg: 1.3, Max: 2.1, Diff: 1.0, Sum: 10.8]
      [Update RS (ms): Min: 6.8, Avg: 7.5, Max: 7.9, Diff: 1.2, Sum: 59.8]
         [Processed Buffers: Min: 2, Avg: 14.2, Max: 35, Diff: 33, Sum: 114]
      [Scan RS (ms): Min: 0.1, Avg: 0.2, Max: 0.3, Diff: 0.2, Sum: 1.6]
      [Code Root Scanning (ms): Min: 0.0, Avg: 0.0, Max: 0.0, Diff: 0.0, Sum: 0.1]
      [Object Copy (ms): Min: 4.3, Avg: 4.8, Max: 5.0, Diff: 0.7, Sum: 38.3]
      [Termination (ms): Min: 0.1, Avg: 0.1, Max: 0.2, Diff: 0.1, Sum: 0.9]
         [Termination Attempts: Min: 38, Avg: 43.8, Max: 50, Diff: 12, Sum: 350]
      [GC Worker Other (ms): Min: 0.0, Avg: 0.1, Max: 0.2, Diff: 0.2, Sum: 1.0]
      [GC Worker Total (ms): Min: 13.9, Avg: 14.1, Max: 14.3, Diff: 0.4, Sum: 112.4]
      [GC Worker End (ms): Min: 2479010227.9, Avg: 2479010228.0, Max: 2479010228.1, Diff: 0.2]
   [Code Root Fixup: 0.1 ms]
   [Code Root Purge: 0.0 ms]
   [Clear CT: 0.7 ms]
   [Other: 91.5 ms]
      [Choose CSet: 0.0 ms]
      [Ref Proc: 3.9 ms]
      [Ref Enq: 0.0 ms]
      [Redirty Cards: 0.3 ms]
      [Humongous Register: 0.2 ms]
      [Humongous Reclaim: 0.0 ms]
      [Free CSet: 0.9 ms]
   [Eden: 1213.0M(1213.0M)->0.0B(1213.0M) Survivors: 15.0M->15.0M Heap: 1654.5M(2048.0M)->443.5M(2048.0M)]
 [Times: user=0.12 sys=0.00, real=0.11 secs] 
2019-08-07T03:20:45.647+0000: 2483896.477: [GC pause (G1 Evacuation Pause) (young), 0.0178983 secs]
   [Parallel Time: 10.9 ms, GC Workers: 8]
      [GC Worker Start (ms): Min: 2483896477.3, Avg: 2483896478.0, Max: 2483896478.9, Diff: 1.6]
      [Ext Root Scanning (ms): Min: 0.0, Avg: 1.0, Max: 2.7, Diff: 2.6, Sum: 7.7]
      [Update RS (ms): Min: 1.4, Avg: 3.2, Max: 3.7, Diff: 2.3, Sum: 25.9]
         [Processed Buffers: Min: 4, Avg: 11.0, Max: 35, Diff: 31, Sum: 88]
      [Scan RS (ms): Min: 0.2, Avg: 0.2, Max: 0.3, Diff: 0.1, Sum: 1.9]
      [Code Root Scanning (ms): Min: 0.0, Avg: 0.0, Max: 0.0, Diff: 0.0, Sum: 0.1]
      [Object Copy (ms): Min: 4.8, Avg: 5.2, Max: 7.4, Diff: 2.5, Sum: 41.7]
      [Termination (ms): Min: 0.1, Avg: 0.1, Max: 0.2, Diff: 0.1, Sum: 1.0]
         [Termination Attempts: Min: 26, Avg: 38.0, Max: 48, Diff: 22, Sum: 304]
      [GC Worker Other (ms): Min: 0.0, Avg: 0.1, Max: 0.2, Diff: 0.2, Sum: 0.8]
      [GC Worker Total (ms): Min: 9.0, Avg: 9.9, Max: 10.6, Diff: 1.5, Sum: 79.1]
      [GC Worker End (ms): Min: 2483896487.8, Avg: 2483896487.9, Max: 2483896488.0, Diff: 0.2]
   [Code Root Fixup: 0.1 ms]
   [Code Root Purge: 0.0 ms]
   [Clear CT: 0.7 ms]
   [Other: 6.2 ms]
      [Choose CSet: 0.0 ms]
      [Ref Proc: 4.1 ms]
      [Ref Enq: 0.0 ms]
      [Redirty Cards: 0.3 ms]
      [Humongous Register: 0.2 ms]
      [Humongous Reclaim: 0.0 ms]
      [Free CSet: 1.0 ms]
   [Eden: 1213.0M(1213.0M)->0.0B(1213.0M) Survivors: 15.0M->15.0M Heap: 1656.5M(2048.0M)->443.7M(2048.0M)]
 [Times: user=0.08 sys=0.01, real=0.03 secs] 
2019-08-07T04:42:20.273+0000: 2488791.102: [GC pause (G1 Evacuation Pause) (young), 0.0161864 secs]
   [Parallel Time: 9.8 ms, GC Workers: 8]
      [GC Worker Start (ms): Min: 2488791102.6, Avg: 2488791102.7, Max: 2488791102.9, Diff: 0.2]
      [Ext Root Scanning (ms): Min: 0.6, Avg: 0.9, Max: 2.0, Diff: 1.4, Sum: 7.3]
      [Update RS (ms): Min: 2.3, Avg: 3.2, Max: 3.6, Diff: 1.3, Sum: 25.9]
         [Processed Buffers: Min: 4, Avg: 11.1, Max: 31, Diff: 27, Sum: 89]
      [Scan RS (ms): Min: 0.1, Avg: 0.2, Max: 0.3, Diff: 0.2, Sum: 1.9]
      [Code Root Scanning (ms): Min: 0.0, Avg: 0.0, Max: 0.0, Diff: 0.0, Sum: 0.1]
      [Object Copy (ms): Min: 4.8, Avg: 4.9, Max: 5.0, Diff: 0.2, Sum: 39.1]
      [Termination (ms): Min: 0.1, Avg: 0.1, Max: 0.1, Diff: 0.1, Sum: 0.7]
         [Termination Attempts: Min: 30, Avg: 40.4, Max: 51, Diff: 21, Sum: 323]
      [GC Worker Other (ms): Min: 0.0, Avg: 0.1, Max: 0.2, Diff: 0.2, Sum: 0.8]
      [GC Worker Total (ms): Min: 9.3, Avg: 9.5, Max: 9.6, Diff: 0.3, Sum: 75.7]
      [GC Worker End (ms): Min: 2488791112.1, Avg: 2488791112.2, Max: 2488791112.3, Diff: 0.2]
   [Code Root Fixup: 0.1 ms]
   [Code Root Purge: 0.0 ms]
   [Clear CT: 0.5 ms]
   [Other: 5.7 ms]
      [Choose CSet: 0.0 ms]
      [Ref Proc: 4.0 ms]
      [Ref Enq: 0.0 ms]
      [Redirty Cards: 0.3 ms]
      [Humongous Register: 0.2 ms]
      [Humongous Reclaim: 0.0 ms]
      [Free CSet: 0.9 ms]
   [Eden: 1213.0M(1213.0M)->0.0B(1213.0M) Survivors: 15.0M->15.0M Heap: 1656.7M(2048.0M)->444.4M(2048.0M)]
 [Times: user=0.09 sys=0.00, real=0.02 secs] 
2019-08-07T06:03:50.103+0000: 2493680.933: [GC pause (G1 Evacuation Pause) (young), 0.0540303 secs]
   [Parallel Time: 18.7 ms, GC Workers: 8]
      [GC Worker Start (ms): Min: 2493680969.0, Avg: 2493680969.2, Max: 2493680969.4, Diff: 0.4]
      [Ext Root Scanning (ms): Min: 1.6, Avg: 1.9, Max: 2.9, Diff: 1.3, Sum: 15.4]
      [Update RS (ms): Min: 0.0, Avg: 3.2, Max: 3.8, Diff: 3.8, Sum: 25.8]
         [Processed Buffers: Min: 0, Avg: 10.9, Max: 18, Diff: 18, Sum: 87]
      [Scan RS (ms): Min: 0.1, Avg: 0.2, Max: 0.3, Diff: 0.2, Sum: 1.7]
      [Code Root Scanning (ms): Min: 0.0, Avg: 0.0, Max: 0.0, Diff: 0.0, Sum: 0.1]
      [Object Copy (ms): Min: 4.3, Avg: 5.0, Max: 8.5, Diff: 4.2, Sum: 40.3]
      [Termination (ms): Min: 0.1, Avg: 0.1, Max: 0.1, Diff: 0.0, Sum: 0.8]
         [Termination Attempts: Min: 40, Avg: 48.2, Max: 54, Diff: 14, Sum: 386]
      [GC Worker Other (ms): Min: 0.0, Avg: 0.1, Max: 0.2, Diff: 0.1, Sum: 0.8]
      [GC Worker Total (ms): Min: 10.4, Avg: 10.6, Max: 10.9, Diff: 0.5, Sum: 84.7]
      [GC Worker End (ms): Min: 2493680979.7, Avg: 2493680979.8, Max: 2493680979.9, Diff: 0.1]
   [Code Root Fixup: 0.1 ms]
   [Code Root Purge: 0.0 ms]
   [Clear CT: 0.6 ms]
   [Other: 34.6 ms]
      [Choose CSet: 0.0 ms]
      [Ref Proc: 4.5 ms]
      [Ref Enq: 0.0 ms]
      [Redirty Cards: 0.3 ms]
      [Humongous Register: 0.2 ms]
      [Humongous Reclaim: 0.0 ms]
      [Free CSet: 0.9 ms]
   [Eden: 1213.0M(1213.0M)->0.0B(1213.0M) Survivors: 15.0M->15.0M Heap: 1657.4M(2048.0M)->444.8M(2048.0M)]
 [Times: user=0.09 sys=0.00, real=0.10 secs] 
